ARM GAS  C:\Users\jagumiel\AppData\Local\Temp\cctQpGnX.s 			page 1


   1              		.syntax unified
   2              		.cpu cortex-m0
   3              		.fpu softvfp
   4              		.eabi_attribute 20, 1
   5              		.eabi_attribute 21, 1
   6              		.eabi_attribute 23, 3
   7              		.eabi_attribute 24, 1
   8              		.eabi_attribute 25, 1
   9              		.eabi_attribute 26, 1
  10              		.eabi_attribute 30, 1
  11              		.eabi_attribute 34, 0
  12              		.eabi_attribute 18, 4
  13              		.thumb
  14              		.syntax unified
  15              		.file	"cyfitter_cfg.c"
  16              		.text
  17              	.Ltext0:
  18              		.cfi_sections	.debug_frame
  19              		.section	.text.cfg_write_bytes32,"ax",%progbits
  20              		.align	2
  21              		.code	16
  22              		.thumb_func
  23              		.type	cfg_write_bytes32, %function
  24              	cfg_write_bytes32:
  25              	.LFB3:
  26              		.file 1 "Generated_Source\\PSoC4\\cyfitter_cfg.c"
   1:Generated_Source\PSoC4/cyfitter_cfg.c **** 
   2:Generated_Source\PSoC4/cyfitter_cfg.c **** /*******************************************************************************
   3:Generated_Source\PSoC4/cyfitter_cfg.c **** * File Name: cyfitter_cfg.c
   4:Generated_Source\PSoC4/cyfitter_cfg.c **** * 
   5:Generated_Source\PSoC4/cyfitter_cfg.c **** * PSoC Creator  4.2
   6:Generated_Source\PSoC4/cyfitter_cfg.c **** *
   7:Generated_Source\PSoC4/cyfitter_cfg.c **** * Description:
   8:Generated_Source\PSoC4/cyfitter_cfg.c **** * This file contains device initialization code.
   9:Generated_Source\PSoC4/cyfitter_cfg.c **** * Except for the user defined sections in CyClockStartupError(), this file should not be modified.
  10:Generated_Source\PSoC4/cyfitter_cfg.c **** * This file is automatically generated by PSoC Creator.
  11:Generated_Source\PSoC4/cyfitter_cfg.c **** *
  12:Generated_Source\PSoC4/cyfitter_cfg.c **** ********************************************************************************
  13:Generated_Source\PSoC4/cyfitter_cfg.c **** * Copyright (c) 2007-2018 Cypress Semiconductor.  All rights reserved.
  14:Generated_Source\PSoC4/cyfitter_cfg.c **** * You may use this file only in accordance with the license, terms, conditions, 
  15:Generated_Source\PSoC4/cyfitter_cfg.c **** * disclaimers, and limitations in the end user license agreement accompanying 
  16:Generated_Source\PSoC4/cyfitter_cfg.c **** * the software package with which this file was provided.
  17:Generated_Source\PSoC4/cyfitter_cfg.c **** ********************************************************************************/
  18:Generated_Source\PSoC4/cyfitter_cfg.c **** 
  19:Generated_Source\PSoC4/cyfitter_cfg.c **** #include <string.h>
  20:Generated_Source\PSoC4/cyfitter_cfg.c **** #include "cytypes.h"
  21:Generated_Source\PSoC4/cyfitter_cfg.c **** #include "cydevice_trm.h"
  22:Generated_Source\PSoC4/cyfitter_cfg.c **** #include "cyfitter.h"
  23:Generated_Source\PSoC4/cyfitter_cfg.c **** #include "CyLib.h"
  24:Generated_Source\PSoC4/cyfitter_cfg.c **** #include "CyLFClk.h"
  25:Generated_Source\PSoC4/cyfitter_cfg.c **** #include "cyfitter_cfg.h"
  26:Generated_Source\PSoC4/cyfitter_cfg.c **** #include "cyapicallbacks.h"
  27:Generated_Source\PSoC4/cyfitter_cfg.c **** 
  28:Generated_Source\PSoC4/cyfitter_cfg.c **** 
  29:Generated_Source\PSoC4/cyfitter_cfg.c **** #if defined(__GNUC__) || defined(__ARMCC_VERSION)
  30:Generated_Source\PSoC4/cyfitter_cfg.c ****     #define CYPACKED 
  31:Generated_Source\PSoC4/cyfitter_cfg.c ****     #define CYPACKED_ATTR __attribute__ ((packed))
ARM GAS  C:\Users\jagumiel\AppData\Local\Temp\cctQpGnX.s 			page 2


  32:Generated_Source\PSoC4/cyfitter_cfg.c ****     #define CYALIGNED __attribute__ ((aligned))
  33:Generated_Source\PSoC4/cyfitter_cfg.c ****     #define CY_CFG_UNUSED __attribute__ ((unused))
  34:Generated_Source\PSoC4/cyfitter_cfg.c ****     #ifndef CY_CFG_SECTION
  35:Generated_Source\PSoC4/cyfitter_cfg.c ****         #define CY_CFG_SECTION __attribute__ ((section(".psocinit")))
  36:Generated_Source\PSoC4/cyfitter_cfg.c ****     #endif
  37:Generated_Source\PSoC4/cyfitter_cfg.c ****     
  38:Generated_Source\PSoC4/cyfitter_cfg.c ****     #if defined(__ARMCC_VERSION)
  39:Generated_Source\PSoC4/cyfitter_cfg.c ****         #define CY_CFG_MEMORY_BARRIER() __memory_changed()
  40:Generated_Source\PSoC4/cyfitter_cfg.c ****     #else
  41:Generated_Source\PSoC4/cyfitter_cfg.c ****         #define CY_CFG_MEMORY_BARRIER() __sync_synchronize()
  42:Generated_Source\PSoC4/cyfitter_cfg.c ****     #endif
  43:Generated_Source\PSoC4/cyfitter_cfg.c ****     
  44:Generated_Source\PSoC4/cyfitter_cfg.c **** #elif defined(__ICCARM__)
  45:Generated_Source\PSoC4/cyfitter_cfg.c ****     #include <intrinsics.h>
  46:Generated_Source\PSoC4/cyfitter_cfg.c **** 
  47:Generated_Source\PSoC4/cyfitter_cfg.c ****     #define CYPACKED __packed
  48:Generated_Source\PSoC4/cyfitter_cfg.c ****     #define CYPACKED_ATTR 
  49:Generated_Source\PSoC4/cyfitter_cfg.c ****     #define CYALIGNED _Pragma("data_alignment=4")
  50:Generated_Source\PSoC4/cyfitter_cfg.c ****     #define CY_CFG_UNUSED _Pragma("diag_suppress=Pe177")
  51:Generated_Source\PSoC4/cyfitter_cfg.c ****     #define CY_CFG_SECTION _Pragma("location=\".psocinit\"")
  52:Generated_Source\PSoC4/cyfitter_cfg.c ****     
  53:Generated_Source\PSoC4/cyfitter_cfg.c ****     #define CY_CFG_MEMORY_BARRIER() __DMB()
  54:Generated_Source\PSoC4/cyfitter_cfg.c ****     
  55:Generated_Source\PSoC4/cyfitter_cfg.c **** #else
  56:Generated_Source\PSoC4/cyfitter_cfg.c ****     #error Unsupported toolchain
  57:Generated_Source\PSoC4/cyfitter_cfg.c **** #endif
  58:Generated_Source\PSoC4/cyfitter_cfg.c **** 
  59:Generated_Source\PSoC4/cyfitter_cfg.c **** #ifndef CYCODE
  60:Generated_Source\PSoC4/cyfitter_cfg.c ****     #define CYCODE
  61:Generated_Source\PSoC4/cyfitter_cfg.c **** #endif
  62:Generated_Source\PSoC4/cyfitter_cfg.c **** #ifndef CYDATA
  63:Generated_Source\PSoC4/cyfitter_cfg.c ****     #define CYDATA
  64:Generated_Source\PSoC4/cyfitter_cfg.c **** #endif
  65:Generated_Source\PSoC4/cyfitter_cfg.c **** #ifndef CYFAR
  66:Generated_Source\PSoC4/cyfitter_cfg.c ****     #define CYFAR
  67:Generated_Source\PSoC4/cyfitter_cfg.c **** #endif
  68:Generated_Source\PSoC4/cyfitter_cfg.c **** #ifndef CYXDATA
  69:Generated_Source\PSoC4/cyfitter_cfg.c ****     #define CYXDATA
  70:Generated_Source\PSoC4/cyfitter_cfg.c **** #endif
  71:Generated_Source\PSoC4/cyfitter_cfg.c **** 
  72:Generated_Source\PSoC4/cyfitter_cfg.c **** 
  73:Generated_Source\PSoC4/cyfitter_cfg.c **** CY_CFG_UNUSED
  74:Generated_Source\PSoC4/cyfitter_cfg.c **** static void CYMEMZERO(void *s, size_t n);
  75:Generated_Source\PSoC4/cyfitter_cfg.c **** CY_CFG_UNUSED
  76:Generated_Source\PSoC4/cyfitter_cfg.c **** static void CYMEMZERO(void *s, size_t n)
  77:Generated_Source\PSoC4/cyfitter_cfg.c **** {
  78:Generated_Source\PSoC4/cyfitter_cfg.c **** 	(void)memset(s, 0, n);
  79:Generated_Source\PSoC4/cyfitter_cfg.c **** }
  80:Generated_Source\PSoC4/cyfitter_cfg.c **** CY_CFG_UNUSED
  81:Generated_Source\PSoC4/cyfitter_cfg.c **** static void CYCONFIGCPY(void *dest, const void *src, size_t n);
  82:Generated_Source\PSoC4/cyfitter_cfg.c **** CY_CFG_UNUSED
  83:Generated_Source\PSoC4/cyfitter_cfg.c **** static void CYCONFIGCPY(void *dest, const void *src, size_t n)
  84:Generated_Source\PSoC4/cyfitter_cfg.c **** {
  85:Generated_Source\PSoC4/cyfitter_cfg.c **** 	(void)memcpy(dest, src, n);
  86:Generated_Source\PSoC4/cyfitter_cfg.c **** }
  87:Generated_Source\PSoC4/cyfitter_cfg.c **** CY_CFG_UNUSED
  88:Generated_Source\PSoC4/cyfitter_cfg.c **** static void CYCONFIGCPYCODE(void *dest, const void *src, size_t n);
ARM GAS  C:\Users\jagumiel\AppData\Local\Temp\cctQpGnX.s 			page 3


  89:Generated_Source\PSoC4/cyfitter_cfg.c **** CY_CFG_UNUSED
  90:Generated_Source\PSoC4/cyfitter_cfg.c **** static void CYCONFIGCPYCODE(void *dest, const void *src, size_t n)
  91:Generated_Source\PSoC4/cyfitter_cfg.c **** {
  92:Generated_Source\PSoC4/cyfitter_cfg.c **** 	(void)memcpy(dest, src, n);
  93:Generated_Source\PSoC4/cyfitter_cfg.c **** }
  94:Generated_Source\PSoC4/cyfitter_cfg.c **** 
  95:Generated_Source\PSoC4/cyfitter_cfg.c **** 
  96:Generated_Source\PSoC4/cyfitter_cfg.c **** 
  97:Generated_Source\PSoC4/cyfitter_cfg.c **** 
  98:Generated_Source\PSoC4/cyfitter_cfg.c **** /* Clock startup error codes                                                   */
  99:Generated_Source\PSoC4/cyfitter_cfg.c **** #define CYCLOCKSTART_NO_ERROR    0u
 100:Generated_Source\PSoC4/cyfitter_cfg.c **** #define CYCLOCKSTART_XTAL_ERROR  1u
 101:Generated_Source\PSoC4/cyfitter_cfg.c **** #define CYCLOCKSTART_32KHZ_ERROR 2u
 102:Generated_Source\PSoC4/cyfitter_cfg.c **** #define CYCLOCKSTART_PLL_ERROR   3u
 103:Generated_Source\PSoC4/cyfitter_cfg.c **** #define CYCLOCKSTART_FLL_ERROR   4u
 104:Generated_Source\PSoC4/cyfitter_cfg.c **** #define CYCLOCKSTART_WCO_ERROR   5u
 105:Generated_Source\PSoC4/cyfitter_cfg.c **** 
 106:Generated_Source\PSoC4/cyfitter_cfg.c **** 
 107:Generated_Source\PSoC4/cyfitter_cfg.c **** #ifdef CY_NEED_CYCLOCKSTARTUPERROR
 108:Generated_Source\PSoC4/cyfitter_cfg.c **** /*******************************************************************************
 109:Generated_Source\PSoC4/cyfitter_cfg.c **** * Function Name: CyClockStartupError
 110:Generated_Source\PSoC4/cyfitter_cfg.c **** ********************************************************************************
 111:Generated_Source\PSoC4/cyfitter_cfg.c **** * Summary:
 112:Generated_Source\PSoC4/cyfitter_cfg.c **** *  If an error is encountered during clock configuration (crystal startup error,
 113:Generated_Source\PSoC4/cyfitter_cfg.c **** *  PLL lock error, etc.), the system will end up here.  Unless reimplemented by
 114:Generated_Source\PSoC4/cyfitter_cfg.c **** *  the customer, this function will stop in an infinite loop.
 115:Generated_Source\PSoC4/cyfitter_cfg.c **** *
 116:Generated_Source\PSoC4/cyfitter_cfg.c **** * Parameters:
 117:Generated_Source\PSoC4/cyfitter_cfg.c **** *   void
 118:Generated_Source\PSoC4/cyfitter_cfg.c **** *
 119:Generated_Source\PSoC4/cyfitter_cfg.c **** * Return:
 120:Generated_Source\PSoC4/cyfitter_cfg.c **** *   void
 121:Generated_Source\PSoC4/cyfitter_cfg.c **** *
 122:Generated_Source\PSoC4/cyfitter_cfg.c **** *******************************************************************************/
 123:Generated_Source\PSoC4/cyfitter_cfg.c **** CY_CFG_UNUSED
 124:Generated_Source\PSoC4/cyfitter_cfg.c **** static void CyClockStartupError(uint8 errorCode);
 125:Generated_Source\PSoC4/cyfitter_cfg.c **** CY_CFG_UNUSED
 126:Generated_Source\PSoC4/cyfitter_cfg.c **** static void CyClockStartupError(uint8 errorCode)
 127:Generated_Source\PSoC4/cyfitter_cfg.c **** {
 128:Generated_Source\PSoC4/cyfitter_cfg.c ****     /* To remove the compiler warning if errorCode not used.                */
 129:Generated_Source\PSoC4/cyfitter_cfg.c ****     errorCode = errorCode;
 130:Generated_Source\PSoC4/cyfitter_cfg.c **** 
 131:Generated_Source\PSoC4/cyfitter_cfg.c ****     /* If we have a clock startup error (bad MHz crystal, PLL lock, etc.),  */
 132:Generated_Source\PSoC4/cyfitter_cfg.c ****     /* we will end up here to allow the customer to implement something to  */
 133:Generated_Source\PSoC4/cyfitter_cfg.c ****     /* deal with the clock condition.                                       */
 134:Generated_Source\PSoC4/cyfitter_cfg.c **** 
 135:Generated_Source\PSoC4/cyfitter_cfg.c **** #ifdef CY_CFG_CLOCK_STARTUP_ERROR_CALLBACK
 136:Generated_Source\PSoC4/cyfitter_cfg.c ****     CY_CFG_Clock_Startup_ErrorCallback();
 137:Generated_Source\PSoC4/cyfitter_cfg.c **** #else
 138:Generated_Source\PSoC4/cyfitter_cfg.c ****     /*  If not using CY_CFG_CLOCK_STARTUP_ERROR_CALLBACK, place your clock startup code here. */
 139:Generated_Source\PSoC4/cyfitter_cfg.c ****     /* `#START CyClockStartupError` */
 140:Generated_Source\PSoC4/cyfitter_cfg.c **** 
 141:Generated_Source\PSoC4/cyfitter_cfg.c **** 
 142:Generated_Source\PSoC4/cyfitter_cfg.c **** 
 143:Generated_Source\PSoC4/cyfitter_cfg.c ****     /* `#END` */
 144:Generated_Source\PSoC4/cyfitter_cfg.c **** 
 145:Generated_Source\PSoC4/cyfitter_cfg.c ****     while(1) {}
ARM GAS  C:\Users\jagumiel\AppData\Local\Temp\cctQpGnX.s 			page 4


 146:Generated_Source\PSoC4/cyfitter_cfg.c **** #endif /* CY_CFG_CLOCK_STARTUP_ERROR_CALLBACK */
 147:Generated_Source\PSoC4/cyfitter_cfg.c **** }
 148:Generated_Source\PSoC4/cyfitter_cfg.c **** #endif
 149:Generated_Source\PSoC4/cyfitter_cfg.c **** 
 150:Generated_Source\PSoC4/cyfitter_cfg.c **** #define CY_CFG_BASE_ADDR_COUNT 5u
 151:Generated_Source\PSoC4/cyfitter_cfg.c **** CYPACKED typedef struct
 152:Generated_Source\PSoC4/cyfitter_cfg.c **** {
 153:Generated_Source\PSoC4/cyfitter_cfg.c **** 	uint8 offset;
 154:Generated_Source\PSoC4/cyfitter_cfg.c **** 	uint8 value;
 155:Generated_Source\PSoC4/cyfitter_cfg.c **** } CYPACKED_ATTR cy_cfg_addrvalue_t;
 156:Generated_Source\PSoC4/cyfitter_cfg.c **** 
 157:Generated_Source\PSoC4/cyfitter_cfg.c **** 
 158:Generated_Source\PSoC4/cyfitter_cfg.c **** 
 159:Generated_Source\PSoC4/cyfitter_cfg.c **** /*******************************************************************************
 160:Generated_Source\PSoC4/cyfitter_cfg.c **** * Function Name: cfg_write_bytes32
 161:Generated_Source\PSoC4/cyfitter_cfg.c **** ********************************************************************************
 162:Generated_Source\PSoC4/cyfitter_cfg.c **** * Summary:
 163:Generated_Source\PSoC4/cyfitter_cfg.c **** *  This function is used for setting up the chip configuration areas that
 164:Generated_Source\PSoC4/cyfitter_cfg.c **** *  contain relatively sparse data.
 165:Generated_Source\PSoC4/cyfitter_cfg.c **** *
 166:Generated_Source\PSoC4/cyfitter_cfg.c **** * Parameters:
 167:Generated_Source\PSoC4/cyfitter_cfg.c **** *   void
 168:Generated_Source\PSoC4/cyfitter_cfg.c **** *
 169:Generated_Source\PSoC4/cyfitter_cfg.c **** * Return:
 170:Generated_Source\PSoC4/cyfitter_cfg.c **** *   void
 171:Generated_Source\PSoC4/cyfitter_cfg.c **** *
 172:Generated_Source\PSoC4/cyfitter_cfg.c **** *******************************************************************************/
 173:Generated_Source\PSoC4/cyfitter_cfg.c **** static void cfg_write_bytes32(const uint32 addr_table[], const cy_cfg_addrvalue_t data_table[]);
 174:Generated_Source\PSoC4/cyfitter_cfg.c **** static void cfg_write_bytes32(const uint32 addr_table[], const cy_cfg_addrvalue_t data_table[])
 175:Generated_Source\PSoC4/cyfitter_cfg.c **** {
  27              		.loc 1 175 0
  28              		.cfi_startproc
  29              		@ args = 0, pretend = 0, frame = 0
  30              		@ frame_needed = 0, uses_anonymous_args = 0
  31              	.LVL0:
  32 0000 F0B5     		push	{r4, r5, r6, r7, lr}
  33              		.cfi_def_cfa_offset 20
  34              		.cfi_offset 4, -20
  35              		.cfi_offset 5, -16
  36              		.cfi_offset 6, -12
  37              		.cfi_offset 7, -8
  38              		.cfi_offset 14, -4
  39              	.LVL1:
 176:Generated_Source\PSoC4/cyfitter_cfg.c **** 	/* For 32-bit little-endian architectures */
 177:Generated_Source\PSoC4/cyfitter_cfg.c **** 	uint32 i, j = 0u;
  40              		.loc 1 177 0
  41 0002 0025     		movs	r5, #0
 178:Generated_Source\PSoC4/cyfitter_cfg.c **** 	for (i = 0u; i < CY_CFG_BASE_ADDR_COUNT; i++)
  42              		.loc 1 178 0
  43 0004 0027     		movs	r7, #0
  44 0006 11E0     		b	.L2
  45              	.LVL2:
  46              	.L5:
  47              	.LBB2:
 179:Generated_Source\PSoC4/cyfitter_cfg.c **** 	{
 180:Generated_Source\PSoC4/cyfitter_cfg.c **** 		uint32 baseAddr = addr_table[i];
  48              		.loc 1 180 0
ARM GAS  C:\Users\jagumiel\AppData\Local\Temp\cctQpGnX.s 			page 5


  49 0008 BB00     		lsls	r3, r7, #2
  50 000a C658     		ldr	r6, [r0, r3]
  51              	.LVL3:
 181:Generated_Source\PSoC4/cyfitter_cfg.c **** 		uint8 count = (uint8)baseAddr;
  52              		.loc 1 181 0
  53 000c F3B2     		uxtb	r3, r6
  54              	.LVL4:
 182:Generated_Source\PSoC4/cyfitter_cfg.c **** 		baseAddr &= 0xFFFFFF00u;
  55              		.loc 1 182 0
  56 000e FF22     		movs	r2, #255
  57 0010 9643     		bics	r6, r2
  58              	.LVL5:
 183:Generated_Source\PSoC4/cyfitter_cfg.c **** 		while (count != 0u)
  59              		.loc 1 183 0
  60 0012 08E0     		b	.L3
  61              	.L4:
 184:Generated_Source\PSoC4/cyfitter_cfg.c **** 		{
 185:Generated_Source\PSoC4/cyfitter_cfg.c **** 			CY_SET_REG8((void *)(baseAddr + data_table[j].offset), data_table[j].value);
  62              		.loc 1 185 0
  63 0014 6A00     		lsls	r2, r5, #1
  64 0016 8A18     		adds	r2, r1, r2
  65 0018 1478     		ldrb	r4, [r2]
  66 001a A419     		adds	r4, r4, r6
  67 001c 5278     		ldrb	r2, [r2, #1]
  68 001e 2270     		strb	r2, [r4]
 186:Generated_Source\PSoC4/cyfitter_cfg.c **** 			j++;
  69              		.loc 1 186 0
  70 0020 0135     		adds	r5, r5, #1
  71              	.LVL6:
 187:Generated_Source\PSoC4/cyfitter_cfg.c **** 			count--;
  72              		.loc 1 187 0
  73 0022 013B     		subs	r3, r3, #1
  74              	.LVL7:
  75 0024 DBB2     		uxtb	r3, r3
  76              	.LVL8:
  77              	.L3:
 183:Generated_Source\PSoC4/cyfitter_cfg.c **** 		{
  78              		.loc 1 183 0
  79 0026 002B     		cmp	r3, #0
  80 0028 F4D1     		bne	.L4
  81              	.LBE2:
 178:Generated_Source\PSoC4/cyfitter_cfg.c **** 	{
  82              		.loc 1 178 0 discriminator 2
  83 002a 0137     		adds	r7, r7, #1
  84              	.LVL9:
  85              	.L2:
 178:Generated_Source\PSoC4/cyfitter_cfg.c **** 	{
  86              		.loc 1 178 0 is_stmt 0 discriminator 1
  87 002c 042F     		cmp	r7, #4
  88 002e EBD9     		bls	.L5
 188:Generated_Source\PSoC4/cyfitter_cfg.c **** 		}
 189:Generated_Source\PSoC4/cyfitter_cfg.c **** 	}
 190:Generated_Source\PSoC4/cyfitter_cfg.c **** }
  89              		.loc 1 190 0 is_stmt 1
  90              		@ sp needed
  91              	.LVL10:
  92              	.LVL11:
ARM GAS  C:\Users\jagumiel\AppData\Local\Temp\cctQpGnX.s 			page 6


  93 0030 F0BD     		pop	{r4, r5, r6, r7, pc}
  94              		.cfi_endproc
  95              	.LFE3:
  96              		.size	cfg_write_bytes32, .-cfg_write_bytes32
  97 0032 C046     		.section	.text.CYMEMZERO,"ax",%progbits
  98              		.align	2
  99              		.code	16
 100              		.thumb_func
 101              		.type	CYMEMZERO, %function
 102              	CYMEMZERO:
 103              	.LFB0:
  77:Generated_Source\PSoC4/cyfitter_cfg.c **** 	(void)memset(s, 0, n);
 104              		.loc 1 77 0
 105              		.cfi_startproc
 106              		@ args = 0, pretend = 0, frame = 0
 107              		@ frame_needed = 0, uses_anonymous_args = 0
 108              	.LVL12:
 109 0000 10B5     		push	{r4, lr}
 110              		.cfi_def_cfa_offset 8
 111              		.cfi_offset 4, -8
 112              		.cfi_offset 14, -4
 113 0002 0A00     		movs	r2, r1
  78:Generated_Source\PSoC4/cyfitter_cfg.c **** }
 114              		.loc 1 78 0
 115 0004 0021     		movs	r1, #0
 116              	.LVL13:
 117 0006 FFF7FEFF 		bl	memset
 118              	.LVL14:
  79:Generated_Source\PSoC4/cyfitter_cfg.c **** CY_CFG_UNUSED
 119              		.loc 1 79 0
 120              		@ sp needed
 121 000a 10BD     		pop	{r4, pc}
 122              		.cfi_endproc
 123              	.LFE0:
 124              		.size	CYMEMZERO, .-CYMEMZERO
 125              		.section	.psocinit,"ax",%progbits
 126              		.align	2
 127              		.code	16
 128              		.thumb_func
 129              		.type	ClockSetup, %function
 130              	ClockSetup:
 131              	.LFB4:
 191:Generated_Source\PSoC4/cyfitter_cfg.c **** 
 192:Generated_Source\PSoC4/cyfitter_cfg.c **** 
 193:Generated_Source\PSoC4/cyfitter_cfg.c **** /*******************************************************************************
 194:Generated_Source\PSoC4/cyfitter_cfg.c **** * Function Name: ClockSetup
 195:Generated_Source\PSoC4/cyfitter_cfg.c **** ********************************************************************************
 196:Generated_Source\PSoC4/cyfitter_cfg.c **** *
 197:Generated_Source\PSoC4/cyfitter_cfg.c **** * Summary:
 198:Generated_Source\PSoC4/cyfitter_cfg.c **** *   Performs the initialization of all of the clocks in the device based on the
 199:Generated_Source\PSoC4/cyfitter_cfg.c **** *   settings in the Clock tab of the DWR.  This includes enabling the requested
 200:Generated_Source\PSoC4/cyfitter_cfg.c **** *   clocks and setting the necessary dividers to produce the desired frequency. 
 201:Generated_Source\PSoC4/cyfitter_cfg.c **** *
 202:Generated_Source\PSoC4/cyfitter_cfg.c **** * Parameters:
 203:Generated_Source\PSoC4/cyfitter_cfg.c **** *   void
 204:Generated_Source\PSoC4/cyfitter_cfg.c **** *
 205:Generated_Source\PSoC4/cyfitter_cfg.c **** * Return:
ARM GAS  C:\Users\jagumiel\AppData\Local\Temp\cctQpGnX.s 			page 7


 206:Generated_Source\PSoC4/cyfitter_cfg.c **** *   void
 207:Generated_Source\PSoC4/cyfitter_cfg.c **** *
 208:Generated_Source\PSoC4/cyfitter_cfg.c **** *******************************************************************************/
 209:Generated_Source\PSoC4/cyfitter_cfg.c **** static void ClockSetup(void);
 210:Generated_Source\PSoC4/cyfitter_cfg.c **** CY_CFG_SECTION
 211:Generated_Source\PSoC4/cyfitter_cfg.c **** static void ClockSetup(void)
 212:Generated_Source\PSoC4/cyfitter_cfg.c **** {
 132              		.loc 1 212 0
 133              		.cfi_startproc
 134              		@ args = 0, pretend = 0, frame = 0
 135              		@ frame_needed = 0, uses_anonymous_args = 0
 136 0000 70B5     		push	{r4, r5, r6, lr}
 137              		.cfi_def_cfa_offset 16
 138              		.cfi_offset 4, -16
 139              		.cfi_offset 5, -12
 140              		.cfi_offset 6, -8
 141              		.cfi_offset 14, -4
 213:Generated_Source\PSoC4/cyfitter_cfg.c **** 	/* Enable HALF_EN before trimming for the flash accelerator. */
 214:Generated_Source\PSoC4/cyfitter_cfg.c **** 	CY_SET_REG32((void CYXDATA *)(CYREG_CLK_SELECT), (CY_GET_REG32((void *)CYREG_CLK_SELECT) | 0x00040
 142              		.loc 1 214 0
 143 0002 134C     		ldr	r4, .L8
 144 0004 2368     		ldr	r3, [r4]
 145 0006 8022     		movs	r2, #128
 146 0008 D202     		lsls	r2, r2, #11
 147 000a 1343     		orrs	r3, r2
 148 000c 2360     		str	r3, [r4]
 215:Generated_Source\PSoC4/cyfitter_cfg.c **** 
 216:Generated_Source\PSoC4/cyfitter_cfg.c **** 	/* Setup and trim IMO based on desired frequency. */
 217:Generated_Source\PSoC4/cyfitter_cfg.c **** 	CySysClkWriteImoFreq(24u);
 149              		.loc 1 217 0
 150 000e 1820     		movs	r0, #24
 151 0010 FFF7FEFF 		bl	CySysClkWriteImoFreq
 152              	.LVL15:
 218:Generated_Source\PSoC4/cyfitter_cfg.c **** 
 219:Generated_Source\PSoC4/cyfitter_cfg.c **** 	/* Disable HALF_EN since it is not required at this IMO frequency. */
 220:Generated_Source\PSoC4/cyfitter_cfg.c **** 	CY_SET_REG32((void CYXDATA *)(CYREG_CLK_SELECT), (CY_GET_REG32((void *)CYREG_CLK_SELECT) & 0xFFFBF
 153              		.loc 1 220 0
 154 0014 2268     		ldr	r2, [r4]
 155 0016 0F4B     		ldr	r3, .L8+4
 156 0018 1340     		ands	r3, r2
 157 001a 2360     		str	r3, [r4]
 221:Generated_Source\PSoC4/cyfitter_cfg.c **** 	/* CYDEV_CLK_ILO_CONFIG Starting address: CYDEV_CLK_ILO_CONFIG */
 222:Generated_Source\PSoC4/cyfitter_cfg.c **** 	CY_SET_REG32((void *)(CYREG_CLK_ILO_CONFIG), 0x80000006u);
 158              		.loc 1 222 0
 159 001c 0E4A     		ldr	r2, .L8+8
 160 001e 0F4B     		ldr	r3, .L8+12
 161 0020 1A60     		str	r2, [r3]
 223:Generated_Source\PSoC4/cyfitter_cfg.c **** 
 224:Generated_Source\PSoC4/cyfitter_cfg.c **** 
 225:Generated_Source\PSoC4/cyfitter_cfg.c **** 	/* CYDEV_CLK_SELECT00 Starting address: CYDEV_CLK_SELECT00 */
 226:Generated_Source\PSoC4/cyfitter_cfg.c **** 	CY_SET_REG32((void *)(CYREG_CLK_SELECT08), 0x00000010u);
 162              		.loc 1 226 0
 163 0022 1022     		movs	r2, #16
 164 0024 0E4B     		ldr	r3, .L8+16
 165 0026 1A60     		str	r2, [r3]
 227:Generated_Source\PSoC4/cyfitter_cfg.c **** 
 228:Generated_Source\PSoC4/cyfitter_cfg.c **** 	/* CYDEV_CLK_IMO_CONFIG Starting address: CYDEV_CLK_IMO_CONFIG */
ARM GAS  C:\Users\jagumiel\AppData\Local\Temp\cctQpGnX.s 			page 8


 229:Generated_Source\PSoC4/cyfitter_cfg.c **** 	CY_SET_REG32((void *)(CYREG_CLK_IMO_CONFIG), 0x80000000u);
 166              		.loc 1 229 0
 167 0028 8022     		movs	r2, #128
 168 002a 1206     		lsls	r2, r2, #24
 169 002c 0D4B     		ldr	r3, .L8+20
 170 002e 1A60     		str	r2, [r3]
 230:Generated_Source\PSoC4/cyfitter_cfg.c **** 
 231:Generated_Source\PSoC4/cyfitter_cfg.c **** 	/* CYDEV_CLK_SELECT Starting address: CYDEV_CLK_SELECT */
 232:Generated_Source\PSoC4/cyfitter_cfg.c **** 	CY_SET_REG32((void *)(CYREG_CLK_SELECT), 0x00000000u);
 171              		.loc 1 232 0
 172 0030 0025     		movs	r5, #0
 173 0032 2560     		str	r5, [r4]
 233:Generated_Source\PSoC4/cyfitter_cfg.c **** 
 234:Generated_Source\PSoC4/cyfitter_cfg.c **** 	/* CYDEV_CLK_DIVIDER_A00 Starting address: CYDEV_CLK_DIVIDER_A00 */
 235:Generated_Source\PSoC4/cyfitter_cfg.c **** 	CY_SET_REG32((void *)(CYREG_CLK_DIVIDER_A00), 0x80000001u);
 174              		.loc 1 235 0
 175 0034 0C4A     		ldr	r2, .L8+24
 176 0036 0D4B     		ldr	r3, .L8+28
 177 0038 1A60     		str	r2, [r3]
 236:Generated_Source\PSoC4/cyfitter_cfg.c **** 
 237:Generated_Source\PSoC4/cyfitter_cfg.c **** 	(void)CyIntSetVector(9u, &CySysWdtIsr);
 178              		.loc 1 237 0
 179 003a 0D49     		ldr	r1, .L8+32
 180 003c 0920     		movs	r0, #9
 181 003e FFF7FEFF 		bl	CyIntSetVector
 182              	.LVL16:
 238:Generated_Source\PSoC4/cyfitter_cfg.c **** 	CyIntEnable(9u);
 183              		.loc 1 238 0
 184 0042 0920     		movs	r0, #9
 185 0044 FFF7FEFF 		bl	CyIntEnable
 186              	.LVL17:
 239:Generated_Source\PSoC4/cyfitter_cfg.c **** 	CY_SET_REG32((void *)(CYREG_WDT_CONFIG), 0x00000000u);
 187              		.loc 1 239 0
 188 0048 0A4B     		ldr	r3, .L8+36
 189 004a 1D60     		str	r5, [r3]
 240:Generated_Source\PSoC4/cyfitter_cfg.c **** }
 190              		.loc 1 240 0
 191              		@ sp needed
 192 004c 70BD     		pop	{r4, r5, r6, pc}
 193              	.L9:
 194 004e C046     		.align	2
 195              	.L8:
 196 0050 00010B40 		.word	1074462976
 197 0054 FFFFFBFF 		.word	-262145
 198 0058 06000080 		.word	-2147483642
 199 005c 04010B40 		.word	1074462980
 200 0060 20020240 		.word	1073873440
 201 0064 08010B40 		.word	1074462984
 202 0068 01000080 		.word	-2147483647
 203 006c 00000240 		.word	1073872896
 204 0070 00000000 		.word	CySysWdtIsr
 205 0074 0C020B40 		.word	1074463244
 206              		.cfi_endproc
 207              	.LFE4:
 208              		.size	ClockSetup, .-ClockSetup
 209              		.align	2
 210              		.global	cyfitter_cfg
ARM GAS  C:\Users\jagumiel\AppData\Local\Temp\cctQpGnX.s 			page 9


 211              		.code	16
 212              		.thumb_func
 213              		.type	cyfitter_cfg, %function
 214              	cyfitter_cfg:
 215              	.LFB6:
 241:Generated_Source\PSoC4/cyfitter_cfg.c **** 
 242:Generated_Source\PSoC4/cyfitter_cfg.c **** 
 243:Generated_Source\PSoC4/cyfitter_cfg.c **** /* Analog API Functions */
 244:Generated_Source\PSoC4/cyfitter_cfg.c **** 
 245:Generated_Source\PSoC4/cyfitter_cfg.c **** 
 246:Generated_Source\PSoC4/cyfitter_cfg.c **** /*******************************************************************************
 247:Generated_Source\PSoC4/cyfitter_cfg.c **** * Function Name: AnalogSetDefault
 248:Generated_Source\PSoC4/cyfitter_cfg.c **** ********************************************************************************
 249:Generated_Source\PSoC4/cyfitter_cfg.c **** *
 250:Generated_Source\PSoC4/cyfitter_cfg.c **** * Summary:
 251:Generated_Source\PSoC4/cyfitter_cfg.c **** *  Sets up the analog portions of the chip to default values based on chip
 252:Generated_Source\PSoC4/cyfitter_cfg.c **** *  configuration options from the project.
 253:Generated_Source\PSoC4/cyfitter_cfg.c **** *
 254:Generated_Source\PSoC4/cyfitter_cfg.c **** * Parameters:
 255:Generated_Source\PSoC4/cyfitter_cfg.c **** *  void
 256:Generated_Source\PSoC4/cyfitter_cfg.c **** *
 257:Generated_Source\PSoC4/cyfitter_cfg.c **** * Return:
 258:Generated_Source\PSoC4/cyfitter_cfg.c **** *  void
 259:Generated_Source\PSoC4/cyfitter_cfg.c **** *
 260:Generated_Source\PSoC4/cyfitter_cfg.c **** *******************************************************************************/
 261:Generated_Source\PSoC4/cyfitter_cfg.c **** static void AnalogSetDefault(void);
 262:Generated_Source\PSoC4/cyfitter_cfg.c **** static void AnalogSetDefault(void)
 263:Generated_Source\PSoC4/cyfitter_cfg.c **** {
 264:Generated_Source\PSoC4/cyfitter_cfg.c **** }
 265:Generated_Source\PSoC4/cyfitter_cfg.c **** 
 266:Generated_Source\PSoC4/cyfitter_cfg.c **** 
 267:Generated_Source\PSoC4/cyfitter_cfg.c **** 
 268:Generated_Source\PSoC4/cyfitter_cfg.c **** 
 269:Generated_Source\PSoC4/cyfitter_cfg.c **** /*******************************************************************************
 270:Generated_Source\PSoC4/cyfitter_cfg.c **** * Function Name: cyfitter_cfg
 271:Generated_Source\PSoC4/cyfitter_cfg.c **** ********************************************************************************
 272:Generated_Source\PSoC4/cyfitter_cfg.c **** * Summary:
 273:Generated_Source\PSoC4/cyfitter_cfg.c **** *  This function is called by the start-up code for the selected device. It
 274:Generated_Source\PSoC4/cyfitter_cfg.c **** *  performs all of the necessary device configuration based on the design
 275:Generated_Source\PSoC4/cyfitter_cfg.c **** *  settings.  This includes settings from the Design Wide Resources (DWR) such
 276:Generated_Source\PSoC4/cyfitter_cfg.c **** *  as Clocks and Pins as well as any component configuration that is necessary.
 277:Generated_Source\PSoC4/cyfitter_cfg.c **** *
 278:Generated_Source\PSoC4/cyfitter_cfg.c **** * Parameters:
 279:Generated_Source\PSoC4/cyfitter_cfg.c **** *   void
 280:Generated_Source\PSoC4/cyfitter_cfg.c **** *
 281:Generated_Source\PSoC4/cyfitter_cfg.c **** * Return:
 282:Generated_Source\PSoC4/cyfitter_cfg.c **** *   void
 283:Generated_Source\PSoC4/cyfitter_cfg.c **** *
 284:Generated_Source\PSoC4/cyfitter_cfg.c **** *******************************************************************************/
 285:Generated_Source\PSoC4/cyfitter_cfg.c **** CY_CFG_SECTION
 286:Generated_Source\PSoC4/cyfitter_cfg.c **** void cyfitter_cfg(void)
 287:Generated_Source\PSoC4/cyfitter_cfg.c **** {
 216              		.loc 1 287 0
 217              		.cfi_startproc
 218              		@ args = 0, pretend = 0, frame = 0
 219              		@ frame_needed = 0, uses_anonymous_args = 0
 220 0078 10B5     		push	{r4, lr}
ARM GAS  C:\Users\jagumiel\AppData\Local\Temp\cctQpGnX.s 			page 10


 221              		.cfi_def_cfa_offset 8
 222              		.cfi_offset 4, -8
 223              		.cfi_offset 14, -4
 288:Generated_Source\PSoC4/cyfitter_cfg.c **** 	/* Disable interrupts by default. Let user enable if/when they want. */
 289:Generated_Source\PSoC4/cyfitter_cfg.c **** 	CyGlobalIntDisable;
 224              		.loc 1 289 0
 225              		.syntax divided
 226              	@ 289 "Generated_Source\PSoC4\cyfitter_cfg.c" 1
 227 007a 72B6     		CPSID   i
 228              	@ 0 "" 2
 229              	.LVL18:
 230              		.thumb
 231              		.syntax unified
 232              	.LBB3:
 290:Generated_Source\PSoC4/cyfitter_cfg.c **** 
 291:Generated_Source\PSoC4/cyfitter_cfg.c **** 	{
 292:Generated_Source\PSoC4/cyfitter_cfg.c **** 		static const uint32 CYCODE cy_cfg_addr_table[] = {
 293:Generated_Source\PSoC4/cyfitter_cfg.c **** 			0x400F3209u, /* Base address: 0x400F3200 Count: 9 */
 294:Generated_Source\PSoC4/cyfitter_cfg.c **** 			0x400F330Au, /* Base address: 0x400F3300 Count: 10 */
 295:Generated_Source\PSoC4/cyfitter_cfg.c **** 			0x400F4104u, /* Base address: 0x400F4100 Count: 4 */
 296:Generated_Source\PSoC4/cyfitter_cfg.c **** 			0x400F4307u, /* Base address: 0x400F4300 Count: 7 */
 297:Generated_Source\PSoC4/cyfitter_cfg.c **** 			0x400F6002u, /* Base address: 0x400F6000 Count: 2 */
 298:Generated_Source\PSoC4/cyfitter_cfg.c **** 		};
 299:Generated_Source\PSoC4/cyfitter_cfg.c **** 
 300:Generated_Source\PSoC4/cyfitter_cfg.c **** 		static const cy_cfg_addrvalue_t CYCODE cy_cfg_data_table[] = {
 301:Generated_Source\PSoC4/cyfitter_cfg.c **** 			{0x1Au, 0x01u},
 302:Generated_Source\PSoC4/cyfitter_cfg.c **** 			{0x1Eu, 0x02u},
 303:Generated_Source\PSoC4/cyfitter_cfg.c **** 			{0x2Au, 0x06u},
 304:Generated_Source\PSoC4/cyfitter_cfg.c **** 			{0x2Eu, 0x05u},
 305:Generated_Source\PSoC4/cyfitter_cfg.c **** 			{0x36u, 0x07u},
 306:Generated_Source\PSoC4/cyfitter_cfg.c **** 			{0x3Eu, 0x40u},
 307:Generated_Source\PSoC4/cyfitter_cfg.c **** 			{0x58u, 0x04u},
 308:Generated_Source\PSoC4/cyfitter_cfg.c **** 			{0x5Bu, 0x04u},
 309:Generated_Source\PSoC4/cyfitter_cfg.c **** 			{0x5Fu, 0x01u},
 310:Generated_Source\PSoC4/cyfitter_cfg.c **** 			{0x0Du, 0x80u},
 311:Generated_Source\PSoC4/cyfitter_cfg.c **** 			{0x0Eu, 0x08u},
 312:Generated_Source\PSoC4/cyfitter_cfg.c **** 			{0x15u, 0x50u},
 313:Generated_Source\PSoC4/cyfitter_cfg.c **** 			{0x1Fu, 0x40u},
 314:Generated_Source\PSoC4/cyfitter_cfg.c **** 			{0x6Du, 0x50u},
 315:Generated_Source\PSoC4/cyfitter_cfg.c **** 			{0x87u, 0x40u},
 316:Generated_Source\PSoC4/cyfitter_cfg.c **** 			{0x89u, 0x80u},
 317:Generated_Source\PSoC4/cyfitter_cfg.c **** 			{0x8Eu, 0x04u},
 318:Generated_Source\PSoC4/cyfitter_cfg.c **** 			{0xC2u, 0xC0u},
 319:Generated_Source\PSoC4/cyfitter_cfg.c **** 			{0xC4u, 0xC0u},
 320:Generated_Source\PSoC4/cyfitter_cfg.c **** 			{0x63u, 0x10u},
 321:Generated_Source\PSoC4/cyfitter_cfg.c **** 			{0x87u, 0x10u},
 322:Generated_Source\PSoC4/cyfitter_cfg.c **** 			{0xD8u, 0x40u},
 323:Generated_Source\PSoC4/cyfitter_cfg.c **** 			{0xE2u, 0x10u},
 324:Generated_Source\PSoC4/cyfitter_cfg.c **** 			{0x19u, 0x08u},
 325:Generated_Source\PSoC4/cyfitter_cfg.c **** 			{0x20u, 0x08u},
 326:Generated_Source\PSoC4/cyfitter_cfg.c **** 			{0x88u, 0x04u},
 327:Generated_Source\PSoC4/cyfitter_cfg.c **** 			{0x8Du, 0x08u},
 328:Generated_Source\PSoC4/cyfitter_cfg.c **** 			{0xC6u, 0x08u},
 329:Generated_Source\PSoC4/cyfitter_cfg.c **** 			{0xC8u, 0x08u},
 330:Generated_Source\PSoC4/cyfitter_cfg.c **** 			{0xE2u, 0x06u},
 331:Generated_Source\PSoC4/cyfitter_cfg.c **** 			{0x02u, 0x01u},
 332:Generated_Source\PSoC4/cyfitter_cfg.c **** 			{0x11u, 0x01u},
ARM GAS  C:\Users\jagumiel\AppData\Local\Temp\cctQpGnX.s 			page 11


 333:Generated_Source\PSoC4/cyfitter_cfg.c **** 		};
 334:Generated_Source\PSoC4/cyfitter_cfg.c **** 
 335:Generated_Source\PSoC4/cyfitter_cfg.c **** 
 336:Generated_Source\PSoC4/cyfitter_cfg.c **** 
 337:Generated_Source\PSoC4/cyfitter_cfg.c **** 		CYPACKED typedef struct {
 338:Generated_Source\PSoC4/cyfitter_cfg.c **** 			void CYFAR *address;
 339:Generated_Source\PSoC4/cyfitter_cfg.c **** 			uint16 size;
 340:Generated_Source\PSoC4/cyfitter_cfg.c **** 		} CYPACKED_ATTR cfg_memset_t;
 341:Generated_Source\PSoC4/cyfitter_cfg.c **** 
 342:Generated_Source\PSoC4/cyfitter_cfg.c **** 		static const cfg_memset_t CYCODE cfg_memset_list[] = {
 343:Generated_Source\PSoC4/cyfitter_cfg.c **** 			/* address, size */
 344:Generated_Source\PSoC4/cyfitter_cfg.c **** 			{(void CYFAR *)(CYDEV_UDB_P0_U0_BASE), 1024u},
 345:Generated_Source\PSoC4/cyfitter_cfg.c **** 			{(void CYFAR *)(CYDEV_UDB_DSI0_BASE), 1024u},
 346:Generated_Source\PSoC4/cyfitter_cfg.c **** 		};
 347:Generated_Source\PSoC4/cyfitter_cfg.c **** 
 348:Generated_Source\PSoC4/cyfitter_cfg.c **** 		uint8 CYDATA i;
 349:Generated_Source\PSoC4/cyfitter_cfg.c **** 
 350:Generated_Source\PSoC4/cyfitter_cfg.c **** 		/* Zero out critical memory blocks before beginning configuration */
 351:Generated_Source\PSoC4/cyfitter_cfg.c **** 		for (i = 0u; i < (sizeof(cfg_memset_list)/sizeof(cfg_memset_list[0])); i++)
 233              		.loc 1 351 0
 234 007c 0024     		movs	r4, #0
 235 007e 0FE0     		b	.L11
 236              	.LVL19:
 237              	.L12:
 238              	.LBB4:
 352:Generated_Source\PSoC4/cyfitter_cfg.c **** 		{
 353:Generated_Source\PSoC4/cyfitter_cfg.c **** 			const cfg_memset_t CYCODE * CYDATA ms = &cfg_memset_list[i];
 354:Generated_Source\PSoC4/cyfitter_cfg.c **** 			CYMEMZERO(ms->address, (size_t)(uint32)(ms->size));
 239              		.loc 1 354 0 discriminator 3
 240 0080 2848     		ldr	r0, .L13
 241 0082 6200     		lsls	r2, r4, #1
 242 0084 1319     		adds	r3, r2, r4
 243 0086 5900     		lsls	r1, r3, #1
 244 0088 0B00     		movs	r3, r1
 245 008a 4118     		adds	r1, r0, r1
 246 008c 8988     		ldrh	r1, [r1, #4]
 247 008e 1A5A     		ldrh	r2, [r3, r0]
 248 0090 C318     		adds	r3, r0, r3
 249 0092 5888     		ldrh	r0, [r3, #2]
 250 0094 0004     		lsls	r0, r0, #16
 251 0096 1043     		orrs	r0, r2
 252 0098 FFF7FEFF 		bl	CYMEMZERO
 253              	.LVL20:
 254              	.LBE4:
 351:Generated_Source\PSoC4/cyfitter_cfg.c **** 		{
 255              		.loc 1 351 0 discriminator 3
 256 009c 0134     		adds	r4, r4, #1
 257              	.LVL21:
 258 009e E4B2     		uxtb	r4, r4
 259              	.LVL22:
 260              	.L11:
 351:Generated_Source\PSoC4/cyfitter_cfg.c **** 		{
 261              		.loc 1 351 0 is_stmt 0 discriminator 1
 262 00a0 012C     		cmp	r4, #1
 263 00a2 EDD9     		bls	.L12
 355:Generated_Source\PSoC4/cyfitter_cfg.c **** 		}
 356:Generated_Source\PSoC4/cyfitter_cfg.c **** 
ARM GAS  C:\Users\jagumiel\AppData\Local\Temp\cctQpGnX.s 			page 12


 357:Generated_Source\PSoC4/cyfitter_cfg.c **** 		cfg_write_bytes32(cy_cfg_addr_table, cy_cfg_data_table);
 264              		.loc 1 357 0 is_stmt 1
 265 00a4 1F48     		ldr	r0, .L13
 266 00a6 0100     		movs	r1, r0
 267 00a8 0C31     		adds	r1, r1, #12
 268 00aa 4C30     		adds	r0, r0, #76
 269 00ac FFF7FEFF 		bl	cfg_write_bytes32
 270              	.LVL23:
 358:Generated_Source\PSoC4/cyfitter_cfg.c **** 
 359:Generated_Source\PSoC4/cyfitter_cfg.c **** 		/* HSIOM Starting address: CYDEV_HSIOM_BASE */
 360:Generated_Source\PSoC4/cyfitter_cfg.c **** 		CY_SET_REG32((void *)(CYREG_HSIOM_PORT_SEL1), 0x03000000u);
 271              		.loc 1 360 0
 272 00b0 C022     		movs	r2, #192
 273 00b2 9204     		lsls	r2, r2, #18
 274 00b4 1C4B     		ldr	r3, .L13+4
 275 00b6 1A60     		str	r2, [r3]
 361:Generated_Source\PSoC4/cyfitter_cfg.c **** 		CY_SET_REG32((void *)(CYREG_HSIOM_PORT_SEL3), 0x0000EE00u);
 276              		.loc 1 361 0
 277 00b8 EE22     		movs	r2, #238
 278 00ba 1202     		lsls	r2, r2, #8
 279 00bc 1B4B     		ldr	r3, .L13+8
 280 00be 1A60     		str	r2, [r3]
 362:Generated_Source\PSoC4/cyfitter_cfg.c **** 
 363:Generated_Source\PSoC4/cyfitter_cfg.c **** 		/* UDB_PA_0 Starting address: CYDEV_UDB_PA0_BASE */
 364:Generated_Source\PSoC4/cyfitter_cfg.c **** 		CY_SET_REG32((void *)(CYDEV_UDB_PA0_BASE), 0x00990000u);
 281              		.loc 1 364 0
 282 00c0 9923     		movs	r3, #153
 283 00c2 1B04     		lsls	r3, r3, #16
 284 00c4 1A4A     		ldr	r2, .L13+12
 285 00c6 1360     		str	r3, [r2]
 365:Generated_Source\PSoC4/cyfitter_cfg.c **** 		CY_SET_REG32((void *)(CYREG_UDB_PA0_CFG4), 0x80000000u);
 286              		.loc 1 365 0
 287 00c8 8021     		movs	r1, #128
 288 00ca 0906     		lsls	r1, r1, #24
 289 00cc 194A     		ldr	r2, .L13+16
 290 00ce 1160     		str	r1, [r2]
 366:Generated_Source\PSoC4/cyfitter_cfg.c **** 
 367:Generated_Source\PSoC4/cyfitter_cfg.c **** 		/* UDB_PA_1 Starting address: CYDEV_UDB_PA1_BASE */
 368:Generated_Source\PSoC4/cyfitter_cfg.c **** 		CY_SET_REG32((void *)(CYDEV_UDB_PA1_BASE), 0x00990000u);
 291              		.loc 1 368 0
 292 00d0 194A     		ldr	r2, .L13+20
 293 00d2 1360     		str	r3, [r2]
 369:Generated_Source\PSoC4/cyfitter_cfg.c **** 		CY_SET_REG32((void *)(CYREG_UDB_PA1_CFG8), 0x20000000u);
 294              		.loc 1 369 0
 295 00d4 8021     		movs	r1, #128
 296 00d6 8905     		lsls	r1, r1, #22
 297 00d8 184A     		ldr	r2, .L13+24
 298 00da 1160     		str	r1, [r2]
 370:Generated_Source\PSoC4/cyfitter_cfg.c **** 
 371:Generated_Source\PSoC4/cyfitter_cfg.c **** 		/* UDB_PA_3 Starting address: CYDEV_UDB_PA3_BASE */
 372:Generated_Source\PSoC4/cyfitter_cfg.c **** 		CY_SET_REG32((void *)(CYDEV_UDB_PA3_BASE), 0x00990000u);
 299              		.loc 1 372 0
 300 00dc 184A     		ldr	r2, .L13+28
 301 00de 1360     		str	r3, [r2]
 373:Generated_Source\PSoC4/cyfitter_cfg.c **** 
 374:Generated_Source\PSoC4/cyfitter_cfg.c **** 		/* Enable UDB array and digital routing */
 375:Generated_Source\PSoC4/cyfitter_cfg.c **** 		CY_SET_XTND_REG8((void *)CYREG_UDB_UDBIF_WAIT_CFG, (uint8)((CY_GET_XTND_REG8((void *)CYREG_UDB_UD
ARM GAS  C:\Users\jagumiel\AppData\Local\Temp\cctQpGnX.s 			page 13


 302              		.loc 1 375 0
 303 00e0 1849     		ldr	r1, .L13+32
 304 00e2 0B78     		ldrb	r3, [r1]
 305 00e4 3C22     		movs	r2, #60
 306 00e6 9343     		bics	r3, r2
 307 00e8 1422     		movs	r2, #20
 308 00ea 1343     		orrs	r3, r2
 309 00ec DBB2     		uxtb	r3, r3
 310 00ee 0B70     		strb	r3, [r1]
 376:Generated_Source\PSoC4/cyfitter_cfg.c **** 		CY_SET_XTND_REG8((void *)CYREG_UDB_UDBIF_BANK_CTL, (uint8)(CY_GET_XTND_REG8((void *)CYREG_UDB_UDB
 311              		.loc 1 376 0
 312 00f0 154A     		ldr	r2, .L13+36
 313 00f2 1178     		ldrb	r1, [r2]
 314 00f4 1623     		movs	r3, #22
 315 00f6 0B43     		orrs	r3, r1
 316 00f8 DBB2     		uxtb	r3, r3
 317 00fa 1370     		strb	r3, [r2]
 318              	.LBE3:
 377:Generated_Source\PSoC4/cyfitter_cfg.c **** 	}
 378:Generated_Source\PSoC4/cyfitter_cfg.c **** 
 379:Generated_Source\PSoC4/cyfitter_cfg.c **** 	/* Perform second pass device configuration. These items must be configured in specific order afte
 380:Generated_Source\PSoC4/cyfitter_cfg.c **** 	/* IOPINS0_0 Starting address: CYDEV_PRT0_BASE */
 381:Generated_Source\PSoC4/cyfitter_cfg.c **** 	CY_SET_REG32((void *)(CYDEV_PRT0_BASE), 0x0000008Cu);
 319              		.loc 1 381 0
 320 00fc 8C22     		movs	r2, #140
 321 00fe 134B     		ldr	r3, .L13+40
 322 0100 1A60     		str	r2, [r3]
 382:Generated_Source\PSoC4/cyfitter_cfg.c **** 	CY_SET_REG32((void *)(CYREG_PRT0_PC), 0x00400D80u);
 323              		.loc 1 382 0
 324 0102 134A     		ldr	r2, .L13+44
 325 0104 134B     		ldr	r3, .L13+48
 326 0106 1A60     		str	r2, [r3]
 383:Generated_Source\PSoC4/cyfitter_cfg.c **** 
 384:Generated_Source\PSoC4/cyfitter_cfg.c **** 	/* IOPINS0_1 Starting address: CYDEV_PRT1_BASE */
 385:Generated_Source\PSoC4/cyfitter_cfg.c **** 	CY_SET_REG32((void *)(CYDEV_PRT1_BASE), 0x00000040u);
 327              		.loc 1 385 0
 328 0108 4022     		movs	r2, #64
 329 010a 134B     		ldr	r3, .L13+52
 330 010c 1A60     		str	r2, [r3]
 386:Generated_Source\PSoC4/cyfitter_cfg.c **** 	CY_SET_REG32((void *)(CYREG_PRT1_PC), 0x00180000u);
 331              		.loc 1 386 0
 332 010e C022     		movs	r2, #192
 333 0110 5203     		lsls	r2, r2, #13
 334 0112 124B     		ldr	r3, .L13+56
 335 0114 1A60     		str	r2, [r3]
 387:Generated_Source\PSoC4/cyfitter_cfg.c **** 
 388:Generated_Source\PSoC4/cyfitter_cfg.c **** 	/* IOPINS0_3 Starting address: CYDEV_PRT3_BASE */
 389:Generated_Source\PSoC4/cyfitter_cfg.c **** 	CY_SET_REG32((void *)(CYREG_PRT3_PC), 0x00000D80u);
 336              		.loc 1 389 0
 337 0116 D822     		movs	r2, #216
 338 0118 1201     		lsls	r2, r2, #4
 339 011a 114B     		ldr	r3, .L13+60
 340 011c 1A60     		str	r2, [r3]
 390:Generated_Source\PSoC4/cyfitter_cfg.c **** 
 391:Generated_Source\PSoC4/cyfitter_cfg.c **** 
 392:Generated_Source\PSoC4/cyfitter_cfg.c **** 	/* Setup clocks based on selections from Clock DWR */
 393:Generated_Source\PSoC4/cyfitter_cfg.c **** 	ClockSetup();
ARM GAS  C:\Users\jagumiel\AppData\Local\Temp\cctQpGnX.s 			page 14


 341              		.loc 1 393 0
 342 011e FFF76FFF 		bl	ClockSetup
 343              	.LVL24:
 394:Generated_Source\PSoC4/cyfitter_cfg.c **** 
 395:Generated_Source\PSoC4/cyfitter_cfg.c **** 	/* Perform basic analog initialization to defaults */
 396:Generated_Source\PSoC4/cyfitter_cfg.c **** 	AnalogSetDefault();
 397:Generated_Source\PSoC4/cyfitter_cfg.c **** 
 398:Generated_Source\PSoC4/cyfitter_cfg.c **** }
 344              		.loc 1 398 0
 345              		@ sp needed
 346              	.LVL25:
 347 0122 10BD     		pop	{r4, pc}
 348              	.L14:
 349              		.align	2
 350              	.L13:
 351 0124 00000000 		.word	.LANCHOR0
 352 0128 04000140 		.word	1073807364
 353 012c 0C000140 		.word	1073807372
 354 0130 00500F40 		.word	1074745344
 355 0134 04500F40 		.word	1074745348
 356 0138 10500F40 		.word	1074745360
 357 013c 18500F40 		.word	1074745368
 358 0140 30500F40 		.word	1074745392
 359 0144 01700F40 		.word	1074753537
 360 0148 00700F40 		.word	1074753536
 361 014c 00000440 		.word	1074003968
 362 0150 800D4000 		.word	4197760
 363 0154 08000440 		.word	1074003976
 364 0158 00010440 		.word	1074004224
 365 015c 08010440 		.word	1074004232
 366 0160 08030440 		.word	1074004744
 367              		.cfi_endproc
 368              	.LFE6:
 369              		.size	cyfitter_cfg, .-cyfitter_cfg
 370              		.section	.rodata
 371              		.align	2
 372              		.set	.LANCHOR0,. + 0
 373              		.type	cfg_memset_list.4870, %object
 374              		.size	cfg_memset_list.4870, 12
 375              	cfg_memset_list.4870:
 376 0000 00300F40 		.word	1074737152
 377 0004 0004     		.short	1024
 378 0006 00400F40 		.4byte	1074741248
 379 000a 0004     		.short	1024
 380              		.type	cy_cfg_data_table.4865, %object
 381              		.size	cy_cfg_data_table.4865, 64
 382              	cy_cfg_data_table.4865:
 383 000c 1A       		.byte	26
 384 000d 01       		.byte	1
 385 000e 1E       		.byte	30
 386 000f 02       		.byte	2
 387 0010 2A       		.byte	42
 388 0011 06       		.byte	6
 389 0012 2E       		.byte	46
 390 0013 05       		.byte	5
 391 0014 36       		.byte	54
 392 0015 07       		.byte	7
ARM GAS  C:\Users\jagumiel\AppData\Local\Temp\cctQpGnX.s 			page 15


 393 0016 3E       		.byte	62
 394 0017 40       		.byte	64
 395 0018 58       		.byte	88
 396 0019 04       		.byte	4
 397 001a 5B       		.byte	91
 398 001b 04       		.byte	4
 399 001c 5F       		.byte	95
 400 001d 01       		.byte	1
 401 001e 0D       		.byte	13
 402 001f 80       		.byte	-128
 403 0020 0E       		.byte	14
 404 0021 08       		.byte	8
 405 0022 15       		.byte	21
 406 0023 50       		.byte	80
 407 0024 1F       		.byte	31
 408 0025 40       		.byte	64
 409 0026 6D       		.byte	109
 410 0027 50       		.byte	80
 411 0028 87       		.byte	-121
 412 0029 40       		.byte	64
 413 002a 89       		.byte	-119
 414 002b 80       		.byte	-128
 415 002c 8E       		.byte	-114
 416 002d 04       		.byte	4
 417 002e C2       		.byte	-62
 418 002f C0       		.byte	-64
 419 0030 C4       		.byte	-60
 420 0031 C0       		.byte	-64
 421 0032 63       		.byte	99
 422 0033 10       		.byte	16
 423 0034 87       		.byte	-121
 424 0035 10       		.byte	16
 425 0036 D8       		.byte	-40
 426 0037 40       		.byte	64
 427 0038 E2       		.byte	-30
 428 0039 10       		.byte	16
 429 003a 19       		.byte	25
 430 003b 08       		.byte	8
 431 003c 20       		.byte	32
 432 003d 08       		.byte	8
 433 003e 88       		.byte	-120
 434 003f 04       		.byte	4
 435 0040 8D       		.byte	-115
 436 0041 08       		.byte	8
 437 0042 C6       		.byte	-58
 438 0043 08       		.byte	8
 439 0044 C8       		.byte	-56
 440 0045 08       		.byte	8
 441 0046 E2       		.byte	-30
 442 0047 06       		.byte	6
 443 0048 02       		.byte	2
 444 0049 01       		.byte	1
 445 004a 11       		.byte	17
 446 004b 01       		.byte	1
 447              		.type	cy_cfg_addr_table.4864, %object
 448              		.size	cy_cfg_addr_table.4864, 20
 449              	cy_cfg_addr_table.4864:
ARM GAS  C:\Users\jagumiel\AppData\Local\Temp\cctQpGnX.s 			page 16


 450 004c 09320F40 		.word	1074737673
 451 0050 0A330F40 		.word	1074737930
 452 0054 04410F40 		.word	1074741508
 453 0058 07430F40 		.word	1074742023
 454 005c 02600F40 		.word	1074749442
 455              		.text
 456              	.Letext0:
 457              		.file 2 "c:\\program files (x86)\\cypress\\psoc creator\\4.2\\psoc creator\\import\\gnu\\arm\\5.4.
 458              		.file 3 "Generated_Source\\PSoC4\\cytypes.h"
 459              		.file 4 "Generated_Source\\PSoC4\\CyLib.h"
 460              		.section	.debug_info,"",%progbits
 461              	.Ldebug_info0:
 462 0000 9C030000 		.4byte	0x39c
 463 0004 0400     		.2byte	0x4
 464 0006 00000000 		.4byte	.Ldebug_abbrev0
 465 000a 04       		.byte	0x4
 466 000b 01       		.uleb128 0x1
 467 000c 7A010000 		.4byte	.LASF39
 468 0010 0C       		.byte	0xc
 469 0011 A7020000 		.4byte	.LASF40
 470 0015 19010000 		.4byte	.LASF41
 471 0019 00000000 		.4byte	.Ldebug_ranges0+0
 472 001d 00000000 		.4byte	0
 473 0021 00000000 		.4byte	.Ldebug_line0
 474 0025 02       		.uleb128 0x2
 475 0026 04       		.byte	0x4
 476 0027 05       		.byte	0x5
 477 0028 696E7400 		.ascii	"int\000"
 478 002c 03       		.uleb128 0x3
 479 002d 06000000 		.4byte	.LASF12
 480 0031 02       		.byte	0x2
 481 0032 D8       		.byte	0xd8
 482 0033 37000000 		.4byte	0x37
 483 0037 04       		.uleb128 0x4
 484 0038 04       		.byte	0x4
 485 0039 07       		.byte	0x7
 486 003a FF000000 		.4byte	.LASF0
 487 003e 04       		.uleb128 0x4
 488 003f 08       		.byte	0x8
 489 0040 05       		.byte	0x5
 490 0041 3A020000 		.4byte	.LASF1
 491 0045 04       		.uleb128 0x4
 492 0046 08       		.byte	0x8
 493 0047 04       		.byte	0x4
 494 0048 8F020000 		.4byte	.LASF2
 495 004c 04       		.uleb128 0x4
 496 004d 01       		.byte	0x1
 497 004e 06       		.byte	0x6
 498 004f 9B020000 		.4byte	.LASF3
 499 0053 04       		.uleb128 0x4
 500 0054 01       		.byte	0x1
 501 0055 08       		.byte	0x8
 502 0056 A1000000 		.4byte	.LASF4
 503 005a 04       		.uleb128 0x4
 504 005b 02       		.byte	0x2
 505 005c 05       		.byte	0x5
 506 005d 67020000 		.4byte	.LASF5
ARM GAS  C:\Users\jagumiel\AppData\Local\Temp\cctQpGnX.s 			page 17


 507 0061 04       		.uleb128 0x4
 508 0062 02       		.byte	0x2
 509 0063 07       		.byte	0x7
 510 0064 27020000 		.4byte	.LASF6
 511 0068 04       		.uleb128 0x4
 512 0069 04       		.byte	0x4
 513 006a 05       		.byte	0x5
 514 006b 86020000 		.4byte	.LASF7
 515 006f 04       		.uleb128 0x4
 516 0070 04       		.byte	0x4
 517 0071 07       		.byte	0x7
 518 0072 7F000000 		.4byte	.LASF8
 519 0076 04       		.uleb128 0x4
 520 0077 08       		.byte	0x8
 521 0078 07       		.byte	0x7
 522 0079 63010000 		.4byte	.LASF9
 523 007d 04       		.uleb128 0x4
 524 007e 04       		.byte	0x4
 525 007f 07       		.byte	0x7
 526 0080 1E020000 		.4byte	.LASF10
 527 0084 05       		.uleb128 0x5
 528 0085 04       		.byte	0x4
 529 0086 04       		.uleb128 0x4
 530 0087 01       		.byte	0x1
 531 0088 08       		.byte	0x8
 532 0089 48020000 		.4byte	.LASF11
 533 008d 06       		.uleb128 0x6
 534 008e 91000000 		.4byte	.LASF13
 535 0092 03       		.byte	0x3
 536 0093 E401     		.2byte	0x1e4
 537 0095 53000000 		.4byte	0x53
 538 0099 06       		.uleb128 0x6
 539 009a E6000000 		.4byte	.LASF14
 540 009e 03       		.byte	0x3
 541 009f E501     		.2byte	0x1e5
 542 00a1 61000000 		.4byte	0x61
 543 00a5 06       		.uleb128 0x6
 544 00a6 F8000000 		.4byte	.LASF15
 545 00aa 03       		.byte	0x3
 546 00ab E601     		.2byte	0x1e6
 547 00ad 6F000000 		.4byte	0x6f
 548 00b1 04       		.uleb128 0x4
 549 00b2 04       		.byte	0x4
 550 00b3 04       		.byte	0x4
 551 00b4 57000000 		.4byte	.LASF16
 552 00b8 04       		.uleb128 0x4
 553 00b9 08       		.byte	0x8
 554 00ba 04       		.byte	0x4
 555 00bb B6000000 		.4byte	.LASF17
 556 00bf 06       		.uleb128 0x6
 557 00c0 72000000 		.4byte	.LASF18
 558 00c4 03       		.byte	0x3
 559 00c5 8E02     		.2byte	0x28e
 560 00c7 CB000000 		.4byte	0xcb
 561 00cb 07       		.uleb128 0x7
 562 00cc 8D000000 		.4byte	0x8d
 563 00d0 06       		.uleb128 0x6
ARM GAS  C:\Users\jagumiel\AppData\Local\Temp\cctQpGnX.s 			page 18


 564 00d1 00000000 		.4byte	.LASF19
 565 00d5 03       		.byte	0x3
 566 00d6 9002     		.2byte	0x290
 567 00d8 DC000000 		.4byte	0xdc
 568 00dc 07       		.uleb128 0x7
 569 00dd A5000000 		.4byte	0xa5
 570 00e1 08       		.uleb128 0x8
 571 00e2 02       		.byte	0x2
 572 00e3 01       		.byte	0x1
 573 00e4 97       		.byte	0x97
 574 00e5 02010000 		.4byte	0x102
 575 00e9 09       		.uleb128 0x9
 576 00ea 60020000 		.4byte	.LASF20
 577 00ee 01       		.byte	0x1
 578 00ef 99       		.byte	0x99
 579 00f0 8D000000 		.4byte	0x8d
 580 00f4 00       		.byte	0
 581 00f5 09       		.uleb128 0x9
 582 00f6 1C000000 		.4byte	.LASF21
 583 00fa 01       		.byte	0x1
 584 00fb 9A       		.byte	0x9a
 585 00fc 8D000000 		.4byte	0x8d
 586 0100 01       		.byte	0x1
 587 0101 00       		.byte	0
 588 0102 03       		.uleb128 0x3
 589 0103 4D020000 		.4byte	.LASF22
 590 0107 01       		.byte	0x1
 591 0108 9B       		.byte	0x9b
 592 0109 E1000000 		.4byte	0xe1
 593 010d 0A       		.uleb128 0xa
 594 010e BD000000 		.4byte	.LASF27
 595 0112 01       		.byte	0x1
 596 0113 AE       		.byte	0xae
 597 0114 00000000 		.4byte	.LFB3
 598 0118 32000000 		.4byte	.LFE3-.LFB3
 599 011c 01       		.uleb128 0x1
 600 011d 9C       		.byte	0x9c
 601 011e 7F010000 		.4byte	0x17f
 602 0122 0B       		.uleb128 0xb
 603 0123 DB000000 		.4byte	.LASF23
 604 0127 01       		.byte	0x1
 605 0128 AE       		.byte	0xae
 606 0129 7F010000 		.4byte	0x17f
 607 012d 01       		.uleb128 0x1
 608 012e 50       		.byte	0x50
 609 012f 0B       		.uleb128 0xb
 610 0130 ED000000 		.4byte	.LASF24
 611 0134 01       		.byte	0x1
 612 0135 AE       		.byte	0xae
 613 0136 8A010000 		.4byte	0x18a
 614 013a 01       		.uleb128 0x1
 615 013b 51       		.byte	0x51
 616 013c 0C       		.uleb128 0xc
 617 013d 6900     		.ascii	"i\000"
 618 013f 01       		.byte	0x1
 619 0140 B1       		.byte	0xb1
 620 0141 A5000000 		.4byte	0xa5
ARM GAS  C:\Users\jagumiel\AppData\Local\Temp\cctQpGnX.s 			page 19


 621 0145 00000000 		.4byte	.LLST0
 622 0149 0C       		.uleb128 0xc
 623 014a 6A00     		.ascii	"j\000"
 624 014c 01       		.byte	0x1
 625 014d B1       		.byte	0xb1
 626 014e A5000000 		.4byte	0xa5
 627 0152 1F000000 		.4byte	.LLST1
 628 0156 0D       		.uleb128 0xd
 629 0157 08000000 		.4byte	.LBB2
 630 015b 22000000 		.4byte	.LBE2-.LBB2
 631 015f 0E       		.uleb128 0xe
 632 0160 15020000 		.4byte	.LASF25
 633 0164 01       		.byte	0x1
 634 0165 B4       		.byte	0xb4
 635 0166 A5000000 		.4byte	0xa5
 636 016a 3E000000 		.4byte	.LLST2
 637 016e 0E       		.uleb128 0xe
 638 016f 22000000 		.4byte	.LASF26
 639 0173 01       		.byte	0x1
 640 0174 B5       		.byte	0xb5
 641 0175 8D000000 		.4byte	0x8d
 642 0179 51000000 		.4byte	.LLST3
 643 017d 00       		.byte	0
 644 017e 00       		.byte	0
 645 017f 0F       		.uleb128 0xf
 646 0180 04       		.byte	0x4
 647 0181 85010000 		.4byte	0x185
 648 0185 10       		.uleb128 0x10
 649 0186 A5000000 		.4byte	0xa5
 650 018a 0F       		.uleb128 0xf
 651 018b 04       		.byte	0x4
 652 018c 90010000 		.4byte	0x190
 653 0190 10       		.uleb128 0x10
 654 0191 02010000 		.4byte	0x102
 655 0195 0A       		.uleb128 0xa
 656 0196 97000000 		.4byte	.LASF28
 657 019a 01       		.byte	0x1
 658 019b 4C       		.byte	0x4c
 659 019c 00000000 		.4byte	.LFB0
 660 01a0 0C000000 		.4byte	.LFE0-.LFB0
 661 01a4 01       		.uleb128 0x1
 662 01a5 9C       		.byte	0x9c
 663 01a6 E2010000 		.4byte	0x1e2
 664 01aa 11       		.uleb128 0x11
 665 01ab 7300     		.ascii	"s\000"
 666 01ad 01       		.byte	0x1
 667 01ae 4C       		.byte	0x4c
 668 01af 84000000 		.4byte	0x84
 669 01b3 6F000000 		.4byte	.LLST4
 670 01b7 11       		.uleb128 0x11
 671 01b8 6E00     		.ascii	"n\000"
 672 01ba 01       		.byte	0x1
 673 01bb 4C       		.byte	0x4c
 674 01bc 2C000000 		.4byte	0x2c
 675 01c0 90000000 		.4byte	.LLST5
 676 01c4 12       		.uleb128 0x12
 677 01c5 0A000000 		.4byte	.LVL14
ARM GAS  C:\Users\jagumiel\AppData\Local\Temp\cctQpGnX.s 			page 20


 678 01c9 75030000 		.4byte	0x375
 679 01cd 13       		.uleb128 0x13
 680 01ce 01       		.uleb128 0x1
 681 01cf 50       		.byte	0x50
 682 01d0 03       		.uleb128 0x3
 683 01d1 F3       		.byte	0xf3
 684 01d2 01       		.uleb128 0x1
 685 01d3 50       		.byte	0x50
 686 01d4 13       		.uleb128 0x13
 687 01d5 01       		.uleb128 0x1
 688 01d6 51       		.byte	0x51
 689 01d7 01       		.uleb128 0x1
 690 01d8 30       		.byte	0x30
 691 01d9 13       		.uleb128 0x13
 692 01da 01       		.uleb128 0x1
 693 01db 52       		.byte	0x52
 694 01dc 03       		.uleb128 0x3
 695 01dd F3       		.byte	0xf3
 696 01de 01       		.uleb128 0x1
 697 01df 51       		.byte	0x51
 698 01e0 00       		.byte	0
 699 01e1 00       		.byte	0
 700 01e2 0A       		.uleb128 0xa
 701 01e3 28000000 		.4byte	.LASF29
 702 01e7 01       		.byte	0x1
 703 01e8 D3       		.byte	0xd3
 704 01e9 00000000 		.4byte	.LFB4
 705 01ed 78000000 		.4byte	.LFE4-.LFB4
 706 01f1 01       		.uleb128 0x1
 707 01f2 9C       		.byte	0x9c
 708 01f3 2D020000 		.4byte	0x22d
 709 01f7 14       		.uleb128 0x14
 710 01f8 14000000 		.4byte	.LVL15
 711 01fc 7E030000 		.4byte	0x37e
 712 0200 0A020000 		.4byte	0x20a
 713 0204 13       		.uleb128 0x13
 714 0205 01       		.uleb128 0x1
 715 0206 50       		.byte	0x50
 716 0207 01       		.uleb128 0x1
 717 0208 48       		.byte	0x48
 718 0209 00       		.byte	0
 719 020a 14       		.uleb128 0x14
 720 020b 42000000 		.4byte	.LVL16
 721 020f 89030000 		.4byte	0x389
 722 0213 1D020000 		.4byte	0x21d
 723 0217 13       		.uleb128 0x13
 724 0218 01       		.uleb128 0x1
 725 0219 50       		.byte	0x50
 726 021a 01       		.uleb128 0x1
 727 021b 39       		.byte	0x39
 728 021c 00       		.byte	0
 729 021d 12       		.uleb128 0x12
 730 021e 48000000 		.4byte	.LVL17
 731 0222 94030000 		.4byte	0x394
 732 0226 13       		.uleb128 0x13
 733 0227 01       		.uleb128 0x1
 734 0228 50       		.byte	0x50
ARM GAS  C:\Users\jagumiel\AppData\Local\Temp\cctQpGnX.s 			page 21


 735 0229 01       		.uleb128 0x1
 736 022a 39       		.byte	0x39
 737 022b 00       		.byte	0
 738 022c 00       		.byte	0
 739 022d 15       		.uleb128 0x15
 740 022e 0C010000 		.4byte	.LASF42
 741 0232 01       		.byte	0x1
 742 0233 1E01     		.2byte	0x11e
 743 0235 78000000 		.4byte	.LFB6
 744 0239 EC000000 		.4byte	.LFE6-.LFB6
 745 023d 01       		.uleb128 0x1
 746 023e 9C       		.byte	0x9c
 747 023f 4B030000 		.4byte	0x34b
 748 0243 16       		.uleb128 0x16
 749 0244 7C000000 		.4byte	.LBB3
 750 0248 80000000 		.4byte	.LBE3-.LBB3
 751 024c 41030000 		.4byte	0x341
 752 0250 17       		.uleb128 0x17
 753 0251 33000000 		.4byte	.LASF30
 754 0255 01       		.byte	0x1
 755 0256 2401     		.2byte	0x124
 756 0258 5B030000 		.4byte	0x35b
 757 025c 05       		.uleb128 0x5
 758 025d 03       		.byte	0x3
 759 025e 4C000000 		.4byte	cy_cfg_addr_table.4864
 760 0262 17       		.uleb128 0x17
 761 0263 45000000 		.4byte	.LASF31
 762 0267 01       		.byte	0x1
 763 0268 2C01     		.2byte	0x12c
 764 026a 70030000 		.4byte	0x370
 765 026e 05       		.uleb128 0x5
 766 026f 03       		.byte	0x3
 767 0270 0C000000 		.4byte	cy_cfg_data_table.4865
 768 0274 18       		.uleb128 0x18
 769 0275 06       		.byte	0x6
 770 0276 01       		.byte	0x1
 771 0277 5101     		.2byte	0x151
 772 0279 98020000 		.4byte	0x298
 773 027d 19       		.uleb128 0x19
 774 027e 77000000 		.4byte	.LASF32
 775 0282 01       		.byte	0x1
 776 0283 5201     		.2byte	0x152
 777 0285 84000000 		.4byte	0x84
 778 0289 00       		.byte	0
 779 028a 19       		.uleb128 0x19
 780 028b 6D000000 		.4byte	.LASF33
 781 028f 01       		.byte	0x1
 782 0290 5301     		.2byte	0x153
 783 0292 99000000 		.4byte	0x99
 784 0296 04       		.byte	0x4
 785 0297 00       		.byte	0
 786 0298 06       		.uleb128 0x6
 787 0299 08020000 		.4byte	.LASF34
 788 029d 01       		.byte	0x1
 789 029e 5401     		.2byte	0x154
 790 02a0 74020000 		.4byte	0x274
 791 02a4 1A       		.uleb128 0x1a
ARM GAS  C:\Users\jagumiel\AppData\Local\Temp\cctQpGnX.s 			page 22


 792 02a5 B4020000 		.4byte	0x2b4
 793 02a9 B4020000 		.4byte	0x2b4
 794 02ad 1B       		.uleb128 0x1b
 795 02ae 7D000000 		.4byte	0x7d
 796 02b2 01       		.byte	0x1
 797 02b3 00       		.byte	0
 798 02b4 10       		.uleb128 0x10
 799 02b5 98020000 		.4byte	0x298
 800 02b9 17       		.uleb128 0x17
 801 02ba 5D000000 		.4byte	.LASF35
 802 02be 01       		.byte	0x1
 803 02bf 5601     		.2byte	0x156
 804 02c1 CB020000 		.4byte	0x2cb
 805 02c5 05       		.uleb128 0x5
 806 02c6 03       		.byte	0x3
 807 02c7 00000000 		.4byte	cfg_memset_list.4870
 808 02cb 10       		.uleb128 0x10
 809 02cc A4020000 		.4byte	0x2a4
 810 02d0 1C       		.uleb128 0x1c
 811 02d1 6900     		.ascii	"i\000"
 812 02d3 01       		.byte	0x1
 813 02d4 5C01     		.2byte	0x15c
 814 02d6 8D000000 		.4byte	0x8d
 815 02da BC000000 		.4byte	.LLST6
 816 02de 16       		.uleb128 0x16
 817 02df 80000000 		.4byte	.LBB4
 818 02e3 1C000000 		.4byte	.LBE4-.LBB4
 819 02e7 24030000 		.4byte	0x324
 820 02eb 1C       		.uleb128 0x1c
 821 02ec 6D7300   		.ascii	"ms\000"
 822 02ef 01       		.byte	0x1
 823 02f0 6101     		.2byte	0x161
 824 02f2 FA020000 		.4byte	0x2fa
 825 02f6 E6000000 		.4byte	.LLST7
 826 02fa 0F       		.uleb128 0xf
 827 02fb 04       		.byte	0x4
 828 02fc B4020000 		.4byte	0x2b4
 829 0300 12       		.uleb128 0x12
 830 0301 9C000000 		.4byte	.LVL20
 831 0305 95010000 		.4byte	0x195
 832 0309 13       		.uleb128 0x13
 833 030a 01       		.uleb128 0x1
 834 030b 51       		.byte	0x51
 835 030c 15       		.uleb128 0x15
 836 030d 74       		.byte	0x74
 837 030e 00       		.sleb128 0
 838 030f 31       		.byte	0x31
 839 0310 24       		.byte	0x24
 840 0311 74       		.byte	0x74
 841 0312 00       		.sleb128 0
 842 0313 22       		.byte	0x22
 843 0314 31       		.byte	0x31
 844 0315 24       		.byte	0x24
 845 0316 03       		.byte	0x3
 846 0317 04000000 		.4byte	.LANCHOR0+4
 847 031b 22       		.byte	0x22
 848 031c 94       		.byte	0x94
ARM GAS  C:\Users\jagumiel\AppData\Local\Temp\cctQpGnX.s 			page 23


 849 031d 02       		.byte	0x2
 850 031e 0A       		.byte	0xa
 851 031f FFFF     		.2byte	0xffff
 852 0321 1A       		.byte	0x1a
 853 0322 00       		.byte	0
 854 0323 00       		.byte	0
 855 0324 12       		.uleb128 0x12
 856 0325 B0000000 		.4byte	.LVL23
 857 0329 0D010000 		.4byte	0x10d
 858 032d 13       		.uleb128 0x13
 859 032e 01       		.uleb128 0x1
 860 032f 50       		.byte	0x50
 861 0330 05       		.uleb128 0x5
 862 0331 03       		.byte	0x3
 863 0332 4C000000 		.4byte	.LANCHOR0+76
 864 0336 13       		.uleb128 0x13
 865 0337 01       		.uleb128 0x1
 866 0338 51       		.byte	0x51
 867 0339 05       		.uleb128 0x5
 868 033a 03       		.byte	0x3
 869 033b 0C000000 		.4byte	.LANCHOR0+12
 870 033f 00       		.byte	0
 871 0340 00       		.byte	0
 872 0341 1D       		.uleb128 0x1d
 873 0342 22010000 		.4byte	.LVL24
 874 0346 E2010000 		.4byte	0x1e2
 875 034a 00       		.byte	0
 876 034b 1A       		.uleb128 0x1a
 877 034c 85010000 		.4byte	0x185
 878 0350 5B030000 		.4byte	0x35b
 879 0354 1B       		.uleb128 0x1b
 880 0355 7D000000 		.4byte	0x7d
 881 0359 04       		.byte	0x4
 882 035a 00       		.byte	0
 883 035b 10       		.uleb128 0x10
 884 035c 4B030000 		.4byte	0x34b
 885 0360 1A       		.uleb128 0x1a
 886 0361 90010000 		.4byte	0x190
 887 0365 70030000 		.4byte	0x370
 888 0369 1B       		.uleb128 0x1b
 889 036a 7D000000 		.4byte	0x7d
 890 036e 1F       		.byte	0x1f
 891 036f 00       		.byte	0
 892 0370 10       		.uleb128 0x10
 893 0371 60030000 		.4byte	0x360
 894 0375 1E       		.uleb128 0x1e
 895 0376 AF000000 		.4byte	.LASF43
 896 037a AF000000 		.4byte	.LASF43
 897 037e 1F       		.uleb128 0x1f
 898 037f 71020000 		.4byte	.LASF36
 899 0383 71020000 		.4byte	.LASF36
 900 0387 04       		.byte	0x4
 901 0388 6C       		.byte	0x6c
 902 0389 1F       		.uleb128 0x1f
 903 038a 0D000000 		.4byte	.LASF37
 904 038e 0D000000 		.4byte	.LASF37
 905 0392 04       		.byte	0x4
ARM GAS  C:\Users\jagumiel\AppData\Local\Temp\cctQpGnX.s 			page 24


 906 0393 BD       		.byte	0xbd
 907 0394 1F       		.uleb128 0x1f
 908 0395 CF000000 		.4byte	.LASF38
 909 0399 CF000000 		.4byte	.LASF38
 910 039d 04       		.byte	0x4
 911 039e C3       		.byte	0xc3
 912 039f 00       		.byte	0
 913              		.section	.debug_abbrev,"",%progbits
 914              	.Ldebug_abbrev0:
 915 0000 01       		.uleb128 0x1
 916 0001 11       		.uleb128 0x11
 917 0002 01       		.byte	0x1
 918 0003 25       		.uleb128 0x25
 919 0004 0E       		.uleb128 0xe
 920 0005 13       		.uleb128 0x13
 921 0006 0B       		.uleb128 0xb
 922 0007 03       		.uleb128 0x3
 923 0008 0E       		.uleb128 0xe
 924 0009 1B       		.uleb128 0x1b
 925 000a 0E       		.uleb128 0xe
 926 000b 55       		.uleb128 0x55
 927 000c 17       		.uleb128 0x17
 928 000d 11       		.uleb128 0x11
 929 000e 01       		.uleb128 0x1
 930 000f 10       		.uleb128 0x10
 931 0010 17       		.uleb128 0x17
 932 0011 00       		.byte	0
 933 0012 00       		.byte	0
 934 0013 02       		.uleb128 0x2
 935 0014 24       		.uleb128 0x24
 936 0015 00       		.byte	0
 937 0016 0B       		.uleb128 0xb
 938 0017 0B       		.uleb128 0xb
 939 0018 3E       		.uleb128 0x3e
 940 0019 0B       		.uleb128 0xb
 941 001a 03       		.uleb128 0x3
 942 001b 08       		.uleb128 0x8
 943 001c 00       		.byte	0
 944 001d 00       		.byte	0
 945 001e 03       		.uleb128 0x3
 946 001f 16       		.uleb128 0x16
 947 0020 00       		.byte	0
 948 0021 03       		.uleb128 0x3
 949 0022 0E       		.uleb128 0xe
 950 0023 3A       		.uleb128 0x3a
 951 0024 0B       		.uleb128 0xb
 952 0025 3B       		.uleb128 0x3b
 953 0026 0B       		.uleb128 0xb
 954 0027 49       		.uleb128 0x49
 955 0028 13       		.uleb128 0x13
 956 0029 00       		.byte	0
 957 002a 00       		.byte	0
 958 002b 04       		.uleb128 0x4
 959 002c 24       		.uleb128 0x24
 960 002d 00       		.byte	0
 961 002e 0B       		.uleb128 0xb
 962 002f 0B       		.uleb128 0xb
ARM GAS  C:\Users\jagumiel\AppData\Local\Temp\cctQpGnX.s 			page 25


 963 0030 3E       		.uleb128 0x3e
 964 0031 0B       		.uleb128 0xb
 965 0032 03       		.uleb128 0x3
 966 0033 0E       		.uleb128 0xe
 967 0034 00       		.byte	0
 968 0035 00       		.byte	0
 969 0036 05       		.uleb128 0x5
 970 0037 0F       		.uleb128 0xf
 971 0038 00       		.byte	0
 972 0039 0B       		.uleb128 0xb
 973 003a 0B       		.uleb128 0xb
 974 003b 00       		.byte	0
 975 003c 00       		.byte	0
 976 003d 06       		.uleb128 0x6
 977 003e 16       		.uleb128 0x16
 978 003f 00       		.byte	0
 979 0040 03       		.uleb128 0x3
 980 0041 0E       		.uleb128 0xe
 981 0042 3A       		.uleb128 0x3a
 982 0043 0B       		.uleb128 0xb
 983 0044 3B       		.uleb128 0x3b
 984 0045 05       		.uleb128 0x5
 985 0046 49       		.uleb128 0x49
 986 0047 13       		.uleb128 0x13
 987 0048 00       		.byte	0
 988 0049 00       		.byte	0
 989 004a 07       		.uleb128 0x7
 990 004b 35       		.uleb128 0x35
 991 004c 00       		.byte	0
 992 004d 49       		.uleb128 0x49
 993 004e 13       		.uleb128 0x13
 994 004f 00       		.byte	0
 995 0050 00       		.byte	0
 996 0051 08       		.uleb128 0x8
 997 0052 13       		.uleb128 0x13
 998 0053 01       		.byte	0x1
 999 0054 0B       		.uleb128 0xb
 1000 0055 0B       		.uleb128 0xb
 1001 0056 3A       		.uleb128 0x3a
 1002 0057 0B       		.uleb128 0xb
 1003 0058 3B       		.uleb128 0x3b
 1004 0059 0B       		.uleb128 0xb
 1005 005a 01       		.uleb128 0x1
 1006 005b 13       		.uleb128 0x13
 1007 005c 00       		.byte	0
 1008 005d 00       		.byte	0
 1009 005e 09       		.uleb128 0x9
 1010 005f 0D       		.uleb128 0xd
 1011 0060 00       		.byte	0
 1012 0061 03       		.uleb128 0x3
 1013 0062 0E       		.uleb128 0xe
 1014 0063 3A       		.uleb128 0x3a
 1015 0064 0B       		.uleb128 0xb
 1016 0065 3B       		.uleb128 0x3b
 1017 0066 0B       		.uleb128 0xb
 1018 0067 49       		.uleb128 0x49
 1019 0068 13       		.uleb128 0x13
ARM GAS  C:\Users\jagumiel\AppData\Local\Temp\cctQpGnX.s 			page 26


 1020 0069 38       		.uleb128 0x38
 1021 006a 0B       		.uleb128 0xb
 1022 006b 00       		.byte	0
 1023 006c 00       		.byte	0
 1024 006d 0A       		.uleb128 0xa
 1025 006e 2E       		.uleb128 0x2e
 1026 006f 01       		.byte	0x1
 1027 0070 03       		.uleb128 0x3
 1028 0071 0E       		.uleb128 0xe
 1029 0072 3A       		.uleb128 0x3a
 1030 0073 0B       		.uleb128 0xb
 1031 0074 3B       		.uleb128 0x3b
 1032 0075 0B       		.uleb128 0xb
 1033 0076 27       		.uleb128 0x27
 1034 0077 19       		.uleb128 0x19
 1035 0078 11       		.uleb128 0x11
 1036 0079 01       		.uleb128 0x1
 1037 007a 12       		.uleb128 0x12
 1038 007b 06       		.uleb128 0x6
 1039 007c 40       		.uleb128 0x40
 1040 007d 18       		.uleb128 0x18
 1041 007e 9742     		.uleb128 0x2117
 1042 0080 19       		.uleb128 0x19
 1043 0081 01       		.uleb128 0x1
 1044 0082 13       		.uleb128 0x13
 1045 0083 00       		.byte	0
 1046 0084 00       		.byte	0
 1047 0085 0B       		.uleb128 0xb
 1048 0086 05       		.uleb128 0x5
 1049 0087 00       		.byte	0
 1050 0088 03       		.uleb128 0x3
 1051 0089 0E       		.uleb128 0xe
 1052 008a 3A       		.uleb128 0x3a
 1053 008b 0B       		.uleb128 0xb
 1054 008c 3B       		.uleb128 0x3b
 1055 008d 0B       		.uleb128 0xb
 1056 008e 49       		.uleb128 0x49
 1057 008f 13       		.uleb128 0x13
 1058 0090 02       		.uleb128 0x2
 1059 0091 18       		.uleb128 0x18
 1060 0092 00       		.byte	0
 1061 0093 00       		.byte	0
 1062 0094 0C       		.uleb128 0xc
 1063 0095 34       		.uleb128 0x34
 1064 0096 00       		.byte	0
 1065 0097 03       		.uleb128 0x3
 1066 0098 08       		.uleb128 0x8
 1067 0099 3A       		.uleb128 0x3a
 1068 009a 0B       		.uleb128 0xb
 1069 009b 3B       		.uleb128 0x3b
 1070 009c 0B       		.uleb128 0xb
 1071 009d 49       		.uleb128 0x49
 1072 009e 13       		.uleb128 0x13
 1073 009f 02       		.uleb128 0x2
 1074 00a0 17       		.uleb128 0x17
 1075 00a1 00       		.byte	0
 1076 00a2 00       		.byte	0
ARM GAS  C:\Users\jagumiel\AppData\Local\Temp\cctQpGnX.s 			page 27


 1077 00a3 0D       		.uleb128 0xd
 1078 00a4 0B       		.uleb128 0xb
 1079 00a5 01       		.byte	0x1
 1080 00a6 11       		.uleb128 0x11
 1081 00a7 01       		.uleb128 0x1
 1082 00a8 12       		.uleb128 0x12
 1083 00a9 06       		.uleb128 0x6
 1084 00aa 00       		.byte	0
 1085 00ab 00       		.byte	0
 1086 00ac 0E       		.uleb128 0xe
 1087 00ad 34       		.uleb128 0x34
 1088 00ae 00       		.byte	0
 1089 00af 03       		.uleb128 0x3
 1090 00b0 0E       		.uleb128 0xe
 1091 00b1 3A       		.uleb128 0x3a
 1092 00b2 0B       		.uleb128 0xb
 1093 00b3 3B       		.uleb128 0x3b
 1094 00b4 0B       		.uleb128 0xb
 1095 00b5 49       		.uleb128 0x49
 1096 00b6 13       		.uleb128 0x13
 1097 00b7 02       		.uleb128 0x2
 1098 00b8 17       		.uleb128 0x17
 1099 00b9 00       		.byte	0
 1100 00ba 00       		.byte	0
 1101 00bb 0F       		.uleb128 0xf
 1102 00bc 0F       		.uleb128 0xf
 1103 00bd 00       		.byte	0
 1104 00be 0B       		.uleb128 0xb
 1105 00bf 0B       		.uleb128 0xb
 1106 00c0 49       		.uleb128 0x49
 1107 00c1 13       		.uleb128 0x13
 1108 00c2 00       		.byte	0
 1109 00c3 00       		.byte	0
 1110 00c4 10       		.uleb128 0x10
 1111 00c5 26       		.uleb128 0x26
 1112 00c6 00       		.byte	0
 1113 00c7 49       		.uleb128 0x49
 1114 00c8 13       		.uleb128 0x13
 1115 00c9 00       		.byte	0
 1116 00ca 00       		.byte	0
 1117 00cb 11       		.uleb128 0x11
 1118 00cc 05       		.uleb128 0x5
 1119 00cd 00       		.byte	0
 1120 00ce 03       		.uleb128 0x3
 1121 00cf 08       		.uleb128 0x8
 1122 00d0 3A       		.uleb128 0x3a
 1123 00d1 0B       		.uleb128 0xb
 1124 00d2 3B       		.uleb128 0x3b
 1125 00d3 0B       		.uleb128 0xb
 1126 00d4 49       		.uleb128 0x49
 1127 00d5 13       		.uleb128 0x13
 1128 00d6 02       		.uleb128 0x2
 1129 00d7 17       		.uleb128 0x17
 1130 00d8 00       		.byte	0
 1131 00d9 00       		.byte	0
 1132 00da 12       		.uleb128 0x12
 1133 00db 898201   		.uleb128 0x4109
ARM GAS  C:\Users\jagumiel\AppData\Local\Temp\cctQpGnX.s 			page 28


 1134 00de 01       		.byte	0x1
 1135 00df 11       		.uleb128 0x11
 1136 00e0 01       		.uleb128 0x1
 1137 00e1 31       		.uleb128 0x31
 1138 00e2 13       		.uleb128 0x13
 1139 00e3 00       		.byte	0
 1140 00e4 00       		.byte	0
 1141 00e5 13       		.uleb128 0x13
 1142 00e6 8A8201   		.uleb128 0x410a
 1143 00e9 00       		.byte	0
 1144 00ea 02       		.uleb128 0x2
 1145 00eb 18       		.uleb128 0x18
 1146 00ec 9142     		.uleb128 0x2111
 1147 00ee 18       		.uleb128 0x18
 1148 00ef 00       		.byte	0
 1149 00f0 00       		.byte	0
 1150 00f1 14       		.uleb128 0x14
 1151 00f2 898201   		.uleb128 0x4109
 1152 00f5 01       		.byte	0x1
 1153 00f6 11       		.uleb128 0x11
 1154 00f7 01       		.uleb128 0x1
 1155 00f8 31       		.uleb128 0x31
 1156 00f9 13       		.uleb128 0x13
 1157 00fa 01       		.uleb128 0x1
 1158 00fb 13       		.uleb128 0x13
 1159 00fc 00       		.byte	0
 1160 00fd 00       		.byte	0
 1161 00fe 15       		.uleb128 0x15
 1162 00ff 2E       		.uleb128 0x2e
 1163 0100 01       		.byte	0x1
 1164 0101 3F       		.uleb128 0x3f
 1165 0102 19       		.uleb128 0x19
 1166 0103 03       		.uleb128 0x3
 1167 0104 0E       		.uleb128 0xe
 1168 0105 3A       		.uleb128 0x3a
 1169 0106 0B       		.uleb128 0xb
 1170 0107 3B       		.uleb128 0x3b
 1171 0108 05       		.uleb128 0x5
 1172 0109 27       		.uleb128 0x27
 1173 010a 19       		.uleb128 0x19
 1174 010b 11       		.uleb128 0x11
 1175 010c 01       		.uleb128 0x1
 1176 010d 12       		.uleb128 0x12
 1177 010e 06       		.uleb128 0x6
 1178 010f 40       		.uleb128 0x40
 1179 0110 18       		.uleb128 0x18
 1180 0111 9742     		.uleb128 0x2117
 1181 0113 19       		.uleb128 0x19
 1182 0114 01       		.uleb128 0x1
 1183 0115 13       		.uleb128 0x13
 1184 0116 00       		.byte	0
 1185 0117 00       		.byte	0
 1186 0118 16       		.uleb128 0x16
 1187 0119 0B       		.uleb128 0xb
 1188 011a 01       		.byte	0x1
 1189 011b 11       		.uleb128 0x11
 1190 011c 01       		.uleb128 0x1
ARM GAS  C:\Users\jagumiel\AppData\Local\Temp\cctQpGnX.s 			page 29


 1191 011d 12       		.uleb128 0x12
 1192 011e 06       		.uleb128 0x6
 1193 011f 01       		.uleb128 0x1
 1194 0120 13       		.uleb128 0x13
 1195 0121 00       		.byte	0
 1196 0122 00       		.byte	0
 1197 0123 17       		.uleb128 0x17
 1198 0124 34       		.uleb128 0x34
 1199 0125 00       		.byte	0
 1200 0126 03       		.uleb128 0x3
 1201 0127 0E       		.uleb128 0xe
 1202 0128 3A       		.uleb128 0x3a
 1203 0129 0B       		.uleb128 0xb
 1204 012a 3B       		.uleb128 0x3b
 1205 012b 05       		.uleb128 0x5
 1206 012c 49       		.uleb128 0x49
 1207 012d 13       		.uleb128 0x13
 1208 012e 02       		.uleb128 0x2
 1209 012f 18       		.uleb128 0x18
 1210 0130 00       		.byte	0
 1211 0131 00       		.byte	0
 1212 0132 18       		.uleb128 0x18
 1213 0133 13       		.uleb128 0x13
 1214 0134 01       		.byte	0x1
 1215 0135 0B       		.uleb128 0xb
 1216 0136 0B       		.uleb128 0xb
 1217 0137 3A       		.uleb128 0x3a
 1218 0138 0B       		.uleb128 0xb
 1219 0139 3B       		.uleb128 0x3b
 1220 013a 05       		.uleb128 0x5
 1221 013b 01       		.uleb128 0x1
 1222 013c 13       		.uleb128 0x13
 1223 013d 00       		.byte	0
 1224 013e 00       		.byte	0
 1225 013f 19       		.uleb128 0x19
 1226 0140 0D       		.uleb128 0xd
 1227 0141 00       		.byte	0
 1228 0142 03       		.uleb128 0x3
 1229 0143 0E       		.uleb128 0xe
 1230 0144 3A       		.uleb128 0x3a
 1231 0145 0B       		.uleb128 0xb
 1232 0146 3B       		.uleb128 0x3b
 1233 0147 05       		.uleb128 0x5
 1234 0148 49       		.uleb128 0x49
 1235 0149 13       		.uleb128 0x13
 1236 014a 38       		.uleb128 0x38
 1237 014b 0B       		.uleb128 0xb
 1238 014c 00       		.byte	0
 1239 014d 00       		.byte	0
 1240 014e 1A       		.uleb128 0x1a
 1241 014f 01       		.uleb128 0x1
 1242 0150 01       		.byte	0x1
 1243 0151 49       		.uleb128 0x49
 1244 0152 13       		.uleb128 0x13
 1245 0153 01       		.uleb128 0x1
 1246 0154 13       		.uleb128 0x13
 1247 0155 00       		.byte	0
ARM GAS  C:\Users\jagumiel\AppData\Local\Temp\cctQpGnX.s 			page 30


 1248 0156 00       		.byte	0
 1249 0157 1B       		.uleb128 0x1b
 1250 0158 21       		.uleb128 0x21
 1251 0159 00       		.byte	0
 1252 015a 49       		.uleb128 0x49
 1253 015b 13       		.uleb128 0x13
 1254 015c 2F       		.uleb128 0x2f
 1255 015d 0B       		.uleb128 0xb
 1256 015e 00       		.byte	0
 1257 015f 00       		.byte	0
 1258 0160 1C       		.uleb128 0x1c
 1259 0161 34       		.uleb128 0x34
 1260 0162 00       		.byte	0
 1261 0163 03       		.uleb128 0x3
 1262 0164 08       		.uleb128 0x8
 1263 0165 3A       		.uleb128 0x3a
 1264 0166 0B       		.uleb128 0xb
 1265 0167 3B       		.uleb128 0x3b
 1266 0168 05       		.uleb128 0x5
 1267 0169 49       		.uleb128 0x49
 1268 016a 13       		.uleb128 0x13
 1269 016b 02       		.uleb128 0x2
 1270 016c 17       		.uleb128 0x17
 1271 016d 00       		.byte	0
 1272 016e 00       		.byte	0
 1273 016f 1D       		.uleb128 0x1d
 1274 0170 898201   		.uleb128 0x4109
 1275 0173 00       		.byte	0
 1276 0174 11       		.uleb128 0x11
 1277 0175 01       		.uleb128 0x1
 1278 0176 31       		.uleb128 0x31
 1279 0177 13       		.uleb128 0x13
 1280 0178 00       		.byte	0
 1281 0179 00       		.byte	0
 1282 017a 1E       		.uleb128 0x1e
 1283 017b 2E       		.uleb128 0x2e
 1284 017c 00       		.byte	0
 1285 017d 3F       		.uleb128 0x3f
 1286 017e 19       		.uleb128 0x19
 1287 017f 3C       		.uleb128 0x3c
 1288 0180 19       		.uleb128 0x19
 1289 0181 6E       		.uleb128 0x6e
 1290 0182 0E       		.uleb128 0xe
 1291 0183 03       		.uleb128 0x3
 1292 0184 0E       		.uleb128 0xe
 1293 0185 00       		.byte	0
 1294 0186 00       		.byte	0
 1295 0187 1F       		.uleb128 0x1f
 1296 0188 2E       		.uleb128 0x2e
 1297 0189 00       		.byte	0
 1298 018a 3F       		.uleb128 0x3f
 1299 018b 19       		.uleb128 0x19
 1300 018c 3C       		.uleb128 0x3c
 1301 018d 19       		.uleb128 0x19
 1302 018e 6E       		.uleb128 0x6e
 1303 018f 0E       		.uleb128 0xe
 1304 0190 03       		.uleb128 0x3
ARM GAS  C:\Users\jagumiel\AppData\Local\Temp\cctQpGnX.s 			page 31


 1305 0191 0E       		.uleb128 0xe
 1306 0192 3A       		.uleb128 0x3a
 1307 0193 0B       		.uleb128 0xb
 1308 0194 3B       		.uleb128 0x3b
 1309 0195 0B       		.uleb128 0xb
 1310 0196 00       		.byte	0
 1311 0197 00       		.byte	0
 1312 0198 00       		.byte	0
 1313              		.section	.debug_loc,"",%progbits
 1314              	.Ldebug_loc0:
 1315              	.LLST0:
 1316 0000 02000000 		.4byte	.LVL1
 1317 0004 08000000 		.4byte	.LVL2
 1318 0008 0200     		.2byte	0x2
 1319 000a 30       		.byte	0x30
 1320 000b 9F       		.byte	0x9f
 1321 000c 08000000 		.4byte	.LVL2
 1322 0010 30000000 		.4byte	.LVL11
 1323 0014 0100     		.2byte	0x1
 1324 0016 57       		.byte	0x57
 1325 0017 00000000 		.4byte	0
 1326 001b 00000000 		.4byte	0
 1327              	.LLST1:
 1328 001f 02000000 		.4byte	.LVL1
 1329 0023 08000000 		.4byte	.LVL2
 1330 0027 0200     		.2byte	0x2
 1331 0029 30       		.byte	0x30
 1332 002a 9F       		.byte	0x9f
 1333 002b 08000000 		.4byte	.LVL2
 1334 002f 30000000 		.4byte	.LVL10
 1335 0033 0100     		.2byte	0x1
 1336 0035 55       		.byte	0x55
 1337 0036 00000000 		.4byte	0
 1338 003a 00000000 		.4byte	0
 1339              	.LLST2:
 1340 003e 0C000000 		.4byte	.LVL3
 1341 0042 2C000000 		.4byte	.LVL9
 1342 0046 0100     		.2byte	0x1
 1343 0048 56       		.byte	0x56
 1344 0049 00000000 		.4byte	0
 1345 004d 00000000 		.4byte	0
 1346              	.LLST3:
 1347 0051 0E000000 		.4byte	.LVL4
 1348 0055 24000000 		.4byte	.LVL7
 1349 0059 0100     		.2byte	0x1
 1350 005b 53       		.byte	0x53
 1351 005c 26000000 		.4byte	.LVL8
 1352 0060 2C000000 		.4byte	.LVL9
 1353 0064 0100     		.2byte	0x1
 1354 0066 53       		.byte	0x53
 1355 0067 00000000 		.4byte	0
 1356 006b 00000000 		.4byte	0
 1357              	.LLST4:
 1358 006f 00000000 		.4byte	.LVL12
 1359 0073 09000000 		.4byte	.LVL14-1
 1360 0077 0100     		.2byte	0x1
 1361 0079 50       		.byte	0x50
ARM GAS  C:\Users\jagumiel\AppData\Local\Temp\cctQpGnX.s 			page 32


 1362 007a 09000000 		.4byte	.LVL14-1
 1363 007e 0C000000 		.4byte	.LFE0
 1364 0082 0400     		.2byte	0x4
 1365 0084 F3       		.byte	0xf3
 1366 0085 01       		.uleb128 0x1
 1367 0086 50       		.byte	0x50
 1368 0087 9F       		.byte	0x9f
 1369 0088 00000000 		.4byte	0
 1370 008c 00000000 		.4byte	0
 1371              	.LLST5:
 1372 0090 00000000 		.4byte	.LVL12
 1373 0094 06000000 		.4byte	.LVL13
 1374 0098 0100     		.2byte	0x1
 1375 009a 51       		.byte	0x51
 1376 009b 06000000 		.4byte	.LVL13
 1377 009f 09000000 		.4byte	.LVL14-1
 1378 00a3 0100     		.2byte	0x1
 1379 00a5 52       		.byte	0x52
 1380 00a6 09000000 		.4byte	.LVL14-1
 1381 00aa 0C000000 		.4byte	.LFE0
 1382 00ae 0400     		.2byte	0x4
 1383 00b0 F3       		.byte	0xf3
 1384 00b1 01       		.uleb128 0x1
 1385 00b2 51       		.byte	0x51
 1386 00b3 9F       		.byte	0x9f
 1387 00b4 00000000 		.4byte	0
 1388 00b8 00000000 		.4byte	0
 1389              	.LLST6:
 1390 00bc 7C000000 		.4byte	.LVL18
 1391 00c0 80000000 		.4byte	.LVL19
 1392 00c4 0200     		.2byte	0x2
 1393 00c6 30       		.byte	0x30
 1394 00c7 9F       		.byte	0x9f
 1395 00c8 80000000 		.4byte	.LVL19
 1396 00cc 9E000000 		.4byte	.LVL21
 1397 00d0 0100     		.2byte	0x1
 1398 00d2 54       		.byte	0x54
 1399 00d3 A0000000 		.4byte	.LVL22
 1400 00d7 22010000 		.4byte	.LVL25
 1401 00db 0100     		.2byte	0x1
 1402 00dd 54       		.byte	0x54
 1403 00de 00000000 		.4byte	0
 1404 00e2 00000000 		.4byte	0
 1405              	.LLST7:
 1406 00e6 80000000 		.4byte	.LVL19
 1407 00ea 9E000000 		.4byte	.LVL21
 1408 00ee 0B00     		.2byte	0xb
 1409 00f0 74       		.byte	0x74
 1410 00f1 00       		.sleb128 0
 1411 00f2 36       		.byte	0x36
 1412 00f3 1E       		.byte	0x1e
 1413 00f4 03       		.byte	0x3
 1414 00f5 00000000 		.4byte	cfg_memset_list.4870
 1415 00f9 22       		.byte	0x22
 1416 00fa 9F       		.byte	0x9f
 1417 00fb 9E000000 		.4byte	.LVL21
 1418 00ff A0000000 		.4byte	.LVL22
ARM GAS  C:\Users\jagumiel\AppData\Local\Temp\cctQpGnX.s 			page 33


 1419 0103 0B00     		.2byte	0xb
 1420 0105 74       		.byte	0x74
 1421 0106 7F       		.sleb128 -1
 1422 0107 36       		.byte	0x36
 1423 0108 1E       		.byte	0x1e
 1424 0109 03       		.byte	0x3
 1425 010a 00000000 		.4byte	cfg_memset_list.4870
 1426 010e 22       		.byte	0x22
 1427 010f 9F       		.byte	0x9f
 1428 0110 00000000 		.4byte	0
 1429 0114 00000000 		.4byte	0
 1430              		.section	.debug_aranges,"",%progbits
 1431 0000 34000000 		.4byte	0x34
 1432 0004 0200     		.2byte	0x2
 1433 0006 00000000 		.4byte	.Ldebug_info0
 1434 000a 04       		.byte	0x4
 1435 000b 00       		.byte	0
 1436 000c 0000     		.2byte	0
 1437 000e 0000     		.2byte	0
 1438 0010 00000000 		.4byte	.LFB3
 1439 0014 32000000 		.4byte	.LFE3-.LFB3
 1440 0018 00000000 		.4byte	.LFB0
 1441 001c 0C000000 		.4byte	.LFE0-.LFB0
 1442 0020 00000000 		.4byte	.LFB4
 1443 0024 78000000 		.4byte	.LFE4-.LFB4
 1444 0028 78000000 		.4byte	.LFB6
 1445 002c EC000000 		.4byte	.LFE6-.LFB6
 1446 0030 00000000 		.4byte	0
 1447 0034 00000000 		.4byte	0
 1448              		.section	.debug_ranges,"",%progbits
 1449              	.Ldebug_ranges0:
 1450 0000 00000000 		.4byte	.LFB3
 1451 0004 32000000 		.4byte	.LFE3
 1452 0008 00000000 		.4byte	.LFB0
 1453 000c 0C000000 		.4byte	.LFE0
 1454 0010 00000000 		.4byte	.LFB4
 1455 0014 78000000 		.4byte	.LFE4
 1456 0018 78000000 		.4byte	.LFB6
 1457 001c 64010000 		.4byte	.LFE6
 1458 0020 00000000 		.4byte	0
 1459 0024 00000000 		.4byte	0
 1460              		.section	.debug_line,"",%progbits
 1461              	.Ldebug_line0:
 1462 0000 5D010000 		.section	.debug_str,"MS",%progbits,1
 1462      0200D600 
 1462      00000201 
 1462      FB0E0D00 
 1462      01010101 
 1463              	.LASF19:
 1464 0000 72656733 		.ascii	"reg32\000"
 1464      3200
 1465              	.LASF12:
 1466 0006 73697A65 		.ascii	"size_t\000"
 1466      5F7400
 1467              	.LASF37:
 1468 000d 4379496E 		.ascii	"CyIntSetVector\000"
 1468      74536574 
ARM GAS  C:\Users\jagumiel\AppData\Local\Temp\cctQpGnX.s 			page 34


 1468      56656374 
 1468      6F7200
 1469              	.LASF21:
 1470 001c 76616C75 		.ascii	"value\000"
 1470      6500
 1471              	.LASF26:
 1472 0022 636F756E 		.ascii	"count\000"
 1472      7400
 1473              	.LASF29:
 1474 0028 436C6F63 		.ascii	"ClockSetup\000"
 1474      6B536574 
 1474      757000
 1475              	.LASF30:
 1476 0033 63795F63 		.ascii	"cy_cfg_addr_table\000"
 1476      66675F61 
 1476      6464725F 
 1476      7461626C 
 1476      6500
 1477              	.LASF31:
 1478 0045 63795F63 		.ascii	"cy_cfg_data_table\000"
 1478      66675F64 
 1478      6174615F 
 1478      7461626C 
 1478      6500
 1479              	.LASF16:
 1480 0057 666C6F61 		.ascii	"float\000"
 1480      7400
 1481              	.LASF35:
 1482 005d 6366675F 		.ascii	"cfg_memset_list\000"
 1482      6D656D73 
 1482      65745F6C 
 1482      69737400 
 1483              	.LASF33:
 1484 006d 73697A65 		.ascii	"size\000"
 1484      00
 1485              	.LASF18:
 1486 0072 72656738 		.ascii	"reg8\000"
 1486      00
 1487              	.LASF32:
 1488 0077 61646472 		.ascii	"address\000"
 1488      65737300 
 1489              	.LASF8:
 1490 007f 6C6F6E67 		.ascii	"long unsigned int\000"
 1490      20756E73 
 1490      69676E65 
 1490      6420696E 
 1490      7400
 1491              	.LASF13:
 1492 0091 75696E74 		.ascii	"uint8\000"
 1492      3800
 1493              	.LASF28:
 1494 0097 43594D45 		.ascii	"CYMEMZERO\000"
 1494      4D5A4552 
 1494      4F00
 1495              	.LASF4:
 1496 00a1 756E7369 		.ascii	"unsigned char\000"
 1496      676E6564 
ARM GAS  C:\Users\jagumiel\AppData\Local\Temp\cctQpGnX.s 			page 35


 1496      20636861 
 1496      7200
 1497              	.LASF43:
 1498 00af 6D656D73 		.ascii	"memset\000"
 1498      657400
 1499              	.LASF17:
 1500 00b6 646F7562 		.ascii	"double\000"
 1500      6C6500
 1501              	.LASF27:
 1502 00bd 6366675F 		.ascii	"cfg_write_bytes32\000"
 1502      77726974 
 1502      655F6279 
 1502      74657333 
 1502      3200
 1503              	.LASF38:
 1504 00cf 4379496E 		.ascii	"CyIntEnable\000"
 1504      74456E61 
 1504      626C6500 
 1505              	.LASF23:
 1506 00db 61646472 		.ascii	"addr_table\000"
 1506      5F746162 
 1506      6C6500
 1507              	.LASF14:
 1508 00e6 75696E74 		.ascii	"uint16\000"
 1508      313600
 1509              	.LASF24:
 1510 00ed 64617461 		.ascii	"data_table\000"
 1510      5F746162 
 1510      6C6500
 1511              	.LASF15:
 1512 00f8 75696E74 		.ascii	"uint32\000"
 1512      333200
 1513              	.LASF0:
 1514 00ff 756E7369 		.ascii	"unsigned int\000"
 1514      676E6564 
 1514      20696E74 
 1514      00
 1515              	.LASF42:
 1516 010c 63796669 		.ascii	"cyfitter_cfg\000"
 1516      74746572 
 1516      5F636667 
 1516      00
 1517              	.LASF41:
 1518 0119 443A5C55 		.ascii	"D:\\Users\\jagumiel\\Documents\\PSoC Creator\\PSoC-"
 1518      73657273 
 1518      5C6A6167 
 1518      756D6965 
 1518      6C5C446F 
 1519 0147 3130315C 		.ascii	"101\\PSoC-101\\Lesson15.cydsn\000"
 1519      50536F43 
 1519      2D313031 
 1519      5C4C6573 
 1519      736F6E31 
 1520              	.LASF9:
 1521 0163 6C6F6E67 		.ascii	"long long unsigned int\000"
 1521      206C6F6E 
 1521      6720756E 
ARM GAS  C:\Users\jagumiel\AppData\Local\Temp\cctQpGnX.s 			page 36


 1521      7369676E 
 1521      65642069 
 1522              	.LASF39:
 1523 017a 474E5520 		.ascii	"GNU C11 5.4.1 20160609 (release) [ARM/embedded-5-br"
 1523      43313120 
 1523      352E342E 
 1523      31203230 
 1523      31363036 
 1524 01ad 616E6368 		.ascii	"anch revision 237715] -mcpu=cortex-m0 -mthumb -g -O"
 1524      20726576 
 1524      6973696F 
 1524      6E203233 
 1524      37373135 
 1525 01e0 67202D66 		.ascii	"g -ffunction-sections -ffat-lto-objects\000"
 1525      66756E63 
 1525      74696F6E 
 1525      2D736563 
 1525      74696F6E 
 1526              	.LASF34:
 1527 0208 6366675F 		.ascii	"cfg_memset_t\000"
 1527      6D656D73 
 1527      65745F74 
 1527      00
 1528              	.LASF25:
 1529 0215 62617365 		.ascii	"baseAddr\000"
 1529      41646472 
 1529      00
 1530              	.LASF10:
 1531 021e 73697A65 		.ascii	"sizetype\000"
 1531      74797065 
 1531      00
 1532              	.LASF6:
 1533 0227 73686F72 		.ascii	"short unsigned int\000"
 1533      7420756E 
 1533      7369676E 
 1533      65642069 
 1533      6E7400
 1534              	.LASF1:
 1535 023a 6C6F6E67 		.ascii	"long long int\000"
 1535      206C6F6E 
 1535      6720696E 
 1535      7400
 1536              	.LASF11:
 1537 0248 63686172 		.ascii	"char\000"
 1537      00
 1538              	.LASF22:
 1539 024d 63795F63 		.ascii	"cy_cfg_addrvalue_t\000"
 1539      66675F61 
 1539      64647276 
 1539      616C7565 
 1539      5F7400
 1540              	.LASF20:
 1541 0260 6F666673 		.ascii	"offset\000"
 1541      657400
 1542              	.LASF5:
 1543 0267 73686F72 		.ascii	"short int\000"
 1543      7420696E 
ARM GAS  C:\Users\jagumiel\AppData\Local\Temp\cctQpGnX.s 			page 37


 1543      7400
 1544              	.LASF36:
 1545 0271 43795379 		.ascii	"CySysClkWriteImoFreq\000"
 1545      73436C6B 
 1545      57726974 
 1545      65496D6F 
 1545      46726571 
 1546              	.LASF7:
 1547 0286 6C6F6E67 		.ascii	"long int\000"
 1547      20696E74 
 1547      00
 1548              	.LASF2:
 1549 028f 6C6F6E67 		.ascii	"long double\000"
 1549      20646F75 
 1549      626C6500 
 1550              	.LASF3:
 1551 029b 7369676E 		.ascii	"signed char\000"
 1551      65642063 
 1551      68617200 
 1552              	.LASF40:
 1553 02a7 47656E65 		.ascii	"Generated_Source\\PSoC4\\cyfitter_cfg.c\000"
 1553      72617465 
 1553      645F536F 
 1553      75726365 
 1553      5C50536F 
 1554              		.ident	"GCC: (GNU Tools for ARM Embedded Processors) 5.4.1 20160609 (release) [ARM/embedded-5-bran
