ARM GAS  C:\Users\jagumiel\AppData\Local\Temp\ccXu755d.s 			page 1


   1              		.syntax unified
   2              		.cpu cortex-m0
   3              		.fpu softvfp
   4              		.eabi_attribute 20, 1
   5              		.eabi_attribute 21, 1
   6              		.eabi_attribute 23, 3
   7              		.eabi_attribute 24, 1
   8              		.eabi_attribute 25, 1
   9              		.eabi_attribute 26, 1
  10              		.eabi_attribute 30, 1
  11              		.eabi_attribute 34, 0
  12              		.eabi_attribute 18, 4
  13              		.thumb
  14              		.syntax unified
  15              		.file	"cyfitter_cfg.c"
  16              		.text
  17              	.Ltext0:
  18              		.cfi_sections	.debug_frame
  19              		.section	.text.AnalogSetDefault,"ax",%progbits
  20              		.align	2
  21              		.code	16
  22              		.thumb_func
  23              		.type	AnalogSetDefault, %function
  24              	AnalogSetDefault:
  25              	.LFB6:
  26              		.file 1 "Generated_Source\\PSoC4\\cyfitter_cfg.c"
   1:Generated_Source\PSoC4/cyfitter_cfg.c **** 
   2:Generated_Source\PSoC4/cyfitter_cfg.c **** /*******************************************************************************
   3:Generated_Source\PSoC4/cyfitter_cfg.c **** * File Name: cyfitter_cfg.c
   4:Generated_Source\PSoC4/cyfitter_cfg.c **** * 
   5:Generated_Source\PSoC4/cyfitter_cfg.c **** * PSoC Creator  4.2
   6:Generated_Source\PSoC4/cyfitter_cfg.c **** *
   7:Generated_Source\PSoC4/cyfitter_cfg.c **** * Description:
   8:Generated_Source\PSoC4/cyfitter_cfg.c **** * This file contains device initialization code.
   9:Generated_Source\PSoC4/cyfitter_cfg.c **** * Except for the user defined sections in CyClockStartupError(), this file should not be modified.
  10:Generated_Source\PSoC4/cyfitter_cfg.c **** * This file is automatically generated by PSoC Creator.
  11:Generated_Source\PSoC4/cyfitter_cfg.c **** *
  12:Generated_Source\PSoC4/cyfitter_cfg.c **** ********************************************************************************
  13:Generated_Source\PSoC4/cyfitter_cfg.c **** * Copyright (c) 2007-2018 Cypress Semiconductor.  All rights reserved.
  14:Generated_Source\PSoC4/cyfitter_cfg.c **** * You may use this file only in accordance with the license, terms, conditions, 
  15:Generated_Source\PSoC4/cyfitter_cfg.c **** * disclaimers, and limitations in the end user license agreement accompanying 
  16:Generated_Source\PSoC4/cyfitter_cfg.c **** * the software package with which this file was provided.
  17:Generated_Source\PSoC4/cyfitter_cfg.c **** ********************************************************************************/
  18:Generated_Source\PSoC4/cyfitter_cfg.c **** 
  19:Generated_Source\PSoC4/cyfitter_cfg.c **** #include <string.h>
  20:Generated_Source\PSoC4/cyfitter_cfg.c **** #include "cytypes.h"
  21:Generated_Source\PSoC4/cyfitter_cfg.c **** #include "cydevice_trm.h"
  22:Generated_Source\PSoC4/cyfitter_cfg.c **** #include "cyfitter.h"
  23:Generated_Source\PSoC4/cyfitter_cfg.c **** #include "CyLib.h"
  24:Generated_Source\PSoC4/cyfitter_cfg.c **** #include "CyLFClk.h"
  25:Generated_Source\PSoC4/cyfitter_cfg.c **** #include "cyfitter_cfg.h"
  26:Generated_Source\PSoC4/cyfitter_cfg.c **** #include "cyapicallbacks.h"
  27:Generated_Source\PSoC4/cyfitter_cfg.c **** 
  28:Generated_Source\PSoC4/cyfitter_cfg.c **** 
  29:Generated_Source\PSoC4/cyfitter_cfg.c **** #if defined(__GNUC__) || defined(__ARMCC_VERSION)
  30:Generated_Source\PSoC4/cyfitter_cfg.c ****     #define CYPACKED 
  31:Generated_Source\PSoC4/cyfitter_cfg.c ****     #define CYPACKED_ATTR __attribute__ ((packed))
ARM GAS  C:\Users\jagumiel\AppData\Local\Temp\ccXu755d.s 			page 2


  32:Generated_Source\PSoC4/cyfitter_cfg.c ****     #define CYALIGNED __attribute__ ((aligned))
  33:Generated_Source\PSoC4/cyfitter_cfg.c ****     #define CY_CFG_UNUSED __attribute__ ((unused))
  34:Generated_Source\PSoC4/cyfitter_cfg.c ****     #ifndef CY_CFG_SECTION
  35:Generated_Source\PSoC4/cyfitter_cfg.c ****         #define CY_CFG_SECTION __attribute__ ((section(".psocinit")))
  36:Generated_Source\PSoC4/cyfitter_cfg.c ****     #endif
  37:Generated_Source\PSoC4/cyfitter_cfg.c ****     
  38:Generated_Source\PSoC4/cyfitter_cfg.c ****     #if defined(__ARMCC_VERSION)
  39:Generated_Source\PSoC4/cyfitter_cfg.c ****         #define CY_CFG_MEMORY_BARRIER() __memory_changed()
  40:Generated_Source\PSoC4/cyfitter_cfg.c ****     #else
  41:Generated_Source\PSoC4/cyfitter_cfg.c ****         #define CY_CFG_MEMORY_BARRIER() __sync_synchronize()
  42:Generated_Source\PSoC4/cyfitter_cfg.c ****     #endif
  43:Generated_Source\PSoC4/cyfitter_cfg.c ****     
  44:Generated_Source\PSoC4/cyfitter_cfg.c **** #elif defined(__ICCARM__)
  45:Generated_Source\PSoC4/cyfitter_cfg.c ****     #include <intrinsics.h>
  46:Generated_Source\PSoC4/cyfitter_cfg.c **** 
  47:Generated_Source\PSoC4/cyfitter_cfg.c ****     #define CYPACKED __packed
  48:Generated_Source\PSoC4/cyfitter_cfg.c ****     #define CYPACKED_ATTR 
  49:Generated_Source\PSoC4/cyfitter_cfg.c ****     #define CYALIGNED _Pragma("data_alignment=4")
  50:Generated_Source\PSoC4/cyfitter_cfg.c ****     #define CY_CFG_UNUSED _Pragma("diag_suppress=Pe177")
  51:Generated_Source\PSoC4/cyfitter_cfg.c ****     #define CY_CFG_SECTION _Pragma("location=\".psocinit\"")
  52:Generated_Source\PSoC4/cyfitter_cfg.c ****     
  53:Generated_Source\PSoC4/cyfitter_cfg.c ****     #define CY_CFG_MEMORY_BARRIER() __DMB()
  54:Generated_Source\PSoC4/cyfitter_cfg.c ****     
  55:Generated_Source\PSoC4/cyfitter_cfg.c **** #else
  56:Generated_Source\PSoC4/cyfitter_cfg.c ****     #error Unsupported toolchain
  57:Generated_Source\PSoC4/cyfitter_cfg.c **** #endif
  58:Generated_Source\PSoC4/cyfitter_cfg.c **** 
  59:Generated_Source\PSoC4/cyfitter_cfg.c **** #ifndef CYCODE
  60:Generated_Source\PSoC4/cyfitter_cfg.c ****     #define CYCODE
  61:Generated_Source\PSoC4/cyfitter_cfg.c **** #endif
  62:Generated_Source\PSoC4/cyfitter_cfg.c **** #ifndef CYDATA
  63:Generated_Source\PSoC4/cyfitter_cfg.c ****     #define CYDATA
  64:Generated_Source\PSoC4/cyfitter_cfg.c **** #endif
  65:Generated_Source\PSoC4/cyfitter_cfg.c **** #ifndef CYFAR
  66:Generated_Source\PSoC4/cyfitter_cfg.c ****     #define CYFAR
  67:Generated_Source\PSoC4/cyfitter_cfg.c **** #endif
  68:Generated_Source\PSoC4/cyfitter_cfg.c **** #ifndef CYXDATA
  69:Generated_Source\PSoC4/cyfitter_cfg.c ****     #define CYXDATA
  70:Generated_Source\PSoC4/cyfitter_cfg.c **** #endif
  71:Generated_Source\PSoC4/cyfitter_cfg.c **** 
  72:Generated_Source\PSoC4/cyfitter_cfg.c **** 
  73:Generated_Source\PSoC4/cyfitter_cfg.c **** CY_CFG_UNUSED
  74:Generated_Source\PSoC4/cyfitter_cfg.c **** static void CYMEMZERO(void *s, size_t n);
  75:Generated_Source\PSoC4/cyfitter_cfg.c **** CY_CFG_UNUSED
  76:Generated_Source\PSoC4/cyfitter_cfg.c **** static void CYMEMZERO(void *s, size_t n)
  77:Generated_Source\PSoC4/cyfitter_cfg.c **** {
  78:Generated_Source\PSoC4/cyfitter_cfg.c **** 	(void)memset(s, 0, n);
  79:Generated_Source\PSoC4/cyfitter_cfg.c **** }
  80:Generated_Source\PSoC4/cyfitter_cfg.c **** CY_CFG_UNUSED
  81:Generated_Source\PSoC4/cyfitter_cfg.c **** static void CYCONFIGCPY(void *dest, const void *src, size_t n);
  82:Generated_Source\PSoC4/cyfitter_cfg.c **** CY_CFG_UNUSED
  83:Generated_Source\PSoC4/cyfitter_cfg.c **** static void CYCONFIGCPY(void *dest, const void *src, size_t n)
  84:Generated_Source\PSoC4/cyfitter_cfg.c **** {
  85:Generated_Source\PSoC4/cyfitter_cfg.c **** 	(void)memcpy(dest, src, n);
  86:Generated_Source\PSoC4/cyfitter_cfg.c **** }
  87:Generated_Source\PSoC4/cyfitter_cfg.c **** CY_CFG_UNUSED
  88:Generated_Source\PSoC4/cyfitter_cfg.c **** static void CYCONFIGCPYCODE(void *dest, const void *src, size_t n);
ARM GAS  C:\Users\jagumiel\AppData\Local\Temp\ccXu755d.s 			page 3


  89:Generated_Source\PSoC4/cyfitter_cfg.c **** CY_CFG_UNUSED
  90:Generated_Source\PSoC4/cyfitter_cfg.c **** static void CYCONFIGCPYCODE(void *dest, const void *src, size_t n)
  91:Generated_Source\PSoC4/cyfitter_cfg.c **** {
  92:Generated_Source\PSoC4/cyfitter_cfg.c **** 	(void)memcpy(dest, src, n);
  93:Generated_Source\PSoC4/cyfitter_cfg.c **** }
  94:Generated_Source\PSoC4/cyfitter_cfg.c **** 
  95:Generated_Source\PSoC4/cyfitter_cfg.c **** 
  96:Generated_Source\PSoC4/cyfitter_cfg.c **** 
  97:Generated_Source\PSoC4/cyfitter_cfg.c **** 
  98:Generated_Source\PSoC4/cyfitter_cfg.c **** /* Clock startup error codes                                                   */
  99:Generated_Source\PSoC4/cyfitter_cfg.c **** #define CYCLOCKSTART_NO_ERROR    0u
 100:Generated_Source\PSoC4/cyfitter_cfg.c **** #define CYCLOCKSTART_XTAL_ERROR  1u
 101:Generated_Source\PSoC4/cyfitter_cfg.c **** #define CYCLOCKSTART_32KHZ_ERROR 2u
 102:Generated_Source\PSoC4/cyfitter_cfg.c **** #define CYCLOCKSTART_PLL_ERROR   3u
 103:Generated_Source\PSoC4/cyfitter_cfg.c **** #define CYCLOCKSTART_FLL_ERROR   4u
 104:Generated_Source\PSoC4/cyfitter_cfg.c **** #define CYCLOCKSTART_WCO_ERROR   5u
 105:Generated_Source\PSoC4/cyfitter_cfg.c **** 
 106:Generated_Source\PSoC4/cyfitter_cfg.c **** 
 107:Generated_Source\PSoC4/cyfitter_cfg.c **** #ifdef CY_NEED_CYCLOCKSTARTUPERROR
 108:Generated_Source\PSoC4/cyfitter_cfg.c **** /*******************************************************************************
 109:Generated_Source\PSoC4/cyfitter_cfg.c **** * Function Name: CyClockStartupError
 110:Generated_Source\PSoC4/cyfitter_cfg.c **** ********************************************************************************
 111:Generated_Source\PSoC4/cyfitter_cfg.c **** * Summary:
 112:Generated_Source\PSoC4/cyfitter_cfg.c **** *  If an error is encountered during clock configuration (crystal startup error,
 113:Generated_Source\PSoC4/cyfitter_cfg.c **** *  PLL lock error, etc.), the system will end up here.  Unless reimplemented by
 114:Generated_Source\PSoC4/cyfitter_cfg.c **** *  the customer, this function will stop in an infinite loop.
 115:Generated_Source\PSoC4/cyfitter_cfg.c **** *
 116:Generated_Source\PSoC4/cyfitter_cfg.c **** * Parameters:
 117:Generated_Source\PSoC4/cyfitter_cfg.c **** *   void
 118:Generated_Source\PSoC4/cyfitter_cfg.c **** *
 119:Generated_Source\PSoC4/cyfitter_cfg.c **** * Return:
 120:Generated_Source\PSoC4/cyfitter_cfg.c **** *   void
 121:Generated_Source\PSoC4/cyfitter_cfg.c **** *
 122:Generated_Source\PSoC4/cyfitter_cfg.c **** *******************************************************************************/
 123:Generated_Source\PSoC4/cyfitter_cfg.c **** CY_CFG_UNUSED
 124:Generated_Source\PSoC4/cyfitter_cfg.c **** static void CyClockStartupError(uint8 errorCode);
 125:Generated_Source\PSoC4/cyfitter_cfg.c **** CY_CFG_UNUSED
 126:Generated_Source\PSoC4/cyfitter_cfg.c **** static void CyClockStartupError(uint8 errorCode)
 127:Generated_Source\PSoC4/cyfitter_cfg.c **** {
 128:Generated_Source\PSoC4/cyfitter_cfg.c ****     /* To remove the compiler warning if errorCode not used.                */
 129:Generated_Source\PSoC4/cyfitter_cfg.c ****     errorCode = errorCode;
 130:Generated_Source\PSoC4/cyfitter_cfg.c **** 
 131:Generated_Source\PSoC4/cyfitter_cfg.c ****     /* If we have a clock startup error (bad MHz crystal, PLL lock, etc.),  */
 132:Generated_Source\PSoC4/cyfitter_cfg.c ****     /* we will end up here to allow the customer to implement something to  */
 133:Generated_Source\PSoC4/cyfitter_cfg.c ****     /* deal with the clock condition.                                       */
 134:Generated_Source\PSoC4/cyfitter_cfg.c **** 
 135:Generated_Source\PSoC4/cyfitter_cfg.c **** #ifdef CY_CFG_CLOCK_STARTUP_ERROR_CALLBACK
 136:Generated_Source\PSoC4/cyfitter_cfg.c ****     CY_CFG_Clock_Startup_ErrorCallback();
 137:Generated_Source\PSoC4/cyfitter_cfg.c **** #else
 138:Generated_Source\PSoC4/cyfitter_cfg.c ****     /*  If not using CY_CFG_CLOCK_STARTUP_ERROR_CALLBACK, place your clock startup code here. */
 139:Generated_Source\PSoC4/cyfitter_cfg.c ****     /* `#START CyClockStartupError` */
 140:Generated_Source\PSoC4/cyfitter_cfg.c **** 
 141:Generated_Source\PSoC4/cyfitter_cfg.c **** 
 142:Generated_Source\PSoC4/cyfitter_cfg.c **** 
 143:Generated_Source\PSoC4/cyfitter_cfg.c ****     /* `#END` */
 144:Generated_Source\PSoC4/cyfitter_cfg.c **** 
 145:Generated_Source\PSoC4/cyfitter_cfg.c ****     while(1) {}
ARM GAS  C:\Users\jagumiel\AppData\Local\Temp\ccXu755d.s 			page 4


 146:Generated_Source\PSoC4/cyfitter_cfg.c **** #endif /* CY_CFG_CLOCK_STARTUP_ERROR_CALLBACK */
 147:Generated_Source\PSoC4/cyfitter_cfg.c **** }
 148:Generated_Source\PSoC4/cyfitter_cfg.c **** #endif
 149:Generated_Source\PSoC4/cyfitter_cfg.c **** 
 150:Generated_Source\PSoC4/cyfitter_cfg.c **** 
 151:Generated_Source\PSoC4/cyfitter_cfg.c **** 
 152:Generated_Source\PSoC4/cyfitter_cfg.c **** /*******************************************************************************
 153:Generated_Source\PSoC4/cyfitter_cfg.c **** * Function Name: ClockSetup
 154:Generated_Source\PSoC4/cyfitter_cfg.c **** ********************************************************************************
 155:Generated_Source\PSoC4/cyfitter_cfg.c **** *
 156:Generated_Source\PSoC4/cyfitter_cfg.c **** * Summary:
 157:Generated_Source\PSoC4/cyfitter_cfg.c **** *   Performs the initialization of all of the clocks in the device based on the
 158:Generated_Source\PSoC4/cyfitter_cfg.c **** *   settings in the Clock tab of the DWR.  This includes enabling the requested
 159:Generated_Source\PSoC4/cyfitter_cfg.c **** *   clocks and setting the necessary dividers to produce the desired frequency. 
 160:Generated_Source\PSoC4/cyfitter_cfg.c **** *
 161:Generated_Source\PSoC4/cyfitter_cfg.c **** * Parameters:
 162:Generated_Source\PSoC4/cyfitter_cfg.c **** *   void
 163:Generated_Source\PSoC4/cyfitter_cfg.c **** *
 164:Generated_Source\PSoC4/cyfitter_cfg.c **** * Return:
 165:Generated_Source\PSoC4/cyfitter_cfg.c **** *   void
 166:Generated_Source\PSoC4/cyfitter_cfg.c **** *
 167:Generated_Source\PSoC4/cyfitter_cfg.c **** *******************************************************************************/
 168:Generated_Source\PSoC4/cyfitter_cfg.c **** static void ClockSetup(void);
 169:Generated_Source\PSoC4/cyfitter_cfg.c **** CY_CFG_SECTION
 170:Generated_Source\PSoC4/cyfitter_cfg.c **** static void ClockSetup(void)
 171:Generated_Source\PSoC4/cyfitter_cfg.c **** {
 172:Generated_Source\PSoC4/cyfitter_cfg.c **** 
 173:Generated_Source\PSoC4/cyfitter_cfg.c **** 	/* Set Flash Cycles based on max possible frequency in case a glitch occurs during ClockSetup(). *
 174:Generated_Source\PSoC4/cyfitter_cfg.c **** 	CY_SET_REG32((void CYXDATA *)(CYREG_CPUSS_FLASH_CTL), (0x0012u));
 175:Generated_Source\PSoC4/cyfitter_cfg.c **** 
 176:Generated_Source\PSoC4/cyfitter_cfg.c **** 	/* Start the WCO */
 177:Generated_Source\PSoC4/cyfitter_cfg.c **** 	CySysClkWcoStart();
 178:Generated_Source\PSoC4/cyfitter_cfg.c **** 	CyDelayCycles(12000000u); /* WCO may take up to 500ms to start */
 179:Generated_Source\PSoC4/cyfitter_cfg.c **** 	(void)CySysClkWcoSetPowerMode(CY_SYS_CLK_WCO_LPM);    /* Switch to the low power mode */
 180:Generated_Source\PSoC4/cyfitter_cfg.c **** 
 181:Generated_Source\PSoC4/cyfitter_cfg.c **** 	/* Setup and trim IMO based on desired frequency. */
 182:Generated_Source\PSoC4/cyfitter_cfg.c **** 	CySysClkWriteImoFreq(48u);
 183:Generated_Source\PSoC4/cyfitter_cfg.c **** 	/* CYDEV_CLK_ILO_CONFIG Starting address: CYDEV_CLK_ILO_CONFIG */
 184:Generated_Source\PSoC4/cyfitter_cfg.c **** 	CY_SET_REG32((void *)(CYREG_CLK_ILO_CONFIG), 0x80000006u);
 185:Generated_Source\PSoC4/cyfitter_cfg.c **** 
 186:Generated_Source\PSoC4/cyfitter_cfg.c **** 	/* CYDEV_WDT_CONFIG Starting address: CYDEV_WDT_CONFIG */
 187:Generated_Source\PSoC4/cyfitter_cfg.c **** 	CY_SET_REG32((void *)(CYREG_WDT_CONFIG), 0x40000000u);
 188:Generated_Source\PSoC4/cyfitter_cfg.c **** 
 189:Generated_Source\PSoC4/cyfitter_cfg.c **** 
 190:Generated_Source\PSoC4/cyfitter_cfg.c **** 	/* Enable fast start mode for XO */
 191:Generated_Source\PSoC4/cyfitter_cfg.c **** 	CY_SET_REG32((void*)CYREG_BLE_BLERD_BB_XO, CY_GET_REG32((void*)CYREG_BLE_BLERD_BB_XO) | (uint32)0x
 192:Generated_Source\PSoC4/cyfitter_cfg.c **** 	CY_SET_REG32((void *)(CYREG_BLE_BLERD_BB_XO_CAPTRIM), 0x00003E2Du);
 193:Generated_Source\PSoC4/cyfitter_cfg.c **** 	/*Set XTAL(ECO) divider*/
 194:Generated_Source\PSoC4/cyfitter_cfg.c **** 	CY_SET_REG32((void *)(CYREG_BLE_BLESS_XTAL_CLK_DIV_CONFIG), 0x00000000u);
 195:Generated_Source\PSoC4/cyfitter_cfg.c **** 	/* Disable Crystal Stable Interrupt before enabling ECO */
 196:Generated_Source\PSoC4/cyfitter_cfg.c **** 	CY_SET_REG32((void*)CYREG_BLE_BLESS_LL_DSM_CTRL, CY_GET_REG32((void*)CYREG_BLE_BLESS_LL_DSM_CTRL) 
 197:Generated_Source\PSoC4/cyfitter_cfg.c **** 	/* Start the ECO and do not check status since it is not needed for HFCLK */
 198:Generated_Source\PSoC4/cyfitter_cfg.c **** 	(void)CySysClkEcoStart(2000u);
 199:Generated_Source\PSoC4/cyfitter_cfg.c **** 	CyDelayUs(1500u); /* Wait to stabilize */
 200:Generated_Source\PSoC4/cyfitter_cfg.c **** 
 201:Generated_Source\PSoC4/cyfitter_cfg.c **** 	/* Setup phase aligned clocks */
 202:Generated_Source\PSoC4/cyfitter_cfg.c **** 
ARM GAS  C:\Users\jagumiel\AppData\Local\Temp\ccXu755d.s 			page 5


 203:Generated_Source\PSoC4/cyfitter_cfg.c **** 	/* CYDEV_CLK_IMO_CONFIG Starting address: CYDEV_CLK_IMO_CONFIG */
 204:Generated_Source\PSoC4/cyfitter_cfg.c **** 	CY_SET_REG32((void *)(CYREG_CLK_IMO_CONFIG), 0x80000000u);
 205:Generated_Source\PSoC4/cyfitter_cfg.c **** 
 206:Generated_Source\PSoC4/cyfitter_cfg.c **** 	/* CYDEV_CLK_SELECT Starting address: CYDEV_CLK_SELECT */
 207:Generated_Source\PSoC4/cyfitter_cfg.c **** 	CY_SET_REG32((void *)(CYREG_CLK_SELECT), 0x00040000u);
 208:Generated_Source\PSoC4/cyfitter_cfg.c **** 
 209:Generated_Source\PSoC4/cyfitter_cfg.c **** 	(void)CyIntSetVector(8u, &CySysWdtIsr);
 210:Generated_Source\PSoC4/cyfitter_cfg.c **** 	CyIntEnable(8u);
 211:Generated_Source\PSoC4/cyfitter_cfg.c **** 	CY_SET_REG32((void *)(CYREG_WDT_CONFIG), 0x40000000u);
 212:Generated_Source\PSoC4/cyfitter_cfg.c **** }
 213:Generated_Source\PSoC4/cyfitter_cfg.c **** 
 214:Generated_Source\PSoC4/cyfitter_cfg.c **** 
 215:Generated_Source\PSoC4/cyfitter_cfg.c **** /* Analog API Functions */
 216:Generated_Source\PSoC4/cyfitter_cfg.c **** 
 217:Generated_Source\PSoC4/cyfitter_cfg.c **** 
 218:Generated_Source\PSoC4/cyfitter_cfg.c **** /*******************************************************************************
 219:Generated_Source\PSoC4/cyfitter_cfg.c **** * Function Name: AnalogSetDefault
 220:Generated_Source\PSoC4/cyfitter_cfg.c **** ********************************************************************************
 221:Generated_Source\PSoC4/cyfitter_cfg.c **** *
 222:Generated_Source\PSoC4/cyfitter_cfg.c **** * Summary:
 223:Generated_Source\PSoC4/cyfitter_cfg.c **** *  Sets up the analog portions of the chip to default values based on chip
 224:Generated_Source\PSoC4/cyfitter_cfg.c **** *  configuration options from the project.
 225:Generated_Source\PSoC4/cyfitter_cfg.c **** *
 226:Generated_Source\PSoC4/cyfitter_cfg.c **** * Parameters:
 227:Generated_Source\PSoC4/cyfitter_cfg.c **** *  void
 228:Generated_Source\PSoC4/cyfitter_cfg.c **** *
 229:Generated_Source\PSoC4/cyfitter_cfg.c **** * Return:
 230:Generated_Source\PSoC4/cyfitter_cfg.c **** *  void
 231:Generated_Source\PSoC4/cyfitter_cfg.c **** *
 232:Generated_Source\PSoC4/cyfitter_cfg.c **** *******************************************************************************/
 233:Generated_Source\PSoC4/cyfitter_cfg.c **** static void AnalogSetDefault(void);
 234:Generated_Source\PSoC4/cyfitter_cfg.c **** static void AnalogSetDefault(void)
 235:Generated_Source\PSoC4/cyfitter_cfg.c **** {
  27              		.loc 1 235 0
  28              		.cfi_startproc
  29              		@ args = 0, pretend = 0, frame = 0
  30              		@ frame_needed = 0, uses_anonymous_args = 0
  31              		@ link register save eliminated.
 236:Generated_Source\PSoC4/cyfitter_cfg.c **** 	CY_SET_XTND_REG32((void CYFAR *)CYREG_CTBM0_DFT_CTRL, 0x00000003u);
  32              		.loc 1 236 0
  33 0000 0323     		movs	r3, #3
  34 0002 044A     		ldr	r2, .L2
  35 0004 1360     		str	r3, [r2]
 237:Generated_Source\PSoC4/cyfitter_cfg.c **** 	CY_SET_XTND_REG32((void CYFAR *)CYREG_CTBM1_DFT_CTRL, 0x00000003u);
  36              		.loc 1 237 0
  37 0006 044A     		ldr	r2, .L2+4
  38 0008 1360     		str	r3, [r2]
 238:Generated_Source\PSoC4/cyfitter_cfg.c **** 	CY_SET_XTND_REG32((void CYFAR *)CYREG_PASS_DSAB_DSAB_CTRL, 0x00000000u);
  39              		.loc 1 238 0
  40 000a 0022     		movs	r2, #0
  41 000c 034B     		ldr	r3, .L2+8
  42 000e 1A60     		str	r2, [r3]
 239:Generated_Source\PSoC4/cyfitter_cfg.c **** }
  43              		.loc 1 239 0
  44              		@ sp needed
  45 0010 7047     		bx	lr
  46              	.L3:
ARM GAS  C:\Users\jagumiel\AppData\Local\Temp\ccXu755d.s 			page 6


  47 0012 C046     		.align	2
  48              	.L2:
  49 0014 30003040 		.word	1076887600
  50 0018 30003140 		.word	1076953136
  51 001c 000E3F40 		.word	1077874176
  52              		.cfi_endproc
  53              	.LFE6:
  54              		.size	AnalogSetDefault, .-AnalogSetDefault
  55              		.section	.text.CYMEMZERO,"ax",%progbits
  56              		.align	2
  57              		.code	16
  58              		.thumb_func
  59              		.type	CYMEMZERO, %function
  60              	CYMEMZERO:
  61              	.LFB2:
  77:Generated_Source\PSoC4/cyfitter_cfg.c **** 	(void)memset(s, 0, n);
  62              		.loc 1 77 0
  63              		.cfi_startproc
  64              		@ args = 0, pretend = 0, frame = 0
  65              		@ frame_needed = 0, uses_anonymous_args = 0
  66              	.LVL0:
  67 0000 10B5     		push	{r4, lr}
  68              		.cfi_def_cfa_offset 8
  69              		.cfi_offset 4, -8
  70              		.cfi_offset 14, -4
  71 0002 0A00     		movs	r2, r1
  78:Generated_Source\PSoC4/cyfitter_cfg.c **** }
  72              		.loc 1 78 0
  73 0004 0021     		movs	r1, #0
  74              	.LVL1:
  75 0006 FFF7FEFF 		bl	memset
  76              	.LVL2:
  79:Generated_Source\PSoC4/cyfitter_cfg.c **** CY_CFG_UNUSED
  77              		.loc 1 79 0
  78              		@ sp needed
  79 000a 10BD     		pop	{r4, pc}
  80              		.cfi_endproc
  81              	.LFE2:
  82              		.size	CYMEMZERO, .-CYMEMZERO
  83              		.section	.psocinit,"ax",%progbits
  84              		.align	2
  85              		.code	16
  86              		.thumb_func
  87              		.type	ClockSetup, %function
  88              	ClockSetup:
  89              	.LFB5:
 171:Generated_Source\PSoC4/cyfitter_cfg.c **** 
  90              		.loc 1 171 0
  91              		.cfi_startproc
  92              		@ args = 0, pretend = 0, frame = 0
  93              		@ frame_needed = 0, uses_anonymous_args = 0
  94 0000 70B5     		push	{r4, r5, r6, lr}
  95              		.cfi_def_cfa_offset 16
  96              		.cfi_offset 4, -16
  97              		.cfi_offset 5, -12
  98              		.cfi_offset 6, -8
  99              		.cfi_offset 14, -4
ARM GAS  C:\Users\jagumiel\AppData\Local\Temp\ccXu755d.s 			page 7


 174:Generated_Source\PSoC4/cyfitter_cfg.c **** 
 100              		.loc 1 174 0
 101 0002 1222     		movs	r2, #18
 102 0004 1D4B     		ldr	r3, .L6
 103 0006 1A60     		str	r2, [r3]
 177:Generated_Source\PSoC4/cyfitter_cfg.c **** 	CyDelayCycles(12000000u); /* WCO may take up to 500ms to start */
 104              		.loc 1 177 0
 105 0008 FFF7FEFF 		bl	CySysClkWcoStart
 106              	.LVL3:
 178:Generated_Source\PSoC4/cyfitter_cfg.c **** 	(void)CySysClkWcoSetPowerMode(CY_SYS_CLK_WCO_LPM);    /* Switch to the low power mode */
 107              		.loc 1 178 0
 108 000c 1C48     		ldr	r0, .L6+4
 109 000e FFF7FEFF 		bl	CyDelayCycles
 110              	.LVL4:
 179:Generated_Source\PSoC4/cyfitter_cfg.c **** 
 111              		.loc 1 179 0
 112 0012 0120     		movs	r0, #1
 113 0014 FFF7FEFF 		bl	CySysClkWcoSetPowerMode
 114              	.LVL5:
 182:Generated_Source\PSoC4/cyfitter_cfg.c **** 	/* CYDEV_CLK_ILO_CONFIG Starting address: CYDEV_CLK_ILO_CONFIG */
 115              		.loc 1 182 0
 116 0018 3020     		movs	r0, #48
 117 001a FFF7FEFF 		bl	CySysClkWriteImoFreq
 118              	.LVL6:
 184:Generated_Source\PSoC4/cyfitter_cfg.c **** 
 119              		.loc 1 184 0
 120 001e 194A     		ldr	r2, .L6+8
 121 0020 194B     		ldr	r3, .L6+12
 122 0022 1A60     		str	r2, [r3]
 187:Generated_Source\PSoC4/cyfitter_cfg.c **** 
 123              		.loc 1 187 0
 124 0024 194C     		ldr	r4, .L6+16
 125 0026 8025     		movs	r5, #128
 126 0028 ED05     		lsls	r5, r5, #23
 127 002a 2560     		str	r5, [r4]
 191:Generated_Source\PSoC4/cyfitter_cfg.c **** 	CY_SET_REG32((void *)(CYREG_BLE_BLERD_BB_XO_CAPTRIM), 0x00003E2Du);
 128              		.loc 1 191 0
 129 002c 184A     		ldr	r2, .L6+20
 130 002e 1168     		ldr	r1, [r2]
 131 0030 0223     		movs	r3, #2
 132 0032 0B43     		orrs	r3, r1
 133 0034 1360     		str	r3, [r2]
 192:Generated_Source\PSoC4/cyfitter_cfg.c **** 	/*Set XTAL(ECO) divider*/
 134              		.loc 1 192 0
 135 0036 174A     		ldr	r2, .L6+24
 136 0038 174B     		ldr	r3, .L6+28
 137 003a 1A60     		str	r2, [r3]
 194:Generated_Source\PSoC4/cyfitter_cfg.c **** 	/* Disable Crystal Stable Interrupt before enabling ECO */
 138              		.loc 1 194 0
 139 003c 0022     		movs	r2, #0
 140 003e 174B     		ldr	r3, .L6+32
 141 0040 1A60     		str	r2, [r3]
 196:Generated_Source\PSoC4/cyfitter_cfg.c **** 	/* Start the ECO and do not check status since it is not needed for HFCLK */
 142              		.loc 1 196 0
 143 0042 174A     		ldr	r2, .L6+36
 144 0044 1368     		ldr	r3, [r2]
 145 0046 0821     		movs	r1, #8
ARM GAS  C:\Users\jagumiel\AppData\Local\Temp\ccXu755d.s 			page 8


 146 0048 8B43     		bics	r3, r1
 147 004a 1360     		str	r3, [r2]
 198:Generated_Source\PSoC4/cyfitter_cfg.c **** 	CyDelayUs(1500u); /* Wait to stabilize */
 148              		.loc 1 198 0
 149 004c FA20     		movs	r0, #250
 150 004e C000     		lsls	r0, r0, #3
 151 0050 FFF7FEFF 		bl	CySysClkEcoStart
 152              	.LVL7:
 199:Generated_Source\PSoC4/cyfitter_cfg.c **** 
 153              		.loc 1 199 0
 154 0054 1348     		ldr	r0, .L6+40
 155 0056 FFF7FEFF 		bl	CyDelayUs
 156              	.LVL8:
 204:Generated_Source\PSoC4/cyfitter_cfg.c **** 
 157              		.loc 1 204 0
 158 005a 8022     		movs	r2, #128
 159 005c 1206     		lsls	r2, r2, #24
 160 005e 124B     		ldr	r3, .L6+44
 161 0060 1A60     		str	r2, [r3]
 207:Generated_Source\PSoC4/cyfitter_cfg.c **** 
 162              		.loc 1 207 0
 163 0062 8022     		movs	r2, #128
 164 0064 D202     		lsls	r2, r2, #11
 165 0066 114B     		ldr	r3, .L6+48
 166 0068 1A60     		str	r2, [r3]
 209:Generated_Source\PSoC4/cyfitter_cfg.c **** 	CyIntEnable(8u);
 167              		.loc 1 209 0
 168 006a 1149     		ldr	r1, .L6+52
 169 006c 0820     		movs	r0, #8
 170 006e FFF7FEFF 		bl	CyIntSetVector
 171              	.LVL9:
 210:Generated_Source\PSoC4/cyfitter_cfg.c **** 	CY_SET_REG32((void *)(CYREG_WDT_CONFIG), 0x40000000u);
 172              		.loc 1 210 0
 173 0072 0820     		movs	r0, #8
 174 0074 FFF7FEFF 		bl	CyIntEnable
 175              	.LVL10:
 211:Generated_Source\PSoC4/cyfitter_cfg.c **** }
 176              		.loc 1 211 0
 177 0078 2560     		str	r5, [r4]
 212:Generated_Source\PSoC4/cyfitter_cfg.c **** 
 178              		.loc 1 212 0
 179              		@ sp needed
 180 007a 70BD     		pop	{r4, r5, r6, pc}
 181              	.L7:
 182              		.align	2
 183              	.L6:
 184 007c 30001040 		.word	1074790448
 185 0080 001BB700 		.word	12000000
 186 0084 06000080 		.word	-2147483642
 187 0088 04010B40 		.word	1074462980
 188 008c 0C020B40 		.word	1074463244
 189 0090 78002E40 		.word	1076756600
 190 0094 2D3E0000 		.word	15917
 191 0098 7C002E40 		.word	1076756604
 192 009c 64F02E40 		.word	1076818020
 193 00a0 6CF02E40 		.word	1076818028
 194 00a4 DC050000 		.word	1500
ARM GAS  C:\Users\jagumiel\AppData\Local\Temp\ccXu755d.s 			page 9


 195 00a8 08010B40 		.word	1074462984
 196 00ac 00010B40 		.word	1074462976
 197 00b0 00000000 		.word	CySysWdtIsr
 198              		.cfi_endproc
 199              	.LFE5:
 200              		.size	ClockSetup, .-ClockSetup
 201              		.align	2
 202              		.global	cyfitter_cfg
 203              		.code	16
 204              		.thumb_func
 205              		.type	cyfitter_cfg, %function
 206              	cyfitter_cfg:
 207              	.LFB7:
 240:Generated_Source\PSoC4/cyfitter_cfg.c **** 
 241:Generated_Source\PSoC4/cyfitter_cfg.c **** 
 242:Generated_Source\PSoC4/cyfitter_cfg.c **** 
 243:Generated_Source\PSoC4/cyfitter_cfg.c **** 
 244:Generated_Source\PSoC4/cyfitter_cfg.c **** /*******************************************************************************
 245:Generated_Source\PSoC4/cyfitter_cfg.c **** * Function Name: cyfitter_cfg
 246:Generated_Source\PSoC4/cyfitter_cfg.c **** ********************************************************************************
 247:Generated_Source\PSoC4/cyfitter_cfg.c **** * Summary:
 248:Generated_Source\PSoC4/cyfitter_cfg.c **** *  This function is called by the start-up code for the selected device. It
 249:Generated_Source\PSoC4/cyfitter_cfg.c **** *  performs all of the necessary device configuration based on the design
 250:Generated_Source\PSoC4/cyfitter_cfg.c **** *  settings.  This includes settings from the Design Wide Resources (DWR) such
 251:Generated_Source\PSoC4/cyfitter_cfg.c **** *  as Clocks and Pins as well as any component configuration that is necessary.
 252:Generated_Source\PSoC4/cyfitter_cfg.c **** *
 253:Generated_Source\PSoC4/cyfitter_cfg.c **** * Parameters:
 254:Generated_Source\PSoC4/cyfitter_cfg.c **** *   void
 255:Generated_Source\PSoC4/cyfitter_cfg.c **** *
 256:Generated_Source\PSoC4/cyfitter_cfg.c **** * Return:
 257:Generated_Source\PSoC4/cyfitter_cfg.c **** *   void
 258:Generated_Source\PSoC4/cyfitter_cfg.c **** *
 259:Generated_Source\PSoC4/cyfitter_cfg.c **** *******************************************************************************/
 260:Generated_Source\PSoC4/cyfitter_cfg.c **** CY_CFG_SECTION
 261:Generated_Source\PSoC4/cyfitter_cfg.c **** void cyfitter_cfg(void)
 262:Generated_Source\PSoC4/cyfitter_cfg.c **** {
 208              		.loc 1 262 0
 209              		.cfi_startproc
 210              		@ args = 0, pretend = 0, frame = 0
 211              		@ frame_needed = 0, uses_anonymous_args = 0
 212 00b4 10B5     		push	{r4, lr}
 213              		.cfi_def_cfa_offset 8
 214              		.cfi_offset 4, -8
 215              		.cfi_offset 14, -4
 263:Generated_Source\PSoC4/cyfitter_cfg.c **** 	/* Disable interrupts by default. Let user enable if/when they want. */
 264:Generated_Source\PSoC4/cyfitter_cfg.c **** 	CyGlobalIntDisable;
 216              		.loc 1 264 0
 217              		.syntax divided
 218              	@ 264 "Generated_Source\PSoC4\cyfitter_cfg.c" 1
 219 00b6 72B6     		CPSID   i
 220              	@ 0 "" 2
 265:Generated_Source\PSoC4/cyfitter_cfg.c **** 
 266:Generated_Source\PSoC4/cyfitter_cfg.c **** 	CY_SET_REG32((void *)(CYREG_BLE_BLESS_LL_DSM_CTRL), 0x00000000u);
 221              		.loc 1 266 0
 222              		.thumb
 223              		.syntax unified
 224 00b8 0022     		movs	r2, #0
ARM GAS  C:\Users\jagumiel\AppData\Local\Temp\ccXu755d.s 			page 10


 225 00ba 194B     		ldr	r3, .L11
 226 00bc 1A60     		str	r2, [r3]
 227              	.LVL11:
 228              	.LBB2:
 267:Generated_Source\PSoC4/cyfitter_cfg.c **** 
 268:Generated_Source\PSoC4/cyfitter_cfg.c **** 	{
 269:Generated_Source\PSoC4/cyfitter_cfg.c **** 
 270:Generated_Source\PSoC4/cyfitter_cfg.c **** 		CYPACKED typedef struct {
 271:Generated_Source\PSoC4/cyfitter_cfg.c **** 			void CYFAR *address;
 272:Generated_Source\PSoC4/cyfitter_cfg.c **** 			uint16 size;
 273:Generated_Source\PSoC4/cyfitter_cfg.c **** 		} CYPACKED_ATTR cfg_memset_t;
 274:Generated_Source\PSoC4/cyfitter_cfg.c **** 
 275:Generated_Source\PSoC4/cyfitter_cfg.c **** 		static const cfg_memset_t CYCODE cfg_memset_list[] = {
 276:Generated_Source\PSoC4/cyfitter_cfg.c **** 			/* address, size */
 277:Generated_Source\PSoC4/cyfitter_cfg.c **** 			{(void CYFAR *)(CYDEV_UDB_P0_U0_BASE), 1024u},
 278:Generated_Source\PSoC4/cyfitter_cfg.c **** 			{(void CYFAR *)(CYDEV_UDB_DSI0_BASE), 1024u},
 279:Generated_Source\PSoC4/cyfitter_cfg.c **** 		};
 280:Generated_Source\PSoC4/cyfitter_cfg.c **** 
 281:Generated_Source\PSoC4/cyfitter_cfg.c **** 		uint8 CYDATA i;
 282:Generated_Source\PSoC4/cyfitter_cfg.c **** 
 283:Generated_Source\PSoC4/cyfitter_cfg.c **** 		/* Zero out critical memory blocks before beginning configuration */
 284:Generated_Source\PSoC4/cyfitter_cfg.c **** 		for (i = 0u; i < (sizeof(cfg_memset_list)/sizeof(cfg_memset_list[0])); i++)
 229              		.loc 1 284 0
 230 00be 0024     		movs	r4, #0
 231 00c0 0FE0     		b	.L9
 232              	.LVL12:
 233              	.L10:
 234              	.LBB3:
 285:Generated_Source\PSoC4/cyfitter_cfg.c **** 		{
 286:Generated_Source\PSoC4/cyfitter_cfg.c **** 			const cfg_memset_t CYCODE * CYDATA ms = &cfg_memset_list[i];
 287:Generated_Source\PSoC4/cyfitter_cfg.c **** 			CYMEMZERO(ms->address, (size_t)(uint32)(ms->size));
 235              		.loc 1 287 0 discriminator 3
 236 00c2 1848     		ldr	r0, .L11+4
 237 00c4 6200     		lsls	r2, r4, #1
 238 00c6 1319     		adds	r3, r2, r4
 239 00c8 5900     		lsls	r1, r3, #1
 240 00ca 0B00     		movs	r3, r1
 241 00cc 4118     		adds	r1, r0, r1
 242 00ce 8988     		ldrh	r1, [r1, #4]
 243 00d0 1A5A     		ldrh	r2, [r3, r0]
 244 00d2 C318     		adds	r3, r0, r3
 245 00d4 5888     		ldrh	r0, [r3, #2]
 246 00d6 0004     		lsls	r0, r0, #16
 247 00d8 1043     		orrs	r0, r2
 248 00da FFF7FEFF 		bl	CYMEMZERO
 249              	.LVL13:
 250              	.LBE3:
 284:Generated_Source\PSoC4/cyfitter_cfg.c **** 		{
 251              		.loc 1 284 0 discriminator 3
 252 00de 0134     		adds	r4, r4, #1
 253              	.LVL14:
 254 00e0 E4B2     		uxtb	r4, r4
 255              	.LVL15:
 256              	.L9:
 284:Generated_Source\PSoC4/cyfitter_cfg.c **** 		{
 257              		.loc 1 284 0 is_stmt 0 discriminator 1
 258 00e2 012C     		cmp	r4, #1
ARM GAS  C:\Users\jagumiel\AppData\Local\Temp\ccXu755d.s 			page 11


 259 00e4 EDD9     		bls	.L10
 288:Generated_Source\PSoC4/cyfitter_cfg.c **** 		}
 289:Generated_Source\PSoC4/cyfitter_cfg.c **** 
 290:Generated_Source\PSoC4/cyfitter_cfg.c **** 		/* HSIOM Starting address: CYDEV_HSIOM_BASE */
 291:Generated_Source\PSoC4/cyfitter_cfg.c **** 		CY_SET_REG32((void *)(CYDEV_HSIOM_BASE), 0xEE000000u);
 260              		.loc 1 291 0 is_stmt 1
 261 00e6 EE22     		movs	r2, #238
 262 00e8 1206     		lsls	r2, r2, #24
 263 00ea 0F4B     		ldr	r3, .L11+8
 264 00ec 1A60     		str	r2, [r3]
 292:Generated_Source\PSoC4/cyfitter_cfg.c **** 
 293:Generated_Source\PSoC4/cyfitter_cfg.c **** 		/* UDB_PA_0 Starting address: CYDEV_UDB_PA0_BASE */
 294:Generated_Source\PSoC4/cyfitter_cfg.c **** 		CY_SET_REG32((void *)(CYDEV_UDB_PA0_BASE), 0x00990000u);
 265              		.loc 1 294 0
 266 00ee 9923     		movs	r3, #153
 267 00f0 1B04     		lsls	r3, r3, #16
 268 00f2 0E4A     		ldr	r2, .L11+12
 269 00f4 1360     		str	r3, [r2]
 295:Generated_Source\PSoC4/cyfitter_cfg.c **** 
 296:Generated_Source\PSoC4/cyfitter_cfg.c **** 		/* UDB_PA_1 Starting address: CYDEV_UDB_PA1_BASE */
 297:Generated_Source\PSoC4/cyfitter_cfg.c **** 		CY_SET_REG32((void *)(CYDEV_UDB_PA1_BASE), 0x00990000u);
 270              		.loc 1 297 0
 271 00f6 0E4A     		ldr	r2, .L11+16
 272 00f8 1360     		str	r3, [r2]
 298:Generated_Source\PSoC4/cyfitter_cfg.c **** 
 299:Generated_Source\PSoC4/cyfitter_cfg.c **** 		/* Enable digital routing */
 300:Generated_Source\PSoC4/cyfitter_cfg.c **** 		CY_SET_XTND_REG8((void *)CYREG_UDB_UDBIF_BANK_CTL, (uint8)(CY_GET_XTND_REG8((void *)CYREG_UDB_UDB
 273              		.loc 1 300 0
 274 00fa 0E4A     		ldr	r2, .L11+20
 275 00fc 1178     		ldrb	r1, [r2]
 276 00fe 0623     		movs	r3, #6
 277 0100 0B43     		orrs	r3, r1
 278 0102 DBB2     		uxtb	r3, r3
 279 0104 1370     		strb	r3, [r2]
 280              	.LBE2:
 301:Generated_Source\PSoC4/cyfitter_cfg.c **** 	}
 302:Generated_Source\PSoC4/cyfitter_cfg.c **** 
 303:Generated_Source\PSoC4/cyfitter_cfg.c **** 	/* Perform second pass device configuration. These items must be configured in specific order afte
 304:Generated_Source\PSoC4/cyfitter_cfg.c **** 	/* IOPINS0_0 Starting address: CYDEV_GPIO_PRT0_BASE */
 305:Generated_Source\PSoC4/cyfitter_cfg.c **** 	CY_SET_REG32((void *)(CYREG_GPIO_PRT0_PC), 0x00D80000u);
 281              		.loc 1 305 0
 282 0106 D822     		movs	r2, #216
 283 0108 1204     		lsls	r2, r2, #16
 284 010a 0B4B     		ldr	r3, .L11+24
 285 010c 1A60     		str	r2, [r3]
 306:Generated_Source\PSoC4/cyfitter_cfg.c **** 
 307:Generated_Source\PSoC4/cyfitter_cfg.c **** 	/* IOPINS0_1 Starting address: CYDEV_GPIO_PRT1_BASE */
 308:Generated_Source\PSoC4/cyfitter_cfg.c **** 	CY_SET_REG32((void *)(CYREG_GPIO_PRT1_PC), 0x00000DB6u);
 286              		.loc 1 308 0
 287 010e 0B4A     		ldr	r2, .L11+28
 288 0110 0B4B     		ldr	r3, .L11+32
 289 0112 1A60     		str	r2, [r3]
 309:Generated_Source\PSoC4/cyfitter_cfg.c **** 
 310:Generated_Source\PSoC4/cyfitter_cfg.c **** 
 311:Generated_Source\PSoC4/cyfitter_cfg.c **** 	/* Setup clocks based on selections from Clock DWR */
 312:Generated_Source\PSoC4/cyfitter_cfg.c **** 	ClockSetup();
 290              		.loc 1 312 0
ARM GAS  C:\Users\jagumiel\AppData\Local\Temp\ccXu755d.s 			page 12


 291 0114 FFF774FF 		bl	ClockSetup
 292              	.LVL16:
 313:Generated_Source\PSoC4/cyfitter_cfg.c **** 
 314:Generated_Source\PSoC4/cyfitter_cfg.c **** 	/* Perform basic analog initialization to defaults */
 315:Generated_Source\PSoC4/cyfitter_cfg.c **** 	AnalogSetDefault();
 293              		.loc 1 315 0
 294 0118 FFF7FEFF 		bl	AnalogSetDefault
 295              	.LVL17:
 316:Generated_Source\PSoC4/cyfitter_cfg.c **** 
 317:Generated_Source\PSoC4/cyfitter_cfg.c **** }
 296              		.loc 1 317 0
 297              		@ sp needed
 298              	.LVL18:
 299 011c 10BD     		pop	{r4, pc}
 300              	.L12:
 301 011e C046     		.align	2
 302              	.L11:
 303 0120 6CF02E40 		.word	1076818028
 304 0124 00000000 		.word	.LANCHOR0
 305 0128 00000240 		.word	1073872896
 306 012c 00500F40 		.word	1074745344
 307 0130 10500F40 		.word	1074745360
 308 0134 00700F40 		.word	1074753536
 309 0138 08000440 		.word	1074003976
 310 013c B60D0000 		.word	3510
 311 0140 08010440 		.word	1074004232
 312              		.cfi_endproc
 313              	.LFE7:
 314              		.size	cyfitter_cfg, .-cyfitter_cfg
 315              		.section	.rodata
 316              		.align	2
 317              		.set	.LANCHOR0,. + 0
 318              		.type	cfg_memset_list.4884, %object
 319              		.size	cfg_memset_list.4884, 12
 320              	cfg_memset_list.4884:
 321 0000 00300F40 		.word	1074737152
 322 0004 0004     		.short	1024
 323 0006 00400F40 		.4byte	1074741248
 324 000a 0004     		.short	1024
 325              		.text
 326              	.Letext0:
 327              		.file 2 "c:\\program files (x86)\\cypress\\psoc creator\\4.2\\psoc creator\\import\\gnu\\arm\\5.4.
 328              		.file 3 "Generated_Source\\PSoC4\\cytypes.h"
 329              		.file 4 "Generated_Source\\PSoC4\\CyLFClk.h"
 330              		.file 5 "Generated_Source\\PSoC4\\CyLib.h"
 331              		.section	.debug_info,"",%progbits
 332              	.Ldebug_info0:
 333 0000 29030000 		.4byte	0x329
 334 0004 0400     		.2byte	0x4
 335 0006 00000000 		.4byte	.Ldebug_abbrev0
 336 000a 04       		.byte	0x4
 337 000b 01       		.uleb128 0x1
 338 000c A3010000 		.4byte	.LASF34
 339 0010 0C       		.byte	0xc
 340 0011 B5020000 		.4byte	.LASF35
 341 0015 FA000000 		.4byte	.LASF36
 342 0019 00000000 		.4byte	.Ldebug_ranges0+0
ARM GAS  C:\Users\jagumiel\AppData\Local\Temp\ccXu755d.s 			page 13


 343 001d 00000000 		.4byte	0
 344 0021 00000000 		.4byte	.Ldebug_line0
 345 0025 02       		.uleb128 0x2
 346 0026 04       		.byte	0x4
 347 0027 05       		.byte	0x5
 348 0028 696E7400 		.ascii	"int\000"
 349 002c 03       		.uleb128 0x3
 350 002d 14000000 		.4byte	.LASF12
 351 0031 02       		.byte	0x2
 352 0032 D8       		.byte	0xd8
 353 0033 37000000 		.4byte	0x37
 354 0037 04       		.uleb128 0x4
 355 0038 04       		.byte	0x4
 356 0039 07       		.byte	0x7
 357 003a 6A010000 		.4byte	.LASF0
 358 003e 04       		.uleb128 0x4
 359 003f 08       		.byte	0x8
 360 0040 05       		.byte	0x5
 361 0041 47020000 		.4byte	.LASF1
 362 0045 04       		.uleb128 0x4
 363 0046 08       		.byte	0x8
 364 0047 04       		.byte	0x4
 365 0048 9D020000 		.4byte	.LASF2
 366 004c 04       		.uleb128 0x4
 367 004d 01       		.byte	0x1
 368 004e 06       		.byte	0x6
 369 004f A9020000 		.4byte	.LASF3
 370 0053 04       		.uleb128 0x4
 371 0054 01       		.byte	0x1
 372 0055 08       		.byte	0x8
 373 0056 C4000000 		.4byte	.LASF4
 374 005a 04       		.uleb128 0x4
 375 005b 02       		.byte	0x2
 376 005c 05       		.byte	0x5
 377 005d 75020000 		.4byte	.LASF5
 378 0061 04       		.uleb128 0x4
 379 0062 02       		.byte	0x2
 380 0063 07       		.byte	0x7
 381 0064 56000000 		.4byte	.LASF6
 382 0068 04       		.uleb128 0x4
 383 0069 04       		.byte	0x4
 384 006a 05       		.byte	0x5
 385 006b 94020000 		.4byte	.LASF7
 386 006f 04       		.uleb128 0x4
 387 0070 04       		.byte	0x4
 388 0071 07       		.byte	0x7
 389 0072 91000000 		.4byte	.LASF8
 390 0076 04       		.uleb128 0x4
 391 0077 08       		.byte	0x8
 392 0078 07       		.byte	0x7
 393 0079 8C010000 		.4byte	.LASF9
 394 007d 04       		.uleb128 0x4
 395 007e 04       		.byte	0x4
 396 007f 07       		.byte	0x7
 397 0080 3E020000 		.4byte	.LASF10
 398 0084 05       		.uleb128 0x5
 399 0085 04       		.byte	0x4
ARM GAS  C:\Users\jagumiel\AppData\Local\Temp\ccXu755d.s 			page 14


 400 0086 04       		.uleb128 0x4
 401 0087 01       		.byte	0x1
 402 0088 08       		.byte	0x8
 403 0089 5F020000 		.4byte	.LASF11
 404 008d 06       		.uleb128 0x6
 405 008e A3000000 		.4byte	.LASF13
 406 0092 03       		.byte	0x3
 407 0093 E401     		.2byte	0x1e4
 408 0095 53000000 		.4byte	0x53
 409 0099 06       		.uleb128 0x6
 410 009a EC000000 		.4byte	.LASF14
 411 009e 03       		.byte	0x3
 412 009f E501     		.2byte	0x1e5
 413 00a1 61000000 		.4byte	0x61
 414 00a5 06       		.uleb128 0x6
 415 00a6 F3000000 		.4byte	.LASF15
 416 00aa 03       		.byte	0x3
 417 00ab E601     		.2byte	0x1e6
 418 00ad 6F000000 		.4byte	0x6f
 419 00b1 04       		.uleb128 0x4
 420 00b2 04       		.byte	0x4
 421 00b3 04       		.byte	0x4
 422 00b4 69000000 		.4byte	.LASF16
 423 00b8 04       		.uleb128 0x4
 424 00b9 08       		.byte	0x8
 425 00ba 04       		.byte	0x4
 426 00bb D9000000 		.4byte	.LASF17
 427 00bf 06       		.uleb128 0x6
 428 00c0 8C000000 		.4byte	.LASF18
 429 00c4 03       		.byte	0x3
 430 00c5 8E02     		.2byte	0x28e
 431 00c7 CB000000 		.4byte	0xcb
 432 00cb 07       		.uleb128 0x7
 433 00cc 8D000000 		.4byte	0x8d
 434 00d0 06       		.uleb128 0x6
 435 00d1 0E000000 		.4byte	.LASF19
 436 00d5 03       		.byte	0x3
 437 00d6 9002     		.2byte	0x290
 438 00d8 DC000000 		.4byte	0xdc
 439 00dc 07       		.uleb128 0x7
 440 00dd A5000000 		.4byte	0xa5
 441 00e1 08       		.uleb128 0x8
 442 00e2 1B000000 		.4byte	.LASF37
 443 00e6 01       		.byte	0x1
 444 00e7 EA       		.byte	0xea
 445 00e8 00000000 		.4byte	.LFB6
 446 00ec 20000000 		.4byte	.LFE6-.LFB6
 447 00f0 01       		.uleb128 0x1
 448 00f1 9C       		.byte	0x9c
 449 00f2 09       		.uleb128 0x9
 450 00f3 BA000000 		.4byte	.LASF20
 451 00f7 01       		.byte	0x1
 452 00f8 4C       		.byte	0x4c
 453 00f9 00000000 		.4byte	.LFB2
 454 00fd 0C000000 		.4byte	.LFE2-.LFB2
 455 0101 01       		.uleb128 0x1
 456 0102 9C       		.byte	0x9c
ARM GAS  C:\Users\jagumiel\AppData\Local\Temp\ccXu755d.s 			page 15


 457 0103 3F010000 		.4byte	0x13f
 458 0107 0A       		.uleb128 0xa
 459 0108 7300     		.ascii	"s\000"
 460 010a 01       		.byte	0x1
 461 010b 4C       		.byte	0x4c
 462 010c 84000000 		.4byte	0x84
 463 0110 00000000 		.4byte	.LLST0
 464 0114 0A       		.uleb128 0xa
 465 0115 6E00     		.ascii	"n\000"
 466 0117 01       		.byte	0x1
 467 0118 4C       		.byte	0x4c
 468 0119 2C000000 		.4byte	0x2c
 469 011d 21000000 		.4byte	.LLST1
 470 0121 0B       		.uleb128 0xb
 471 0122 0A000000 		.4byte	.LVL2
 472 0126 CB020000 		.4byte	0x2cb
 473 012a 0C       		.uleb128 0xc
 474 012b 01       		.uleb128 0x1
 475 012c 50       		.byte	0x50
 476 012d 03       		.uleb128 0x3
 477 012e F3       		.byte	0xf3
 478 012f 01       		.uleb128 0x1
 479 0130 50       		.byte	0x50
 480 0131 0C       		.uleb128 0xc
 481 0132 01       		.uleb128 0x1
 482 0133 51       		.byte	0x51
 483 0134 01       		.uleb128 0x1
 484 0135 30       		.byte	0x30
 485 0136 0C       		.uleb128 0xc
 486 0137 01       		.uleb128 0x1
 487 0138 52       		.byte	0x52
 488 0139 03       		.uleb128 0x3
 489 013a F3       		.byte	0xf3
 490 013b 01       		.uleb128 0x1
 491 013c 51       		.byte	0x51
 492 013d 00       		.byte	0
 493 013e 00       		.byte	0
 494 013f 09       		.uleb128 0x9
 495 0140 4B000000 		.4byte	.LASF21
 496 0144 01       		.byte	0x1
 497 0145 AA       		.byte	0xaa
 498 0146 00000000 		.4byte	.LFB5
 499 014a B4000000 		.4byte	.LFE5-.LFB5
 500 014e 01       		.uleb128 0x1
 501 014f 9C       		.byte	0x9c
 502 0150 E8010000 		.4byte	0x1e8
 503 0154 0D       		.uleb128 0xd
 504 0155 0C000000 		.4byte	.LVL3
 505 0159 D4020000 		.4byte	0x2d4
 506 015d 0E       		.uleb128 0xe
 507 015e 12000000 		.4byte	.LVL4
 508 0162 DF020000 		.4byte	0x2df
 509 0166 74010000 		.4byte	0x174
 510 016a 0C       		.uleb128 0xc
 511 016b 01       		.uleb128 0x1
 512 016c 50       		.byte	0x50
 513 016d 05       		.uleb128 0x5
ARM GAS  C:\Users\jagumiel\AppData\Local\Temp\ccXu755d.s 			page 16


 514 016e 0C       		.byte	0xc
 515 016f 001BB700 		.4byte	0xb71b00
 516 0173 00       		.byte	0
 517 0174 0E       		.uleb128 0xe
 518 0175 18000000 		.4byte	.LVL5
 519 0179 EA020000 		.4byte	0x2ea
 520 017d 87010000 		.4byte	0x187
 521 0181 0C       		.uleb128 0xc
 522 0182 01       		.uleb128 0x1
 523 0183 50       		.byte	0x50
 524 0184 01       		.uleb128 0x1
 525 0185 31       		.byte	0x31
 526 0186 00       		.byte	0
 527 0187 0E       		.uleb128 0xe
 528 0188 1E000000 		.4byte	.LVL6
 529 018c F5020000 		.4byte	0x2f5
 530 0190 9B010000 		.4byte	0x19b
 531 0194 0C       		.uleb128 0xc
 532 0195 01       		.uleb128 0x1
 533 0196 50       		.byte	0x50
 534 0197 02       		.uleb128 0x2
 535 0198 08       		.byte	0x8
 536 0199 30       		.byte	0x30
 537 019a 00       		.byte	0
 538 019b 0E       		.uleb128 0xe
 539 019c 54000000 		.4byte	.LVL7
 540 01a0 00030000 		.4byte	0x300
 541 01a4 B0010000 		.4byte	0x1b0
 542 01a8 0C       		.uleb128 0xc
 543 01a9 01       		.uleb128 0x1
 544 01aa 50       		.byte	0x50
 545 01ab 03       		.uleb128 0x3
 546 01ac 0A       		.byte	0xa
 547 01ad D007     		.2byte	0x7d0
 548 01af 00       		.byte	0
 549 01b0 0E       		.uleb128 0xe
 550 01b1 5A000000 		.4byte	.LVL8
 551 01b5 0B030000 		.4byte	0x30b
 552 01b9 C5010000 		.4byte	0x1c5
 553 01bd 0C       		.uleb128 0xc
 554 01be 01       		.uleb128 0x1
 555 01bf 50       		.byte	0x50
 556 01c0 03       		.uleb128 0x3
 557 01c1 0A       		.byte	0xa
 558 01c2 DC05     		.2byte	0x5dc
 559 01c4 00       		.byte	0
 560 01c5 0E       		.uleb128 0xe
 561 01c6 72000000 		.4byte	.LVL9
 562 01ca 16030000 		.4byte	0x316
 563 01ce D8010000 		.4byte	0x1d8
 564 01d2 0C       		.uleb128 0xc
 565 01d3 01       		.uleb128 0x1
 566 01d4 50       		.byte	0x50
 567 01d5 01       		.uleb128 0x1
 568 01d6 38       		.byte	0x38
 569 01d7 00       		.byte	0
 570 01d8 0B       		.uleb128 0xb
ARM GAS  C:\Users\jagumiel\AppData\Local\Temp\ccXu755d.s 			page 17


 571 01d9 78000000 		.4byte	.LVL10
 572 01dd 21030000 		.4byte	0x321
 573 01e1 0C       		.uleb128 0xc
 574 01e2 01       		.uleb128 0x1
 575 01e3 50       		.byte	0x50
 576 01e4 01       		.uleb128 0x1
 577 01e5 38       		.byte	0x38
 578 01e6 00       		.byte	0
 579 01e7 00       		.byte	0
 580 01e8 0F       		.uleb128 0xf
 581 01e9 77010000 		.4byte	.LASF38
 582 01ed 01       		.byte	0x1
 583 01ee 0501     		.2byte	0x105
 584 01f0 B4000000 		.4byte	.LFB7
 585 01f4 90000000 		.4byte	.LFE7-.LFB7
 586 01f8 01       		.uleb128 0x1
 587 01f9 9C       		.byte	0x9c
 588 01fa CB020000 		.4byte	0x2cb
 589 01fe 10       		.uleb128 0x10
 590 01ff BE000000 		.4byte	.LBB2
 591 0203 48000000 		.4byte	.LBE2-.LBB2
 592 0207 B8020000 		.4byte	0x2b8
 593 020b 11       		.uleb128 0x11
 594 020c 06       		.byte	0x6
 595 020d 01       		.byte	0x1
 596 020e 0E01     		.2byte	0x10e
 597 0210 2F020000 		.4byte	0x22f
 598 0214 12       		.uleb128 0x12
 599 0215 84010000 		.4byte	.LASF22
 600 0219 01       		.byte	0x1
 601 021a 0F01     		.2byte	0x10f
 602 021c 84000000 		.4byte	0x84
 603 0220 00       		.byte	0
 604 0221 12       		.uleb128 0x12
 605 0222 6F000000 		.4byte	.LASF23
 606 0226 01       		.byte	0x1
 607 0227 1001     		.2byte	0x110
 608 0229 99000000 		.4byte	0x99
 609 022d 04       		.byte	0x4
 610 022e 00       		.byte	0
 611 022f 06       		.uleb128 0x6
 612 0230 31020000 		.4byte	.LASF24
 613 0234 01       		.byte	0x1
 614 0235 1101     		.2byte	0x111
 615 0237 0B020000 		.4byte	0x20b
 616 023b 13       		.uleb128 0x13
 617 023c 4B020000 		.4byte	0x24b
 618 0240 4B020000 		.4byte	0x24b
 619 0244 14       		.uleb128 0x14
 620 0245 7D000000 		.4byte	0x7d
 621 0249 01       		.byte	0x1
 622 024a 00       		.byte	0
 623 024b 15       		.uleb128 0x15
 624 024c 2F020000 		.4byte	0x22f
 625 0250 16       		.uleb128 0x16
 626 0251 3B000000 		.4byte	.LASF25
 627 0255 01       		.byte	0x1
ARM GAS  C:\Users\jagumiel\AppData\Local\Temp\ccXu755d.s 			page 18


 628 0256 1301     		.2byte	0x113
 629 0258 62020000 		.4byte	0x262
 630 025c 05       		.uleb128 0x5
 631 025d 03       		.byte	0x3
 632 025e 00000000 		.4byte	cfg_memset_list.4884
 633 0262 15       		.uleb128 0x15
 634 0263 3B020000 		.4byte	0x23b
 635 0267 17       		.uleb128 0x17
 636 0268 6900     		.ascii	"i\000"
 637 026a 01       		.byte	0x1
 638 026b 1901     		.2byte	0x119
 639 026d 8D000000 		.4byte	0x8d
 640 0271 4D000000 		.4byte	.LLST2
 641 0275 18       		.uleb128 0x18
 642 0276 C2000000 		.4byte	.LBB3
 643 027a 1C000000 		.4byte	.LBE3-.LBB3
 644 027e 17       		.uleb128 0x17
 645 027f 6D7300   		.ascii	"ms\000"
 646 0282 01       		.byte	0x1
 647 0283 1E01     		.2byte	0x11e
 648 0285 8D020000 		.4byte	0x28d
 649 0289 77000000 		.4byte	.LLST3
 650 028d 19       		.uleb128 0x19
 651 028e 04       		.byte	0x4
 652 028f 4B020000 		.4byte	0x24b
 653 0293 0B       		.uleb128 0xb
 654 0294 DE000000 		.4byte	.LVL13
 655 0298 F2000000 		.4byte	0xf2
 656 029c 0C       		.uleb128 0xc
 657 029d 01       		.uleb128 0x1
 658 029e 51       		.byte	0x51
 659 029f 15       		.uleb128 0x15
 660 02a0 74       		.byte	0x74
 661 02a1 00       		.sleb128 0
 662 02a2 31       		.byte	0x31
 663 02a3 24       		.byte	0x24
 664 02a4 74       		.byte	0x74
 665 02a5 00       		.sleb128 0
 666 02a6 22       		.byte	0x22
 667 02a7 31       		.byte	0x31
 668 02a8 24       		.byte	0x24
 669 02a9 03       		.byte	0x3
 670 02aa 04000000 		.4byte	.LANCHOR0+4
 671 02ae 22       		.byte	0x22
 672 02af 94       		.byte	0x94
 673 02b0 02       		.byte	0x2
 674 02b1 0A       		.byte	0xa
 675 02b2 FFFF     		.2byte	0xffff
 676 02b4 1A       		.byte	0x1a
 677 02b5 00       		.byte	0
 678 02b6 00       		.byte	0
 679 02b7 00       		.byte	0
 680 02b8 0D       		.uleb128 0xd
 681 02b9 18010000 		.4byte	.LVL16
 682 02bd 3F010000 		.4byte	0x13f
 683 02c1 0D       		.uleb128 0xd
 684 02c2 1C010000 		.4byte	.LVL17
ARM GAS  C:\Users\jagumiel\AppData\Local\Temp\ccXu755d.s 			page 19


 685 02c6 E1000000 		.4byte	0xe1
 686 02ca 00       		.byte	0
 687 02cb 1A       		.uleb128 0x1a
 688 02cc D2000000 		.4byte	.LASF39
 689 02d0 D2000000 		.4byte	.LASF39
 690 02d4 1B       		.uleb128 0x1b
 691 02d5 A9000000 		.4byte	.LASF26
 692 02d9 A9000000 		.4byte	.LASF26
 693 02dd 04       		.byte	0x4
 694 02de 4E       		.byte	0x4e
 695 02df 1B       		.uleb128 0x1b
 696 02e0 00000000 		.4byte	.LASF27
 697 02e4 00000000 		.4byte	.LASF27
 698 02e8 05       		.byte	0x5
 699 02e9 DC       		.byte	0xdc
 700 02ea 1B       		.uleb128 0x1b
 701 02eb 74000000 		.4byte	.LASF28
 702 02ef 74000000 		.4byte	.LASF28
 703 02f3 04       		.byte	0x4
 704 02f4 50       		.byte	0x50
 705 02f5 1B       		.uleb128 0x1b
 706 02f6 7F020000 		.4byte	.LASF29
 707 02fa 7F020000 		.4byte	.LASF29
 708 02fe 05       		.byte	0x5
 709 02ff 6C       		.byte	0x6c
 710 0300 1B       		.uleb128 0x1b
 711 0301 64020000 		.4byte	.LASF30
 712 0305 64020000 		.4byte	.LASF30
 713 0309 05       		.byte	0x5
 714 030a 84       		.byte	0x84
 715 030b 1B       		.uleb128 0x1b
 716 030c 55020000 		.4byte	.LASF31
 717 0310 55020000 		.4byte	.LASF31
 718 0314 05       		.byte	0x5
 719 0315 DA       		.byte	0xda
 720 0316 1B       		.uleb128 0x1b
 721 0317 2C000000 		.4byte	.LASF32
 722 031b 2C000000 		.4byte	.LASF32
 723 031f 05       		.byte	0x5
 724 0320 BD       		.byte	0xbd
 725 0321 1B       		.uleb128 0x1b
 726 0322 E0000000 		.4byte	.LASF33
 727 0326 E0000000 		.4byte	.LASF33
 728 032a 05       		.byte	0x5
 729 032b C3       		.byte	0xc3
 730 032c 00       		.byte	0
 731              		.section	.debug_abbrev,"",%progbits
 732              	.Ldebug_abbrev0:
 733 0000 01       		.uleb128 0x1
 734 0001 11       		.uleb128 0x11
 735 0002 01       		.byte	0x1
 736 0003 25       		.uleb128 0x25
 737 0004 0E       		.uleb128 0xe
 738 0005 13       		.uleb128 0x13
 739 0006 0B       		.uleb128 0xb
 740 0007 03       		.uleb128 0x3
 741 0008 0E       		.uleb128 0xe
ARM GAS  C:\Users\jagumiel\AppData\Local\Temp\ccXu755d.s 			page 20


 742 0009 1B       		.uleb128 0x1b
 743 000a 0E       		.uleb128 0xe
 744 000b 55       		.uleb128 0x55
 745 000c 17       		.uleb128 0x17
 746 000d 11       		.uleb128 0x11
 747 000e 01       		.uleb128 0x1
 748 000f 10       		.uleb128 0x10
 749 0010 17       		.uleb128 0x17
 750 0011 00       		.byte	0
 751 0012 00       		.byte	0
 752 0013 02       		.uleb128 0x2
 753 0014 24       		.uleb128 0x24
 754 0015 00       		.byte	0
 755 0016 0B       		.uleb128 0xb
 756 0017 0B       		.uleb128 0xb
 757 0018 3E       		.uleb128 0x3e
 758 0019 0B       		.uleb128 0xb
 759 001a 03       		.uleb128 0x3
 760 001b 08       		.uleb128 0x8
 761 001c 00       		.byte	0
 762 001d 00       		.byte	0
 763 001e 03       		.uleb128 0x3
 764 001f 16       		.uleb128 0x16
 765 0020 00       		.byte	0
 766 0021 03       		.uleb128 0x3
 767 0022 0E       		.uleb128 0xe
 768 0023 3A       		.uleb128 0x3a
 769 0024 0B       		.uleb128 0xb
 770 0025 3B       		.uleb128 0x3b
 771 0026 0B       		.uleb128 0xb
 772 0027 49       		.uleb128 0x49
 773 0028 13       		.uleb128 0x13
 774 0029 00       		.byte	0
 775 002a 00       		.byte	0
 776 002b 04       		.uleb128 0x4
 777 002c 24       		.uleb128 0x24
 778 002d 00       		.byte	0
 779 002e 0B       		.uleb128 0xb
 780 002f 0B       		.uleb128 0xb
 781 0030 3E       		.uleb128 0x3e
 782 0031 0B       		.uleb128 0xb
 783 0032 03       		.uleb128 0x3
 784 0033 0E       		.uleb128 0xe
 785 0034 00       		.byte	0
 786 0035 00       		.byte	0
 787 0036 05       		.uleb128 0x5
 788 0037 0F       		.uleb128 0xf
 789 0038 00       		.byte	0
 790 0039 0B       		.uleb128 0xb
 791 003a 0B       		.uleb128 0xb
 792 003b 00       		.byte	0
 793 003c 00       		.byte	0
 794 003d 06       		.uleb128 0x6
 795 003e 16       		.uleb128 0x16
 796 003f 00       		.byte	0
 797 0040 03       		.uleb128 0x3
 798 0041 0E       		.uleb128 0xe
ARM GAS  C:\Users\jagumiel\AppData\Local\Temp\ccXu755d.s 			page 21


 799 0042 3A       		.uleb128 0x3a
 800 0043 0B       		.uleb128 0xb
 801 0044 3B       		.uleb128 0x3b
 802 0045 05       		.uleb128 0x5
 803 0046 49       		.uleb128 0x49
 804 0047 13       		.uleb128 0x13
 805 0048 00       		.byte	0
 806 0049 00       		.byte	0
 807 004a 07       		.uleb128 0x7
 808 004b 35       		.uleb128 0x35
 809 004c 00       		.byte	0
 810 004d 49       		.uleb128 0x49
 811 004e 13       		.uleb128 0x13
 812 004f 00       		.byte	0
 813 0050 00       		.byte	0
 814 0051 08       		.uleb128 0x8
 815 0052 2E       		.uleb128 0x2e
 816 0053 00       		.byte	0
 817 0054 03       		.uleb128 0x3
 818 0055 0E       		.uleb128 0xe
 819 0056 3A       		.uleb128 0x3a
 820 0057 0B       		.uleb128 0xb
 821 0058 3B       		.uleb128 0x3b
 822 0059 0B       		.uleb128 0xb
 823 005a 27       		.uleb128 0x27
 824 005b 19       		.uleb128 0x19
 825 005c 11       		.uleb128 0x11
 826 005d 01       		.uleb128 0x1
 827 005e 12       		.uleb128 0x12
 828 005f 06       		.uleb128 0x6
 829 0060 40       		.uleb128 0x40
 830 0061 18       		.uleb128 0x18
 831 0062 9742     		.uleb128 0x2117
 832 0064 19       		.uleb128 0x19
 833 0065 00       		.byte	0
 834 0066 00       		.byte	0
 835 0067 09       		.uleb128 0x9
 836 0068 2E       		.uleb128 0x2e
 837 0069 01       		.byte	0x1
 838 006a 03       		.uleb128 0x3
 839 006b 0E       		.uleb128 0xe
 840 006c 3A       		.uleb128 0x3a
 841 006d 0B       		.uleb128 0xb
 842 006e 3B       		.uleb128 0x3b
 843 006f 0B       		.uleb128 0xb
 844 0070 27       		.uleb128 0x27
 845 0071 19       		.uleb128 0x19
 846 0072 11       		.uleb128 0x11
 847 0073 01       		.uleb128 0x1
 848 0074 12       		.uleb128 0x12
 849 0075 06       		.uleb128 0x6
 850 0076 40       		.uleb128 0x40
 851 0077 18       		.uleb128 0x18
 852 0078 9742     		.uleb128 0x2117
 853 007a 19       		.uleb128 0x19
 854 007b 01       		.uleb128 0x1
 855 007c 13       		.uleb128 0x13
ARM GAS  C:\Users\jagumiel\AppData\Local\Temp\ccXu755d.s 			page 22


 856 007d 00       		.byte	0
 857 007e 00       		.byte	0
 858 007f 0A       		.uleb128 0xa
 859 0080 05       		.uleb128 0x5
 860 0081 00       		.byte	0
 861 0082 03       		.uleb128 0x3
 862 0083 08       		.uleb128 0x8
 863 0084 3A       		.uleb128 0x3a
 864 0085 0B       		.uleb128 0xb
 865 0086 3B       		.uleb128 0x3b
 866 0087 0B       		.uleb128 0xb
 867 0088 49       		.uleb128 0x49
 868 0089 13       		.uleb128 0x13
 869 008a 02       		.uleb128 0x2
 870 008b 17       		.uleb128 0x17
 871 008c 00       		.byte	0
 872 008d 00       		.byte	0
 873 008e 0B       		.uleb128 0xb
 874 008f 898201   		.uleb128 0x4109
 875 0092 01       		.byte	0x1
 876 0093 11       		.uleb128 0x11
 877 0094 01       		.uleb128 0x1
 878 0095 31       		.uleb128 0x31
 879 0096 13       		.uleb128 0x13
 880 0097 00       		.byte	0
 881 0098 00       		.byte	0
 882 0099 0C       		.uleb128 0xc
 883 009a 8A8201   		.uleb128 0x410a
 884 009d 00       		.byte	0
 885 009e 02       		.uleb128 0x2
 886 009f 18       		.uleb128 0x18
 887 00a0 9142     		.uleb128 0x2111
 888 00a2 18       		.uleb128 0x18
 889 00a3 00       		.byte	0
 890 00a4 00       		.byte	0
 891 00a5 0D       		.uleb128 0xd
 892 00a6 898201   		.uleb128 0x4109
 893 00a9 00       		.byte	0
 894 00aa 11       		.uleb128 0x11
 895 00ab 01       		.uleb128 0x1
 896 00ac 31       		.uleb128 0x31
 897 00ad 13       		.uleb128 0x13
 898 00ae 00       		.byte	0
 899 00af 00       		.byte	0
 900 00b0 0E       		.uleb128 0xe
 901 00b1 898201   		.uleb128 0x4109
 902 00b4 01       		.byte	0x1
 903 00b5 11       		.uleb128 0x11
 904 00b6 01       		.uleb128 0x1
 905 00b7 31       		.uleb128 0x31
 906 00b8 13       		.uleb128 0x13
 907 00b9 01       		.uleb128 0x1
 908 00ba 13       		.uleb128 0x13
 909 00bb 00       		.byte	0
 910 00bc 00       		.byte	0
 911 00bd 0F       		.uleb128 0xf
 912 00be 2E       		.uleb128 0x2e
ARM GAS  C:\Users\jagumiel\AppData\Local\Temp\ccXu755d.s 			page 23


 913 00bf 01       		.byte	0x1
 914 00c0 3F       		.uleb128 0x3f
 915 00c1 19       		.uleb128 0x19
 916 00c2 03       		.uleb128 0x3
 917 00c3 0E       		.uleb128 0xe
 918 00c4 3A       		.uleb128 0x3a
 919 00c5 0B       		.uleb128 0xb
 920 00c6 3B       		.uleb128 0x3b
 921 00c7 05       		.uleb128 0x5
 922 00c8 27       		.uleb128 0x27
 923 00c9 19       		.uleb128 0x19
 924 00ca 11       		.uleb128 0x11
 925 00cb 01       		.uleb128 0x1
 926 00cc 12       		.uleb128 0x12
 927 00cd 06       		.uleb128 0x6
 928 00ce 40       		.uleb128 0x40
 929 00cf 18       		.uleb128 0x18
 930 00d0 9742     		.uleb128 0x2117
 931 00d2 19       		.uleb128 0x19
 932 00d3 01       		.uleb128 0x1
 933 00d4 13       		.uleb128 0x13
 934 00d5 00       		.byte	0
 935 00d6 00       		.byte	0
 936 00d7 10       		.uleb128 0x10
 937 00d8 0B       		.uleb128 0xb
 938 00d9 01       		.byte	0x1
 939 00da 11       		.uleb128 0x11
 940 00db 01       		.uleb128 0x1
 941 00dc 12       		.uleb128 0x12
 942 00dd 06       		.uleb128 0x6
 943 00de 01       		.uleb128 0x1
 944 00df 13       		.uleb128 0x13
 945 00e0 00       		.byte	0
 946 00e1 00       		.byte	0
 947 00e2 11       		.uleb128 0x11
 948 00e3 13       		.uleb128 0x13
 949 00e4 01       		.byte	0x1
 950 00e5 0B       		.uleb128 0xb
 951 00e6 0B       		.uleb128 0xb
 952 00e7 3A       		.uleb128 0x3a
 953 00e8 0B       		.uleb128 0xb
 954 00e9 3B       		.uleb128 0x3b
 955 00ea 05       		.uleb128 0x5
 956 00eb 01       		.uleb128 0x1
 957 00ec 13       		.uleb128 0x13
 958 00ed 00       		.byte	0
 959 00ee 00       		.byte	0
 960 00ef 12       		.uleb128 0x12
 961 00f0 0D       		.uleb128 0xd
 962 00f1 00       		.byte	0
 963 00f2 03       		.uleb128 0x3
 964 00f3 0E       		.uleb128 0xe
 965 00f4 3A       		.uleb128 0x3a
 966 00f5 0B       		.uleb128 0xb
 967 00f6 3B       		.uleb128 0x3b
 968 00f7 05       		.uleb128 0x5
 969 00f8 49       		.uleb128 0x49
ARM GAS  C:\Users\jagumiel\AppData\Local\Temp\ccXu755d.s 			page 24


 970 00f9 13       		.uleb128 0x13
 971 00fa 38       		.uleb128 0x38
 972 00fb 0B       		.uleb128 0xb
 973 00fc 00       		.byte	0
 974 00fd 00       		.byte	0
 975 00fe 13       		.uleb128 0x13
 976 00ff 01       		.uleb128 0x1
 977 0100 01       		.byte	0x1
 978 0101 49       		.uleb128 0x49
 979 0102 13       		.uleb128 0x13
 980 0103 01       		.uleb128 0x1
 981 0104 13       		.uleb128 0x13
 982 0105 00       		.byte	0
 983 0106 00       		.byte	0
 984 0107 14       		.uleb128 0x14
 985 0108 21       		.uleb128 0x21
 986 0109 00       		.byte	0
 987 010a 49       		.uleb128 0x49
 988 010b 13       		.uleb128 0x13
 989 010c 2F       		.uleb128 0x2f
 990 010d 0B       		.uleb128 0xb
 991 010e 00       		.byte	0
 992 010f 00       		.byte	0
 993 0110 15       		.uleb128 0x15
 994 0111 26       		.uleb128 0x26
 995 0112 00       		.byte	0
 996 0113 49       		.uleb128 0x49
 997 0114 13       		.uleb128 0x13
 998 0115 00       		.byte	0
 999 0116 00       		.byte	0
 1000 0117 16       		.uleb128 0x16
 1001 0118 34       		.uleb128 0x34
 1002 0119 00       		.byte	0
 1003 011a 03       		.uleb128 0x3
 1004 011b 0E       		.uleb128 0xe
 1005 011c 3A       		.uleb128 0x3a
 1006 011d 0B       		.uleb128 0xb
 1007 011e 3B       		.uleb128 0x3b
 1008 011f 05       		.uleb128 0x5
 1009 0120 49       		.uleb128 0x49
 1010 0121 13       		.uleb128 0x13
 1011 0122 02       		.uleb128 0x2
 1012 0123 18       		.uleb128 0x18
 1013 0124 00       		.byte	0
 1014 0125 00       		.byte	0
 1015 0126 17       		.uleb128 0x17
 1016 0127 34       		.uleb128 0x34
 1017 0128 00       		.byte	0
 1018 0129 03       		.uleb128 0x3
 1019 012a 08       		.uleb128 0x8
 1020 012b 3A       		.uleb128 0x3a
 1021 012c 0B       		.uleb128 0xb
 1022 012d 3B       		.uleb128 0x3b
 1023 012e 05       		.uleb128 0x5
 1024 012f 49       		.uleb128 0x49
 1025 0130 13       		.uleb128 0x13
 1026 0131 02       		.uleb128 0x2
ARM GAS  C:\Users\jagumiel\AppData\Local\Temp\ccXu755d.s 			page 25


 1027 0132 17       		.uleb128 0x17
 1028 0133 00       		.byte	0
 1029 0134 00       		.byte	0
 1030 0135 18       		.uleb128 0x18
 1031 0136 0B       		.uleb128 0xb
 1032 0137 01       		.byte	0x1
 1033 0138 11       		.uleb128 0x11
 1034 0139 01       		.uleb128 0x1
 1035 013a 12       		.uleb128 0x12
 1036 013b 06       		.uleb128 0x6
 1037 013c 00       		.byte	0
 1038 013d 00       		.byte	0
 1039 013e 19       		.uleb128 0x19
 1040 013f 0F       		.uleb128 0xf
 1041 0140 00       		.byte	0
 1042 0141 0B       		.uleb128 0xb
 1043 0142 0B       		.uleb128 0xb
 1044 0143 49       		.uleb128 0x49
 1045 0144 13       		.uleb128 0x13
 1046 0145 00       		.byte	0
 1047 0146 00       		.byte	0
 1048 0147 1A       		.uleb128 0x1a
 1049 0148 2E       		.uleb128 0x2e
 1050 0149 00       		.byte	0
 1051 014a 3F       		.uleb128 0x3f
 1052 014b 19       		.uleb128 0x19
 1053 014c 3C       		.uleb128 0x3c
 1054 014d 19       		.uleb128 0x19
 1055 014e 6E       		.uleb128 0x6e
 1056 014f 0E       		.uleb128 0xe
 1057 0150 03       		.uleb128 0x3
 1058 0151 0E       		.uleb128 0xe
 1059 0152 00       		.byte	0
 1060 0153 00       		.byte	0
 1061 0154 1B       		.uleb128 0x1b
 1062 0155 2E       		.uleb128 0x2e
 1063 0156 00       		.byte	0
 1064 0157 3F       		.uleb128 0x3f
 1065 0158 19       		.uleb128 0x19
 1066 0159 3C       		.uleb128 0x3c
 1067 015a 19       		.uleb128 0x19
 1068 015b 6E       		.uleb128 0x6e
 1069 015c 0E       		.uleb128 0xe
 1070 015d 03       		.uleb128 0x3
 1071 015e 0E       		.uleb128 0xe
 1072 015f 3A       		.uleb128 0x3a
 1073 0160 0B       		.uleb128 0xb
 1074 0161 3B       		.uleb128 0x3b
 1075 0162 0B       		.uleb128 0xb
 1076 0163 00       		.byte	0
 1077 0164 00       		.byte	0
 1078 0165 00       		.byte	0
 1079              		.section	.debug_loc,"",%progbits
 1080              	.Ldebug_loc0:
 1081              	.LLST0:
 1082 0000 00000000 		.4byte	.LVL0
 1083 0004 09000000 		.4byte	.LVL2-1
ARM GAS  C:\Users\jagumiel\AppData\Local\Temp\ccXu755d.s 			page 26


 1084 0008 0100     		.2byte	0x1
 1085 000a 50       		.byte	0x50
 1086 000b 09000000 		.4byte	.LVL2-1
 1087 000f 0C000000 		.4byte	.LFE2
 1088 0013 0400     		.2byte	0x4
 1089 0015 F3       		.byte	0xf3
 1090 0016 01       		.uleb128 0x1
 1091 0017 50       		.byte	0x50
 1092 0018 9F       		.byte	0x9f
 1093 0019 00000000 		.4byte	0
 1094 001d 00000000 		.4byte	0
 1095              	.LLST1:
 1096 0021 00000000 		.4byte	.LVL0
 1097 0025 06000000 		.4byte	.LVL1
 1098 0029 0100     		.2byte	0x1
 1099 002b 51       		.byte	0x51
 1100 002c 06000000 		.4byte	.LVL1
 1101 0030 09000000 		.4byte	.LVL2-1
 1102 0034 0100     		.2byte	0x1
 1103 0036 52       		.byte	0x52
 1104 0037 09000000 		.4byte	.LVL2-1
 1105 003b 0C000000 		.4byte	.LFE2
 1106 003f 0400     		.2byte	0x4
 1107 0041 F3       		.byte	0xf3
 1108 0042 01       		.uleb128 0x1
 1109 0043 51       		.byte	0x51
 1110 0044 9F       		.byte	0x9f
 1111 0045 00000000 		.4byte	0
 1112 0049 00000000 		.4byte	0
 1113              	.LLST2:
 1114 004d BE000000 		.4byte	.LVL11
 1115 0051 C2000000 		.4byte	.LVL12
 1116 0055 0200     		.2byte	0x2
 1117 0057 30       		.byte	0x30
 1118 0058 9F       		.byte	0x9f
 1119 0059 C2000000 		.4byte	.LVL12
 1120 005d E0000000 		.4byte	.LVL14
 1121 0061 0100     		.2byte	0x1
 1122 0063 54       		.byte	0x54
 1123 0064 E2000000 		.4byte	.LVL15
 1124 0068 1C010000 		.4byte	.LVL18
 1125 006c 0100     		.2byte	0x1
 1126 006e 54       		.byte	0x54
 1127 006f 00000000 		.4byte	0
 1128 0073 00000000 		.4byte	0
 1129              	.LLST3:
 1130 0077 C2000000 		.4byte	.LVL12
 1131 007b E0000000 		.4byte	.LVL14
 1132 007f 0B00     		.2byte	0xb
 1133 0081 74       		.byte	0x74
 1134 0082 00       		.sleb128 0
 1135 0083 36       		.byte	0x36
 1136 0084 1E       		.byte	0x1e
 1137 0085 03       		.byte	0x3
 1138 0086 00000000 		.4byte	cfg_memset_list.4884
 1139 008a 22       		.byte	0x22
 1140 008b 9F       		.byte	0x9f
ARM GAS  C:\Users\jagumiel\AppData\Local\Temp\ccXu755d.s 			page 27


 1141 008c E0000000 		.4byte	.LVL14
 1142 0090 E2000000 		.4byte	.LVL15
 1143 0094 0B00     		.2byte	0xb
 1144 0096 74       		.byte	0x74
 1145 0097 7F       		.sleb128 -1
 1146 0098 36       		.byte	0x36
 1147 0099 1E       		.byte	0x1e
 1148 009a 03       		.byte	0x3
 1149 009b 00000000 		.4byte	cfg_memset_list.4884
 1150 009f 22       		.byte	0x22
 1151 00a0 9F       		.byte	0x9f
 1152 00a1 00000000 		.4byte	0
 1153 00a5 00000000 		.4byte	0
 1154              		.section	.debug_aranges,"",%progbits
 1155 0000 34000000 		.4byte	0x34
 1156 0004 0200     		.2byte	0x2
 1157 0006 00000000 		.4byte	.Ldebug_info0
 1158 000a 04       		.byte	0x4
 1159 000b 00       		.byte	0
 1160 000c 0000     		.2byte	0
 1161 000e 0000     		.2byte	0
 1162 0010 00000000 		.4byte	.LFB6
 1163 0014 20000000 		.4byte	.LFE6-.LFB6
 1164 0018 00000000 		.4byte	.LFB2
 1165 001c 0C000000 		.4byte	.LFE2-.LFB2
 1166 0020 00000000 		.4byte	.LFB5
 1167 0024 B4000000 		.4byte	.LFE5-.LFB5
 1168 0028 B4000000 		.4byte	.LFB7
 1169 002c 90000000 		.4byte	.LFE7-.LFB7
 1170 0030 00000000 		.4byte	0
 1171 0034 00000000 		.4byte	0
 1172              		.section	.debug_ranges,"",%progbits
 1173              	.Ldebug_ranges0:
 1174 0000 00000000 		.4byte	.LFB6
 1175 0004 20000000 		.4byte	.LFE6
 1176 0008 00000000 		.4byte	.LFB2
 1177 000c 0C000000 		.4byte	.LFE2
 1178 0010 00000000 		.4byte	.LFB5
 1179 0014 B4000000 		.4byte	.LFE5
 1180 0018 B4000000 		.4byte	.LFB7
 1181 001c 44010000 		.4byte	.LFE7
 1182 0020 00000000 		.4byte	0
 1183 0024 00000000 		.4byte	0
 1184              		.section	.debug_line,"",%progbits
 1185              	.Ldebug_line0:
 1186 0000 55010000 		.section	.debug_str,"MS",%progbits,1
 1186      0200E300 
 1186      00000201 
 1186      FB0E0D00 
 1186      01010101 
 1187              	.LASF27:
 1188 0000 43794465 		.ascii	"CyDelayCycles\000"
 1188      6C617943 
 1188      79636C65 
 1188      7300
 1189              	.LASF19:
 1190 000e 72656733 		.ascii	"reg32\000"
ARM GAS  C:\Users\jagumiel\AppData\Local\Temp\ccXu755d.s 			page 28


 1190      3200
 1191              	.LASF12:
 1192 0014 73697A65 		.ascii	"size_t\000"
 1192      5F7400
 1193              	.LASF37:
 1194 001b 416E616C 		.ascii	"AnalogSetDefault\000"
 1194      6F675365 
 1194      74446566 
 1194      61756C74 
 1194      00
 1195              	.LASF32:
 1196 002c 4379496E 		.ascii	"CyIntSetVector\000"
 1196      74536574 
 1196      56656374 
 1196      6F7200
 1197              	.LASF25:
 1198 003b 6366675F 		.ascii	"cfg_memset_list\000"
 1198      6D656D73 
 1198      65745F6C 
 1198      69737400 
 1199              	.LASF21:
 1200 004b 436C6F63 		.ascii	"ClockSetup\000"
 1200      6B536574 
 1200      757000
 1201              	.LASF6:
 1202 0056 73686F72 		.ascii	"short unsigned int\000"
 1202      7420756E 
 1202      7369676E 
 1202      65642069 
 1202      6E7400
 1203              	.LASF16:
 1204 0069 666C6F61 		.ascii	"float\000"
 1204      7400
 1205              	.LASF23:
 1206 006f 73697A65 		.ascii	"size\000"
 1206      00
 1207              	.LASF28:
 1208 0074 43795379 		.ascii	"CySysClkWcoSetPowerMode\000"
 1208      73436C6B 
 1208      57636F53 
 1208      6574506F 
 1208      7765724D 
 1209              	.LASF18:
 1210 008c 72656738 		.ascii	"reg8\000"
 1210      00
 1211              	.LASF8:
 1212 0091 6C6F6E67 		.ascii	"long unsigned int\000"
 1212      20756E73 
 1212      69676E65 
 1212      6420696E 
 1212      7400
 1213              	.LASF13:
 1214 00a3 75696E74 		.ascii	"uint8\000"
 1214      3800
 1215              	.LASF26:
 1216 00a9 43795379 		.ascii	"CySysClkWcoStart\000"
 1216      73436C6B 
ARM GAS  C:\Users\jagumiel\AppData\Local\Temp\ccXu755d.s 			page 29


 1216      57636F53 
 1216      74617274 
 1216      00
 1217              	.LASF20:
 1218 00ba 43594D45 		.ascii	"CYMEMZERO\000"
 1218      4D5A4552 
 1218      4F00
 1219              	.LASF4:
 1220 00c4 756E7369 		.ascii	"unsigned char\000"
 1220      676E6564 
 1220      20636861 
 1220      7200
 1221              	.LASF39:
 1222 00d2 6D656D73 		.ascii	"memset\000"
 1222      657400
 1223              	.LASF17:
 1224 00d9 646F7562 		.ascii	"double\000"
 1224      6C6500
 1225              	.LASF33:
 1226 00e0 4379496E 		.ascii	"CyIntEnable\000"
 1226      74456E61 
 1226      626C6500 
 1227              	.LASF14:
 1228 00ec 75696E74 		.ascii	"uint16\000"
 1228      313600
 1229              	.LASF15:
 1230 00f3 75696E74 		.ascii	"uint32\000"
 1230      333200
 1231              	.LASF36:
 1232 00fa 443A5C55 		.ascii	"D:\\Users\\jagumiel\\Documents\\PSoC Creator\\PSoC-"
 1232      73657273 
 1232      5C6A6167 
 1232      756D6965 
 1232      6C5C446F 
 1233 0128 3130315C 		.ascii	"101\\PSoC-101\\TrainingProjects\\Workspace01\\Stepp"
 1233      50536F43 
 1233      2D313031 
 1233      5C547261 
 1233      696E696E 
 1234 0157 65724D6F 		.ascii	"erMotor-Test.cydsn\000"
 1234      746F722D 
 1234      54657374 
 1234      2E637964 
 1234      736E00
 1235              	.LASF0:
 1236 016a 756E7369 		.ascii	"unsigned int\000"
 1236      676E6564 
 1236      20696E74 
 1236      00
 1237              	.LASF38:
 1238 0177 63796669 		.ascii	"cyfitter_cfg\000"
 1238      74746572 
 1238      5F636667 
 1238      00
 1239              	.LASF22:
 1240 0184 61646472 		.ascii	"address\000"
 1240      65737300 
ARM GAS  C:\Users\jagumiel\AppData\Local\Temp\ccXu755d.s 			page 30


 1241              	.LASF9:
 1242 018c 6C6F6E67 		.ascii	"long long unsigned int\000"
 1242      206C6F6E 
 1242      6720756E 
 1242      7369676E 
 1242      65642069 
 1243              	.LASF34:
 1244 01a3 474E5520 		.ascii	"GNU C11 5.4.1 20160609 (release) [ARM/embedded-5-br"
 1244      43313120 
 1244      352E342E 
 1244      31203230 
 1244      31363036 
 1245 01d6 616E6368 		.ascii	"anch revision 237715] -mcpu=cortex-m0 -mthumb -g -O"
 1245      20726576 
 1245      6973696F 
 1245      6E203233 
 1245      37373135 
 1246 0209 67202D66 		.ascii	"g -ffunction-sections -ffat-lto-objects\000"
 1246      66756E63 
 1246      74696F6E 
 1246      2D736563 
 1246      74696F6E 
 1247              	.LASF24:
 1248 0231 6366675F 		.ascii	"cfg_memset_t\000"
 1248      6D656D73 
 1248      65745F74 
 1248      00
 1249              	.LASF10:
 1250 023e 73697A65 		.ascii	"sizetype\000"
 1250      74797065 
 1250      00
 1251              	.LASF1:
 1252 0247 6C6F6E67 		.ascii	"long long int\000"
 1252      206C6F6E 
 1252      6720696E 
 1252      7400
 1253              	.LASF31:
 1254 0255 43794465 		.ascii	"CyDelayUs\000"
 1254      6C617955 
 1254      7300
 1255              	.LASF11:
 1256 025f 63686172 		.ascii	"char\000"
 1256      00
 1257              	.LASF30:
 1258 0264 43795379 		.ascii	"CySysClkEcoStart\000"
 1258      73436C6B 
 1258      45636F53 
 1258      74617274 
 1258      00
 1259              	.LASF5:
 1260 0275 73686F72 		.ascii	"short int\000"
 1260      7420696E 
 1260      7400
 1261              	.LASF29:
 1262 027f 43795379 		.ascii	"CySysClkWriteImoFreq\000"
 1262      73436C6B 
 1262      57726974 
ARM GAS  C:\Users\jagumiel\AppData\Local\Temp\ccXu755d.s 			page 31


 1262      65496D6F 
 1262      46726571 
 1263              	.LASF7:
 1264 0294 6C6F6E67 		.ascii	"long int\000"
 1264      20696E74 
 1264      00
 1265              	.LASF2:
 1266 029d 6C6F6E67 		.ascii	"long double\000"
 1266      20646F75 
 1266      626C6500 
 1267              	.LASF3:
 1268 02a9 7369676E 		.ascii	"signed char\000"
 1268      65642063 
 1268      68617200 
 1269              	.LASF35:
 1270 02b5 47656E65 		.ascii	"Generated_Source\\PSoC4\\cyfitter_cfg.c\000"
 1270      72617465 
 1270      645F536F 
 1270      75726365 
 1270      5C50536F 
 1271              		.ident	"GCC: (GNU Tools for ARM Embedded Processors) 5.4.1 20160609 (release) [ARM/embedded-5-bran
