Archive member included to satisfy reference by file (symbol)

.\CortexM0\ARM_GCC_541\Debug\RGB-UART_Control.a(CyLib.o)
                              .\CortexM0\ARM_GCC_541\Debug\cyfitter_cfg.o (CyIntEnable)
.\CortexM0\ARM_GCC_541\Debug\RGB-UART_Control.a(CyLFClk.o)
                              .\CortexM0\ARM_GCC_541\Debug\cyfitter_cfg.o (CySysWdtIsr)
.\CortexM0\ARM_GCC_541\Debug\RGB-UART_Control.a(UART.o)
                              .\CortexM0\ARM_GCC_541\Debug\main.o (UART_Start)
.\CortexM0\ARM_GCC_541\Debug\RGB-UART_Control.a(UART_SPI_UART.o)
                              .\CortexM0\ARM_GCC_541\Debug\main.o (UART_SpiUartWriteTxData)
.\CortexM0\ARM_GCC_541\Debug\RGB-UART_Control.a(UART_UART.o)
                              .\CortexM0\ARM_GCC_541\Debug\RGB-UART_Control.a(UART.o) (UART_UartInit)
.\CortexM0\ARM_GCC_541\Debug\RGB-UART_Control.a(PWM_1.o)
                              .\CortexM0\ARM_GCC_541\Debug\main.o (PWM_1_WriteCompare)
.\CortexM0\ARM_GCC_541\Debug\RGB-UART_Control.a(PWM_2.o)
                              .\CortexM0\ARM_GCC_541\Debug\main.o (PWM_2_WriteCompare)
.\CortexM0\ARM_GCC_541\Debug\RGB-UART_Control.a(PWM_3.o)
                              .\CortexM0\ARM_GCC_541\Debug\main.o (PWM_3_WriteCompare)
.\CortexM0\ARM_GCC_541\Debug\RGB-UART_Control.a(CyBootAsmGnu.o)
                              .\CortexM0\ARM_GCC_541\Debug\RGB-UART_Control.a(CyLib.o) (CyDelayCycles)
c:/program files (x86)/cypress/psoc creator/4.2/psoc creator/import/gnu/arm/5.4.1/bin/../lib/gcc/arm-none-eabi/5.4.1/armv6-m\libgcc.a(_udivsi3.o)
                              .\CortexM0\ARM_GCC_541\Debug\RGB-UART_Control.a(CyLib.o) (__aeabi_uidiv)
c:/program files (x86)/cypress/psoc creator/4.2/psoc creator/import/gnu/arm/5.4.1/bin/../lib/gcc/arm-none-eabi/5.4.1/armv6-m\libgcc.a(_dvmd_tls.o)
                              c:/program files (x86)/cypress/psoc creator/4.2/psoc creator/import/gnu/arm/5.4.1/bin/../lib/gcc/arm-none-eabi/5.4.1/armv6-m\libgcc.a(_udivsi3.o) (__aeabi_idiv0)
c:/program files (x86)/cypress/psoc creator/4.2/psoc creator/import/gnu/arm/5.4.1/bin/../lib/gcc/arm-none-eabi/5.4.1/../../../../arm-none-eabi/lib/armv6-m\libg_nano.a(lib_a-atoi.o)
                              .\CortexM0\ARM_GCC_541\Debug\main.o (atoi)
c:/program files (x86)/cypress/psoc creator/4.2/psoc creator/import/gnu/arm/5.4.1/bin/../lib/gcc/arm-none-eabi/5.4.1/../../../../arm-none-eabi/lib/armv6-m\libg_nano.a(lib_a-errno.o)
                              .\CortexM0\ARM_GCC_541\Debug\Cm0Start.o (__errno)
c:/program files (x86)/cypress/psoc creator/4.2/psoc creator/import/gnu/arm/5.4.1/bin/../lib/gcc/arm-none-eabi/5.4.1/../../../../arm-none-eabi/lib/armv6-m\libg_nano.a(lib_a-exit.o)
                              c:/program files (x86)/cypress/psoc creator/4.2/psoc creator/import/gnu/arm/5.4.1/bin/../lib/gcc/arm-none-eabi/5.4.1/../../../../arm-none-eabi/lib/armv6-m/crt0.o (exit)
c:/program files (x86)/cypress/psoc creator/4.2/psoc creator/import/gnu/arm/5.4.1/bin/../lib/gcc/arm-none-eabi/5.4.1/../../../../arm-none-eabi/lib/armv6-m\libg_nano.a(lib_a-impure.o)
                              c:/program files (x86)/cypress/psoc creator/4.2/psoc creator/import/gnu/arm/5.4.1/bin/../lib/gcc/arm-none-eabi/5.4.1/../../../../arm-none-eabi/lib/armv6-m\libg_nano.a(lib_a-exit.o) (_global_impure_ptr)
c:/program files (x86)/cypress/psoc creator/4.2/psoc creator/import/gnu/arm/5.4.1/bin/../lib/gcc/arm-none-eabi/5.4.1/../../../../arm-none-eabi/lib/armv6-m\libg_nano.a(lib_a-init.o)
                              c:/program files (x86)/cypress/psoc creator/4.2/psoc creator/import/gnu/arm/5.4.1/bin/../lib/gcc/arm-none-eabi/5.4.1/../../../../arm-none-eabi/lib/armv6-m/crt0.o (__libc_init_array)
c:/program files (x86)/cypress/psoc creator/4.2/psoc creator/import/gnu/arm/5.4.1/bin/../lib/gcc/arm-none-eabi/5.4.1/../../../../arm-none-eabi/lib/armv6-m\libg_nano.a(lib_a-memset.o)
                              c:/program files (x86)/cypress/psoc creator/4.2/psoc creator/import/gnu/arm/5.4.1/bin/../lib/gcc/arm-none-eabi/5.4.1/../../../../arm-none-eabi/lib/armv6-m/crt0.o (memset)
c:/program files (x86)/cypress/psoc creator/4.2/psoc creator/import/gnu/arm/5.4.1/bin/../lib/gcc/arm-none-eabi/5.4.1/../../../../arm-none-eabi/lib/armv6-m\libg_nano.a(lib_a-strtol.o)
                              c:/program files (x86)/cypress/psoc creator/4.2/psoc creator/import/gnu/arm/5.4.1/bin/../lib/gcc/arm-none-eabi/5.4.1/../../../../arm-none-eabi/lib/armv6-m\libg_nano.a(lib_a-atoi.o) (_strtol_r)
c:/program files (x86)/cypress/psoc creator/4.2/psoc creator/import/gnu/arm/5.4.1/bin/../lib/gcc/arm-none-eabi/5.4.1/../../../../arm-none-eabi/lib/armv6-m\libg_nano.a(lib_a-ctype_.o)
                              c:/program files (x86)/cypress/psoc creator/4.2/psoc creator/import/gnu/arm/5.4.1/bin/../lib/gcc/arm-none-eabi/5.4.1/../../../../arm-none-eabi/lib/armv6-m\libg_nano.a(lib_a-strtol.o) (__ctype_ptr__)

Allocating common symbols
Common symbol       size              file

green               0x1               .\CortexM0\ARM_GCC_541\Debug\main.o
red                 0x1               .\CortexM0\ARM_GCC_541\Debug\main.o

Discarded input sections

 .text          0x00000000        0x0 c:/program files (x86)/cypress/psoc creator/4.2/psoc creator/import/gnu/arm/5.4.1/bin/../lib/gcc/arm-none-eabi/5.4.1/armv6-m/crti.o
 .data          0x00000000        0x0 c:/program files (x86)/cypress/psoc creator/4.2/psoc creator/import/gnu/arm/5.4.1/bin/../lib/gcc/arm-none-eabi/5.4.1/armv6-m/crti.o
 .bss           0x00000000        0x0 c:/program files (x86)/cypress/psoc creator/4.2/psoc creator/import/gnu/arm/5.4.1/bin/../lib/gcc/arm-none-eabi/5.4.1/armv6-m/crti.o
 .data          0x00000000        0x4 c:/program files (x86)/cypress/psoc creator/4.2/psoc creator/import/gnu/arm/5.4.1/bin/../lib/gcc/arm-none-eabi/5.4.1/armv6-m/crtbegin.o
 .text          0x00000000       0x78 c:/program files (x86)/cypress/psoc creator/4.2/psoc creator/import/gnu/arm/5.4.1/bin/../lib/gcc/arm-none-eabi/5.4.1/../../../../arm-none-eabi/lib/armv6-m/crt0.o
 .data          0x00000000        0x0 c:/program files (x86)/cypress/psoc creator/4.2/psoc creator/import/gnu/arm/5.4.1/bin/../lib/gcc/arm-none-eabi/5.4.1/../../../../arm-none-eabi/lib/armv6-m/crt0.o
 .bss           0x00000000        0x0 c:/program files (x86)/cypress/psoc creator/4.2/psoc creator/import/gnu/arm/5.4.1/bin/../lib/gcc/arm-none-eabi/5.4.1/../../../../arm-none-eabi/lib/armv6-m/crt0.o
 .ARM.extab     0x00000000        0x0 c:/program files (x86)/cypress/psoc creator/4.2/psoc creator/import/gnu/arm/5.4.1/bin/../lib/gcc/arm-none-eabi/5.4.1/../../../../arm-none-eabi/lib/armv6-m/crt0.o
 .ARM.exidx     0x00000000        0x8 c:/program files (x86)/cypress/psoc creator/4.2/psoc creator/import/gnu/arm/5.4.1/bin/../lib/gcc/arm-none-eabi/5.4.1/../../../../arm-none-eabi/lib/armv6-m/crt0.o
 .text          0x00000000        0x0 .\CortexM0\ARM_GCC_541\Debug\main.o
 .data          0x00000000        0x0 .\CortexM0\ARM_GCC_541\Debug\main.o
 .text          0x00000000        0x0 .\CortexM0\ARM_GCC_541\Debug\cyfitter_cfg.o
 .data          0x00000000        0x0 .\CortexM0\ARM_GCC_541\Debug\cyfitter_cfg.o
 .bss           0x00000000        0x0 .\CortexM0\ARM_GCC_541\Debug\cyfitter_cfg.o
 .text          0x00000000        0x0 .\CortexM0\ARM_GCC_541\Debug\cymetadata.o
 .data          0x00000000        0x0 .\CortexM0\ARM_GCC_541\Debug\cymetadata.o
 .bss           0x00000000        0x0 .\CortexM0\ARM_GCC_541\Debug\cymetadata.o
 .text          0x00000000        0x0 .\CortexM0\ARM_GCC_541\Debug\Cm0Start.o
 .data          0x00000000        0x4 .\CortexM0\ARM_GCC_541\Debug\Cm0Start.o
 .bss           0x00000000        0x0 .\CortexM0\ARM_GCC_541\Debug\Cm0Start.o
 .text._exit    0x00000000        0xc .\CortexM0\ARM_GCC_541\Debug\Cm0Start.o
 .text._sbrk    0x00000000       0x30 .\CortexM0\ARM_GCC_541\Debug\Cm0Start.o
 .text          0x00000000        0x0 .\CortexM0\ARM_GCC_541\Debug\RGB-UART_Control.a(CyLib.o)
 .bss           0x00000000       0x18 .\CortexM0\ARM_GCC_541\Debug\RGB-UART_Control.a(CyLib.o)
 .text.CySysClkImoStart
                0x00000000       0x14 .\CortexM0\ARM_GCC_541\Debug\RGB-UART_Control.a(CyLib.o)
 .text.CySysClkImoStop
                0x00000000       0x10 .\CortexM0\ARM_GCC_541\Debug\RGB-UART_Control.a(CyLib.o)
 .text.CySysClkWriteHfclkDirect
                0x00000000       0x20 .\CortexM0\ARM_GCC_541\Debug\RGB-UART_Control.a(CyLib.o)
 .text.CySysEnablePumpClock
                0x00000000       0x38 .\CortexM0\ARM_GCC_541\Debug\RGB-UART_Control.a(CyLib.o)
 .text.CySysClkGetSysclkSource
                0x00000000       0x1c .\CortexM0\ARM_GCC_541\Debug\RGB-UART_Control.a(CyLib.o)
 .text.CySysClkWriteSysclkDiv
                0x00000000       0x30 .\CortexM0\ARM_GCC_541\Debug\RGB-UART_Control.a(CyLib.o)
 .text.CySysLvdDisable
                0x00000000       0x20 .\CortexM0\ARM_GCC_541\Debug\RGB-UART_Control.a(CyLib.o)
 .text.CySysLvdGetInterruptSource
                0x00000000       0x10 .\CortexM0\ARM_GCC_541\Debug\RGB-UART_Control.a(CyLib.o)
 .text.CySysLvdClearInterrupt
                0x00000000        0xc .\CortexM0\ARM_GCC_541\Debug\RGB-UART_Control.a(CyLib.o)
 .text.CySysGetResetReason
                0x00000000       0x14 .\CortexM0\ARM_GCC_541\Debug\RGB-UART_Control.a(CyLib.o)
 .text.CyDisableInts
                0x00000000       0x10 .\CortexM0\ARM_GCC_541\Debug\RGB-UART_Control.a(CyLib.o)
 .text.CyEnableInts
                0x00000000        0xc .\CortexM0\ARM_GCC_541\Debug\RGB-UART_Control.a(CyLib.o)
 .text.CyIntGetState
                0x00000000       0x18 .\CortexM0\ARM_GCC_541\Debug\RGB-UART_Control.a(CyLib.o)
 .text.CyIntDisable
                0x00000000       0x14 .\CortexM0\ARM_GCC_541\Debug\RGB-UART_Control.a(CyLib.o)
 .text.CyIntSetPending
                0x00000000       0x14 .\CortexM0\ARM_GCC_541\Debug\RGB-UART_Control.a(CyLib.o)
 .text.CyIntClearPending
                0x00000000       0x14 .\CortexM0\ARM_GCC_541\Debug\RGB-UART_Control.a(CyLib.o)
 .text.CyIntSetSysVector
                0x00000000       0x20 .\CortexM0\ARM_GCC_541\Debug\RGB-UART_Control.a(CyLib.o)
 .text.CyIntGetSysVector
                0x00000000       0x1c .\CortexM0\ARM_GCC_541\Debug\RGB-UART_Control.a(CyLib.o)
 .text.CyIntGetVector
                0x00000000       0x20 .\CortexM0\ARM_GCC_541\Debug\RGB-UART_Control.a(CyLib.o)
 .text.CyIntSetPriority
                0x00000000       0x4c .\CortexM0\ARM_GCC_541\Debug\RGB-UART_Control.a(CyLib.o)
 .text.CyIntGetPriority
                0x00000000       0x2c .\CortexM0\ARM_GCC_541\Debug\RGB-UART_Control.a(CyLib.o)
 .text.CySoftwareReset
                0x00000000       0x18 .\CortexM0\ARM_GCC_541\Debug\RGB-UART_Control.a(CyLib.o)
 .text.CyDelay  0x00000000       0x30 .\CortexM0\ARM_GCC_541\Debug\RGB-UART_Control.a(CyLib.o)
 .text.CySysLvdEnable
                0x00000000       0x44 .\CortexM0\ARM_GCC_541\Debug\RGB-UART_Control.a(CyLib.o)
 .text.CyDelayFreq
                0x00000000       0x4c .\CortexM0\ARM_GCC_541\Debug\RGB-UART_Control.a(CyLib.o)
 .text.CySysTickStop
                0x00000000       0x10 .\CortexM0\ARM_GCC_541\Debug\RGB-UART_Control.a(CyLib.o)
 .text.CySysTickEnableInterrupt
                0x00000000       0x10 .\CortexM0\ARM_GCC_541\Debug\RGB-UART_Control.a(CyLib.o)
 .text.CySysTickEnable
                0x00000000       0x18 .\CortexM0\ARM_GCC_541\Debug\RGB-UART_Control.a(CyLib.o)
 .text.CySysTickDisableInterrupt
                0x00000000       0x10 .\CortexM0\ARM_GCC_541\Debug\RGB-UART_Control.a(CyLib.o)
 .text.CySysTickSetReload
                0x00000000       0x10 .\CortexM0\ARM_GCC_541\Debug\RGB-UART_Control.a(CyLib.o)
 .text.CySysTickGetReload
                0x00000000       0x10 .\CortexM0\ARM_GCC_541\Debug\RGB-UART_Control.a(CyLib.o)
 .text.CySysTickGetValue
                0x00000000       0x10 .\CortexM0\ARM_GCC_541\Debug\RGB-UART_Control.a(CyLib.o)
 .text.CySysTickGetCountFlag
                0x00000000       0x10 .\CortexM0\ARM_GCC_541\Debug\RGB-UART_Control.a(CyLib.o)
 .text.CySysTickServiceCallbacks
                0x00000000       0x28 .\CortexM0\ARM_GCC_541\Debug\RGB-UART_Control.a(CyLib.o)
 .text.CySysTickClear
                0x00000000        0xc .\CortexM0\ARM_GCC_541\Debug\RGB-UART_Control.a(CyLib.o)
 .text.CySysTickInit
                0x00000000       0x40 .\CortexM0\ARM_GCC_541\Debug\RGB-UART_Control.a(CyLib.o)
 .text.CySysTickStart
                0x00000000       0x20 .\CortexM0\ARM_GCC_541\Debug\RGB-UART_Control.a(CyLib.o)
 .text.CySysTickSetCallback
                0x00000000       0x10 .\CortexM0\ARM_GCC_541\Debug\RGB-UART_Control.a(CyLib.o)
 .text.CySysTickGetCallback
                0x00000000        0xc .\CortexM0\ARM_GCC_541\Debug\RGB-UART_Control.a(CyLib.o)
 .text.CyGetUniqueId
                0x00000000       0x70 .\CortexM0\ARM_GCC_541\Debug\RGB-UART_Control.a(CyLib.o)
 .text          0x00000000        0x0 .\CortexM0\ARM_GCC_541\Debug\RGB-UART_Control.a(CyLFClk.o)
 .text.CySysClkIloEnabled
                0x00000000       0x14 .\CortexM0\ARM_GCC_541\Debug\RGB-UART_Control.a(CyLFClk.o)
 .text.CySysClkIloStart
                0x00000000       0x14 .\CortexM0\ARM_GCC_541\Debug\RGB-UART_Control.a(CyLFClk.o)
 .text.CySysClkIloStartMeasurement
                0x00000000       0x34 .\CortexM0\ARM_GCC_541\Debug\RGB-UART_Control.a(CyLFClk.o)
 .text.CySysClkIloStopMeasurement
                0x00000000       0x14 .\CortexM0\ARM_GCC_541\Debug\RGB-UART_Control.a(CyLFClk.o)
 .text.CySysClkIloCompensate
                0x00000000      0x104 .\CortexM0\ARM_GCC_541\Debug\RGB-UART_Control.a(CyLFClk.o)
 .text.CySysWdtGetEnabledStatus
                0x00000000       0x24 .\CortexM0\ARM_GCC_541\Debug\RGB-UART_Control.a(CyLFClk.o)
 .text.CySysWdtSetMode
                0x00000000       0x38 .\CortexM0\ARM_GCC_541\Debug\RGB-UART_Control.a(CyLFClk.o)
 .text.CySysClkLfclkPosedgeRestore
                0x00000000       0x2c .\CortexM0\ARM_GCC_541\Debug\RGB-UART_Control.a(CyLFClk.o)
 .text.CySysWdtGetMode
                0x00000000       0x14 .\CortexM0\ARM_GCC_541\Debug\RGB-UART_Control.a(CyLFClk.o)
 .text.CySysWdtSetClearOnMatch
                0x00000000       0x34 .\CortexM0\ARM_GCC_541\Debug\RGB-UART_Control.a(CyLFClk.o)
 .text.CySysWdtGetClearOnMatch
                0x00000000       0x24 .\CortexM0\ARM_GCC_541\Debug\RGB-UART_Control.a(CyLFClk.o)
 .text.CySysWdtEnable
                0x00000000       0x40 .\CortexM0\ARM_GCC_541\Debug\RGB-UART_Control.a(CyLFClk.o)
 .text.CySysWdtDisable
                0x00000000       0x44 .\CortexM0\ARM_GCC_541\Debug\RGB-UART_Control.a(CyLFClk.o)
 .text.CySysWdtSetCascade
                0x00000000       0x34 .\CortexM0\ARM_GCC_541\Debug\RGB-UART_Control.a(CyLFClk.o)
 .text.CySysWdtGetCascade
                0x00000000       0x14 .\CortexM0\ARM_GCC_541\Debug\RGB-UART_Control.a(CyLFClk.o)
 .text.CySysWdtSetMatch
                0x00000000       0x38 .\CortexM0\ARM_GCC_541\Debug\RGB-UART_Control.a(CyLFClk.o)
 .text.CySysWdtSetToggleBit
                0x00000000       0x30 .\CortexM0\ARM_GCC_541\Debug\RGB-UART_Control.a(CyLFClk.o)
 .text.CySysWdtGetToggleBit
                0x00000000       0x10 .\CortexM0\ARM_GCC_541\Debug\RGB-UART_Control.a(CyLFClk.o)
 .text.CySysWdtGetMatch
                0x00000000       0x20 .\CortexM0\ARM_GCC_541\Debug\RGB-UART_Control.a(CyLFClk.o)
 .text.CySysWdtGetCount
                0x00000000       0x3c .\CortexM0\ARM_GCC_541\Debug\RGB-UART_Control.a(CyLFClk.o)
 .text.CySysClkLfclkPosedgeCatch
                0x00000000       0x74 .\CortexM0\ARM_GCC_541\Debug\RGB-UART_Control.a(CyLFClk.o)
 .text.CySysClkIloStop
                0x00000000       0x38 .\CortexM0\ARM_GCC_541\Debug\RGB-UART_Control.a(CyLFClk.o)
 .text.CySysWdtGetInterruptSource
                0x00000000       0x14 .\CortexM0\ARM_GCC_541\Debug\RGB-UART_Control.a(CyLFClk.o)
 .text.CySysWdtResetCounters
                0x00000000       0x20 .\CortexM0\ARM_GCC_541\Debug\RGB-UART_Control.a(CyLFClk.o)
 .text.CySysWdtSetInterruptCallback
                0x00000000       0x20 .\CortexM0\ARM_GCC_541\Debug\RGB-UART_Control.a(CyLFClk.o)
 .text.CySysWdtGetInterruptCallback
                0x00000000       0x20 .\CortexM0\ARM_GCC_541\Debug\RGB-UART_Control.a(CyLFClk.o)
 .text.CySysWdtEnableCounterIsr
                0x00000000       0x34 .\CortexM0\ARM_GCC_541\Debug\RGB-UART_Control.a(CyLFClk.o)
 .text.CySysWdtDisableCounterIsr
                0x00000000       0x28 .\CortexM0\ARM_GCC_541\Debug\RGB-UART_Control.a(CyLFClk.o)
 .text.CySysWatchdogFeed
                0x00000000       0x60 .\CortexM0\ARM_GCC_541\Debug\RGB-UART_Control.a(CyLFClk.o)
 .text.CySysTimerDelayUntilMatch
                0x00000000       0x6c .\CortexM0\ARM_GCC_541\Debug\RGB-UART_Control.a(CyLFClk.o)
 .text.CySysTimerDelay
                0x00000000       0x3c .\CortexM0\ARM_GCC_541\Debug\RGB-UART_Control.a(CyLFClk.o)
 .rodata        0x00000000        0xc .\CortexM0\ARM_GCC_541\Debug\RGB-UART_Control.a(CyLFClk.o)
 .text          0x00000000        0x0 .\CortexM0\ARM_GCC_541\Debug\RGB-UART_Control.a(UART.o)
 .data          0x00000000        0x0 .\CortexM0\ARM_GCC_541\Debug\RGB-UART_Control.a(UART.o)
 .text.UART_ScbModeStop
                0x00000000        0x8 .\CortexM0\ARM_GCC_541\Debug\RGB-UART_Control.a(UART.o)
 .text.UART_Stop
                0x00000000       0x20 .\CortexM0\ARM_GCC_541\Debug\RGB-UART_Control.a(UART.o)
 .text.UART_SetRxFifoLevel
                0x00000000       0x14 .\CortexM0\ARM_GCC_541\Debug\RGB-UART_Control.a(UART.o)
 .text.UART_SetTxFifoLevel
                0x00000000       0x14 .\CortexM0\ARM_GCC_541\Debug\RGB-UART_Control.a(UART.o)
 .text.UART_I2CSlaveNackGeneration
                0x00000000       0x3c .\CortexM0\ARM_GCC_541\Debug\RGB-UART_Control.a(UART.o)
 .text          0x00000000        0x0 .\CortexM0\ARM_GCC_541\Debug\RGB-UART_Control.a(UART_SPI_UART.o)
 .data          0x00000000        0x0 .\CortexM0\ARM_GCC_541\Debug\RGB-UART_Control.a(UART_SPI_UART.o)
 .bss           0x00000000        0x0 .\CortexM0\ARM_GCC_541\Debug\RGB-UART_Control.a(UART_SPI_UART.o)
 .text.UART_SpiUartClearRxBuffer
                0x00000000       0x20 .\CortexM0\ARM_GCC_541\Debug\RGB-UART_Control.a(UART_SPI_UART.o)
 .text.UART_SpiUartPutArray
                0x00000000       0x18 .\CortexM0\ARM_GCC_541\Debug\RGB-UART_Control.a(UART_SPI_UART.o)
 .text.UART_SpiUartGetTxBufferSize
                0x00000000       0x10 .\CortexM0\ARM_GCC_541\Debug\RGB-UART_Control.a(UART_SPI_UART.o)
 .text.UART_SpiUartClearTxBuffer
                0x00000000       0x20 .\CortexM0\ARM_GCC_541\Debug\RGB-UART_Control.a(UART_SPI_UART.o)
 .text.UART_SpiUartDisableIntRx
                0x00000000       0x10 .\CortexM0\ARM_GCC_541\Debug\RGB-UART_Control.a(UART_SPI_UART.o)
 .text.UART_SpiUartDisableIntTx
                0x00000000       0x10 .\CortexM0\ARM_GCC_541\Debug\RGB-UART_Control.a(UART_SPI_UART.o)
 .text          0x00000000        0x0 .\CortexM0\ARM_GCC_541\Debug\RGB-UART_Control.a(UART_UART.o)
 .data          0x00000000        0x0 .\CortexM0\ARM_GCC_541\Debug\RGB-UART_Control.a(UART_UART.o)
 .bss           0x00000000        0x0 .\CortexM0\ARM_GCC_541\Debug\RGB-UART_Control.a(UART_UART.o)
 .text.UART_UartStop
                0x00000000       0x28 .\CortexM0\ARM_GCC_541\Debug\RGB-UART_Control.a(UART_UART.o)
 .text.UART_UartSetRxAddress
                0x00000000       0x14 .\CortexM0\ARM_GCC_541\Debug\RGB-UART_Control.a(UART_UART.o)
 .text.UART_UartSetRxAddressMask
                0x00000000       0x18 .\CortexM0\ARM_GCC_541\Debug\RGB-UART_Control.a(UART_UART.o)
 .text.UART_UartGetByte
                0x00000000       0x34 .\CortexM0\ARM_GCC_541\Debug\RGB-UART_Control.a(UART_UART.o)
 .text.UART_UartPutCRLF
                0x00000000       0x14 .\CortexM0\ARM_GCC_541\Debug\RGB-UART_Control.a(UART_UART.o)
 .text.UART_UartSendBreakBlocking
                0x00000000       0x58 .\CortexM0\ARM_GCC_541\Debug\RGB-UART_Control.a(UART_UART.o)
 .text          0x00000000        0x0 .\CortexM0\ARM_GCC_541\Debug\RGB-UART_Control.a(PWM_1.o)
 .data          0x00000000        0x0 .\CortexM0\ARM_GCC_541\Debug\RGB-UART_Control.a(PWM_1.o)
 .text.PWM_1_Stop
                0x00000000       0x10 .\CortexM0\ARM_GCC_541\Debug\RGB-UART_Control.a(PWM_1.o)
 .text.PWM_1_ReadCounter
                0x00000000       0x14 .\CortexM0\ARM_GCC_541\Debug\RGB-UART_Control.a(PWM_1.o)
 .text.PWM_1_ReadControlRegister
                0x00000000        0xc .\CortexM0\ARM_GCC_541\Debug\RGB-UART_Control.a(PWM_1.o)
 .text.PWM_1_WriteControlRegister
                0x00000000        0xc .\CortexM0\ARM_GCC_541\Debug\RGB-UART_Control.a(PWM_1.o)
 .text.PWM_1_ReadCompare
                0x00000000        0xc .\CortexM0\ARM_GCC_541\Debug\RGB-UART_Control.a(PWM_1.o)
 .text.PWM_1_ReadPeriod
                0x00000000        0xc .\CortexM0\ARM_GCC_541\Debug\RGB-UART_Control.a(PWM_1.o)
 .text          0x00000000        0x0 .\CortexM0\ARM_GCC_541\Debug\RGB-UART_Control.a(PWM_2.o)
 .data          0x00000000        0x0 .\CortexM0\ARM_GCC_541\Debug\RGB-UART_Control.a(PWM_2.o)
 .text.PWM_2_Stop
                0x00000000       0x10 .\CortexM0\ARM_GCC_541\Debug\RGB-UART_Control.a(PWM_2.o)
 .text.PWM_2_ReadCounter
                0x00000000       0x14 .\CortexM0\ARM_GCC_541\Debug\RGB-UART_Control.a(PWM_2.o)
 .text.PWM_2_ReadControlRegister
                0x00000000        0xc .\CortexM0\ARM_GCC_541\Debug\RGB-UART_Control.a(PWM_2.o)
 .text.PWM_2_WriteControlRegister
                0x00000000        0xc .\CortexM0\ARM_GCC_541\Debug\RGB-UART_Control.a(PWM_2.o)
 .text.PWM_2_ReadCompare
                0x00000000        0xc .\CortexM0\ARM_GCC_541\Debug\RGB-UART_Control.a(PWM_2.o)
 .text.PWM_2_ReadPeriod
                0x00000000        0xc .\CortexM0\ARM_GCC_541\Debug\RGB-UART_Control.a(PWM_2.o)
 .text          0x00000000        0x0 .\CortexM0\ARM_GCC_541\Debug\RGB-UART_Control.a(PWM_3.o)
 .data          0x00000000        0x0 .\CortexM0\ARM_GCC_541\Debug\RGB-UART_Control.a(PWM_3.o)
 .text.PWM_3_Stop
                0x00000000       0x10 .\CortexM0\ARM_GCC_541\Debug\RGB-UART_Control.a(PWM_3.o)
 .text.PWM_3_ReadCounter
                0x00000000       0x14 .\CortexM0\ARM_GCC_541\Debug\RGB-UART_Control.a(PWM_3.o)
 .text.PWM_3_ReadControlRegister
                0x00000000        0xc .\CortexM0\ARM_GCC_541\Debug\RGB-UART_Control.a(PWM_3.o)
 .text.PWM_3_WriteControlRegister
                0x00000000        0xc .\CortexM0\ARM_GCC_541\Debug\RGB-UART_Control.a(PWM_3.o)
 .text.PWM_3_ReadCompare
                0x00000000        0xc .\CortexM0\ARM_GCC_541\Debug\RGB-UART_Control.a(PWM_3.o)
 .text.PWM_3_ReadPeriod
                0x00000000        0xc .\CortexM0\ARM_GCC_541\Debug\RGB-UART_Control.a(PWM_3.o)
 .data          0x00000000        0x0 .\CortexM0\ARM_GCC_541\Debug\RGB-UART_Control.a(CyBootAsmGnu.o)
 .bss           0x00000000        0x0 .\CortexM0\ARM_GCC_541\Debug\RGB-UART_Control.a(CyBootAsmGnu.o)
 .data          0x00000000        0x0 c:/program files (x86)/cypress/psoc creator/4.2/psoc creator/import/gnu/arm/5.4.1/bin/../lib/gcc/arm-none-eabi/5.4.1/armv6-m\libgcc.a(_udivsi3.o)
 .bss           0x00000000        0x0 c:/program files (x86)/cypress/psoc creator/4.2/psoc creator/import/gnu/arm/5.4.1/bin/../lib/gcc/arm-none-eabi/5.4.1/armv6-m\libgcc.a(_udivsi3.o)
 .data          0x00000000        0x0 c:/program files (x86)/cypress/psoc creator/4.2/psoc creator/import/gnu/arm/5.4.1/bin/../lib/gcc/arm-none-eabi/5.4.1/armv6-m\libgcc.a(_dvmd_tls.o)
 .bss           0x00000000        0x0 c:/program files (x86)/cypress/psoc creator/4.2/psoc creator/import/gnu/arm/5.4.1/bin/../lib/gcc/arm-none-eabi/5.4.1/armv6-m\libgcc.a(_dvmd_tls.o)
 .text          0x00000000        0x0 c:/program files (x86)/cypress/psoc creator/4.2/psoc creator/import/gnu/arm/5.4.1/bin/../lib/gcc/arm-none-eabi/5.4.1/../../../../arm-none-eabi/lib/armv6-m\libg_nano.a(lib_a-atoi.o)
 .data          0x00000000        0x0 c:/program files (x86)/cypress/psoc creator/4.2/psoc creator/import/gnu/arm/5.4.1/bin/../lib/gcc/arm-none-eabi/5.4.1/../../../../arm-none-eabi/lib/armv6-m\libg_nano.a(lib_a-atoi.o)
 .bss           0x00000000        0x0 c:/program files (x86)/cypress/psoc creator/4.2/psoc creator/import/gnu/arm/5.4.1/bin/../lib/gcc/arm-none-eabi/5.4.1/../../../../arm-none-eabi/lib/armv6-m\libg_nano.a(lib_a-atoi.o)
 .text._atoi_r  0x00000000        0xc c:/program files (x86)/cypress/psoc creator/4.2/psoc creator/import/gnu/arm/5.4.1/bin/../lib/gcc/arm-none-eabi/5.4.1/../../../../arm-none-eabi/lib/armv6-m\libg_nano.a(lib_a-atoi.o)
 .text          0x00000000        0x0 c:/program files (x86)/cypress/psoc creator/4.2/psoc creator/import/gnu/arm/5.4.1/bin/../lib/gcc/arm-none-eabi/5.4.1/../../../../arm-none-eabi/lib/armv6-m\libg_nano.a(lib_a-errno.o)
 .data          0x00000000        0x0 c:/program files (x86)/cypress/psoc creator/4.2/psoc creator/import/gnu/arm/5.4.1/bin/../lib/gcc/arm-none-eabi/5.4.1/../../../../arm-none-eabi/lib/armv6-m\libg_nano.a(lib_a-errno.o)
 .bss           0x00000000        0x0 c:/program files (x86)/cypress/psoc creator/4.2/psoc creator/import/gnu/arm/5.4.1/bin/../lib/gcc/arm-none-eabi/5.4.1/../../../../arm-none-eabi/lib/armv6-m\libg_nano.a(lib_a-errno.o)
 .text          0x00000000        0x0 c:/program files (x86)/cypress/psoc creator/4.2/psoc creator/import/gnu/arm/5.4.1/bin/../lib/gcc/arm-none-eabi/5.4.1/../../../../arm-none-eabi/lib/armv6-m\libg_nano.a(lib_a-exit.o)
 .data          0x00000000        0x0 c:/program files (x86)/cypress/psoc creator/4.2/psoc creator/import/gnu/arm/5.4.1/bin/../lib/gcc/arm-none-eabi/5.4.1/../../../../arm-none-eabi/lib/armv6-m\libg_nano.a(lib_a-exit.o)
 .bss           0x00000000        0x0 c:/program files (x86)/cypress/psoc creator/4.2/psoc creator/import/gnu/arm/5.4.1/bin/../lib/gcc/arm-none-eabi/5.4.1/../../../../arm-none-eabi/lib/armv6-m\libg_nano.a(lib_a-exit.o)
 .text.exit     0x00000000       0x2c c:/program files (x86)/cypress/psoc creator/4.2/psoc creator/import/gnu/arm/5.4.1/bin/../lib/gcc/arm-none-eabi/5.4.1/../../../../arm-none-eabi/lib/armv6-m\libg_nano.a(lib_a-exit.o)
 .text          0x00000000        0x0 c:/program files (x86)/cypress/psoc creator/4.2/psoc creator/import/gnu/arm/5.4.1/bin/../lib/gcc/arm-none-eabi/5.4.1/../../../../arm-none-eabi/lib/armv6-m\libg_nano.a(lib_a-impure.o)
 .data          0x00000000        0x0 c:/program files (x86)/cypress/psoc creator/4.2/psoc creator/import/gnu/arm/5.4.1/bin/../lib/gcc/arm-none-eabi/5.4.1/../../../../arm-none-eabi/lib/armv6-m\libg_nano.a(lib_a-impure.o)
 .bss           0x00000000        0x0 c:/program files (x86)/cypress/psoc creator/4.2/psoc creator/import/gnu/arm/5.4.1/bin/../lib/gcc/arm-none-eabi/5.4.1/../../../../arm-none-eabi/lib/armv6-m\libg_nano.a(lib_a-impure.o)
 .rodata._global_impure_ptr
                0x00000000        0x4 c:/program files (x86)/cypress/psoc creator/4.2/psoc creator/import/gnu/arm/5.4.1/bin/../lib/gcc/arm-none-eabi/5.4.1/../../../../arm-none-eabi/lib/armv6-m\libg_nano.a(lib_a-impure.o)
 .text          0x00000000        0x0 c:/program files (x86)/cypress/psoc creator/4.2/psoc creator/import/gnu/arm/5.4.1/bin/../lib/gcc/arm-none-eabi/5.4.1/../../../../arm-none-eabi/lib/armv6-m\libg_nano.a(lib_a-init.o)
 .data          0x00000000        0x0 c:/program files (x86)/cypress/psoc creator/4.2/psoc creator/import/gnu/arm/5.4.1/bin/../lib/gcc/arm-none-eabi/5.4.1/../../../../arm-none-eabi/lib/armv6-m\libg_nano.a(lib_a-init.o)
 .bss           0x00000000        0x0 c:/program files (x86)/cypress/psoc creator/4.2/psoc creator/import/gnu/arm/5.4.1/bin/../lib/gcc/arm-none-eabi/5.4.1/../../../../arm-none-eabi/lib/armv6-m\libg_nano.a(lib_a-init.o)
 .text          0x00000000        0x0 c:/program files (x86)/cypress/psoc creator/4.2/psoc creator/import/gnu/arm/5.4.1/bin/../lib/gcc/arm-none-eabi/5.4.1/../../../../arm-none-eabi/lib/armv6-m\libg_nano.a(lib_a-memset.o)
 .data          0x00000000        0x0 c:/program files (x86)/cypress/psoc creator/4.2/psoc creator/import/gnu/arm/5.4.1/bin/../lib/gcc/arm-none-eabi/5.4.1/../../../../arm-none-eabi/lib/armv6-m\libg_nano.a(lib_a-memset.o)
 .bss           0x00000000        0x0 c:/program files (x86)/cypress/psoc creator/4.2/psoc creator/import/gnu/arm/5.4.1/bin/../lib/gcc/arm-none-eabi/5.4.1/../../../../arm-none-eabi/lib/armv6-m\libg_nano.a(lib_a-memset.o)
 .text          0x00000000        0x0 c:/program files (x86)/cypress/psoc creator/4.2/psoc creator/import/gnu/arm/5.4.1/bin/../lib/gcc/arm-none-eabi/5.4.1/../../../../arm-none-eabi/lib/armv6-m\libg_nano.a(lib_a-strtol.o)
 .data          0x00000000        0x0 c:/program files (x86)/cypress/psoc creator/4.2/psoc creator/import/gnu/arm/5.4.1/bin/../lib/gcc/arm-none-eabi/5.4.1/../../../../arm-none-eabi/lib/armv6-m\libg_nano.a(lib_a-strtol.o)
 .bss           0x00000000        0x0 c:/program files (x86)/cypress/psoc creator/4.2/psoc creator/import/gnu/arm/5.4.1/bin/../lib/gcc/arm-none-eabi/5.4.1/../../../../arm-none-eabi/lib/armv6-m\libg_nano.a(lib_a-strtol.o)
 .text          0x00000000        0x0 c:/program files (x86)/cypress/psoc creator/4.2/psoc creator/import/gnu/arm/5.4.1/bin/../lib/gcc/arm-none-eabi/5.4.1/../../../../arm-none-eabi/lib/armv6-m\libg_nano.a(lib_a-ctype_.o)
 .data          0x00000000        0x0 c:/program files (x86)/cypress/psoc creator/4.2/psoc creator/import/gnu/arm/5.4.1/bin/../lib/gcc/arm-none-eabi/5.4.1/../../../../arm-none-eabi/lib/armv6-m\libg_nano.a(lib_a-ctype_.o)
 .bss           0x00000000        0x0 c:/program files (x86)/cypress/psoc creator/4.2/psoc creator/import/gnu/arm/5.4.1/bin/../lib/gcc/arm-none-eabi/5.4.1/../../../../arm-none-eabi/lib/armv6-m\libg_nano.a(lib_a-ctype_.o)
 .text          0x00000000        0x0 c:/program files (x86)/cypress/psoc creator/4.2/psoc creator/import/gnu/arm/5.4.1/bin/../lib/gcc/arm-none-eabi/5.4.1/armv6-m/crtend.o
 .data          0x00000000        0x0 c:/program files (x86)/cypress/psoc creator/4.2/psoc creator/import/gnu/arm/5.4.1/bin/../lib/gcc/arm-none-eabi/5.4.1/armv6-m/crtend.o
 .bss           0x00000000        0x0 c:/program files (x86)/cypress/psoc creator/4.2/psoc creator/import/gnu/arm/5.4.1/bin/../lib/gcc/arm-none-eabi/5.4.1/armv6-m/crtend.o
 .text          0x00000000        0x0 c:/program files (x86)/cypress/psoc creator/4.2/psoc creator/import/gnu/arm/5.4.1/bin/../lib/gcc/arm-none-eabi/5.4.1/armv6-m/crtn.o
 .data          0x00000000        0x0 c:/program files (x86)/cypress/psoc creator/4.2/psoc creator/import/gnu/arm/5.4.1/bin/../lib/gcc/arm-none-eabi/5.4.1/armv6-m/crtn.o
 .bss           0x00000000        0x0 c:/program files (x86)/cypress/psoc creator/4.2/psoc creator/import/gnu/arm/5.4.1/bin/../lib/gcc/arm-none-eabi/5.4.1/armv6-m/crtn.o

Memory Configuration

Name             Origin             Length             Attributes
rom              0x00000000         0x00008000         xr
ram              0x20000000         0x00001000         xrw
*default*        0x00000000         0xffffffff

Linker script and memory map

LOAD c:/program files (x86)/cypress/psoc creator/4.2/psoc creator/import/gnu/arm/5.4.1/bin/../lib/gcc/arm-none-eabi/5.4.1/armv6-m/crti.o
LOAD c:/program files (x86)/cypress/psoc creator/4.2/psoc creator/import/gnu/arm/5.4.1/bin/../lib/gcc/arm-none-eabi/5.4.1/armv6-m/crtbegin.o
LOAD c:/program files (x86)/cypress/psoc creator/4.2/psoc creator/import/gnu/arm/5.4.1/bin/../lib/gcc/arm-none-eabi/5.4.1/../../../../arm-none-eabi/lib/armv6-m/crt0.o
START GROUP
LOAD .\CortexM0\ARM_GCC_541\Debug\main.o
LOAD .\CortexM0\ARM_GCC_541\Debug\cyfitter_cfg.o
LOAD .\CortexM0\ARM_GCC_541\Debug\cymetadata.o
LOAD .\CortexM0\ARM_GCC_541\Debug\Cm0Start.o
LOAD .\CortexM0\ARM_GCC_541\Debug\RGB-UART_Control.a
END GROUP
START GROUP
LOAD c:/program files (x86)/cypress/psoc creator/4.2/psoc creator/import/gnu/arm/5.4.1/bin/../lib/gcc/arm-none-eabi/5.4.1/armv6-m\libgcc.a
LOAD c:/program files (x86)/cypress/psoc creator/4.2/psoc creator/import/gnu/arm/5.4.1/bin/../lib/gcc/arm-none-eabi/5.4.1/../../../../arm-none-eabi/lib/armv6-m\libg_nano.a
LOAD c:/program files (x86)/cypress/psoc creator/4.2/psoc creator/import/gnu/arm/5.4.1/bin/../lib/gcc/arm-none-eabi/5.4.1/../../../../arm-none-eabi/lib/armv6-m\libc_nano.a
END GROUP
START GROUP
LOAD c:/program files (x86)/cypress/psoc creator/4.2/psoc creator/import/gnu/arm/5.4.1/bin/../lib/gcc/arm-none-eabi/5.4.1/armv6-m\libgcc.a
LOAD c:/program files (x86)/cypress/psoc creator/4.2/psoc creator/import/gnu/arm/5.4.1/bin/../lib/gcc/arm-none-eabi/5.4.1/../../../../arm-none-eabi/lib/armv6-m\libc_nano.a
END GROUP
LOAD c:/program files (x86)/cypress/psoc creator/4.2/psoc creator/import/gnu/arm/5.4.1/bin/../lib/gcc/arm-none-eabi/5.4.1/armv6-m/crtend.o
LOAD c:/program files (x86)/cypress/psoc creator/4.2/psoc creator/import/gnu/arm/5.4.1/bin/../lib/gcc/arm-none-eabi/5.4.1/armv6-m/crtn.o
START GROUP
LOAD c:/program files (x86)/cypress/psoc creator/4.2/psoc creator/import/gnu/arm/5.4.1/bin/../lib/gcc/arm-none-eabi/5.4.1/armv6-m\libgcc.a
LOAD c:/program files (x86)/cypress/psoc creator/4.2/psoc creator/import/gnu/arm/5.4.1/bin/../lib/gcc/arm-none-eabi/5.4.1/../../../../arm-none-eabi/lib/armv6-m\libc.a
LOAD c:/program files (x86)/cypress/psoc creator/4.2/psoc creator/import/gnu/arm/5.4.1/bin/../lib/gcc/arm-none-eabi/5.4.1/../../../../arm-none-eabi/lib/armv6-m\libnosys.a
END GROUP
                0x00000000                CY_APPL_ORIGIN = 0x0
                0x00000080                CY_FLASH_ROW_SIZE = 0x80
                0x00000001                CY_APPL_NUM = 0x1
                0x00000001                CY_APPL_MAX = 0x1
                0x00000040                CY_METADATA_SIZE = 0x40
                0x00000000                CY_APPL_LOADABLE = 0x0
                0x00000000                CY_CHECKSUM_EXCLUDE_SIZE = ALIGN (0x0, CY_FLASH_ROW_SIZE)
                0x00000000                CY_APP_FOR_STACK_AND_COPIER = 0x0
                [!provide]                PROVIDE (__cy_heap_start, _end)
                0x00000001                PROVIDE (__cy_region_num, ((__cy_regions_end - __cy_regions) / 0x10))
                0x20001000                PROVIDE (__cy_stack, (ORIGIN (ram) + LENGTH (ram)))
                [!provide]                PROVIDE (__cy_heap_end, (__cy_stack - 0x400))

.cybootloader   0x00000000        0x0
 *(.cybootloader)
                0x00000000                appl1_start = CY_APPL_ORIGIN?CY_APPL_ORIGIN:ALIGN (CY_FLASH_ROW_SIZE)
                0x00003f80                appl2_start = (appl1_start + ALIGN ((((LENGTH (rom) - appl1_start) - (0x2 * CY_FLASH_ROW_SIZE)) / 0x2), CY_FLASH_ROW_SIZE))
                0x00000000                appl_start = (CY_APPL_NUM == 0x1)?appl1_start:appl2_start
                0x00000001                cy_project_type_bootloader = (appl_start == 0x0)?0x1:0x0
                0x00000000                cy_project_type_app_for_stack_and_copier = (CY_APP_FOR_STACK_AND_COPIER == 0x1)?0x1:0x0

.text           0x00000000      0xe4c
 CREATE_OBJECT_SYMBOLS
                0x00000000                PROVIDE (__cy_interrupt_vector, RomVectors)
 *(.romvectors)
 .romvectors    0x00000000       0x10 .\CortexM0\ARM_GCC_541\Debug\Cm0Start.o
                0x00000000                RomVectors
                0x00000001                ASSERT ((. != __cy_interrupt_vector), No interrupt vector)
                0x00000001                ASSERT (CY_APPL_ORIGIN?(SIZEOF (.cybootloader) <= CY_APPL_ORIGIN):0x1, Wrong image location)
                0x00000010                PROVIDE (__cy_reset, Reset)
 *(.text.Reset)
 .text.Reset    0x00000010        0x8 .\CortexM0\ARM_GCC_541\Debug\Cm0Start.o
                0x00000010                Reset
                0x00000001                ASSERT ((. != __cy_reset), No reset code)
 *(.psocinit)
 .psocinit      0x00000018      0x194 .\CortexM0\ARM_GCC_541\Debug\cyfitter_cfg.o
                0x000000a8                cyfitter_cfg
                0x000001ac                . = MAX (., 0x100)
 *(.text .text.* .gnu.linkonce.t.*)
 .text          0x000001ac       0x60 c:/program files (x86)/cypress/psoc creator/4.2/psoc creator/import/gnu/arm/5.4.1/bin/../lib/gcc/arm-none-eabi/5.4.1/armv6-m/crtbegin.o
 .text.getResults
                0x0000020c       0x6c .\CortexM0\ARM_GCC_541\Debug\main.o
                0x0000020c                getResults
 .text.setLeds  0x00000278       0x28 .\CortexM0\ARM_GCC_541\Debug\main.o
                0x00000278                setLeds
 .text.turnOffLeds
                0x000002a0       0x18 .\CortexM0\ARM_GCC_541\Debug\main.o
                0x000002a0                turnOffLeds
 .text.main     0x000002b8       0x8c .\CortexM0\ARM_GCC_541\Debug\main.o
                0x000002b8                main
 .text.cfg_write_bytes32
                0x00000344       0x34 .\CortexM0\ARM_GCC_541\Debug\cyfitter_cfg.o
 .text.CYMEMZERO
                0x00000378        0xc .\CortexM0\ARM_GCC_541\Debug\cyfitter_cfg.o
 .text.IntDefaultHandler
                0x00000384       0x10 .\CortexM0\ARM_GCC_541\Debug\Cm0Start.o
                0x00000384                IntDefaultHandler
 .text.Start_c  0x00000394       0x48 .\CortexM0\ARM_GCC_541\Debug\Cm0Start.o
                0x00000394                Start_c
 .text.initialize_psoc
                0x000003dc       0x40 .\CortexM0\ARM_GCC_541\Debug\Cm0Start.o
                0x000003dc                initialize_psoc
 .text.CyIntEnable
                0x0000041c       0x14 .\CortexM0\ARM_GCC_541\Debug\RGB-UART_Control.a(CyLib.o)
                0x0000041c                CyIntEnable
 .text.CyHalt   0x00000430        0x4 .\CortexM0\ARM_GCC_541\Debug\RGB-UART_Control.a(CyLib.o)
                0x00000430                CyHalt
 .text.CyIntSetVector
                0x00000434       0x24 .\CortexM0\ARM_GCC_541\Debug\RGB-UART_Control.a(CyLib.o)
                0x00000434                CyIntSetVector
 .text.CyDelayUs
                0x00000458       0x14 .\CortexM0\ARM_GCC_541\Debug\RGB-UART_Control.a(CyLib.o)
                0x00000458                CyDelayUs
 .text.CySysClkWriteImoFreq
                0x0000046c      0x164 .\CortexM0\ARM_GCC_541\Debug\RGB-UART_Control.a(CyLib.o)
                0x0000046c                CySysClkWriteImoFreq
 .text.CySysWdtLocked
                0x000005d0       0x14 .\CortexM0\ARM_GCC_541\Debug\RGB-UART_Control.a(CyLFClk.o)
 .text.CySysWdtLock
                0x000005e4       0x1c .\CortexM0\ARM_GCC_541\Debug\RGB-UART_Control.a(CyLFClk.o)
                0x000005e4                CySysWdtLock
 .text.CySysWdtUnlock
                0x00000600       0x30 .\CortexM0\ARM_GCC_541\Debug\RGB-UART_Control.a(CyLFClk.o)
                0x00000600                CySysWdtUnlock
 .text.CySysWdtClearInterrupt
                0x00000630       0x4c .\CortexM0\ARM_GCC_541\Debug\RGB-UART_Control.a(CyLFClk.o)
                0x00000630                CySysWdtClearInterrupt
 .text.CySysWdtIsr
                0x0000067c       0xa4 .\CortexM0\ARM_GCC_541\Debug\RGB-UART_Control.a(CyLFClk.o)
                0x0000067c                CySysWdtIsr
 .text.UART_ScbModePostEnable
                0x00000720        0x8 .\CortexM0\ARM_GCC_541\Debug\RGB-UART_Control.a(UART.o)
 .text.UART_Init
                0x00000728        0x8 .\CortexM0\ARM_GCC_541\Debug\RGB-UART_Control.a(UART.o)
                0x00000728                UART_Init
 .text.UART_Enable
                0x00000730       0x18 .\CortexM0\ARM_GCC_541\Debug\RGB-UART_Control.a(UART.o)
                0x00000730                UART_Enable
 .text.UART_Start
                0x00000748       0x20 .\CortexM0\ARM_GCC_541\Debug\RGB-UART_Control.a(UART.o)
                0x00000748                UART_Start
 .text.UART_SpiUartReadRxData
                0x00000768        0xc .\CortexM0\ARM_GCC_541\Debug\RGB-UART_Control.a(UART_SPI_UART.o)
                0x00000768                UART_SpiUartReadRxData
 .text.UART_SpiUartGetRxBufferSize
                0x00000774       0x10 .\CortexM0\ARM_GCC_541\Debug\RGB-UART_Control.a(UART_SPI_UART.o)
                0x00000774                UART_SpiUartGetRxBufferSize
 .text.UART_SpiUartWriteTxData
                0x00000784       0x1c .\CortexM0\ARM_GCC_541\Debug\RGB-UART_Control.a(UART_SPI_UART.o)
                0x00000784                UART_SpiUartWriteTxData
 .text.UART_UartInit
                0x000007a0       0x9c .\CortexM0\ARM_GCC_541\Debug\RGB-UART_Control.a(UART_UART.o)
                0x000007a0                UART_UartInit
 .text.UART_UartPostEnable
                0x0000083c       0x24 .\CortexM0\ARM_GCC_541\Debug\RGB-UART_Control.a(UART_UART.o)
                0x0000083c                UART_UartPostEnable
 .text.UART_UartGetChar
                0x00000860       0x2c .\CortexM0\ARM_GCC_541\Debug\RGB-UART_Control.a(UART_UART.o)
                0x00000860                UART_UartGetChar
 .text.UART_UartPutString
                0x0000088c       0x18 .\CortexM0\ARM_GCC_541\Debug\RGB-UART_Control.a(UART_UART.o)
                0x0000088c                UART_UartPutString
 .text.PWM_1_Enable
                0x000008a4       0x14 .\CortexM0\ARM_GCC_541\Debug\RGB-UART_Control.a(PWM_1.o)
                0x000008a4                PWM_1_Enable
 .text.PWM_1_WriteCounter
                0x000008b8        0xc .\CortexM0\ARM_GCC_541\Debug\RGB-UART_Control.a(PWM_1.o)
                0x000008b8                PWM_1_WriteCounter
 .text.PWM_1_WritePeriod
                0x000008c4        0xc .\CortexM0\ARM_GCC_541\Debug\RGB-UART_Control.a(PWM_1.o)
                0x000008c4                PWM_1_WritePeriod
 .text.PWM_1_WriteCompare
                0x000008d0        0xc .\CortexM0\ARM_GCC_541\Debug\RGB-UART_Control.a(PWM_1.o)
                0x000008d0                PWM_1_WriteCompare
 .text.PWM_1_SetInterruptMode
                0x000008dc        0xc .\CortexM0\ARM_GCC_541\Debug\RGB-UART_Control.a(PWM_1.o)
                0x000008dc                PWM_1_SetInterruptMode
 .text.PWM_1_ReadStatusRegister
                0x000008e8        0xc .\CortexM0\ARM_GCC_541\Debug\RGB-UART_Control.a(PWM_1.o)
                0x000008e8                PWM_1_ReadStatusRegister
 .text.PWM_1_ReadCapture
                0x000008f4        0xc .\CortexM0\ARM_GCC_541\Debug\RGB-UART_Control.a(PWM_1.o)
                0x000008f4                PWM_1_ReadCapture
 .text.PWM_1_ClearFIFO
                0x00000900       0x14 .\CortexM0\ARM_GCC_541\Debug\RGB-UART_Control.a(PWM_1.o)
                0x00000900                PWM_1_ClearFIFO
 .text.PWM_1_Init
                0x00000914       0x58 .\CortexM0\ARM_GCC_541\Debug\RGB-UART_Control.a(PWM_1.o)
                0x00000914                PWM_1_Init
 .text.PWM_1_Start
                0x0000096c       0x20 .\CortexM0\ARM_GCC_541\Debug\RGB-UART_Control.a(PWM_1.o)
                0x0000096c                PWM_1_Start
 .text.PWM_2_Enable
                0x0000098c       0x14 .\CortexM0\ARM_GCC_541\Debug\RGB-UART_Control.a(PWM_2.o)
                0x0000098c                PWM_2_Enable
 .text.PWM_2_WriteCounter
                0x000009a0        0xc .\CortexM0\ARM_GCC_541\Debug\RGB-UART_Control.a(PWM_2.o)
                0x000009a0                PWM_2_WriteCounter
 .text.PWM_2_WritePeriod
                0x000009ac        0xc .\CortexM0\ARM_GCC_541\Debug\RGB-UART_Control.a(PWM_2.o)
                0x000009ac                PWM_2_WritePeriod
 .text.PWM_2_WriteCompare
                0x000009b8        0xc .\CortexM0\ARM_GCC_541\Debug\RGB-UART_Control.a(PWM_2.o)
                0x000009b8                PWM_2_WriteCompare
 .text.PWM_2_SetInterruptMode
                0x000009c4        0xc .\CortexM0\ARM_GCC_541\Debug\RGB-UART_Control.a(PWM_2.o)
                0x000009c4                PWM_2_SetInterruptMode
 .text.PWM_2_ReadStatusRegister
                0x000009d0        0xc .\CortexM0\ARM_GCC_541\Debug\RGB-UART_Control.a(PWM_2.o)
                0x000009d0                PWM_2_ReadStatusRegister
 .text.PWM_2_ReadCapture
                0x000009dc        0xc .\CortexM0\ARM_GCC_541\Debug\RGB-UART_Control.a(PWM_2.o)
                0x000009dc                PWM_2_ReadCapture
 .text.PWM_2_ClearFIFO
                0x000009e8       0x14 .\CortexM0\ARM_GCC_541\Debug\RGB-UART_Control.a(PWM_2.o)
                0x000009e8                PWM_2_ClearFIFO
 .text.PWM_2_Init
                0x000009fc       0x58 .\CortexM0\ARM_GCC_541\Debug\RGB-UART_Control.a(PWM_2.o)
                0x000009fc                PWM_2_Init
 .text.PWM_2_Start
                0x00000a54       0x20 .\CortexM0\ARM_GCC_541\Debug\RGB-UART_Control.a(PWM_2.o)
                0x00000a54                PWM_2_Start
 .text.PWM_3_Enable
                0x00000a74       0x14 .\CortexM0\ARM_GCC_541\Debug\RGB-UART_Control.a(PWM_3.o)
                0x00000a74                PWM_3_Enable
 .text.PWM_3_WriteCounter
                0x00000a88        0xc .\CortexM0\ARM_GCC_541\Debug\RGB-UART_Control.a(PWM_3.o)
                0x00000a88                PWM_3_WriteCounter
 .text.PWM_3_WritePeriod
                0x00000a94        0xc .\CortexM0\ARM_GCC_541\Debug\RGB-UART_Control.a(PWM_3.o)
                0x00000a94                PWM_3_WritePeriod
 .text.PWM_3_WriteCompare
                0x00000aa0        0xc .\CortexM0\ARM_GCC_541\Debug\RGB-UART_Control.a(PWM_3.o)
                0x00000aa0                PWM_3_WriteCompare
 .text.PWM_3_SetInterruptMode
                0x00000aac        0xc .\CortexM0\ARM_GCC_541\Debug\RGB-UART_Control.a(PWM_3.o)
                0x00000aac                PWM_3_SetInterruptMode
 .text.PWM_3_ReadStatusRegister
                0x00000ab8        0xc .\CortexM0\ARM_GCC_541\Debug\RGB-UART_Control.a(PWM_3.o)
                0x00000ab8                PWM_3_ReadStatusRegister
 .text.PWM_3_ReadCapture
                0x00000ac4        0xc .\CortexM0\ARM_GCC_541\Debug\RGB-UART_Control.a(PWM_3.o)
                0x00000ac4                PWM_3_ReadCapture
 .text.PWM_3_ClearFIFO
                0x00000ad0       0x14 .\CortexM0\ARM_GCC_541\Debug\RGB-UART_Control.a(PWM_3.o)
                0x00000ad0                PWM_3_ClearFIFO
 .text.PWM_3_Init
                0x00000ae4       0x58 .\CortexM0\ARM_GCC_541\Debug\RGB-UART_Control.a(PWM_3.o)
                0x00000ae4                PWM_3_Init
 .text.PWM_3_Start
                0x00000b3c       0x20 .\CortexM0\ARM_GCC_541\Debug\RGB-UART_Control.a(PWM_3.o)
                0x00000b3c                PWM_3_Start
 *fill*         0x00000b5c        0x4 
 .text          0x00000b60       0x24 .\CortexM0\ARM_GCC_541\Debug\RGB-UART_Control.a(CyBootAsmGnu.o)
                0x00000b60                CyDelayCycles
                0x00000b74                CyEnterCriticalSection
                0x00000b7c                CyExitCriticalSection
 .text          0x00000b84      0x114 c:/program files (x86)/cypress/psoc creator/4.2/psoc creator/import/gnu/arm/5.4.1/bin/../lib/gcc/arm-none-eabi/5.4.1/armv6-m\libgcc.a(_udivsi3.o)
                0x00000b84                __aeabi_uidiv
                0x00000b84                __udivsi3
                0x00000c90                __aeabi_uidivmod
 .text          0x00000c98        0x4 c:/program files (x86)/cypress/psoc creator/4.2/psoc creator/import/gnu/arm/5.4.1/bin/../lib/gcc/arm-none-eabi/5.4.1/armv6-m\libgcc.a(_dvmd_tls.o)
                0x00000c98                __aeabi_idiv0
                0x00000c98                __aeabi_ldiv0
 .text.atoi     0x00000c9c        0xc c:/program files (x86)/cypress/psoc creator/4.2/psoc creator/import/gnu/arm/5.4.1/bin/../lib/gcc/arm-none-eabi/5.4.1/../../../../arm-none-eabi/lib/armv6-m\libg_nano.a(lib_a-atoi.o)
                0x00000c9c                atoi
 .text.__errno  0x00000ca8        0xc c:/program files (x86)/cypress/psoc creator/4.2/psoc creator/import/gnu/arm/5.4.1/bin/../lib/gcc/arm-none-eabi/5.4.1/../../../../arm-none-eabi/lib/armv6-m\libg_nano.a(lib_a-errno.o)
                0x00000ca8                __errno
 .text.__libc_init_array
                0x00000cb4       0x4c c:/program files (x86)/cypress/psoc creator/4.2/psoc creator/import/gnu/arm/5.4.1/bin/../lib/gcc/arm-none-eabi/5.4.1/../../../../arm-none-eabi/lib/armv6-m\libg_nano.a(lib_a-init.o)
                0x00000cb4                __libc_init_array
 .text.memset   0x00000d00       0x10 c:/program files (x86)/cypress/psoc creator/4.2/psoc creator/import/gnu/arm/5.4.1/bin/../lib/gcc/arm-none-eabi/5.4.1/../../../../arm-none-eabi/lib/armv6-m\libg_nano.a(lib_a-memset.o)
                0x00000d00                memset
 .text._strtol_r
                0x00000d10      0x124 c:/program files (x86)/cypress/psoc creator/4.2/psoc creator/import/gnu/arm/5.4.1/bin/../lib/gcc/arm-none-eabi/5.4.1/../../../../arm-none-eabi/lib/armv6-m\libg_nano.a(lib_a-strtol.o)
                0x00000d10                _strtol_r
 .text.strtol   0x00000e34       0x18 c:/program files (x86)/cypress/psoc creator/4.2/psoc creator/import/gnu/arm/5.4.1/bin/../lib/gcc/arm-none-eabi/5.4.1/../../../../arm-none-eabi/lib/armv6-m\libg_nano.a(lib_a-strtol.o)
                0x00000e34                strtol
 *(.plt)
 *(.gnu.warning)
 *(.glue_7t)
 .glue_7t       0x00000e4c        0x0 linker stubs
 *(.glue_7)
 .glue_7        0x00000e4c        0x0 linker stubs
 *(.vfp11_veneer)
 .vfp11_veneer  0x00000e4c        0x0 linker stubs
 *(.bootloader)
 *(.ARM.extab* .gnu.linkonce.armextab.*)
 *(.gcc_except_table)

.v4_bx          0x00000e4c        0x0
 .v4_bx         0x00000e4c        0x0 linker stubs

.iplt           0x00000e4c        0x0
 .iplt          0x00000e4c        0x0 c:/program files (x86)/cypress/psoc creator/4.2/psoc creator/import/gnu/arm/5.4.1/bin/../lib/gcc/arm-none-eabi/5.4.1/armv6-m/crtbegin.o

.eh_frame_hdr
 *(.eh_frame_hdr)

.eh_frame       0x00000e4c        0x4
 *(.eh_frame)
 .eh_frame      0x00000e4c        0x0 c:/program files (x86)/cypress/psoc creator/4.2/psoc creator/import/gnu/arm/5.4.1/bin/../lib/gcc/arm-none-eabi/5.4.1/armv6-m/crtbegin.o
 .eh_frame      0x00000e4c        0x4 c:/program files (x86)/cypress/psoc creator/4.2/psoc creator/import/gnu/arm/5.4.1/bin/../lib/gcc/arm-none-eabi/5.4.1/armv6-m/crtend.o
                [!provide]                PROVIDE (__exidx_start, .)

.ARM.exidx
 *(.ARM.exidx* .gnu.linkonce.armexidx.*)
                0x00000e50                __exidx_end = .

.rodata         0x00000e50      0x390
 *(.rodata .rodata.* .gnu.linkonce.r.*)
 .rodata.str1.4
                0x00000e50       0x64 .\CortexM0\ARM_GCC_541\Debug\main.o
                                 0x62 (size before relaxing)
 .rodata        0x00000eb4      0x1c0 .\CortexM0\ARM_GCC_541\Debug\cyfitter_cfg.o
 .rodata        0x00001074       0x2e .\CortexM0\ARM_GCC_541\Debug\RGB-UART_Control.a(CyLib.o)
                0x00001074                cyImoFreqMhz2Reg
 .rodata.str1.1
                0x000010a2        0x2 c:/program files (x86)/cypress/psoc creator/4.2/psoc creator/import/gnu/arm/5.4.1/bin/../lib/gcc/arm-none-eabi/5.4.1/../../../../arm-none-eabi/lib/armv6-m\libg_nano.a(lib_a-impure.o)
 .rodata._ctype_
                0x000010a4      0x101 c:/program files (x86)/cypress/psoc creator/4.2/psoc creator/import/gnu/arm/5.4.1/bin/../lib/gcc/arm-none-eabi/5.4.1/../../../../arm-none-eabi/lib/armv6-m\libg_nano.a(lib_a-ctype_.o)
                0x000010a4                _ctype_
                0x000011a8                . = ALIGN (0x4)
 *fill*         0x000011a5        0x3 
 *(.init)
 .init          0x000011a8        0x4 c:/program files (x86)/cypress/psoc creator/4.2/psoc creator/import/gnu/arm/5.4.1/bin/../lib/gcc/arm-none-eabi/5.4.1/armv6-m/crti.o
                0x000011a8                _init
 .init          0x000011ac        0x8 c:/program files (x86)/cypress/psoc creator/4.2/psoc creator/import/gnu/arm/5.4.1/bin/../lib/gcc/arm-none-eabi/5.4.1/armv6-m/crtn.o
                0x000011b4                . = ALIGN (0x4)
                0x000011b4                __preinit_array_start = .
 *(.preinit_array)
                0x000011b4                __preinit_array_end = .
                0x000011b4                . = ALIGN (0x4)
                0x000011b4                __init_array_start = .
 *(SORT(.init_array.*))
 *(.init_array)
 .init_array    0x000011b4        0x4 c:/program files (x86)/cypress/psoc creator/4.2/psoc creator/import/gnu/arm/5.4.1/bin/../lib/gcc/arm-none-eabi/5.4.1/armv6-m/crtbegin.o
 .init_array    0x000011b8        0x4 .\CortexM0\ARM_GCC_541\Debug\Cm0Start.o
                0x000011bc                __init_array_end = .
                0x000011bc                . = ALIGN (0x4)
 *(.fini)
 .fini          0x000011bc        0x4 c:/program files (x86)/cypress/psoc creator/4.2/psoc creator/import/gnu/arm/5.4.1/bin/../lib/gcc/arm-none-eabi/5.4.1/armv6-m/crti.o
                0x000011bc                _fini
 .fini          0x000011c0        0x8 c:/program files (x86)/cypress/psoc creator/4.2/psoc creator/import/gnu/arm/5.4.1/bin/../lib/gcc/arm-none-eabi/5.4.1/armv6-m/crtn.o
                0x000011c8                . = ALIGN (0x4)
                0x000011c8                __fini_array_start = .
 *(.fini_array)
 .fini_array    0x000011c8        0x4 c:/program files (x86)/cypress/psoc creator/4.2/psoc creator/import/gnu/arm/5.4.1/bin/../lib/gcc/arm-none-eabi/5.4.1/armv6-m/crtbegin.o
 *(SORT(.fini_array.*))
                0x000011cc                __fini_array_end = .
                0x000011cc                . = ALIGN (0x4)
 *crtbegin.o(.ctors)
 *(EXCLUDE_FILE(*crtend.o) .ctors)
 *(SORT(.ctors.*))
 *crtend.o(.ctors)
                0x000011cc                . = ALIGN (0x4)
 *crtbegin.o(.dtors)
 *(EXCLUDE_FILE(*crtend.o) .dtors)
 *(SORT(.dtors.*))
 *crtend.o(.dtors)
                0x000011cc                . = ALIGN (0x4)
                0x000011cc                __cy_regions = .
                0x000011cc        0x4 LONG 0x11e0 __cy_region_init_ram
                0x000011d0        0x4 LONG 0x200000c0 __cy_region_start_data
                0x000011d4        0x4 LONG 0x88 __cy_region_init_size_ram
                0x000011d8        0x4 LONG 0x50 __cy_region_zero_size_ram
                0x000011dc                __cy_regions_end = .
                0x000011e0                . = ALIGN (0x8)
 *fill*         0x000011dc        0x4 
                0x000011e0                _etext = .

.cy_checksum_exclude
                0x000011e0        0x0
 *(.cy_checksum_exclude)

.ramvectors     0x20000000       0xc0
                0x20000000                __cy_region_start_ram = .
 *(.ramvectors)
 .ramvectors    0x20000000       0xc0 .\CortexM0\ARM_GCC_541\Debug\Cm0Start.o
                0x20000000                CyRamVectors

.noinit
 *(.noinit)

.data           0x200000c0       0x88 load address 0x000011e0
                0x200000c0                __cy_region_start_data = .
 *(.jcr)
 .jcr           0x200000c0        0x0 c:/program files (x86)/cypress/psoc creator/4.2/psoc creator/import/gnu/arm/5.4.1/bin/../lib/gcc/arm-none-eabi/5.4.1/armv6-m/crtbegin.o
 .jcr           0x200000c0        0x4 c:/program files (x86)/cypress/psoc creator/4.2/psoc creator/import/gnu/arm/5.4.1/bin/../lib/gcc/arm-none-eabi/5.4.1/armv6-m/crtend.o
 *(.got.plt)
 *(.got)
 *(.shdata)
 *(.data .data.* .gnu.linkonce.d.*)
 .data          0x200000c4       0x14 .\CortexM0\ARM_GCC_541\Debug\RGB-UART_Control.a(CyLib.o)
                0x200000c4                CySysClkPumpConfig
                0x200000c8                cydelay32kMs
                0x200000cc                cydelayFreqKhz
                0x200000d0                cydelayFreqMhz
                0x200000d4                cydelayFreqHz
 .data          0x200000d8        0x4 .\CortexM0\ARM_GCC_541\Debug\RGB-UART_Control.a(CyLFClk.o)
 .data.impure_data
                0x200000dc       0x60 c:/program files (x86)/cypress/psoc creator/4.2/psoc creator/import/gnu/arm/5.4.1/bin/../lib/gcc/arm-none-eabi/5.4.1/../../../../arm-none-eabi/lib/armv6-m\libg_nano.a(lib_a-impure.o)
 .data._impure_ptr
                0x2000013c        0x4 c:/program files (x86)/cypress/psoc creator/4.2/psoc creator/import/gnu/arm/5.4.1/bin/../lib/gcc/arm-none-eabi/5.4.1/../../../../arm-none-eabi/lib/armv6-m\libg_nano.a(lib_a-impure.o)
                0x2000013c                _impure_ptr
 .data.__ctype_ptr__
                0x20000140        0x4 c:/program files (x86)/cypress/psoc creator/4.2/psoc creator/import/gnu/arm/5.4.1/bin/../lib/gcc/arm-none-eabi/5.4.1/../../../../arm-none-eabi/lib/armv6-m\libg_nano.a(lib_a-ctype_.o)
                0x20000140                __ctype_ptr__
                0x20000148                . = ALIGN (0x8)
 *fill*         0x20000144        0x4 
 *(.ram)
                0x20000148                _edata = .

.igot.plt       0x20000148        0x0 load address 0x00001268
 .igot.plt      0x20000148        0x0 c:/program files (x86)/cypress/psoc creator/4.2/psoc creator/import/gnu/arm/5.4.1/bin/../lib/gcc/arm-none-eabi/5.4.1/armv6-m/crtbegin.o

.bss            0x20000148       0x50 load address 0x00001268
                0x20000148                PROVIDE (__bss_start__, .)
 *(.shbss)
 *(.bss .bss.* .gnu.linkonce.b.*)
 .bss           0x20000148       0x1c c:/program files (x86)/cypress/psoc creator/4.2/psoc creator/import/gnu/arm/5.4.1/bin/../lib/gcc/arm-none-eabi/5.4.1/armv6-m/crtbegin.o
 .bss           0x20000164        0x1 .\CortexM0\ARM_GCC_541\Debug\main.o
                0x20000164                blue
 *fill*         0x20000165        0x3 
 .bss           0x20000168       0x20 .\CortexM0\ARM_GCC_541\Debug\RGB-UART_Control.a(CyLFClk.o)
 .bss           0x20000188        0x4 .\CortexM0\ARM_GCC_541\Debug\RGB-UART_Control.a(UART.o)
                0x20000188                UART_initVar
                0x2000018a                UART_IntrTxMask
 .bss           0x2000018c        0x1 .\CortexM0\ARM_GCC_541\Debug\RGB-UART_Control.a(PWM_1.o)
                0x2000018c                PWM_1_initVar
 .bss           0x2000018d        0x1 .\CortexM0\ARM_GCC_541\Debug\RGB-UART_Control.a(PWM_2.o)
                0x2000018d                PWM_2_initVar
 .bss           0x2000018e        0x1 .\CortexM0\ARM_GCC_541\Debug\RGB-UART_Control.a(PWM_3.o)
                0x2000018e                PWM_3_initVar
 *(COMMON)
 COMMON         0x2000018f        0x2 .\CortexM0\ARM_GCC_541\Debug\main.o
                0x2000018f                green
                0x20000190                red
                0x20000198                . = ALIGN (0x8)
 *fill*         0x20000191        0x7 
 *(.ram.b)
                0x20000198                _end = .
                0x20000198                __end = .
                0x20000198                PROVIDE (end, .)
                0x20000198                PROVIDE (__bss_end__, .)
                0x000011e0                __cy_region_init_ram = LOADADDR (.data)
                0x00000088                __cy_region_init_size_ram = (_edata - ADDR (.data))
                0x00000050                __cy_region_zero_size_ram = (_end - _edata)

.heap           0x20000198       0x80 load address 0x00001268
                0x20000198                . = _end
                0x20000218                . = (. + 0x80)
 *fill*         0x20000198       0x80 
                0x20000218                __cy_heap_limit = .

.stack          0x20000c00      0x400
                0x20000c00                __cy_stack_limit = .
                0x20001000                . = (. + 0x400)
 *fill*         0x20000c00      0x400 
                0x00000001                ASSERT ((__cy_stack_limit >= __cy_heap_limit), region RAM overflowed with stack)
                0x00000000                cy_checksum_exclude_size = (CY_APPL_LOADABLE == 0x1)?SIZEOF (.cy_checksum_exclude):0x0
                0x00000001                ASSERT ((cy_checksum_exclude_size <= CY_CHECKSUM_EXCLUDE_SIZE), CY_BOOT: Section .cy_checksum_exclude size exceedes specified limit.)
                0x00007fc0                cyloadermeta_start = (cy_project_type_bootloader || cy_project_type_app_for_stack_and_copier)?(LENGTH (rom) - CY_METADATA_SIZE):0xf0000000

.cyloadermeta
 *(.cyloadermeta)
                0x00007fc0                cyloadablemeta_start = cy_project_type_app_for_stack_and_copier?((LENGTH (rom) - CY_FLASH_ROW_SIZE) - CY_METADATA_SIZE):((LENGTH (rom) - (CY_FLASH_ROW_SIZE * (CY_APPL_NUM - 0x1))) - CY_METADATA_SIZE)

.cyloadablemeta
 *(.cyloadablemeta)

.cyflashprotect
                0x90400000       0x20
 *(.cyflashprotect)
 .cyflashprotect
                0x90400000       0x20 .\CortexM0\ARM_GCC_541\Debug\cymetadata.o
                0x90400000                cy_meta_flashprotect

.cymeta         0x90500000        0xc
 *(.cymeta)
 .cymeta        0x90500000        0xc .\CortexM0\ARM_GCC_541\Debug\cymetadata.o
                0x90500000                cy_metadata

.cychipprotect  0x90600000        0x1
 *(.cychipprotect)
 .cychipprotect
                0x90600000        0x1 .\CortexM0\ARM_GCC_541\Debug\cymetadata.o
                0x90600000                cy_meta_chipprotect

.rel.dyn        0x00001268        0x0 load address 0x90600004
 .rel.iplt      0x00001268        0x0 c:/program files (x86)/cypress/psoc creator/4.2/psoc creator/import/gnu/arm/5.4.1/bin/../lib/gcc/arm-none-eabi/5.4.1/armv6-m/crtbegin.o

.stab
 *(.stab)

.stabstr
 *(.stabstr)

.debug
 *(.debug)

.line
 *(.line)

.debug_srcinfo
 *(.debug_srcinfo)

.debug_sfnames
 *(.debug_sfnames)

.debug_aranges  0x00000000      0x698
 *(.debug_aranges)
 .debug_aranges
                0x00000000       0x38 .\CortexM0\ARM_GCC_541\Debug\main.o
 .debug_aranges
                0x00000038       0x38 .\CortexM0\ARM_GCC_541\Debug\cyfitter_cfg.o
 .debug_aranges
                0x00000070       0x18 .\CortexM0\ARM_GCC_541\Debug\cymetadata.o
 .debug_aranges
                0x00000088       0x48 .\CortexM0\ARM_GCC_541\Debug\Cm0Start.o
 .debug_aranges
                0x000000d0      0x180 .\CortexM0\ARM_GCC_541\Debug\RGB-UART_Control.a(CyLib.o)
 .debug_aranges
                0x00000250      0x138 .\CortexM0\ARM_GCC_541\Debug\RGB-UART_Control.a(CyLFClk.o)
 .debug_aranges
                0x00000388       0x60 .\CortexM0\ARM_GCC_541\Debug\RGB-UART_Control.a(UART.o)
 .debug_aranges
                0x000003e8       0x60 .\CortexM0\ARM_GCC_541\Debug\RGB-UART_Control.a(UART_SPI_UART.o)
 .debug_aranges
                0x00000448       0x68 .\CortexM0\ARM_GCC_541\Debug\RGB-UART_Control.a(UART_UART.o)
 .debug_aranges
                0x000004b0       0x98 .\CortexM0\ARM_GCC_541\Debug\RGB-UART_Control.a(PWM_1.o)
 .debug_aranges
                0x00000548       0x98 .\CortexM0\ARM_GCC_541\Debug\RGB-UART_Control.a(PWM_2.o)
 .debug_aranges
                0x000005e0       0x98 .\CortexM0\ARM_GCC_541\Debug\RGB-UART_Control.a(PWM_3.o)
 .debug_aranges
                0x00000678       0x20 .\CortexM0\ARM_GCC_541\Debug\RGB-UART_Control.a(CyBootAsmGnu.o)

.debug_pubnames
 *(.debug_pubnames)

.debug_info     0x00000000     0x35d6
 *(.debug_info .gnu.linkonce.wi.*)
 .debug_info    0x00000000      0x3fe .\CortexM0\ARM_GCC_541\Debug\main.o
 .debug_info    0x000003fe      0x3a0 .\CortexM0\ARM_GCC_541\Debug\cyfitter_cfg.o
 .debug_info    0x0000079e       0xf8 .\CortexM0\ARM_GCC_541\Debug\cymetadata.o
 .debug_info    0x00000896      0x3a2 .\CortexM0\ARM_GCC_541\Debug\Cm0Start.o
 .debug_info    0x00000c38      0xaec .\CortexM0\ARM_GCC_541\Debug\RGB-UART_Control.a(CyLib.o)
 .debug_info    0x00001724      0xcfe .\CortexM0\ARM_GCC_541\Debug\RGB-UART_Control.a(CyLFClk.o)
 .debug_info    0x00002422      0x24c .\CortexM0\ARM_GCC_541\Debug\RGB-UART_Control.a(UART.o)
 .debug_info    0x0000266e      0x220 .\CortexM0\ARM_GCC_541\Debug\RGB-UART_Control.a(UART_SPI_UART.o)
 .debug_info    0x0000288e      0x310 .\CortexM0\ARM_GCC_541\Debug\RGB-UART_Control.a(UART_UART.o)
 .debug_info    0x00002b9e      0x334 .\CortexM0\ARM_GCC_541\Debug\RGB-UART_Control.a(PWM_1.o)
 .debug_info    0x00002ed2      0x334 .\CortexM0\ARM_GCC_541\Debug\RGB-UART_Control.a(PWM_2.o)
 .debug_info    0x00003206      0x334 .\CortexM0\ARM_GCC_541\Debug\RGB-UART_Control.a(PWM_3.o)
 .debug_info    0x0000353a       0x9c .\CortexM0\ARM_GCC_541\Debug\RGB-UART_Control.a(CyBootAsmGnu.o)

.debug_abbrev   0x00000000     0x102b
 *(.debug_abbrev)
 .debug_abbrev  0x00000000      0x162 .\CortexM0\ARM_GCC_541\Debug\main.o
 .debug_abbrev  0x00000162      0x199 .\CortexM0\ARM_GCC_541\Debug\cyfitter_cfg.o
 .debug_abbrev  0x000002fb       0x5d .\CortexM0\ARM_GCC_541\Debug\cymetadata.o
 .debug_abbrev  0x00000358      0x1d7 .\CortexM0\ARM_GCC_541\Debug\Cm0Start.o
 .debug_abbrev  0x0000052f      0x1e0 .\CortexM0\ARM_GCC_541\Debug\RGB-UART_Control.a(CyLib.o)
 .debug_abbrev  0x0000070f      0x210 .\CortexM0\ARM_GCC_541\Debug\RGB-UART_Control.a(CyLFClk.o)
 .debug_abbrev  0x0000091f       0xed .\CortexM0\ARM_GCC_541\Debug\RGB-UART_Control.a(UART.o)
 .debug_abbrev  0x00000a0c      0x14f .\CortexM0\ARM_GCC_541\Debug\RGB-UART_Control.a(UART_SPI_UART.o)
 .debug_abbrev  0x00000b5b      0x123 .\CortexM0\ARM_GCC_541\Debug\RGB-UART_Control.a(UART_UART.o)
 .debug_abbrev  0x00000c7e      0x133 .\CortexM0\ARM_GCC_541\Debug\RGB-UART_Control.a(PWM_1.o)
 .debug_abbrev  0x00000db1      0x133 .\CortexM0\ARM_GCC_541\Debug\RGB-UART_Control.a(PWM_2.o)
 .debug_abbrev  0x00000ee4      0x133 .\CortexM0\ARM_GCC_541\Debug\RGB-UART_Control.a(PWM_3.o)
 .debug_abbrev  0x00001017       0x14 .\CortexM0\ARM_GCC_541\Debug\RGB-UART_Control.a(CyBootAsmGnu.o)

.debug_line     0x00000000     0x1920
 *(.debug_line)
 .debug_line    0x00000000      0x2b7 .\CortexM0\ARM_GCC_541\Debug\main.o
 .debug_line    0x000002b7      0x166 .\CortexM0\ARM_GCC_541\Debug\cyfitter_cfg.o
 .debug_line    0x0000041d      0x141 .\CortexM0\ARM_GCC_541\Debug\cymetadata.o
 .debug_line    0x0000055e      0x235 .\CortexM0\ARM_GCC_541\Debug\Cm0Start.o
 .debug_line    0x00000793      0x460 .\CortexM0\ARM_GCC_541\Debug\RGB-UART_Control.a(CyLib.o)
 .debug_line    0x00000bf3      0x466 .\CortexM0\ARM_GCC_541\Debug\RGB-UART_Control.a(CyLFClk.o)
 .debug_line    0x00001059      0x127 .\CortexM0\ARM_GCC_541\Debug\RGB-UART_Control.a(UART.o)
 .debug_line    0x00001180      0x11a .\CortexM0\ARM_GCC_541\Debug\RGB-UART_Control.a(UART_SPI_UART.o)
 .debug_line    0x0000129a      0x16d .\CortexM0\ARM_GCC_541\Debug\RGB-UART_Control.a(UART_UART.o)
 .debug_line    0x00001407      0x190 .\CortexM0\ARM_GCC_541\Debug\RGB-UART_Control.a(PWM_1.o)
 .debug_line    0x00001597      0x190 .\CortexM0\ARM_GCC_541\Debug\RGB-UART_Control.a(PWM_2.o)
 .debug_line    0x00001727      0x190 .\CortexM0\ARM_GCC_541\Debug\RGB-UART_Control.a(PWM_3.o)
 .debug_line    0x000018b7       0x69 .\CortexM0\ARM_GCC_541\Debug\RGB-UART_Control.a(CyBootAsmGnu.o)

.debug_frame    0x00000000     0x10bc
 *(.debug_frame)
 .debug_frame   0x00000000       0x88 .\CortexM0\ARM_GCC_541\Debug\main.o
 .debug_frame   0x00000088       0x8c .\CortexM0\ARM_GCC_541\Debug\cyfitter_cfg.o
 .debug_frame   0x00000114       0xbc .\CortexM0\ARM_GCC_541\Debug\Cm0Start.o
 .debug_frame   0x000001d0      0x3e0 .\CortexM0\ARM_GCC_541\Debug\RGB-UART_Control.a(CyLib.o)
 .debug_frame   0x000005b0      0x3a8 .\CortexM0\ARM_GCC_541\Debug\RGB-UART_Control.a(CyLFClk.o)
 .debug_frame   0x00000958       0xe8 .\CortexM0\ARM_GCC_541\Debug\RGB-UART_Control.a(UART.o)
 .debug_frame   0x00000a40       0xb0 .\CortexM0\ARM_GCC_541\Debug\RGB-UART_Control.a(UART_SPI_UART.o)
 .debug_frame   0x00000af0       0xf4 .\CortexM0\ARM_GCC_541\Debug\RGB-UART_Control.a(UART_UART.o)
 .debug_frame   0x00000be4      0x134 .\CortexM0\ARM_GCC_541\Debug\RGB-UART_Control.a(PWM_1.o)
 .debug_frame   0x00000d18      0x134 .\CortexM0\ARM_GCC_541\Debug\RGB-UART_Control.a(PWM_2.o)
 .debug_frame   0x00000e4c      0x134 .\CortexM0\ARM_GCC_541\Debug\RGB-UART_Control.a(PWM_3.o)
 .debug_frame   0x00000f80       0x20 c:/program files (x86)/cypress/psoc creator/4.2/psoc creator/import/gnu/arm/5.4.1/bin/../lib/gcc/arm-none-eabi/5.4.1/armv6-m\libgcc.a(_udivsi3.o)
 .debug_frame   0x00000fa0       0x40 c:/program files (x86)/cypress/psoc creator/4.2/psoc creator/import/gnu/arm/5.4.1/bin/../lib/gcc/arm-none-eabi/5.4.1/../../../../arm-none-eabi/lib/armv6-m\libg_nano.a(lib_a-atoi.o)
 .debug_frame   0x00000fe0       0x20 c:/program files (x86)/cypress/psoc creator/4.2/psoc creator/import/gnu/arm/5.4.1/bin/../lib/gcc/arm-none-eabi/5.4.1/../../../../arm-none-eabi/lib/armv6-m\libg_nano.a(lib_a-errno.o)
 .debug_frame   0x00001000       0x28 c:/program files (x86)/cypress/psoc creator/4.2/psoc creator/import/gnu/arm/5.4.1/bin/../lib/gcc/arm-none-eabi/5.4.1/../../../../arm-none-eabi/lib/armv6-m\libg_nano.a(lib_a-exit.o)
 .debug_frame   0x00001028       0x2c c:/program files (x86)/cypress/psoc creator/4.2/psoc creator/import/gnu/arm/5.4.1/bin/../lib/gcc/arm-none-eabi/5.4.1/../../../../arm-none-eabi/lib/armv6-m\libg_nano.a(lib_a-init.o)
 .debug_frame   0x00001054       0x20 c:/program files (x86)/cypress/psoc creator/4.2/psoc creator/import/gnu/arm/5.4.1/bin/../lib/gcc/arm-none-eabi/5.4.1/../../../../arm-none-eabi/lib/armv6-m\libg_nano.a(lib_a-memset.o)
 .debug_frame   0x00001074       0x48 c:/program files (x86)/cypress/psoc creator/4.2/psoc creator/import/gnu/arm/5.4.1/bin/../lib/gcc/arm-none-eabi/5.4.1/../../../../arm-none-eabi/lib/armv6-m\libg_nano.a(lib_a-strtol.o)

.debug_str      0x00000000     0x167f
 *(.debug_str)
 .debug_str     0x00000000      0x269 .\CortexM0\ARM_GCC_541\Debug\main.o
                                0x2b6 (size before relaxing)
 .debug_str     0x00000269      0x120 .\CortexM0\ARM_GCC_541\Debug\cyfitter_cfg.o
                                0x2e6 (size before relaxing)
 .debug_str     0x00000389       0xa7 .\CortexM0\ARM_GCC_541\Debug\cymetadata.o
                                0x1d4 (size before relaxing)
 .debug_str     0x00000430      0x13a .\CortexM0\ARM_GCC_541\Debug\Cm0Start.o
                                0x322 (size before relaxing)
 .debug_str     0x0000056a      0x4bb .\CortexM0\ARM_GCC_541\Debug\RGB-UART_Control.a(CyLib.o)
                                0x6d7 (size before relaxing)
 .debug_str     0x00000a25      0x530 .\CortexM0\ARM_GCC_541\Debug\RGB-UART_Control.a(CyLFClk.o)
                                0x75e (size before relaxing)
 .debug_str     0x00000f55      0x113 .\CortexM0\ARM_GCC_541\Debug\RGB-UART_Control.a(UART.o)
                                0x2d4 (size before relaxing)
 .debug_str     0x00001068      0x11d .\CortexM0\ARM_GCC_541\Debug\RGB-UART_Control.a(UART_SPI_UART.o)
                                0x2ef (size before relaxing)
 .debug_str     0x00001185       0xef .\CortexM0\ARM_GCC_541\Debug\RGB-UART_Control.a(UART_UART.o)
                                0x35d (size before relaxing)
 .debug_str     0x00001274      0x17f .\CortexM0\ARM_GCC_541\Debug\RGB-UART_Control.a(PWM_1.o)
                                0x372 (size before relaxing)
 .debug_str     0x000013f3      0x146 .\CortexM0\ARM_GCC_541\Debug\RGB-UART_Control.a(PWM_2.o)
                                0x372 (size before relaxing)
 .debug_str     0x00001539      0x146 .\CortexM0\ARM_GCC_541\Debug\RGB-UART_Control.a(PWM_3.o)
                                0x372 (size before relaxing)

.debug_loc      0x00000000     0x1683
 *(.debug_loc)
 .debug_loc     0x00000000      0x164 .\CortexM0\ARM_GCC_541\Debug\main.o
 .debug_loc     0x00000164      0x118 .\CortexM0\ARM_GCC_541\Debug\cyfitter_cfg.o
 .debug_loc     0x0000027c      0x14f .\CortexM0\ARM_GCC_541\Debug\Cm0Start.o
 .debug_loc     0x000003cb      0x599 .\CortexM0\ARM_GCC_541\Debug\RGB-UART_Control.a(CyLib.o)
 .debug_loc     0x00000964      0x9b5 .\CortexM0\ARM_GCC_541\Debug\RGB-UART_Control.a(CyLFClk.o)
 .debug_loc     0x00001319       0x7e .\CortexM0\ARM_GCC_541\Debug\RGB-UART_Control.a(UART.o)
 .debug_loc     0x00001397       0x96 .\CortexM0\ARM_GCC_541\Debug\RGB-UART_Control.a(UART_SPI_UART.o)
 .debug_loc     0x0000142d      0x1e4 .\CortexM0\ARM_GCC_541\Debug\RGB-UART_Control.a(UART_UART.o)
 .debug_loc     0x00001611       0x26 .\CortexM0\ARM_GCC_541\Debug\RGB-UART_Control.a(PWM_1.o)
 .debug_loc     0x00001637       0x26 .\CortexM0\ARM_GCC_541\Debug\RGB-UART_Control.a(PWM_2.o)
 .debug_loc     0x0000165d       0x26 .\CortexM0\ARM_GCC_541\Debug\RGB-UART_Control.a(PWM_3.o)

.debug_macinfo
 *(.debug_macinfo)

.debug_ranges   0x00000000      0x5c8
 *(.debug_ranges)
 .debug_ranges  0x00000000       0x40 .\CortexM0\ARM_GCC_541\Debug\main.o
 .debug_ranges  0x00000040       0x28 .\CortexM0\ARM_GCC_541\Debug\cyfitter_cfg.o
 .debug_ranges  0x00000068       0x38 .\CortexM0\ARM_GCC_541\Debug\Cm0Start.o
 .debug_ranges  0x000000a0      0x170 .\CortexM0\ARM_GCC_541\Debug\RGB-UART_Control.a(CyLib.o)
 .debug_ranges  0x00000210      0x128 .\CortexM0\ARM_GCC_541\Debug\RGB-UART_Control.a(CyLFClk.o)
 .debug_ranges  0x00000338       0x50 .\CortexM0\ARM_GCC_541\Debug\RGB-UART_Control.a(UART.o)
 .debug_ranges  0x00000388       0x50 .\CortexM0\ARM_GCC_541\Debug\RGB-UART_Control.a(UART_SPI_UART.o)
 .debug_ranges  0x000003d8       0x58 .\CortexM0\ARM_GCC_541\Debug\RGB-UART_Control.a(UART_UART.o)
 .debug_ranges  0x00000430       0x88 .\CortexM0\ARM_GCC_541\Debug\RGB-UART_Control.a(PWM_1.o)
 .debug_ranges  0x000004b8       0x88 .\CortexM0\ARM_GCC_541\Debug\RGB-UART_Control.a(PWM_2.o)
 .debug_ranges  0x00000540       0x88 .\CortexM0\ARM_GCC_541\Debug\RGB-UART_Control.a(PWM_3.o)

.comment        0x00000000       0x6e
 .comment       0x00000000       0x6e .\CortexM0\ARM_GCC_541\Debug\main.o
                                 0x6f (size before relaxing)
 .comment       0x0000006e       0x6f .\CortexM0\ARM_GCC_541\Debug\cyfitter_cfg.o
 .comment       0x0000006e       0x6f .\CortexM0\ARM_GCC_541\Debug\cymetadata.o
 .comment       0x0000006e       0x6f .\CortexM0\ARM_GCC_541\Debug\Cm0Start.o
 .comment       0x0000006e       0x6f .\CortexM0\ARM_GCC_541\Debug\RGB-UART_Control.a(CyLib.o)
 .comment       0x0000006e       0x6f .\CortexM0\ARM_GCC_541\Debug\RGB-UART_Control.a(CyLFClk.o)
 .comment       0x0000006e       0x6f .\CortexM0\ARM_GCC_541\Debug\RGB-UART_Control.a(UART.o)
 .comment       0x0000006e       0x6f .\CortexM0\ARM_GCC_541\Debug\RGB-UART_Control.a(UART_SPI_UART.o)
 .comment       0x0000006e       0x6f .\CortexM0\ARM_GCC_541\Debug\RGB-UART_Control.a(UART_UART.o)
 .comment       0x0000006e       0x6f .\CortexM0\ARM_GCC_541\Debug\RGB-UART_Control.a(PWM_1.o)
 .comment       0x0000006e       0x6f .\CortexM0\ARM_GCC_541\Debug\RGB-UART_Control.a(PWM_2.o)
 .comment       0x0000006e       0x6f .\CortexM0\ARM_GCC_541\Debug\RGB-UART_Control.a(PWM_3.o)

.debug_weaknames
 *(.debug_weaknames)

.debug_funcnames
 *(.debug_funcnames)

.debug_typenames
 *(.debug_typenames)

.debug_varnames
 *(.debug_varnames)

.note.gnu.arm.ident
 *(.note.gnu.arm.ident)

.ARM.attributes
                0x00000000       0x28
 *(.ARM.attributes)
 .ARM.attributes
                0x00000000       0x1e c:/program files (x86)/cypress/psoc creator/4.2/psoc creator/import/gnu/arm/5.4.1/bin/../lib/gcc/arm-none-eabi/5.4.1/armv6-m/crti.o
 .ARM.attributes
                0x0000001e       0x2c c:/program files (x86)/cypress/psoc creator/4.2/psoc creator/import/gnu/arm/5.4.1/bin/../lib/gcc/arm-none-eabi/5.4.1/armv6-m/crtbegin.o
 .ARM.attributes
                0x0000004a       0x1b c:/program files (x86)/cypress/psoc creator/4.2/psoc creator/import/gnu/arm/5.4.1/bin/../lib/gcc/arm-none-eabi/5.4.1/../../../../arm-none-eabi/lib/armv6-m/crt0.o
 .ARM.attributes
                0x00000065       0x31 .\CortexM0\ARM_GCC_541\Debug\main.o
 .ARM.attributes
                0x00000096       0x31 .\CortexM0\ARM_GCC_541\Debug\cyfitter_cfg.o
 .ARM.attributes
                0x000000c7       0x31 .\CortexM0\ARM_GCC_541\Debug\cymetadata.o
 .ARM.attributes
                0x000000f8       0x31 .\CortexM0\ARM_GCC_541\Debug\Cm0Start.o
 .ARM.attributes
                0x00000129       0x31 .\CortexM0\ARM_GCC_541\Debug\RGB-UART_Control.a(CyLib.o)
 .ARM.attributes
                0x0000015a       0x31 .\CortexM0\ARM_GCC_541\Debug\RGB-UART_Control.a(CyLFClk.o)
 .ARM.attributes
                0x0000018b       0x31 .\CortexM0\ARM_GCC_541\Debug\RGB-UART_Control.a(UART.o)
 .ARM.attributes
                0x000001bc       0x31 .\CortexM0\ARM_GCC_541\Debug\RGB-UART_Control.a(UART_SPI_UART.o)
 .ARM.attributes
                0x000001ed       0x31 .\CortexM0\ARM_GCC_541\Debug\RGB-UART_Control.a(UART_UART.o)
 .ARM.attributes
                0x0000021e       0x31 .\CortexM0\ARM_GCC_541\Debug\RGB-UART_Control.a(PWM_1.o)
 .ARM.attributes
                0x0000024f       0x31 .\CortexM0\ARM_GCC_541\Debug\RGB-UART_Control.a(PWM_2.o)
 .ARM.attributes
                0x00000280       0x31 .\CortexM0\ARM_GCC_541\Debug\RGB-UART_Control.a(PWM_3.o)
 .ARM.attributes
                0x000002b1       0x21 .\CortexM0\ARM_GCC_541\Debug\RGB-UART_Control.a(CyBootAsmGnu.o)
 .ARM.attributes
                0x000002d2       0x1e c:/program files (x86)/cypress/psoc creator/4.2/psoc creator/import/gnu/arm/5.4.1/bin/../lib/gcc/arm-none-eabi/5.4.1/armv6-m\libgcc.a(_udivsi3.o)
 .ARM.attributes
                0x000002f0       0x1e c:/program files (x86)/cypress/psoc creator/4.2/psoc creator/import/gnu/arm/5.4.1/bin/../lib/gcc/arm-none-eabi/5.4.1/armv6-m\libgcc.a(_dvmd_tls.o)
 .ARM.attributes
                0x0000030e       0x2c c:/program files (x86)/cypress/psoc creator/4.2/psoc creator/import/gnu/arm/5.4.1/bin/../lib/gcc/arm-none-eabi/5.4.1/../../../../arm-none-eabi/lib/armv6-m\libg_nano.a(lib_a-atoi.o)
 .ARM.attributes
                0x0000033a       0x2c c:/program files (x86)/cypress/psoc creator/4.2/psoc creator/import/gnu/arm/5.4.1/bin/../lib/gcc/arm-none-eabi/5.4.1/../../../../arm-none-eabi/lib/armv6-m\libg_nano.a(lib_a-errno.o)
 .ARM.attributes
                0x00000366       0x2c c:/program files (x86)/cypress/psoc creator/4.2/psoc creator/import/gnu/arm/5.4.1/bin/../lib/gcc/arm-none-eabi/5.4.1/../../../../arm-none-eabi/lib/armv6-m\libg_nano.a(lib_a-exit.o)
 .ARM.attributes
                0x00000392       0x2c c:/program files (x86)/cypress/psoc creator/4.2/psoc creator/import/gnu/arm/5.4.1/bin/../lib/gcc/arm-none-eabi/5.4.1/../../../../arm-none-eabi/lib/armv6-m\libg_nano.a(lib_a-impure.o)
 .ARM.attributes
                0x000003be       0x2c c:/program files (x86)/cypress/psoc creator/4.2/psoc creator/import/gnu/arm/5.4.1/bin/../lib/gcc/arm-none-eabi/5.4.1/../../../../arm-none-eabi/lib/armv6-m\libg_nano.a(lib_a-init.o)
 .ARM.attributes
                0x000003ea       0x2c c:/program files (x86)/cypress/psoc creator/4.2/psoc creator/import/gnu/arm/5.4.1/bin/../lib/gcc/arm-none-eabi/5.4.1/../../../../arm-none-eabi/lib/armv6-m\libg_nano.a(lib_a-memset.o)
 .ARM.attributes
                0x00000416       0x2c c:/program files (x86)/cypress/psoc creator/4.2/psoc creator/import/gnu/arm/5.4.1/bin/../lib/gcc/arm-none-eabi/5.4.1/../../../../arm-none-eabi/lib/armv6-m\libg_nano.a(lib_a-strtol.o)
 .ARM.attributes
                0x00000442       0x2c c:/program files (x86)/cypress/psoc creator/4.2/psoc creator/import/gnu/arm/5.4.1/bin/../lib/gcc/arm-none-eabi/5.4.1/../../../../arm-none-eabi/lib/armv6-m\libg_nano.a(lib_a-ctype_.o)
 .ARM.attributes
                0x0000046e       0x2c c:/program files (x86)/cypress/psoc creator/4.2/psoc creator/import/gnu/arm/5.4.1/bin/../lib/gcc/arm-none-eabi/5.4.1/armv6-m/crtend.o
 .ARM.attributes
                0x0000049a       0x1e c:/program files (x86)/cypress/psoc creator/4.2/psoc creator/import/gnu/arm/5.4.1/bin/../lib/gcc/arm-none-eabi/5.4.1/armv6-m/crtn.o

/DISCARD/
 *(.note.GNU-stack)
OUTPUT(D:\Users\jagumiel\Documents\PSoC Creator\PSoC-101\PSoC-101\TrainingProjects\RGB-UART_Control.cydsn\CortexM0\ARM_GCC_541\Debug\RGB-UART_Control.elf elf32-littlearm)
