Archive member included to satisfy reference by file (symbol)

.\CortexM0\ARM_GCC_541\Debug\StepperMotorControl.a(motorPin1.o)
                              .\CortexM0\ARM_GCC_541\Debug\main.o (motorPin1_Write)
.\CortexM0\ARM_GCC_541\Debug\StepperMotorControl.a(motorPin2.o)
                              .\CortexM0\ARM_GCC_541\Debug\main.o (motorPin2_Write)
.\CortexM0\ARM_GCC_541\Debug\StepperMotorControl.a(motorPin3.o)
                              .\CortexM0\ARM_GCC_541\Debug\main.o (motorPin3_Write)
.\CortexM0\ARM_GCC_541\Debug\StepperMotorControl.a(motorPin4.o)
                              .\CortexM0\ARM_GCC_541\Debug\main.o (motorPin4_Write)
.\CortexM0\ARM_GCC_541\Debug\StepperMotorControl.a(CyLib.o)
                              .\CortexM0\ARM_GCC_541\Debug\cyfitter_cfg.o (CySysClkWriteImoFreq)
.\CortexM0\ARM_GCC_541\Debug\StepperMotorControl.a(CyLFClk.o)
                              .\CortexM0\ARM_GCC_541\Debug\cyfitter_cfg.o (CySysClkWcoStart)
.\CortexM0\ARM_GCC_541\Debug\StepperMotorControl.a(UART.o)
                              .\CortexM0\ARM_GCC_541\Debug\main.o (UART_Start)
.\CortexM0\ARM_GCC_541\Debug\StepperMotorControl.a(UART_SPI_UART.o)
                              .\CortexM0\ARM_GCC_541\Debug\main.o (UART_SpiUartWriteTxData)
.\CortexM0\ARM_GCC_541\Debug\StepperMotorControl.a(UART_UART.o)
                              .\CortexM0\ARM_GCC_541\Debug\StepperMotorControl.a(UART.o) (UART_UartInit)
.\CortexM0\ARM_GCC_541\Debug\StepperMotorControl.a(CyBootAsmGnu.o)
                              .\CortexM0\ARM_GCC_541\Debug\cyfitter_cfg.o (CyDelayCycles)
c:/program files (x86)/cypress/psoc creator/4.2/psoc creator/import/gnu/arm/5.4.1/bin/../lib/gcc/arm-none-eabi/5.4.1/armv6-m\libgcc.a(_udivsi3.o)
                              .\CortexM0\ARM_GCC_541\Debug\StepperMotorControl.a(CyLib.o) (__aeabi_uidiv)
c:/program files (x86)/cypress/psoc creator/4.2/psoc creator/import/gnu/arm/5.4.1/bin/../lib/gcc/arm-none-eabi/5.4.1/armv6-m\libgcc.a(_divsi3.o)
                              .\CortexM0\ARM_GCC_541\Debug\main.o (__aeabi_idiv)
c:/program files (x86)/cypress/psoc creator/4.2/psoc creator/import/gnu/arm/5.4.1/bin/../lib/gcc/arm-none-eabi/5.4.1/armv6-m\libgcc.a(_dvmd_tls.o)
                              c:/program files (x86)/cypress/psoc creator/4.2/psoc creator/import/gnu/arm/5.4.1/bin/../lib/gcc/arm-none-eabi/5.4.1/armv6-m\libgcc.a(_udivsi3.o) (__aeabi_idiv0)
c:/program files (x86)/cypress/psoc creator/4.2/psoc creator/import/gnu/arm/5.4.1/bin/../lib/gcc/arm-none-eabi/5.4.1/../../../../arm-none-eabi/lib/armv6-m\libg_nano.a(lib_a-atoi.o)
                              .\CortexM0\ARM_GCC_541\Debug\main.o (atoi)
c:/program files (x86)/cypress/psoc creator/4.2/psoc creator/import/gnu/arm/5.4.1/bin/../lib/gcc/arm-none-eabi/5.4.1/../../../../arm-none-eabi/lib/armv6-m\libg_nano.a(lib_a-errno.o)
                              .\CortexM0\ARM_GCC_541\Debug\Cm0Start.o (__errno)
c:/program files (x86)/cypress/psoc creator/4.2/psoc creator/import/gnu/arm/5.4.1/bin/../lib/gcc/arm-none-eabi/5.4.1/../../../../arm-none-eabi/lib/armv6-m\libg_nano.a(lib_a-exit.o)
                              c:/program files (x86)/cypress/psoc creator/4.2/psoc creator/import/gnu/arm/5.4.1/bin/../lib/gcc/arm-none-eabi/5.4.1/../../../../arm-none-eabi/lib/armv6-m/crt0.o (exit)
c:/program files (x86)/cypress/psoc creator/4.2/psoc creator/import/gnu/arm/5.4.1/bin/../lib/gcc/arm-none-eabi/5.4.1/../../../../arm-none-eabi/lib/armv6-m\libg_nano.a(lib_a-impure.o)
                              c:/program files (x86)/cypress/psoc creator/4.2/psoc creator/import/gnu/arm/5.4.1/bin/../lib/gcc/arm-none-eabi/5.4.1/../../../../arm-none-eabi/lib/armv6-m\libg_nano.a(lib_a-exit.o) (_global_impure_ptr)
c:/program files (x86)/cypress/psoc creator/4.2/psoc creator/import/gnu/arm/5.4.1/bin/../lib/gcc/arm-none-eabi/5.4.1/../../../../arm-none-eabi/lib/armv6-m\libg_nano.a(lib_a-init.o)
                              c:/program files (x86)/cypress/psoc creator/4.2/psoc creator/import/gnu/arm/5.4.1/bin/../lib/gcc/arm-none-eabi/5.4.1/../../../../arm-none-eabi/lib/armv6-m/crt0.o (__libc_init_array)
c:/program files (x86)/cypress/psoc creator/4.2/psoc creator/import/gnu/arm/5.4.1/bin/../lib/gcc/arm-none-eabi/5.4.1/../../../../arm-none-eabi/lib/armv6-m\libg_nano.a(lib_a-memset.o)
                              c:/program files (x86)/cypress/psoc creator/4.2/psoc creator/import/gnu/arm/5.4.1/bin/../lib/gcc/arm-none-eabi/5.4.1/../../../../arm-none-eabi/lib/armv6-m/crt0.o (memset)
c:/program files (x86)/cypress/psoc creator/4.2/psoc creator/import/gnu/arm/5.4.1/bin/../lib/gcc/arm-none-eabi/5.4.1/../../../../arm-none-eabi/lib/armv6-m\libg_nano.a(lib_a-strtol.o)
                              c:/program files (x86)/cypress/psoc creator/4.2/psoc creator/import/gnu/arm/5.4.1/bin/../lib/gcc/arm-none-eabi/5.4.1/../../../../arm-none-eabi/lib/armv6-m\libg_nano.a(lib_a-atoi.o) (_strtol_r)
c:/program files (x86)/cypress/psoc creator/4.2/psoc creator/import/gnu/arm/5.4.1/bin/../lib/gcc/arm-none-eabi/5.4.1/../../../../arm-none-eabi/lib/armv6-m\libg_nano.a(lib_a-ctype_.o)
                              c:/program files (x86)/cypress/psoc creator/4.2/psoc creator/import/gnu/arm/5.4.1/bin/../lib/gcc/arm-none-eabi/5.4.1/../../../../arm-none-eabi/lib/armv6-m\libg_nano.a(lib_a-strtol.o) (__ctype_ptr__)

Discarded input sections

 .text          0x00000000        0x0 c:/program files (x86)/cypress/psoc creator/4.2/psoc creator/import/gnu/arm/5.4.1/bin/../lib/gcc/arm-none-eabi/5.4.1/armv6-m/crti.o
 .data          0x00000000        0x0 c:/program files (x86)/cypress/psoc creator/4.2/psoc creator/import/gnu/arm/5.4.1/bin/../lib/gcc/arm-none-eabi/5.4.1/armv6-m/crti.o
 .bss           0x00000000        0x0 c:/program files (x86)/cypress/psoc creator/4.2/psoc creator/import/gnu/arm/5.4.1/bin/../lib/gcc/arm-none-eabi/5.4.1/armv6-m/crti.o
 .data          0x00000000        0x4 c:/program files (x86)/cypress/psoc creator/4.2/psoc creator/import/gnu/arm/5.4.1/bin/../lib/gcc/arm-none-eabi/5.4.1/armv6-m/crtbegin.o
 .text          0x00000000       0x78 c:/program files (x86)/cypress/psoc creator/4.2/psoc creator/import/gnu/arm/5.4.1/bin/../lib/gcc/arm-none-eabi/5.4.1/../../../../arm-none-eabi/lib/armv6-m/crt0.o
 .data          0x00000000        0x0 c:/program files (x86)/cypress/psoc creator/4.2/psoc creator/import/gnu/arm/5.4.1/bin/../lib/gcc/arm-none-eabi/5.4.1/../../../../arm-none-eabi/lib/armv6-m/crt0.o
 .bss           0x00000000        0x0 c:/program files (x86)/cypress/psoc creator/4.2/psoc creator/import/gnu/arm/5.4.1/bin/../lib/gcc/arm-none-eabi/5.4.1/../../../../arm-none-eabi/lib/armv6-m/crt0.o
 .ARM.extab     0x00000000        0x0 c:/program files (x86)/cypress/psoc creator/4.2/psoc creator/import/gnu/arm/5.4.1/bin/../lib/gcc/arm-none-eabi/5.4.1/../../../../arm-none-eabi/lib/armv6-m/crt0.o
 .ARM.exidx     0x00000000        0x8 c:/program files (x86)/cypress/psoc creator/4.2/psoc creator/import/gnu/arm/5.4.1/bin/../lib/gcc/arm-none-eabi/5.4.1/../../../../arm-none-eabi/lib/armv6-m/crt0.o
 .text          0x00000000        0x0 .\CortexM0\ARM_GCC_541\Debug\main.o
 .text          0x00000000        0x0 .\CortexM0\ARM_GCC_541\Debug\cyfitter_cfg.o
 .data          0x00000000        0x0 .\CortexM0\ARM_GCC_541\Debug\cyfitter_cfg.o
 .bss           0x00000000        0x0 .\CortexM0\ARM_GCC_541\Debug\cyfitter_cfg.o
 .text          0x00000000        0x0 .\CortexM0\ARM_GCC_541\Debug\cymetadata.o
 .data          0x00000000        0x0 .\CortexM0\ARM_GCC_541\Debug\cymetadata.o
 .bss           0x00000000        0x0 .\CortexM0\ARM_GCC_541\Debug\cymetadata.o
 .text          0x00000000        0x0 .\CortexM0\ARM_GCC_541\Debug\Cm0Start.o
 .data          0x00000000        0x4 .\CortexM0\ARM_GCC_541\Debug\Cm0Start.o
 .bss           0x00000000        0x0 .\CortexM0\ARM_GCC_541\Debug\Cm0Start.o
 .text._exit    0x00000000        0xc .\CortexM0\ARM_GCC_541\Debug\Cm0Start.o
 .text._sbrk    0x00000000       0x30 .\CortexM0\ARM_GCC_541\Debug\Cm0Start.o
 .text          0x00000000        0x0 .\CortexM0\ARM_GCC_541\Debug\StepperMotorControl.a(motorPin1.o)
 .data          0x00000000        0x0 .\CortexM0\ARM_GCC_541\Debug\StepperMotorControl.a(motorPin1.o)
 .bss           0x00000000        0x0 .\CortexM0\ARM_GCC_541\Debug\StepperMotorControl.a(motorPin1.o)
 .text.motorPin1_SetDriveMode
                0x00000000       0x14 .\CortexM0\ARM_GCC_541\Debug\StepperMotorControl.a(motorPin1.o)
 .text.motorPin1_Read
                0x00000000       0x10 .\CortexM0\ARM_GCC_541\Debug\StepperMotorControl.a(motorPin1.o)
 .text.motorPin1_ReadDataReg
                0x00000000       0x10 .\CortexM0\ARM_GCC_541\Debug\StepperMotorControl.a(motorPin1.o)
 .text.motorPin1_SetInterruptMode
                0x00000000       0x14 .\CortexM0\ARM_GCC_541\Debug\StepperMotorControl.a(motorPin1.o)
 .text.motorPin1_ClearInterrupt
                0x00000000       0x10 .\CortexM0\ARM_GCC_541\Debug\StepperMotorControl.a(motorPin1.o)
 .text          0x00000000        0x0 .\CortexM0\ARM_GCC_541\Debug\StepperMotorControl.a(motorPin2.o)
 .data          0x00000000        0x0 .\CortexM0\ARM_GCC_541\Debug\StepperMotorControl.a(motorPin2.o)
 .bss           0x00000000        0x0 .\CortexM0\ARM_GCC_541\Debug\StepperMotorControl.a(motorPin2.o)
 .text.motorPin2_SetDriveMode
                0x00000000       0x14 .\CortexM0\ARM_GCC_541\Debug\StepperMotorControl.a(motorPin2.o)
 .text.motorPin2_Read
                0x00000000       0x10 .\CortexM0\ARM_GCC_541\Debug\StepperMotorControl.a(motorPin2.o)
 .text.motorPin2_ReadDataReg
                0x00000000       0x10 .\CortexM0\ARM_GCC_541\Debug\StepperMotorControl.a(motorPin2.o)
 .text.motorPin2_SetInterruptMode
                0x00000000       0x14 .\CortexM0\ARM_GCC_541\Debug\StepperMotorControl.a(motorPin2.o)
 .text.motorPin2_ClearInterrupt
                0x00000000       0x14 .\CortexM0\ARM_GCC_541\Debug\StepperMotorControl.a(motorPin2.o)
 .text          0x00000000        0x0 .\CortexM0\ARM_GCC_541\Debug\StepperMotorControl.a(motorPin3.o)
 .data          0x00000000        0x0 .\CortexM0\ARM_GCC_541\Debug\StepperMotorControl.a(motorPin3.o)
 .bss           0x00000000        0x0 .\CortexM0\ARM_GCC_541\Debug\StepperMotorControl.a(motorPin3.o)
 .text.motorPin3_SetDriveMode
                0x00000000       0x18 .\CortexM0\ARM_GCC_541\Debug\StepperMotorControl.a(motorPin3.o)
 .text.motorPin3_Read
                0x00000000       0x10 .\CortexM0\ARM_GCC_541\Debug\StepperMotorControl.a(motorPin3.o)
 .text.motorPin3_ReadDataReg
                0x00000000       0x10 .\CortexM0\ARM_GCC_541\Debug\StepperMotorControl.a(motorPin3.o)
 .text.motorPin3_SetInterruptMode
                0x00000000       0x14 .\CortexM0\ARM_GCC_541\Debug\StepperMotorControl.a(motorPin3.o)
 .text.motorPin3_ClearInterrupt
                0x00000000       0x14 .\CortexM0\ARM_GCC_541\Debug\StepperMotorControl.a(motorPin3.o)
 .text          0x00000000        0x0 .\CortexM0\ARM_GCC_541\Debug\StepperMotorControl.a(motorPin4.o)
 .data          0x00000000        0x0 .\CortexM0\ARM_GCC_541\Debug\StepperMotorControl.a(motorPin4.o)
 .bss           0x00000000        0x0 .\CortexM0\ARM_GCC_541\Debug\StepperMotorControl.a(motorPin4.o)
 .text.motorPin4_SetDriveMode
                0x00000000       0x18 .\CortexM0\ARM_GCC_541\Debug\StepperMotorControl.a(motorPin4.o)
 .text.motorPin4_Read
                0x00000000       0x10 .\CortexM0\ARM_GCC_541\Debug\StepperMotorControl.a(motorPin4.o)
 .text.motorPin4_ReadDataReg
                0x00000000       0x10 .\CortexM0\ARM_GCC_541\Debug\StepperMotorControl.a(motorPin4.o)
 .text.motorPin4_SetInterruptMode
                0x00000000       0x14 .\CortexM0\ARM_GCC_541\Debug\StepperMotorControl.a(motorPin4.o)
 .text.motorPin4_ClearInterrupt
                0x00000000       0x14 .\CortexM0\ARM_GCC_541\Debug\StepperMotorControl.a(motorPin4.o)
 .text          0x00000000        0x0 .\CortexM0\ARM_GCC_541\Debug\StepperMotorControl.a(CyLib.o)
 .bss           0x00000000       0x18 .\CortexM0\ARM_GCC_541\Debug\StepperMotorControl.a(CyLib.o)
 .text.CySysClkImoStart
                0x00000000       0x14 .\CortexM0\ARM_GCC_541\Debug\StepperMotorControl.a(CyLib.o)
 .text.CySysClkImoStop
                0x00000000       0x10 .\CortexM0\ARM_GCC_541\Debug\StepperMotorControl.a(CyLib.o)
 .text.CySysClkWriteHfclkDirect
                0x00000000       0x20 .\CortexM0\ARM_GCC_541\Debug\StepperMotorControl.a(CyLib.o)
 .text.CySysEnablePumpClock
                0x00000000       0x38 .\CortexM0\ARM_GCC_541\Debug\StepperMotorControl.a(CyLib.o)
 .text.CySysClkGetSysclkSource
                0x00000000       0x1c .\CortexM0\ARM_GCC_541\Debug\StepperMotorControl.a(CyLib.o)
 .text.CySysClkWriteSysclkDiv
                0x00000000       0x30 .\CortexM0\ARM_GCC_541\Debug\StepperMotorControl.a(CyLib.o)
 .text.CySysClkEcoStop
                0x00000000       0x24 .\CortexM0\ARM_GCC_541\Debug\StepperMotorControl.a(CyLib.o)
 .text.CySysLvdDisable
                0x00000000       0x20 .\CortexM0\ARM_GCC_541\Debug\StepperMotorControl.a(CyLib.o)
 .text.CySysLvdGetInterruptSource
                0x00000000       0x10 .\CortexM0\ARM_GCC_541\Debug\StepperMotorControl.a(CyLib.o)
 .text.CySysLvdClearInterrupt
                0x00000000        0xc .\CortexM0\ARM_GCC_541\Debug\StepperMotorControl.a(CyLib.o)
 .text.CySysGetResetReason
                0x00000000       0x14 .\CortexM0\ARM_GCC_541\Debug\StepperMotorControl.a(CyLib.o)
 .text.CyDisableInts
                0x00000000       0x10 .\CortexM0\ARM_GCC_541\Debug\StepperMotorControl.a(CyLib.o)
 .text.CyEnableInts
                0x00000000        0xc .\CortexM0\ARM_GCC_541\Debug\StepperMotorControl.a(CyLib.o)
 .text.CyIntGetState
                0x00000000       0x18 .\CortexM0\ARM_GCC_541\Debug\StepperMotorControl.a(CyLib.o)
 .text.CyIntDisable
                0x00000000       0x14 .\CortexM0\ARM_GCC_541\Debug\StepperMotorControl.a(CyLib.o)
 .text.CyIntSetPending
                0x00000000       0x14 .\CortexM0\ARM_GCC_541\Debug\StepperMotorControl.a(CyLib.o)
 .text.CyIntClearPending
                0x00000000       0x14 .\CortexM0\ARM_GCC_541\Debug\StepperMotorControl.a(CyLib.o)
 .text.CySysClkWriteEcoDiv
                0x00000000       0x38 .\CortexM0\ARM_GCC_541\Debug\StepperMotorControl.a(CyLib.o)
 .text.CyIntSetSysVector
                0x00000000       0x20 .\CortexM0\ARM_GCC_541\Debug\StepperMotorControl.a(CyLib.o)
 .text.CyIntGetSysVector
                0x00000000       0x1c .\CortexM0\ARM_GCC_541\Debug\StepperMotorControl.a(CyLib.o)
 .text.CyIntGetVector
                0x00000000       0x20 .\CortexM0\ARM_GCC_541\Debug\StepperMotorControl.a(CyLib.o)
 .text.CyIntSetPriority
                0x00000000       0x4c .\CortexM0\ARM_GCC_541\Debug\StepperMotorControl.a(CyLib.o)
 .text.CyIntGetPriority
                0x00000000       0x2c .\CortexM0\ARM_GCC_541\Debug\StepperMotorControl.a(CyLib.o)
 .text.CySoftwareReset
                0x00000000       0x18 .\CortexM0\ARM_GCC_541\Debug\StepperMotorControl.a(CyLib.o)
 .text.CySysLvdEnable
                0x00000000       0x44 .\CortexM0\ARM_GCC_541\Debug\StepperMotorControl.a(CyLib.o)
 .text.CyDelayFreq
                0x00000000       0x4c .\CortexM0\ARM_GCC_541\Debug\StepperMotorControl.a(CyLib.o)
 .text.CySysTickStop
                0x00000000       0x10 .\CortexM0\ARM_GCC_541\Debug\StepperMotorControl.a(CyLib.o)
 .text.CySysTickEnableInterrupt
                0x00000000       0x10 .\CortexM0\ARM_GCC_541\Debug\StepperMotorControl.a(CyLib.o)
 .text.CySysTickEnable
                0x00000000       0x18 .\CortexM0\ARM_GCC_541\Debug\StepperMotorControl.a(CyLib.o)
 .text.CySysTickDisableInterrupt
                0x00000000       0x10 .\CortexM0\ARM_GCC_541\Debug\StepperMotorControl.a(CyLib.o)
 .text.CySysTickSetReload
                0x00000000       0x10 .\CortexM0\ARM_GCC_541\Debug\StepperMotorControl.a(CyLib.o)
 .text.CySysTickGetReload
                0x00000000       0x10 .\CortexM0\ARM_GCC_541\Debug\StepperMotorControl.a(CyLib.o)
 .text.CySysTickGetValue
                0x00000000       0x10 .\CortexM0\ARM_GCC_541\Debug\StepperMotorControl.a(CyLib.o)
 .text.CySysTickSetClockSource
                0x00000000       0x20 .\CortexM0\ARM_GCC_541\Debug\StepperMotorControl.a(CyLib.o)
 .text.CySysTickGetClockSource
                0x00000000       0x10 .\CortexM0\ARM_GCC_541\Debug\StepperMotorControl.a(CyLib.o)
 .text.CySysTickGetCountFlag
                0x00000000       0x10 .\CortexM0\ARM_GCC_541\Debug\StepperMotorControl.a(CyLib.o)
 .text.CySysTickServiceCallbacks
                0x00000000       0x28 .\CortexM0\ARM_GCC_541\Debug\StepperMotorControl.a(CyLib.o)
 .text.CySysTickClear
                0x00000000        0xc .\CortexM0\ARM_GCC_541\Debug\StepperMotorControl.a(CyLib.o)
 .text.CySysTickInit
                0x00000000       0x44 .\CortexM0\ARM_GCC_541\Debug\StepperMotorControl.a(CyLib.o)
 .text.CySysTickStart
                0x00000000       0x20 .\CortexM0\ARM_GCC_541\Debug\StepperMotorControl.a(CyLib.o)
 .text.CySysTickSetCallback
                0x00000000       0x10 .\CortexM0\ARM_GCC_541\Debug\StepperMotorControl.a(CyLib.o)
 .text.CySysTickGetCallback
                0x00000000        0xc .\CortexM0\ARM_GCC_541\Debug\StepperMotorControl.a(CyLib.o)
 .text.CyGetUniqueId
                0x00000000       0x70 .\CortexM0\ARM_GCC_541\Debug\StepperMotorControl.a(CyLib.o)
 .text          0x00000000        0x0 .\CortexM0\ARM_GCC_541\Debug\StepperMotorControl.a(CyLFClk.o)
 .text.CySysClkIloEnabled
                0x00000000       0x14 .\CortexM0\ARM_GCC_541\Debug\StepperMotorControl.a(CyLFClk.o)
 .text.CySysClkGetLfclkSource
                0x00000000       0x10 .\CortexM0\ARM_GCC_541\Debug\StepperMotorControl.a(CyLFClk.o)
 .text.CySysClkIloStart
                0x00000000       0x14 .\CortexM0\ARM_GCC_541\Debug\StepperMotorControl.a(CyLFClk.o)
 .text.CySysClkIloStartMeasurement
                0x00000000       0x5c .\CortexM0\ARM_GCC_541\Debug\StepperMotorControl.a(CyLFClk.o)
 .text.CySysClkIloStopMeasurement
                0x00000000       0x14 .\CortexM0\ARM_GCC_541\Debug\StepperMotorControl.a(CyLFClk.o)
 .text.CySysClkIloCompensate
                0x00000000      0x104 .\CortexM0\ARM_GCC_541\Debug\StepperMotorControl.a(CyLFClk.o)
 .text.CySysClkIloUpdateTrimReg
                0x00000000       0xa8 .\CortexM0\ARM_GCC_541\Debug\StepperMotorControl.a(CyLFClk.o)
 .text.CySysClkIloTrim
                0x00000000       0xd8 .\CortexM0\ARM_GCC_541\Debug\StepperMotorControl.a(CyLFClk.o)
 .text.CySysClkIloRestoreFactoryTrim
                0x00000000       0x30 .\CortexM0\ARM_GCC_541\Debug\StepperMotorControl.a(CyLFClk.o)
 .text.CySysClkWcoEnabled
                0x00000000       0x14 .\CortexM0\ARM_GCC_541\Debug\StepperMotorControl.a(CyLFClk.o)
 .text.CySysClkWcoClockOutSelect
                0x00000000       0x2c .\CortexM0\ARM_GCC_541\Debug\StepperMotorControl.a(CyLFClk.o)
 .text.CySysWdtGetEnabledStatus
                0x00000000       0x24 .\CortexM0\ARM_GCC_541\Debug\StepperMotorControl.a(CyLFClk.o)
 .text.CySysWdtSetMode
                0x00000000       0x38 .\CortexM0\ARM_GCC_541\Debug\StepperMotorControl.a(CyLFClk.o)
 .text.CySysClkLfclkPosedgeRestore
                0x00000000       0x2c .\CortexM0\ARM_GCC_541\Debug\StepperMotorControl.a(CyLFClk.o)
 .text.CySysWdtGetMode
                0x00000000       0x14 .\CortexM0\ARM_GCC_541\Debug\StepperMotorControl.a(CyLFClk.o)
 .text.CySysWdtSetClearOnMatch
                0x00000000       0x34 .\CortexM0\ARM_GCC_541\Debug\StepperMotorControl.a(CyLFClk.o)
 .text.CySysWdtGetClearOnMatch
                0x00000000       0x24 .\CortexM0\ARM_GCC_541\Debug\StepperMotorControl.a(CyLFClk.o)
 .text.CySysWdtEnable
                0x00000000       0x3c .\CortexM0\ARM_GCC_541\Debug\StepperMotorControl.a(CyLFClk.o)
 .text.CySysWdtDisable
                0x00000000       0x44 .\CortexM0\ARM_GCC_541\Debug\StepperMotorControl.a(CyLFClk.o)
 .text.CySysWdtSetCascade
                0x00000000       0x34 .\CortexM0\ARM_GCC_541\Debug\StepperMotorControl.a(CyLFClk.o)
 .text.CySysWdtGetCascade
                0x00000000       0x14 .\CortexM0\ARM_GCC_541\Debug\StepperMotorControl.a(CyLFClk.o)
 .text.CySysWdtSetMatch
                0x00000000       0x54 .\CortexM0\ARM_GCC_541\Debug\StepperMotorControl.a(CyLFClk.o)
 .text.CySysWdtSetToggleBit
                0x00000000       0x30 .\CortexM0\ARM_GCC_541\Debug\StepperMotorControl.a(CyLFClk.o)
 .text.CySysWdtGetToggleBit
                0x00000000       0x10 .\CortexM0\ARM_GCC_541\Debug\StepperMotorControl.a(CyLFClk.o)
 .text.CySysWdtGetMatch
                0x00000000       0x20 .\CortexM0\ARM_GCC_541\Debug\StepperMotorControl.a(CyLFClk.o)
 .text.CySysWdtGetCount
                0x00000000       0x3c .\CortexM0\ARM_GCC_541\Debug\StepperMotorControl.a(CyLFClk.o)
 .text.CySysClkLfclkPosedgeCatch
                0x00000000       0x74 .\CortexM0\ARM_GCC_541\Debug\StepperMotorControl.a(CyLFClk.o)
 .text.CySysClkIloStop
                0x00000000       0x4c .\CortexM0\ARM_GCC_541\Debug\StepperMotorControl.a(CyLFClk.o)
 .text.CySysClkSetLfclkSource
                0x00000000       0x38 .\CortexM0\ARM_GCC_541\Debug\StepperMotorControl.a(CyLFClk.o)
 .text.CySysClkWcoStop
                0x00000000       0x48 .\CortexM0\ARM_GCC_541\Debug\StepperMotorControl.a(CyLFClk.o)
 .text.CySysWdtGetInterruptSource
                0x00000000       0x14 .\CortexM0\ARM_GCC_541\Debug\StepperMotorControl.a(CyLFClk.o)
 .text.CySysWdtResetCounters
                0x00000000       0x20 .\CortexM0\ARM_GCC_541\Debug\StepperMotorControl.a(CyLFClk.o)
 .text.CySysWdtSetInterruptCallback
                0x00000000       0x20 .\CortexM0\ARM_GCC_541\Debug\StepperMotorControl.a(CyLFClk.o)
 .text.CySysWdtGetInterruptCallback
                0x00000000       0x20 .\CortexM0\ARM_GCC_541\Debug\StepperMotorControl.a(CyLFClk.o)
 .text.CySysWdtEnableCounterIsr
                0x00000000       0x34 .\CortexM0\ARM_GCC_541\Debug\StepperMotorControl.a(CyLFClk.o)
 .text.CySysWdtDisableCounterIsr
                0x00000000       0x28 .\CortexM0\ARM_GCC_541\Debug\StepperMotorControl.a(CyLFClk.o)
 .text.CySysWatchdogFeed
                0x00000000       0x60 .\CortexM0\ARM_GCC_541\Debug\StepperMotorControl.a(CyLFClk.o)
 .text.CySysTimerDelayUntilMatch
                0x00000000       0x6c .\CortexM0\ARM_GCC_541\Debug\StepperMotorControl.a(CyLFClk.o)
 .text.CySysTimerDelay
                0x00000000       0x3c .\CortexM0\ARM_GCC_541\Debug\StepperMotorControl.a(CyLFClk.o)
 .rodata        0x00000000        0xc .\CortexM0\ARM_GCC_541\Debug\StepperMotorControl.a(CyLFClk.o)
 .text          0x00000000        0x0 .\CortexM0\ARM_GCC_541\Debug\StepperMotorControl.a(UART.o)
 .data          0x00000000        0x0 .\CortexM0\ARM_GCC_541\Debug\StepperMotorControl.a(UART.o)
 .text.UART_ScbModeStop
                0x00000000        0x8 .\CortexM0\ARM_GCC_541\Debug\StepperMotorControl.a(UART.o)
 .text.UART_Stop
                0x00000000       0x20 .\CortexM0\ARM_GCC_541\Debug\StepperMotorControl.a(UART.o)
 .text.UART_SetRxFifoLevel
                0x00000000       0x14 .\CortexM0\ARM_GCC_541\Debug\StepperMotorControl.a(UART.o)
 .text.UART_SetTxFifoLevel
                0x00000000       0x14 .\CortexM0\ARM_GCC_541\Debug\StepperMotorControl.a(UART.o)
 .text          0x00000000        0x0 .\CortexM0\ARM_GCC_541\Debug\StepperMotorControl.a(UART_SPI_UART.o)
 .data          0x00000000        0x0 .\CortexM0\ARM_GCC_541\Debug\StepperMotorControl.a(UART_SPI_UART.o)
 .bss           0x00000000        0x0 .\CortexM0\ARM_GCC_541\Debug\StepperMotorControl.a(UART_SPI_UART.o)
 .text.UART_SpiUartClearRxBuffer
                0x00000000       0x20 .\CortexM0\ARM_GCC_541\Debug\StepperMotorControl.a(UART_SPI_UART.o)
 .text.UART_SpiUartPutArray
                0x00000000       0x18 .\CortexM0\ARM_GCC_541\Debug\StepperMotorControl.a(UART_SPI_UART.o)
 .text.UART_SpiUartGetTxBufferSize
                0x00000000       0x10 .\CortexM0\ARM_GCC_541\Debug\StepperMotorControl.a(UART_SPI_UART.o)
 .text.UART_SpiUartClearTxBuffer
                0x00000000       0x20 .\CortexM0\ARM_GCC_541\Debug\StepperMotorControl.a(UART_SPI_UART.o)
 .text.UART_SpiUartDisableIntRx
                0x00000000       0x10 .\CortexM0\ARM_GCC_541\Debug\StepperMotorControl.a(UART_SPI_UART.o)
 .text.UART_SpiUartDisableIntTx
                0x00000000       0x10 .\CortexM0\ARM_GCC_541\Debug\StepperMotorControl.a(UART_SPI_UART.o)
 .text          0x00000000        0x0 .\CortexM0\ARM_GCC_541\Debug\StepperMotorControl.a(UART_UART.o)
 .data          0x00000000        0x0 .\CortexM0\ARM_GCC_541\Debug\StepperMotorControl.a(UART_UART.o)
 .bss           0x00000000        0x0 .\CortexM0\ARM_GCC_541\Debug\StepperMotorControl.a(UART_UART.o)
 .text.UART_UartStop
                0x00000000       0x2c .\CortexM0\ARM_GCC_541\Debug\StepperMotorControl.a(UART_UART.o)
 .text.UART_UartSetRxAddress
                0x00000000       0x14 .\CortexM0\ARM_GCC_541\Debug\StepperMotorControl.a(UART_UART.o)
 .text.UART_UartSetRxAddressMask
                0x00000000       0x18 .\CortexM0\ARM_GCC_541\Debug\StepperMotorControl.a(UART_UART.o)
 .text.UART_UartGetByte
                0x00000000       0x34 .\CortexM0\ARM_GCC_541\Debug\StepperMotorControl.a(UART_UART.o)
 .text.UART_UartSetRtsPolarity
                0x00000000       0x28 .\CortexM0\ARM_GCC_541\Debug\StepperMotorControl.a(UART_UART.o)
 .text.UART_UartSetRtsFifoLevel
                0x00000000       0x14 .\CortexM0\ARM_GCC_541\Debug\StepperMotorControl.a(UART_UART.o)
 .text.UART_UartPutCRLF
                0x00000000       0x14 .\CortexM0\ARM_GCC_541\Debug\StepperMotorControl.a(UART_UART.o)
 .text.UART_UartEnableCts
                0x00000000       0x14 .\CortexM0\ARM_GCC_541\Debug\StepperMotorControl.a(UART_UART.o)
 .text.UART_UartDisableCts
                0x00000000       0x14 .\CortexM0\ARM_GCC_541\Debug\StepperMotorControl.a(UART_UART.o)
 .text.UART_UartSetCtsPolarity
                0x00000000       0x28 .\CortexM0\ARM_GCC_541\Debug\StepperMotorControl.a(UART_UART.o)
 .text.UART_UartSendBreakBlocking
                0x00000000       0x58 .\CortexM0\ARM_GCC_541\Debug\StepperMotorControl.a(UART_UART.o)
 .data          0x00000000        0x0 .\CortexM0\ARM_GCC_541\Debug\StepperMotorControl.a(CyBootAsmGnu.o)
 .bss           0x00000000        0x0 .\CortexM0\ARM_GCC_541\Debug\StepperMotorControl.a(CyBootAsmGnu.o)
 .data          0x00000000        0x0 c:/program files (x86)/cypress/psoc creator/4.2/psoc creator/import/gnu/arm/5.4.1/bin/../lib/gcc/arm-none-eabi/5.4.1/armv6-m\libgcc.a(_udivsi3.o)
 .bss           0x00000000        0x0 c:/program files (x86)/cypress/psoc creator/4.2/psoc creator/import/gnu/arm/5.4.1/bin/../lib/gcc/arm-none-eabi/5.4.1/armv6-m\libgcc.a(_udivsi3.o)
 .data          0x00000000        0x0 c:/program files (x86)/cypress/psoc creator/4.2/psoc creator/import/gnu/arm/5.4.1/bin/../lib/gcc/arm-none-eabi/5.4.1/armv6-m\libgcc.a(_divsi3.o)
 .bss           0x00000000        0x0 c:/program files (x86)/cypress/psoc creator/4.2/psoc creator/import/gnu/arm/5.4.1/bin/../lib/gcc/arm-none-eabi/5.4.1/armv6-m\libgcc.a(_divsi3.o)
 .data          0x00000000        0x0 c:/program files (x86)/cypress/psoc creator/4.2/psoc creator/import/gnu/arm/5.4.1/bin/../lib/gcc/arm-none-eabi/5.4.1/armv6-m\libgcc.a(_dvmd_tls.o)
 .bss           0x00000000        0x0 c:/program files (x86)/cypress/psoc creator/4.2/psoc creator/import/gnu/arm/5.4.1/bin/../lib/gcc/arm-none-eabi/5.4.1/armv6-m\libgcc.a(_dvmd_tls.o)
 .text          0x00000000        0x0 c:/program files (x86)/cypress/psoc creator/4.2/psoc creator/import/gnu/arm/5.4.1/bin/../lib/gcc/arm-none-eabi/5.4.1/../../../../arm-none-eabi/lib/armv6-m\libg_nano.a(lib_a-atoi.o)
 .data          0x00000000        0x0 c:/program files (x86)/cypress/psoc creator/4.2/psoc creator/import/gnu/arm/5.4.1/bin/../lib/gcc/arm-none-eabi/5.4.1/../../../../arm-none-eabi/lib/armv6-m\libg_nano.a(lib_a-atoi.o)
 .bss           0x00000000        0x0 c:/program files (x86)/cypress/psoc creator/4.2/psoc creator/import/gnu/arm/5.4.1/bin/../lib/gcc/arm-none-eabi/5.4.1/../../../../arm-none-eabi/lib/armv6-m\libg_nano.a(lib_a-atoi.o)
 .text._atoi_r  0x00000000        0xc c:/program files (x86)/cypress/psoc creator/4.2/psoc creator/import/gnu/arm/5.4.1/bin/../lib/gcc/arm-none-eabi/5.4.1/../../../../arm-none-eabi/lib/armv6-m\libg_nano.a(lib_a-atoi.o)
 .text          0x00000000        0x0 c:/program files (x86)/cypress/psoc creator/4.2/psoc creator/import/gnu/arm/5.4.1/bin/../lib/gcc/arm-none-eabi/5.4.1/../../../../arm-none-eabi/lib/armv6-m\libg_nano.a(lib_a-errno.o)
 .data          0x00000000        0x0 c:/program files (x86)/cypress/psoc creator/4.2/psoc creator/import/gnu/arm/5.4.1/bin/../lib/gcc/arm-none-eabi/5.4.1/../../../../arm-none-eabi/lib/armv6-m\libg_nano.a(lib_a-errno.o)
 .bss           0x00000000        0x0 c:/program files (x86)/cypress/psoc creator/4.2/psoc creator/import/gnu/arm/5.4.1/bin/../lib/gcc/arm-none-eabi/5.4.1/../../../../arm-none-eabi/lib/armv6-m\libg_nano.a(lib_a-errno.o)
 .text          0x00000000        0x0 c:/program files (x86)/cypress/psoc creator/4.2/psoc creator/import/gnu/arm/5.4.1/bin/../lib/gcc/arm-none-eabi/5.4.1/../../../../arm-none-eabi/lib/armv6-m\libg_nano.a(lib_a-exit.o)
 .data          0x00000000        0x0 c:/program files (x86)/cypress/psoc creator/4.2/psoc creator/import/gnu/arm/5.4.1/bin/../lib/gcc/arm-none-eabi/5.4.1/../../../../arm-none-eabi/lib/armv6-m\libg_nano.a(lib_a-exit.o)
 .bss           0x00000000        0x0 c:/program files (x86)/cypress/psoc creator/4.2/psoc creator/import/gnu/arm/5.4.1/bin/../lib/gcc/arm-none-eabi/5.4.1/../../../../arm-none-eabi/lib/armv6-m\libg_nano.a(lib_a-exit.o)
 .text.exit     0x00000000       0x2c c:/program files (x86)/cypress/psoc creator/4.2/psoc creator/import/gnu/arm/5.4.1/bin/../lib/gcc/arm-none-eabi/5.4.1/../../../../arm-none-eabi/lib/armv6-m\libg_nano.a(lib_a-exit.o)
 .text          0x00000000        0x0 c:/program files (x86)/cypress/psoc creator/4.2/psoc creator/import/gnu/arm/5.4.1/bin/../lib/gcc/arm-none-eabi/5.4.1/../../../../arm-none-eabi/lib/armv6-m\libg_nano.a(lib_a-impure.o)
 .data          0x00000000        0x0 c:/program files (x86)/cypress/psoc creator/4.2/psoc creator/import/gnu/arm/5.4.1/bin/../lib/gcc/arm-none-eabi/5.4.1/../../../../arm-none-eabi/lib/armv6-m\libg_nano.a(lib_a-impure.o)
 .bss           0x00000000        0x0 c:/program files (x86)/cypress/psoc creator/4.2/psoc creator/import/gnu/arm/5.4.1/bin/../lib/gcc/arm-none-eabi/5.4.1/../../../../arm-none-eabi/lib/armv6-m\libg_nano.a(lib_a-impure.o)
 .rodata._global_impure_ptr
                0x00000000        0x4 c:/program files (x86)/cypress/psoc creator/4.2/psoc creator/import/gnu/arm/5.4.1/bin/../lib/gcc/arm-none-eabi/5.4.1/../../../../arm-none-eabi/lib/armv6-m\libg_nano.a(lib_a-impure.o)
 .text          0x00000000        0x0 c:/program files (x86)/cypress/psoc creator/4.2/psoc creator/import/gnu/arm/5.4.1/bin/../lib/gcc/arm-none-eabi/5.4.1/../../../../arm-none-eabi/lib/armv6-m\libg_nano.a(lib_a-init.o)
 .data          0x00000000        0x0 c:/program files (x86)/cypress/psoc creator/4.2/psoc creator/import/gnu/arm/5.4.1/bin/../lib/gcc/arm-none-eabi/5.4.1/../../../../arm-none-eabi/lib/armv6-m\libg_nano.a(lib_a-init.o)
 .bss           0x00000000        0x0 c:/program files (x86)/cypress/psoc creator/4.2/psoc creator/import/gnu/arm/5.4.1/bin/../lib/gcc/arm-none-eabi/5.4.1/../../../../arm-none-eabi/lib/armv6-m\libg_nano.a(lib_a-init.o)
 .text          0x00000000        0x0 c:/program files (x86)/cypress/psoc creator/4.2/psoc creator/import/gnu/arm/5.4.1/bin/../lib/gcc/arm-none-eabi/5.4.1/../../../../arm-none-eabi/lib/armv6-m\libg_nano.a(lib_a-memset.o)
 .data          0x00000000        0x0 c:/program files (x86)/cypress/psoc creator/4.2/psoc creator/import/gnu/arm/5.4.1/bin/../lib/gcc/arm-none-eabi/5.4.1/../../../../arm-none-eabi/lib/armv6-m\libg_nano.a(lib_a-memset.o)
 .bss           0x00000000        0x0 c:/program files (x86)/cypress/psoc creator/4.2/psoc creator/import/gnu/arm/5.4.1/bin/../lib/gcc/arm-none-eabi/5.4.1/../../../../arm-none-eabi/lib/armv6-m\libg_nano.a(lib_a-memset.o)
 .text          0x00000000        0x0 c:/program files (x86)/cypress/psoc creator/4.2/psoc creator/import/gnu/arm/5.4.1/bin/../lib/gcc/arm-none-eabi/5.4.1/../../../../arm-none-eabi/lib/armv6-m\libg_nano.a(lib_a-strtol.o)
 .data          0x00000000        0x0 c:/program files (x86)/cypress/psoc creator/4.2/psoc creator/import/gnu/arm/5.4.1/bin/../lib/gcc/arm-none-eabi/5.4.1/../../../../arm-none-eabi/lib/armv6-m\libg_nano.a(lib_a-strtol.o)
 .bss           0x00000000        0x0 c:/program files (x86)/cypress/psoc creator/4.2/psoc creator/import/gnu/arm/5.4.1/bin/../lib/gcc/arm-none-eabi/5.4.1/../../../../arm-none-eabi/lib/armv6-m\libg_nano.a(lib_a-strtol.o)
 .text          0x00000000        0x0 c:/program files (x86)/cypress/psoc creator/4.2/psoc creator/import/gnu/arm/5.4.1/bin/../lib/gcc/arm-none-eabi/5.4.1/../../../../arm-none-eabi/lib/armv6-m\libg_nano.a(lib_a-ctype_.o)
 .data          0x00000000        0x0 c:/program files (x86)/cypress/psoc creator/4.2/psoc creator/import/gnu/arm/5.4.1/bin/../lib/gcc/arm-none-eabi/5.4.1/../../../../arm-none-eabi/lib/armv6-m\libg_nano.a(lib_a-ctype_.o)
 .bss           0x00000000        0x0 c:/program files (x86)/cypress/psoc creator/4.2/psoc creator/import/gnu/arm/5.4.1/bin/../lib/gcc/arm-none-eabi/5.4.1/../../../../arm-none-eabi/lib/armv6-m\libg_nano.a(lib_a-ctype_.o)
 .text          0x00000000        0x0 c:/program files (x86)/cypress/psoc creator/4.2/psoc creator/import/gnu/arm/5.4.1/bin/../lib/gcc/arm-none-eabi/5.4.1/armv6-m/crtend.o
 .data          0x00000000        0x0 c:/program files (x86)/cypress/psoc creator/4.2/psoc creator/import/gnu/arm/5.4.1/bin/../lib/gcc/arm-none-eabi/5.4.1/armv6-m/crtend.o
 .bss           0x00000000        0x0 c:/program files (x86)/cypress/psoc creator/4.2/psoc creator/import/gnu/arm/5.4.1/bin/../lib/gcc/arm-none-eabi/5.4.1/armv6-m/crtend.o
 .text          0x00000000        0x0 c:/program files (x86)/cypress/psoc creator/4.2/psoc creator/import/gnu/arm/5.4.1/bin/../lib/gcc/arm-none-eabi/5.4.1/armv6-m/crtn.o
 .data          0x00000000        0x0 c:/program files (x86)/cypress/psoc creator/4.2/psoc creator/import/gnu/arm/5.4.1/bin/../lib/gcc/arm-none-eabi/5.4.1/armv6-m/crtn.o
 .bss           0x00000000        0x0 c:/program files (x86)/cypress/psoc creator/4.2/psoc creator/import/gnu/arm/5.4.1/bin/../lib/gcc/arm-none-eabi/5.4.1/armv6-m/crtn.o

Memory Configuration

Name             Origin             Length             Attributes
rom              0x00000000         0x00020000         xr
ram              0x20000000         0x00004000         xrw
*default*        0x00000000         0xffffffff

Linker script and memory map

LOAD c:/program files (x86)/cypress/psoc creator/4.2/psoc creator/import/gnu/arm/5.4.1/bin/../lib/gcc/arm-none-eabi/5.4.1/armv6-m/crti.o
LOAD c:/program files (x86)/cypress/psoc creator/4.2/psoc creator/import/gnu/arm/5.4.1/bin/../lib/gcc/arm-none-eabi/5.4.1/armv6-m/crtbegin.o
LOAD c:/program files (x86)/cypress/psoc creator/4.2/psoc creator/import/gnu/arm/5.4.1/bin/../lib/gcc/arm-none-eabi/5.4.1/../../../../arm-none-eabi/lib/armv6-m/crt0.o
START GROUP
LOAD .\CortexM0\ARM_GCC_541\Debug\main.o
LOAD .\CortexM0\ARM_GCC_541\Debug\cyfitter_cfg.o
LOAD .\CortexM0\ARM_GCC_541\Debug\cymetadata.o
LOAD .\CortexM0\ARM_GCC_541\Debug\Cm0Start.o
LOAD .\CortexM0\ARM_GCC_541\Debug\StepperMotorControl.a
END GROUP
START GROUP
LOAD c:/program files (x86)/cypress/psoc creator/4.2/psoc creator/import/gnu/arm/5.4.1/bin/../lib/gcc/arm-none-eabi/5.4.1/armv6-m\libgcc.a
LOAD c:/program files (x86)/cypress/psoc creator/4.2/psoc creator/import/gnu/arm/5.4.1/bin/../lib/gcc/arm-none-eabi/5.4.1/../../../../arm-none-eabi/lib/armv6-m\libg_nano.a
LOAD c:/program files (x86)/cypress/psoc creator/4.2/psoc creator/import/gnu/arm/5.4.1/bin/../lib/gcc/arm-none-eabi/5.4.1/../../../../arm-none-eabi/lib/armv6-m\libc_nano.a
END GROUP
START GROUP
LOAD c:/program files (x86)/cypress/psoc creator/4.2/psoc creator/import/gnu/arm/5.4.1/bin/../lib/gcc/arm-none-eabi/5.4.1/armv6-m\libgcc.a
LOAD c:/program files (x86)/cypress/psoc creator/4.2/psoc creator/import/gnu/arm/5.4.1/bin/../lib/gcc/arm-none-eabi/5.4.1/../../../../arm-none-eabi/lib/armv6-m\libc_nano.a
END GROUP
LOAD c:/program files (x86)/cypress/psoc creator/4.2/psoc creator/import/gnu/arm/5.4.1/bin/../lib/gcc/arm-none-eabi/5.4.1/armv6-m/crtend.o
LOAD c:/program files (x86)/cypress/psoc creator/4.2/psoc creator/import/gnu/arm/5.4.1/bin/../lib/gcc/arm-none-eabi/5.4.1/armv6-m/crtn.o
START GROUP
LOAD c:/program files (x86)/cypress/psoc creator/4.2/psoc creator/import/gnu/arm/5.4.1/bin/../lib/gcc/arm-none-eabi/5.4.1/armv6-m\libgcc.a
LOAD c:/program files (x86)/cypress/psoc creator/4.2/psoc creator/import/gnu/arm/5.4.1/bin/../lib/gcc/arm-none-eabi/5.4.1/../../../../arm-none-eabi/lib/armv6-m\libc.a
LOAD c:/program files (x86)/cypress/psoc creator/4.2/psoc creator/import/gnu/arm/5.4.1/bin/../lib/gcc/arm-none-eabi/5.4.1/../../../../arm-none-eabi/lib/armv6-m\libnosys.a
END GROUP
                0x00000000                CY_APPL_ORIGIN = 0x0
                0x00000080                CY_FLASH_ROW_SIZE = 0x80
                0x00000001                CY_APPL_NUM = 0x1
                0x00000001                CY_APPL_MAX = 0x1
                0x00000040                CY_METADATA_SIZE = 0x40
                0x00000000                CY_APPL_LOADABLE = 0x0
                0x00000000                CY_CHECKSUM_EXCLUDE_SIZE = ALIGN (0x0, CY_FLASH_ROW_SIZE)
                0x00000000                CY_APP_FOR_STACK_AND_COPIER = 0x0
                [!provide]                PROVIDE (__cy_heap_start, _end)
                0x00000001                PROVIDE (__cy_region_num, ((__cy_regions_end - __cy_regions) / 0x10))
                0x20004000                PROVIDE (__cy_stack, (ORIGIN (ram) + LENGTH (ram)))
                [!provide]                PROVIDE (__cy_heap_end, (__cy_stack - 0x800))

.cybootloader   0x00000000        0x0
 *(.cybootloader)
                0x00000000                appl1_start = CY_APPL_ORIGIN?CY_APPL_ORIGIN:ALIGN (CY_FLASH_ROW_SIZE)
                0x0000ff80                appl2_start = (appl1_start + ALIGN ((((LENGTH (rom) - appl1_start) - (0x2 * CY_FLASH_ROW_SIZE)) / 0x2), CY_FLASH_ROW_SIZE))
                0x00000000                appl_start = (CY_APPL_NUM == 0x1)?appl1_start:appl2_start
                0x00000001                cy_project_type_bootloader = (appl_start == 0x0)?0x1:0x0
                0x00000000                cy_project_type_app_for_stack_and_copier = (CY_APP_FOR_STACK_AND_COPIER == 0x1)?0x1:0x0

.text           0x00000000      0xf74
 CREATE_OBJECT_SYMBOLS
                0x00000000                PROVIDE (__cy_interrupt_vector, RomVectors)
 *(.romvectors)
 .romvectors    0x00000000       0x10 .\CortexM0\ARM_GCC_541\Debug\Cm0Start.o
                0x00000000                RomVectors
                0x00000001                ASSERT ((. != __cy_interrupt_vector), No interrupt vector)
                0x00000001                ASSERT (CY_APPL_ORIGIN?(SIZEOF (.cybootloader) <= CY_APPL_ORIGIN):0x1, Wrong image location)
                0x00000010                PROVIDE (__cy_reset, Reset)
 *(.text.Reset)
 .text.Reset    0x00000010        0x8 .\CortexM0\ARM_GCC_541\Debug\Cm0Start.o
                0x00000010                Reset
                0x00000001                ASSERT ((. != __cy_reset), No reset code)
 *(.psocinit)
 .psocinit      0x00000018      0x194 .\CortexM0\ARM_GCC_541\Debug\cyfitter_cfg.o
                0x000000f0                cyfitter_cfg
                0x000001ac                . = MAX (., 0x100)
 *(.text .text.* .gnu.linkonce.t.*)
 .text          0x000001ac       0x60 c:/program files (x86)/cypress/psoc creator/4.2/psoc creator/import/gnu/arm/5.4.1/bin/../lib/gcc/arm-none-eabi/5.4.1/armv6-m/crtbegin.o
 .text.setOutput
                0x0000020c       0x28 .\CortexM0\ARM_GCC_541\Debug\main.o
                0x0000020c                setOutput
 .text.clockwise
                0x00000234       0x24 .\CortexM0\ARM_GCC_541\Debug\main.o
                0x00000234                clockwise
 .text.anticlockwise
                0x00000258       0x24 .\CortexM0\ARM_GCC_541\Debug\main.o
                0x00000258                anticlockwise
 .text.printMenu
                0x0000027c       0x5c .\CortexM0\ARM_GCC_541\Debug\main.o
                0x0000027c                printMenu
 .text.getData  0x000002d8       0xf4 .\CortexM0\ARM_GCC_541\Debug\main.o
                0x000002d8                getData
 .text.setPosition
                0x000003cc       0x20 .\CortexM0\ARM_GCC_541\Debug\main.o
                0x000003cc                setPosition
 .text.setSpeed
                0x000003ec       0x14 .\CortexM0\ARM_GCC_541\Debug\main.o
                0x000003ec                setSpeed
 .text.main     0x00000400       0x98 .\CortexM0\ARM_GCC_541\Debug\main.o
                0x00000400                main
 .text.AnalogSetDefault
                0x00000498       0x20 .\CortexM0\ARM_GCC_541\Debug\cyfitter_cfg.o
 .text.CYMEMZERO
                0x000004b8        0xc .\CortexM0\ARM_GCC_541\Debug\cyfitter_cfg.o
 .text.IntDefaultHandler
                0x000004c4       0x10 .\CortexM0\ARM_GCC_541\Debug\Cm0Start.o
                0x000004c4                IntDefaultHandler
 .text.Start_c  0x000004d4       0x48 .\CortexM0\ARM_GCC_541\Debug\Cm0Start.o
                0x000004d4                Start_c
 .text.initialize_psoc
                0x0000051c       0x4c .\CortexM0\ARM_GCC_541\Debug\Cm0Start.o
                0x0000051c                initialize_psoc
 .text.motorPin1_Write
                0x00000568       0x18 .\CortexM0\ARM_GCC_541\Debug\StepperMotorControl.a(motorPin1.o)
                0x00000568                motorPin1_Write
 .text.motorPin2_Write
                0x00000580       0x18 .\CortexM0\ARM_GCC_541\Debug\StepperMotorControl.a(motorPin2.o)
                0x00000580                motorPin2_Write
 .text.motorPin3_Write
                0x00000598       0x18 .\CortexM0\ARM_GCC_541\Debug\StepperMotorControl.a(motorPin3.o)
                0x00000598                motorPin3_Write
 .text.motorPin4_Write
                0x000005b0       0x18 .\CortexM0\ARM_GCC_541\Debug\StepperMotorControl.a(motorPin4.o)
                0x000005b0                motorPin4_Write
 .text.CySysClkWriteImoFreq
                0x000005c8       0x64 .\CortexM0\ARM_GCC_541\Debug\StepperMotorControl.a(CyLib.o)
                0x000005c8                CySysClkWriteImoFreq
 .text.CySysClkEcoReadStatus
                0x0000062c       0x10 .\CortexM0\ARM_GCC_541\Debug\StepperMotorControl.a(CyLib.o)
                0x0000062c                CySysClkEcoReadStatus
 .text.CyIntEnable
                0x0000063c       0x14 .\CortexM0\ARM_GCC_541\Debug\StepperMotorControl.a(CyLib.o)
                0x0000063c                CyIntEnable
 .text.CyHalt   0x00000650        0x4 .\CortexM0\ARM_GCC_541\Debug\StepperMotorControl.a(CyLib.o)
                0x00000650                CyHalt
 .text.CyIntSetVector
                0x00000654       0x24 .\CortexM0\ARM_GCC_541\Debug\StepperMotorControl.a(CyLib.o)
                0x00000654                CyIntSetVector
 .text.CyDelay  0x00000678       0x30 .\CortexM0\ARM_GCC_541\Debug\StepperMotorControl.a(CyLib.o)
                0x00000678                CyDelay
 .text.CyDelayUs
                0x000006a8       0x14 .\CortexM0\ARM_GCC_541\Debug\StepperMotorControl.a(CyLib.o)
                0x000006a8                CyDelayUs
 .text.CySysClkEcoStart
                0x000006bc       0x54 .\CortexM0\ARM_GCC_541\Debug\StepperMotorControl.a(CyLib.o)
                0x000006bc                CySysClkEcoStart
 .text.CySysWdtLocked
                0x00000710       0x14 .\CortexM0\ARM_GCC_541\Debug\StepperMotorControl.a(CyLFClk.o)
 .text.CySysClkWcoStart
                0x00000724       0x40 .\CortexM0\ARM_GCC_541\Debug\StepperMotorControl.a(CyLFClk.o)
                0x00000724                CySysClkWcoStart
 .text.CySysClkWcoSetPowerMode
                0x00000764       0x80 .\CortexM0\ARM_GCC_541\Debug\StepperMotorControl.a(CyLFClk.o)
                0x00000764                CySysClkWcoSetPowerMode
 .text.CySysWdtLock
                0x000007e4       0x1c .\CortexM0\ARM_GCC_541\Debug\StepperMotorControl.a(CyLFClk.o)
                0x000007e4                CySysWdtLock
 .text.CySysWdtUnlock
                0x00000800       0x30 .\CortexM0\ARM_GCC_541\Debug\StepperMotorControl.a(CyLFClk.o)
                0x00000800                CySysWdtUnlock
 .text.CySysWdtClearInterrupt
                0x00000830       0x4c .\CortexM0\ARM_GCC_541\Debug\StepperMotorControl.a(CyLFClk.o)
                0x00000830                CySysWdtClearInterrupt
 .text.CySysWdtIsr
                0x0000087c       0xa4 .\CortexM0\ARM_GCC_541\Debug\StepperMotorControl.a(CyLFClk.o)
                0x0000087c                CySysWdtIsr
 .text.UART_ScbModePostEnable
                0x00000920        0x8 .\CortexM0\ARM_GCC_541\Debug\StepperMotorControl.a(UART.o)
 .text.UART_Init
                0x00000928        0x8 .\CortexM0\ARM_GCC_541\Debug\StepperMotorControl.a(UART.o)
                0x00000928                UART_Init
 .text.UART_Enable
                0x00000930       0x18 .\CortexM0\ARM_GCC_541\Debug\StepperMotorControl.a(UART.o)
                0x00000930                UART_Enable
 .text.UART_Start
                0x00000948       0x20 .\CortexM0\ARM_GCC_541\Debug\StepperMotorControl.a(UART.o)
                0x00000948                UART_Start
 .text.UART_SpiUartReadRxData
                0x00000968        0xc .\CortexM0\ARM_GCC_541\Debug\StepperMotorControl.a(UART_SPI_UART.o)
                0x00000968                UART_SpiUartReadRxData
 .text.UART_SpiUartGetRxBufferSize
                0x00000974       0x10 .\CortexM0\ARM_GCC_541\Debug\StepperMotorControl.a(UART_SPI_UART.o)
                0x00000974                UART_SpiUartGetRxBufferSize
 .text.UART_SpiUartWriteTxData
                0x00000984       0x1c .\CortexM0\ARM_GCC_541\Debug\StepperMotorControl.a(UART_SPI_UART.o)
                0x00000984                UART_SpiUartWriteTxData
 .text.UART_UartInit
                0x000009a0       0xa8 .\CortexM0\ARM_GCC_541\Debug\StepperMotorControl.a(UART_UART.o)
                0x000009a0                UART_UartInit
 .text.UART_UartPostEnable
                0x00000a48       0x2c .\CortexM0\ARM_GCC_541\Debug\StepperMotorControl.a(UART_UART.o)
                0x00000a48                UART_UartPostEnable
 .text.UART_UartGetChar
                0x00000a74       0x2c .\CortexM0\ARM_GCC_541\Debug\StepperMotorControl.a(UART_UART.o)
                0x00000a74                UART_UartGetChar
 .text.UART_UartPutString
                0x00000aa0       0x18 .\CortexM0\ARM_GCC_541\Debug\StepperMotorControl.a(UART_UART.o)
                0x00000aa0                UART_UartPutString
 .text          0x00000ab8       0x20 .\CortexM0\ARM_GCC_541\Debug\StepperMotorControl.a(CyBootAsmGnu.o)
                0x00000ab8                CyDelayCycles
                0x00000aca                CyEnterCriticalSection
                0x00000ad2                CyExitCriticalSection
 .text          0x00000ad8      0x114 c:/program files (x86)/cypress/psoc creator/4.2/psoc creator/import/gnu/arm/5.4.1/bin/../lib/gcc/arm-none-eabi/5.4.1/armv6-m\libgcc.a(_udivsi3.o)
                0x00000ad8                __aeabi_uidiv
                0x00000ad8                __udivsi3
                0x00000be4                __aeabi_uidivmod
 .text          0x00000bec      0x1d4 c:/program files (x86)/cypress/psoc creator/4.2/psoc creator/import/gnu/arm/5.4.1/bin/../lib/gcc/arm-none-eabi/5.4.1/armv6-m\libgcc.a(_divsi3.o)
                0x00000bec                __divsi3
                0x00000bec                __aeabi_idiv
                0x00000db8                __aeabi_idivmod
 .text          0x00000dc0        0x4 c:/program files (x86)/cypress/psoc creator/4.2/psoc creator/import/gnu/arm/5.4.1/bin/../lib/gcc/arm-none-eabi/5.4.1/armv6-m\libgcc.a(_dvmd_tls.o)
                0x00000dc0                __aeabi_idiv0
                0x00000dc0                __aeabi_ldiv0
 .text.atoi     0x00000dc4        0xc c:/program files (x86)/cypress/psoc creator/4.2/psoc creator/import/gnu/arm/5.4.1/bin/../lib/gcc/arm-none-eabi/5.4.1/../../../../arm-none-eabi/lib/armv6-m\libg_nano.a(lib_a-atoi.o)
                0x00000dc4                atoi
 .text.__errno  0x00000dd0        0xc c:/program files (x86)/cypress/psoc creator/4.2/psoc creator/import/gnu/arm/5.4.1/bin/../lib/gcc/arm-none-eabi/5.4.1/../../../../arm-none-eabi/lib/armv6-m\libg_nano.a(lib_a-errno.o)
                0x00000dd0                __errno
 .text.__libc_init_array
                0x00000ddc       0x4c c:/program files (x86)/cypress/psoc creator/4.2/psoc creator/import/gnu/arm/5.4.1/bin/../lib/gcc/arm-none-eabi/5.4.1/../../../../arm-none-eabi/lib/armv6-m\libg_nano.a(lib_a-init.o)
                0x00000ddc                __libc_init_array
 .text.memset   0x00000e28       0x10 c:/program files (x86)/cypress/psoc creator/4.2/psoc creator/import/gnu/arm/5.4.1/bin/../lib/gcc/arm-none-eabi/5.4.1/../../../../arm-none-eabi/lib/armv6-m\libg_nano.a(lib_a-memset.o)
                0x00000e28                memset
 .text._strtol_r
                0x00000e38      0x124 c:/program files (x86)/cypress/psoc creator/4.2/psoc creator/import/gnu/arm/5.4.1/bin/../lib/gcc/arm-none-eabi/5.4.1/../../../../arm-none-eabi/lib/armv6-m\libg_nano.a(lib_a-strtol.o)
                0x00000e38                _strtol_r
 .text.strtol   0x00000f5c       0x18 c:/program files (x86)/cypress/psoc creator/4.2/psoc creator/import/gnu/arm/5.4.1/bin/../lib/gcc/arm-none-eabi/5.4.1/../../../../arm-none-eabi/lib/armv6-m\libg_nano.a(lib_a-strtol.o)
                0x00000f5c                strtol
 *(.plt)
 *(.gnu.warning)
 *(.glue_7t)
 .glue_7t       0x00000f74        0x0 linker stubs
 *(.glue_7)
 .glue_7        0x00000f74        0x0 linker stubs
 *(.vfp11_veneer)
 .vfp11_veneer  0x00000f74        0x0 linker stubs
 *(.bootloader)
 *(.ARM.extab* .gnu.linkonce.armextab.*)
 *(.gcc_except_table)

.v4_bx          0x00000f74        0x0
 .v4_bx         0x00000f74        0x0 linker stubs

.iplt           0x00000f74        0x0
 .iplt          0x00000f74        0x0 c:/program files (x86)/cypress/psoc creator/4.2/psoc creator/import/gnu/arm/5.4.1/bin/../lib/gcc/arm-none-eabi/5.4.1/armv6-m/crtbegin.o

.eh_frame_hdr
 *(.eh_frame_hdr)

.eh_frame       0x00000f74        0x4
 *(.eh_frame)
 .eh_frame      0x00000f74        0x0 c:/program files (x86)/cypress/psoc creator/4.2/psoc creator/import/gnu/arm/5.4.1/bin/../lib/gcc/arm-none-eabi/5.4.1/armv6-m/crtbegin.o
 .eh_frame      0x00000f74        0x4 c:/program files (x86)/cypress/psoc creator/4.2/psoc creator/import/gnu/arm/5.4.1/bin/../lib/gcc/arm-none-eabi/5.4.1/armv6-m/crtend.o
                [!provide]                PROVIDE (__exidx_start, .)

.ARM.exidx
 *(.ARM.exidx* .gnu.linkonce.armexidx.*)
                0x00000f78                __exidx_end = .

.rodata         0x00000f78      0x310
 *(.rodata .rodata.* .gnu.linkonce.r.*)
 .rodata        0x00000f78       0x24 .\CortexM0\ARM_GCC_541\Debug\main.o
                0x00000f78                stepsLookup
                0x00000f98                numSteps
 .rodata.str1.4
                0x00000f9c      0x178 .\CortexM0\ARM_GCC_541\Debug\main.o
                                0x177 (size before relaxing)
 .rodata        0x00001114        0xc .\CortexM0\ARM_GCC_541\Debug\cyfitter_cfg.o
 .rodata        0x00001120       0x2e .\CortexM0\ARM_GCC_541\Debug\StepperMotorControl.a(CyLib.o)
                0x00001120                cyImoFreqMhz2Reg
 .rodata.str1.1
                0x0000114e        0x2 c:/program files (x86)/cypress/psoc creator/4.2/psoc creator/import/gnu/arm/5.4.1/bin/../lib/gcc/arm-none-eabi/5.4.1/../../../../arm-none-eabi/lib/armv6-m\libg_nano.a(lib_a-impure.o)
 .rodata._ctype_
                0x00001150      0x101 c:/program files (x86)/cypress/psoc creator/4.2/psoc creator/import/gnu/arm/5.4.1/bin/../lib/gcc/arm-none-eabi/5.4.1/../../../../arm-none-eabi/lib/armv6-m\libg_nano.a(lib_a-ctype_.o)
                0x00001150                _ctype_
                0x00001254                . = ALIGN (0x4)
 *fill*         0x00001251        0x3 
 *(.init)
 .init          0x00001254        0x4 c:/program files (x86)/cypress/psoc creator/4.2/psoc creator/import/gnu/arm/5.4.1/bin/../lib/gcc/arm-none-eabi/5.4.1/armv6-m/crti.o
                0x00001254                _init
 .init          0x00001258        0x8 c:/program files (x86)/cypress/psoc creator/4.2/psoc creator/import/gnu/arm/5.4.1/bin/../lib/gcc/arm-none-eabi/5.4.1/armv6-m/crtn.o
                0x00001260                . = ALIGN (0x4)
                0x00001260                __preinit_array_start = .
 *(.preinit_array)
                0x00001260                __preinit_array_end = .
                0x00001260                . = ALIGN (0x4)
                0x00001260                __init_array_start = .
 *(SORT(.init_array.*))
 *(.init_array)
 .init_array    0x00001260        0x4 c:/program files (x86)/cypress/psoc creator/4.2/psoc creator/import/gnu/arm/5.4.1/bin/../lib/gcc/arm-none-eabi/5.4.1/armv6-m/crtbegin.o
 .init_array    0x00001264        0x4 .\CortexM0\ARM_GCC_541\Debug\Cm0Start.o
                0x00001268                __init_array_end = .
                0x00001268                . = ALIGN (0x4)
 *(.fini)
 .fini          0x00001268        0x4 c:/program files (x86)/cypress/psoc creator/4.2/psoc creator/import/gnu/arm/5.4.1/bin/../lib/gcc/arm-none-eabi/5.4.1/armv6-m/crti.o
                0x00001268                _fini
 .fini          0x0000126c        0x8 c:/program files (x86)/cypress/psoc creator/4.2/psoc creator/import/gnu/arm/5.4.1/bin/../lib/gcc/arm-none-eabi/5.4.1/armv6-m/crtn.o
                0x00001274                . = ALIGN (0x4)
                0x00001274                __fini_array_start = .
 *(.fini_array)
 .fini_array    0x00001274        0x4 c:/program files (x86)/cypress/psoc creator/4.2/psoc creator/import/gnu/arm/5.4.1/bin/../lib/gcc/arm-none-eabi/5.4.1/armv6-m/crtbegin.o
 *(SORT(.fini_array.*))
                0x00001278                __fini_array_end = .
                0x00001278                . = ALIGN (0x4)
 *crtbegin.o(.ctors)
 *(EXCLUDE_FILE(*crtend.o) .ctors)
 *(SORT(.ctors.*))
 *crtend.o(.ctors)
                0x00001278                . = ALIGN (0x4)
 *crtbegin.o(.dtors)
 *(EXCLUDE_FILE(*crtend.o) .dtors)
 *(SORT(.dtors.*))
 *crtend.o(.dtors)
                0x00001278                . = ALIGN (0x4)
                0x00001278                __cy_regions = .
                0x00001278        0x4 LONG 0x1288 __cy_region_init_ram
                0x0000127c        0x4 LONG 0x200000c0 __cy_region_start_data
                0x00001280        0x4 LONG 0x98 __cy_region_init_size_ram
                0x00001284        0x4 LONG 0x60 __cy_region_zero_size_ram
                0x00001288                __cy_regions_end = .
                0x00001288                . = ALIGN (0x8)
                0x00001288                _etext = .

.cy_checksum_exclude
                0x00001288        0x0
 *(.cy_checksum_exclude)

.ramvectors     0x20000000       0xc0
                0x20000000                __cy_region_start_ram = .
 *(.ramvectors)
 .ramvectors    0x20000000       0xc0 .\CortexM0\ARM_GCC_541\Debug\Cm0Start.o
                0x20000000                CyRamVectors

.noinit
 *(.noinit)

.data           0x200000c0       0x98 load address 0x00001288
                0x200000c0                __cy_region_start_data = .
 *(.jcr)
 .jcr           0x200000c0        0x0 c:/program files (x86)/cypress/psoc creator/4.2/psoc creator/import/gnu/arm/5.4.1/bin/../lib/gcc/arm-none-eabi/5.4.1/armv6-m/crtbegin.o
 .jcr           0x200000c0        0x4 c:/program files (x86)/cypress/psoc creator/4.2/psoc creator/import/gnu/arm/5.4.1/bin/../lib/gcc/arm-none-eabi/5.4.1/armv6-m/crtend.o
 *(.got.plt)
 *(.got)
 *(.shdata)
 *(.data .data.* .gnu.linkonce.d.*)
 .data          0x200000c4        0xc .\CortexM0\ARM_GCC_541\Debug\main.o
                0x200000c4                rpmSpeed
                0x200000c8                stepsPerRev
                0x200000cc                motorSpeed
 .data          0x200000d0       0x14 .\CortexM0\ARM_GCC_541\Debug\StepperMotorControl.a(CyLib.o)
                0x200000d0                CySysClkPumpConfig
                0x200000d4                cydelay32kMs
                0x200000d8                cydelayFreqKhz
                0x200000dc                cydelayFreqMhz
                0x200000e0                cydelayFreqHz
 .data          0x200000e4        0x8 .\CortexM0\ARM_GCC_541\Debug\StepperMotorControl.a(CyLFClk.o)
 .data.impure_data
                0x200000ec       0x60 c:/program files (x86)/cypress/psoc creator/4.2/psoc creator/import/gnu/arm/5.4.1/bin/../lib/gcc/arm-none-eabi/5.4.1/../../../../arm-none-eabi/lib/armv6-m\libg_nano.a(lib_a-impure.o)
 .data._impure_ptr
                0x2000014c        0x4 c:/program files (x86)/cypress/psoc creator/4.2/psoc creator/import/gnu/arm/5.4.1/bin/../lib/gcc/arm-none-eabi/5.4.1/../../../../arm-none-eabi/lib/armv6-m\libg_nano.a(lib_a-impure.o)
                0x2000014c                _impure_ptr
 .data.__ctype_ptr__
                0x20000150        0x4 c:/program files (x86)/cypress/psoc creator/4.2/psoc creator/import/gnu/arm/5.4.1/bin/../lib/gcc/arm-none-eabi/5.4.1/../../../../arm-none-eabi/lib/armv6-m\libg_nano.a(lib_a-ctype_.o)
                0x20000150                __ctype_ptr__
                0x20000158                . = ALIGN (0x8)
 *fill*         0x20000154        0x4 
 *(.ram)
                0x20000158                _edata = .

.igot.plt       0x20000158        0x0 load address 0x00001320
 .igot.plt      0x20000158        0x0 c:/program files (x86)/cypress/psoc creator/4.2/psoc creator/import/gnu/arm/5.4.1/bin/../lib/gcc/arm-none-eabi/5.4.1/armv6-m/crtbegin.o

.bss            0x20000158       0x60 load address 0x00001320
                0x20000158                PROVIDE (__bss_start__, .)
 *(.shbss)
 *(.bss .bss.* .gnu.linkonce.b.*)
 .bss           0x20000158       0x1c c:/program files (x86)/cypress/psoc creator/4.2/psoc creator/import/gnu/arm/5.4.1/bin/../lib/gcc/arm-none-eabi/5.4.1/armv6-m/crtbegin.o
 .bss           0x20000174       0x14 .\CortexM0\ARM_GCC_541\Debug\main.o
                0x20000178                degreePosition
                0x2000017c                desiredPosition
                0x20000180                motorPosition
                0x20000184                steps
 .bss           0x20000188       0x28 .\CortexM0\ARM_GCC_541\Debug\StepperMotorControl.a(CyLFClk.o)
 .bss           0x200001b0        0x4 .\CortexM0\ARM_GCC_541\Debug\StepperMotorControl.a(UART.o)
                0x200001b0                UART_initVar
                0x200001b2                UART_IntrTxMask
 *(COMMON)
                0x200001b8                . = ALIGN (0x8)
 *fill*         0x200001b4        0x4 
 *(.ram.b)
                0x200001b8                _end = .
                0x200001b8                __end = .
                0x200001b8                PROVIDE (end, .)
                0x200001b8                PROVIDE (__bss_end__, .)
                0x00001288                __cy_region_init_ram = LOADADDR (.data)
                0x00000098                __cy_region_init_size_ram = (_edata - ADDR (.data))
                0x00000060                __cy_region_zero_size_ram = (_end - _edata)

.heap           0x200001b8       0x80 load address 0x00001320
                0x200001b8                . = _end
                0x20000238                . = (. + 0x80)
 *fill*         0x200001b8       0x80 
                0x20000238                __cy_heap_limit = .

.stack          0x20003800      0x800
                0x20003800                __cy_stack_limit = .
                0x20004000                . = (. + 0x800)
 *fill*         0x20003800      0x800 
                0x00000001                ASSERT ((__cy_stack_limit >= __cy_heap_limit), region RAM overflowed with stack)
                0x00000000                cy_checksum_exclude_size = (CY_APPL_LOADABLE == 0x1)?SIZEOF (.cy_checksum_exclude):0x0
                0x00000001                ASSERT ((cy_checksum_exclude_size <= CY_CHECKSUM_EXCLUDE_SIZE), CY_BOOT: Section .cy_checksum_exclude size exceedes specified limit.)
                0x0001ffc0                cyloadermeta_start = (cy_project_type_bootloader || cy_project_type_app_for_stack_and_copier)?(LENGTH (rom) - CY_METADATA_SIZE):0xf0000000

.cyloadermeta
 *(.cyloadermeta)
                0x0001ffc0                cyloadablemeta_start = cy_project_type_app_for_stack_and_copier?((LENGTH (rom) - CY_FLASH_ROW_SIZE) - CY_METADATA_SIZE):((LENGTH (rom) - (CY_FLASH_ROW_SIZE * (CY_APPL_NUM - 0x1))) - CY_METADATA_SIZE)

.cyloadablemeta
 *(.cyloadablemeta)

.cyflashprotect
                0x90400000       0x80
 *(.cyflashprotect)
 .cyflashprotect
                0x90400000       0x80 .\CortexM0\ARM_GCC_541\Debug\cymetadata.o
                0x90400000                cy_meta_flashprotect

.cymeta         0x90500000        0xc
 *(.cymeta)
 .cymeta        0x90500000        0xc .\CortexM0\ARM_GCC_541\Debug\cymetadata.o
                0x90500000                cy_metadata

.cychipprotect  0x90600000        0x1
 *(.cychipprotect)
 .cychipprotect
                0x90600000        0x1 .\CortexM0\ARM_GCC_541\Debug\cymetadata.o
                0x90600000                cy_meta_chipprotect

.rel.dyn        0x00001320        0x0 load address 0x90600004
 .rel.iplt      0x00001320        0x0 c:/program files (x86)/cypress/psoc creator/4.2/psoc creator/import/gnu/arm/5.4.1/bin/../lib/gcc/arm-none-eabi/5.4.1/armv6-m/crtbegin.o

.stab
 *(.stab)

.stabstr
 *(.stabstr)

.debug
 *(.debug)

.line
 *(.line)

.debug_srcinfo
 *(.debug_srcinfo)

.debug_sfnames
 *(.debug_sfnames)

.debug_aranges  0x00000000      0x6b0
 *(.debug_aranges)
 .debug_aranges
                0x00000000       0x58 .\CortexM0\ARM_GCC_541\Debug\main.o
 .debug_aranges
                0x00000058       0x38 .\CortexM0\ARM_GCC_541\Debug\cyfitter_cfg.o
 .debug_aranges
                0x00000090       0x18 .\CortexM0\ARM_GCC_541\Debug\cymetadata.o
 .debug_aranges
                0x000000a8       0x48 .\CortexM0\ARM_GCC_541\Debug\Cm0Start.o
 .debug_aranges
                0x000000f0       0x48 .\CortexM0\ARM_GCC_541\Debug\StepperMotorControl.a(motorPin1.o)
 .debug_aranges
                0x00000138       0x48 .\CortexM0\ARM_GCC_541\Debug\StepperMotorControl.a(motorPin2.o)
 .debug_aranges
                0x00000180       0x48 .\CortexM0\ARM_GCC_541\Debug\StepperMotorControl.a(motorPin3.o)
 .debug_aranges
                0x000001c8       0x48 .\CortexM0\ARM_GCC_541\Debug\StepperMotorControl.a(motorPin4.o)
 .debug_aranges
                0x00000210      0x1b0 .\CortexM0\ARM_GCC_541\Debug\StepperMotorControl.a(CyLib.o)
 .debug_aranges
                0x000003c0      0x188 .\CortexM0\ARM_GCC_541\Debug\StepperMotorControl.a(CyLFClk.o)
 .debug_aranges
                0x00000548       0x58 .\CortexM0\ARM_GCC_541\Debug\StepperMotorControl.a(UART.o)
 .debug_aranges
                0x000005a0       0x60 .\CortexM0\ARM_GCC_541\Debug\StepperMotorControl.a(UART_SPI_UART.o)
 .debug_aranges
                0x00000600       0x90 .\CortexM0\ARM_GCC_541\Debug\StepperMotorControl.a(UART_UART.o)
 .debug_aranges
                0x00000690       0x20 .\CortexM0\ARM_GCC_541\Debug\StepperMotorControl.a(CyBootAsmGnu.o)

.debug_pubnames
 *(.debug_pubnames)

.debug_info     0x00000000     0x3943
 *(.debug_info .gnu.linkonce.wi.*)
 .debug_info    0x00000000      0x606 .\CortexM0\ARM_GCC_541\Debug\main.o
 .debug_info    0x00000606      0x32d .\CortexM0\ARM_GCC_541\Debug\cyfitter_cfg.o
 .debug_info    0x00000933       0xf8 .\CortexM0\ARM_GCC_541\Debug\cymetadata.o
 .debug_info    0x00000a2b      0x3a2 .\CortexM0\ARM_GCC_541\Debug\Cm0Start.o
 .debug_info    0x00000dcd      0x19b .\CortexM0\ARM_GCC_541\Debug\StepperMotorControl.a(motorPin1.o)
 .debug_info    0x00000f68      0x19d .\CortexM0\ARM_GCC_541\Debug\StepperMotorControl.a(motorPin2.o)
 .debug_info    0x00001105      0x19d .\CortexM0\ARM_GCC_541\Debug\StepperMotorControl.a(motorPin3.o)
 .debug_info    0x000012a2      0x19d .\CortexM0\ARM_GCC_541\Debug\StepperMotorControl.a(motorPin4.o)
 .debug_info    0x0000143f      0xbd0 .\CortexM0\ARM_GCC_541\Debug\StepperMotorControl.a(CyLib.o)
 .debug_info    0x0000200f     0x1071 .\CortexM0\ARM_GCC_541\Debug\StepperMotorControl.a(CyLFClk.o)
 .debug_info    0x00003080      0x23a .\CortexM0\ARM_GCC_541\Debug\StepperMotorControl.a(UART.o)
 .debug_info    0x000032ba      0x220 .\CortexM0\ARM_GCC_541\Debug\StepperMotorControl.a(UART_SPI_UART.o)
 .debug_info    0x000034da      0x3b5 .\CortexM0\ARM_GCC_541\Debug\StepperMotorControl.a(UART_UART.o)
 .debug_info    0x0000388f       0xb4 .\CortexM0\ARM_GCC_541\Debug\StepperMotorControl.a(CyBootAsmGnu.o)

.debug_abbrev   0x00000000      0xfca
 *(.debug_abbrev)
 .debug_abbrev  0x00000000      0x17e .\CortexM0\ARM_GCC_541\Debug\main.o
 .debug_abbrev  0x0000017e      0x166 .\CortexM0\ARM_GCC_541\Debug\cyfitter_cfg.o
 .debug_abbrev  0x000002e4       0x5d .\CortexM0\ARM_GCC_541\Debug\cymetadata.o
 .debug_abbrev  0x00000341      0x1d7 .\CortexM0\ARM_GCC_541\Debug\Cm0Start.o
 .debug_abbrev  0x00000518       0xc8 .\CortexM0\ARM_GCC_541\Debug\StepperMotorControl.a(motorPin1.o)
 .debug_abbrev  0x000005e0       0xc8 .\CortexM0\ARM_GCC_541\Debug\StepperMotorControl.a(motorPin2.o)
 .debug_abbrev  0x000006a8       0xc8 .\CortexM0\ARM_GCC_541\Debug\StepperMotorControl.a(motorPin3.o)
 .debug_abbrev  0x00000770       0xc8 .\CortexM0\ARM_GCC_541\Debug\StepperMotorControl.a(motorPin4.o)
 .debug_abbrev  0x00000838      0x1e0 .\CortexM0\ARM_GCC_541\Debug\StepperMotorControl.a(CyLib.o)
 .debug_abbrev  0x00000a18      0x248 .\CortexM0\ARM_GCC_541\Debug\StepperMotorControl.a(CyLFClk.o)
 .debug_abbrev  0x00000c60       0xd5 .\CortexM0\ARM_GCC_541\Debug\StepperMotorControl.a(UART.o)
 .debug_abbrev  0x00000d35      0x14f .\CortexM0\ARM_GCC_541\Debug\StepperMotorControl.a(UART_SPI_UART.o)
 .debug_abbrev  0x00000e84      0x132 .\CortexM0\ARM_GCC_541\Debug\StepperMotorControl.a(UART_UART.o)
 .debug_abbrev  0x00000fb6       0x14 .\CortexM0\ARM_GCC_541\Debug\StepperMotorControl.a(CyBootAsmGnu.o)

.debug_line     0x00000000     0x1969
 *(.debug_line)
 .debug_line    0x00000000      0x289 .\CortexM0\ARM_GCC_541\Debug\main.o
 .debug_line    0x00000289      0x162 .\CortexM0\ARM_GCC_541\Debug\cyfitter_cfg.o
 .debug_line    0x000003eb      0x141 .\CortexM0\ARM_GCC_541\Debug\cymetadata.o
 .debug_line    0x0000052c      0x236 .\CortexM0\ARM_GCC_541\Debug\Cm0Start.o
 .debug_line    0x00000762       0xc0 .\CortexM0\ARM_GCC_541\Debug\StepperMotorControl.a(motorPin1.o)
 .debug_line    0x00000822       0xc1 .\CortexM0\ARM_GCC_541\Debug\StepperMotorControl.a(motorPin2.o)
 .debug_line    0x000008e3       0xc1 .\CortexM0\ARM_GCC_541\Debug\StepperMotorControl.a(motorPin3.o)
 .debug_line    0x000009a4       0xc1 .\CortexM0\ARM_GCC_541\Debug\StepperMotorControl.a(motorPin4.o)
 .debug_line    0x00000a65      0x4d0 .\CortexM0\ARM_GCC_541\Debug\StepperMotorControl.a(CyLib.o)
 .debug_line    0x00000f35      0x5db .\CortexM0\ARM_GCC_541\Debug\StepperMotorControl.a(CyLFClk.o)
 .debug_line    0x00001510      0x108 .\CortexM0\ARM_GCC_541\Debug\StepperMotorControl.a(UART.o)
 .debug_line    0x00001618      0x11a .\CortexM0\ARM_GCC_541\Debug\StepperMotorControl.a(UART_SPI_UART.o)
 .debug_line    0x00001732      0x1cf .\CortexM0\ARM_GCC_541\Debug\StepperMotorControl.a(UART_UART.o)
 .debug_line    0x00001901       0x68 .\CortexM0\ARM_GCC_541\Debug\StepperMotorControl.a(CyBootAsmGnu.o)

.debug_frame    0x00000000     0x1100
 *(.debug_frame)
 .debug_frame   0x00000000       0xf8 .\CortexM0\ARM_GCC_541\Debug\main.o
 .debug_frame   0x000000f8       0x78 .\CortexM0\ARM_GCC_541\Debug\cyfitter_cfg.o
 .debug_frame   0x00000170       0xbc .\CortexM0\ARM_GCC_541\Debug\Cm0Start.o
 .debug_frame   0x0000022c       0x70 .\CortexM0\ARM_GCC_541\Debug\StepperMotorControl.a(motorPin1.o)
 .debug_frame   0x0000029c       0x70 .\CortexM0\ARM_GCC_541\Debug\StepperMotorControl.a(motorPin2.o)
 .debug_frame   0x0000030c       0x70 .\CortexM0\ARM_GCC_541\Debug\StepperMotorControl.a(motorPin3.o)
 .debug_frame   0x0000037c       0x70 .\CortexM0\ARM_GCC_541\Debug\StepperMotorControl.a(motorPin4.o)
 .debug_frame   0x000003ec      0x444 .\CortexM0\ARM_GCC_541\Debug\StepperMotorControl.a(CyLib.o)
 .debug_frame   0x00000830      0x4a8 .\CortexM0\ARM_GCC_541\Debug\StepperMotorControl.a(CyLFClk.o)
 .debug_frame   0x00000cd8       0xd8 .\CortexM0\ARM_GCC_541\Debug\StepperMotorControl.a(UART.o)
 .debug_frame   0x00000db0       0xb0 .\CortexM0\ARM_GCC_541\Debug\StepperMotorControl.a(UART_SPI_UART.o)
 .debug_frame   0x00000e60      0x144 .\CortexM0\ARM_GCC_541\Debug\StepperMotorControl.a(UART_UART.o)
 .debug_frame   0x00000fa4       0x20 c:/program files (x86)/cypress/psoc creator/4.2/psoc creator/import/gnu/arm/5.4.1/bin/../lib/gcc/arm-none-eabi/5.4.1/armv6-m\libgcc.a(_udivsi3.o)
 .debug_frame   0x00000fc4       0x20 c:/program files (x86)/cypress/psoc creator/4.2/psoc creator/import/gnu/arm/5.4.1/bin/../lib/gcc/arm-none-eabi/5.4.1/armv6-m\libgcc.a(_divsi3.o)
 .debug_frame   0x00000fe4       0x40 c:/program files (x86)/cypress/psoc creator/4.2/psoc creator/import/gnu/arm/5.4.1/bin/../lib/gcc/arm-none-eabi/5.4.1/../../../../arm-none-eabi/lib/armv6-m\libg_nano.a(lib_a-atoi.o)
 .debug_frame   0x00001024       0x20 c:/program files (x86)/cypress/psoc creator/4.2/psoc creator/import/gnu/arm/5.4.1/bin/../lib/gcc/arm-none-eabi/5.4.1/../../../../arm-none-eabi/lib/armv6-m\libg_nano.a(lib_a-errno.o)
 .debug_frame   0x00001044       0x28 c:/program files (x86)/cypress/psoc creator/4.2/psoc creator/import/gnu/arm/5.4.1/bin/../lib/gcc/arm-none-eabi/5.4.1/../../../../arm-none-eabi/lib/armv6-m\libg_nano.a(lib_a-exit.o)
 .debug_frame   0x0000106c       0x2c c:/program files (x86)/cypress/psoc creator/4.2/psoc creator/import/gnu/arm/5.4.1/bin/../lib/gcc/arm-none-eabi/5.4.1/../../../../arm-none-eabi/lib/armv6-m\libg_nano.a(lib_a-init.o)
 .debug_frame   0x00001098       0x20 c:/program files (x86)/cypress/psoc creator/4.2/psoc creator/import/gnu/arm/5.4.1/bin/../lib/gcc/arm-none-eabi/5.4.1/../../../../arm-none-eabi/lib/armv6-m\libg_nano.a(lib_a-memset.o)
 .debug_frame   0x000010b8       0x48 c:/program files (x86)/cypress/psoc creator/4.2/psoc creator/import/gnu/arm/5.4.1/bin/../lib/gcc/arm-none-eabi/5.4.1/../../../../arm-none-eabi/lib/armv6-m\libg_nano.a(lib_a-strtol.o)

.debug_str      0x00000000     0x1829
 *(.debug_str)
 .debug_str     0x00000000      0x2f4 .\CortexM0\ARM_GCC_541\Debug\main.o
                                0x33e (size before relaxing)
 .debug_str     0x000002f4      0x11e .\CortexM0\ARM_GCC_541\Debug\cyfitter_cfg.o
                                0x2d1 (size before relaxing)
 .debug_str     0x00000412       0xd3 .\CortexM0\ARM_GCC_541\Debug\cymetadata.o
                                0x1f6 (size before relaxing)
 .debug_str     0x000004e5      0x140 .\CortexM0\ARM_GCC_541\Debug\Cm0Start.o
                                0x325 (size before relaxing)
 .debug_str     0x00000625       0xc2 .\CortexM0\ARM_GCC_541\Debug\StepperMotorControl.a(motorPin1.o)
                                0x276 (size before relaxing)
 .debug_str     0x000006e7       0x93 .\CortexM0\ARM_GCC_541\Debug\StepperMotorControl.a(motorPin2.o)
                                0x276 (size before relaxing)
 .debug_str     0x0000077a       0x93 .\CortexM0\ARM_GCC_541\Debug\StepperMotorControl.a(motorPin3.o)
                                0x276 (size before relaxing)
 .debug_str     0x0000080d       0x93 .\CortexM0\ARM_GCC_541\Debug\StepperMotorControl.a(motorPin4.o)
                                0x276 (size before relaxing)
 .debug_str     0x000008a0      0x512 .\CortexM0\ARM_GCC_541\Debug\StepperMotorControl.a(CyLib.o)
                                0x75f (size before relaxing)
 .debug_str     0x00000db2      0x6ee .\CortexM0\ARM_GCC_541\Debug\StepperMotorControl.a(CyLFClk.o)
                                0x95c (size before relaxing)
 .debug_str     0x000014a0       0xf7 .\CortexM0\ARM_GCC_541\Debug\StepperMotorControl.a(UART.o)
                                0x2bb (size before relaxing)
 .debug_str     0x00001597      0x11d .\CortexM0\ARM_GCC_541\Debug\StepperMotorControl.a(UART_SPI_UART.o)
                                0x2f2 (size before relaxing)
 .debug_str     0x000016b4      0x175 .\CortexM0\ARM_GCC_541\Debug\StepperMotorControl.a(UART_UART.o)
                                0x3ec (size before relaxing)

.debug_loc      0x00000000     0x1bcd
 *(.debug_loc)
 .debug_loc     0x00000000      0x139 .\CortexM0\ARM_GCC_541\Debug\main.o
 .debug_loc     0x00000139       0xa9 .\CortexM0\ARM_GCC_541\Debug\cyfitter_cfg.o
 .debug_loc     0x000001e2      0x14f .\CortexM0\ARM_GCC_541\Debug\Cm0Start.o
 .debug_loc     0x00000331       0x81 .\CortexM0\ARM_GCC_541\Debug\StepperMotorControl.a(motorPin1.o)
 .debug_loc     0x000003b2       0xa2 .\CortexM0\ARM_GCC_541\Debug\StepperMotorControl.a(motorPin2.o)
 .debug_loc     0x00000454       0xa2 .\CortexM0\ARM_GCC_541\Debug\StepperMotorControl.a(motorPin3.o)
 .debug_loc     0x000004f6       0xa2 .\CortexM0\ARM_GCC_541\Debug\StepperMotorControl.a(motorPin4.o)
 .debug_loc     0x00000598      0x554 .\CortexM0\ARM_GCC_541\Debug\StepperMotorControl.a(CyLib.o)
 .debug_loc     0x00000aec      0xdaa .\CortexM0\ARM_GCC_541\Debug\StepperMotorControl.a(CyLFClk.o)
 .debug_loc     0x00001896       0x7e .\CortexM0\ARM_GCC_541\Debug\StepperMotorControl.a(UART.o)
 .debug_loc     0x00001914       0x96 .\CortexM0\ARM_GCC_541\Debug\StepperMotorControl.a(UART_SPI_UART.o)
 .debug_loc     0x000019aa      0x223 .\CortexM0\ARM_GCC_541\Debug\StepperMotorControl.a(UART_UART.o)

.debug_macinfo
 *(.debug_macinfo)

.debug_ranges   0x00000000      0x5b8
 *(.debug_ranges)
 .debug_ranges  0x00000000       0x48 .\CortexM0\ARM_GCC_541\Debug\main.o
 .debug_ranges  0x00000048       0x28 .\CortexM0\ARM_GCC_541\Debug\cyfitter_cfg.o
 .debug_ranges  0x00000070       0x38 .\CortexM0\ARM_GCC_541\Debug\Cm0Start.o
 .debug_ranges  0x000000a8       0x38 .\CortexM0\ARM_GCC_541\Debug\StepperMotorControl.a(motorPin1.o)
 .debug_ranges  0x000000e0       0x38 .\CortexM0\ARM_GCC_541\Debug\StepperMotorControl.a(motorPin2.o)
 .debug_ranges  0x00000118       0x38 .\CortexM0\ARM_GCC_541\Debug\StepperMotorControl.a(motorPin3.o)
 .debug_ranges  0x00000150       0x38 .\CortexM0\ARM_GCC_541\Debug\StepperMotorControl.a(motorPin4.o)
 .debug_ranges  0x00000188      0x1a0 .\CortexM0\ARM_GCC_541\Debug\StepperMotorControl.a(CyLib.o)
 .debug_ranges  0x00000328      0x178 .\CortexM0\ARM_GCC_541\Debug\StepperMotorControl.a(CyLFClk.o)
 .debug_ranges  0x000004a0       0x48 .\CortexM0\ARM_GCC_541\Debug\StepperMotorControl.a(UART.o)
 .debug_ranges  0x000004e8       0x50 .\CortexM0\ARM_GCC_541\Debug\StepperMotorControl.a(UART_SPI_UART.o)
 .debug_ranges  0x00000538       0x80 .\CortexM0\ARM_GCC_541\Debug\StepperMotorControl.a(UART_UART.o)

.comment        0x00000000       0x6e
 .comment       0x00000000       0x6e .\CortexM0\ARM_GCC_541\Debug\main.o
                                 0x6f (size before relaxing)
 .comment       0x0000006e       0x6f .\CortexM0\ARM_GCC_541\Debug\cyfitter_cfg.o
 .comment       0x0000006e       0x6f .\CortexM0\ARM_GCC_541\Debug\cymetadata.o
 .comment       0x0000006e       0x6f .\CortexM0\ARM_GCC_541\Debug\Cm0Start.o
 .comment       0x0000006e       0x6f .\CortexM0\ARM_GCC_541\Debug\StepperMotorControl.a(motorPin1.o)
 .comment       0x0000006e       0x6f .\CortexM0\ARM_GCC_541\Debug\StepperMotorControl.a(motorPin2.o)
 .comment       0x0000006e       0x6f .\CortexM0\ARM_GCC_541\Debug\StepperMotorControl.a(motorPin3.o)
 .comment       0x0000006e       0x6f .\CortexM0\ARM_GCC_541\Debug\StepperMotorControl.a(motorPin4.o)
 .comment       0x0000006e       0x6f .\CortexM0\ARM_GCC_541\Debug\StepperMotorControl.a(CyLib.o)
 .comment       0x0000006e       0x6f .\CortexM0\ARM_GCC_541\Debug\StepperMotorControl.a(CyLFClk.o)
 .comment       0x0000006e       0x6f .\CortexM0\ARM_GCC_541\Debug\StepperMotorControl.a(UART.o)
 .comment       0x0000006e       0x6f .\CortexM0\ARM_GCC_541\Debug\StepperMotorControl.a(UART_SPI_UART.o)
 .comment       0x0000006e       0x6f .\CortexM0\ARM_GCC_541\Debug\StepperMotorControl.a(UART_UART.o)

.debug_weaknames
 *(.debug_weaknames)

.debug_funcnames
 *(.debug_funcnames)

.debug_typenames
 *(.debug_typenames)

.debug_varnames
 *(.debug_varnames)

.note.gnu.arm.ident
 *(.note.gnu.arm.ident)

.ARM.attributes
                0x00000000       0x28
 *(.ARM.attributes)
 .ARM.attributes
                0x00000000       0x1e c:/program files (x86)/cypress/psoc creator/4.2/psoc creator/import/gnu/arm/5.4.1/bin/../lib/gcc/arm-none-eabi/5.4.1/armv6-m/crti.o
 .ARM.attributes
                0x0000001e       0x2c c:/program files (x86)/cypress/psoc creator/4.2/psoc creator/import/gnu/arm/5.4.1/bin/../lib/gcc/arm-none-eabi/5.4.1/armv6-m/crtbegin.o
 .ARM.attributes
                0x0000004a       0x1b c:/program files (x86)/cypress/psoc creator/4.2/psoc creator/import/gnu/arm/5.4.1/bin/../lib/gcc/arm-none-eabi/5.4.1/../../../../arm-none-eabi/lib/armv6-m/crt0.o
 .ARM.attributes
                0x00000065       0x31 .\CortexM0\ARM_GCC_541\Debug\main.o
 .ARM.attributes
                0x00000096       0x31 .\CortexM0\ARM_GCC_541\Debug\cyfitter_cfg.o
 .ARM.attributes
                0x000000c7       0x31 .\CortexM0\ARM_GCC_541\Debug\cymetadata.o
 .ARM.attributes
                0x000000f8       0x31 .\CortexM0\ARM_GCC_541\Debug\Cm0Start.o
 .ARM.attributes
                0x00000129       0x31 .\CortexM0\ARM_GCC_541\Debug\StepperMotorControl.a(motorPin1.o)
 .ARM.attributes
                0x0000015a       0x31 .\CortexM0\ARM_GCC_541\Debug\StepperMotorControl.a(motorPin2.o)
 .ARM.attributes
                0x0000018b       0x31 .\CortexM0\ARM_GCC_541\Debug\StepperMotorControl.a(motorPin3.o)
 .ARM.attributes
                0x000001bc       0x31 .\CortexM0\ARM_GCC_541\Debug\StepperMotorControl.a(motorPin4.o)
 .ARM.attributes
                0x000001ed       0x31 .\CortexM0\ARM_GCC_541\Debug\StepperMotorControl.a(CyLib.o)
 .ARM.attributes
                0x0000021e       0x31 .\CortexM0\ARM_GCC_541\Debug\StepperMotorControl.a(CyLFClk.o)
 .ARM.attributes
                0x0000024f       0x31 .\CortexM0\ARM_GCC_541\Debug\StepperMotorControl.a(UART.o)
 .ARM.attributes
                0x00000280       0x31 .\CortexM0\ARM_GCC_541\Debug\StepperMotorControl.a(UART_SPI_UART.o)
 .ARM.attributes
                0x000002b1       0x31 .\CortexM0\ARM_GCC_541\Debug\StepperMotorControl.a(UART_UART.o)
 .ARM.attributes
                0x000002e2       0x21 .\CortexM0\ARM_GCC_541\Debug\StepperMotorControl.a(CyBootAsmGnu.o)
 .ARM.attributes
                0x00000303       0x1e c:/program files (x86)/cypress/psoc creator/4.2/psoc creator/import/gnu/arm/5.4.1/bin/../lib/gcc/arm-none-eabi/5.4.1/armv6-m\libgcc.a(_udivsi3.o)
 .ARM.attributes
                0x00000321       0x1e c:/program files (x86)/cypress/psoc creator/4.2/psoc creator/import/gnu/arm/5.4.1/bin/../lib/gcc/arm-none-eabi/5.4.1/armv6-m\libgcc.a(_divsi3.o)
 .ARM.attributes
                0x0000033f       0x1e c:/program files (x86)/cypress/psoc creator/4.2/psoc creator/import/gnu/arm/5.4.1/bin/../lib/gcc/arm-none-eabi/5.4.1/armv6-m\libgcc.a(_dvmd_tls.o)
 .ARM.attributes
                0x0000035d       0x2c c:/program files (x86)/cypress/psoc creator/4.2/psoc creator/import/gnu/arm/5.4.1/bin/../lib/gcc/arm-none-eabi/5.4.1/../../../../arm-none-eabi/lib/armv6-m\libg_nano.a(lib_a-atoi.o)
 .ARM.attributes
                0x00000389       0x2c c:/program files (x86)/cypress/psoc creator/4.2/psoc creator/import/gnu/arm/5.4.1/bin/../lib/gcc/arm-none-eabi/5.4.1/../../../../arm-none-eabi/lib/armv6-m\libg_nano.a(lib_a-errno.o)
 .ARM.attributes
                0x000003b5       0x2c c:/program files (x86)/cypress/psoc creator/4.2/psoc creator/import/gnu/arm/5.4.1/bin/../lib/gcc/arm-none-eabi/5.4.1/../../../../arm-none-eabi/lib/armv6-m\libg_nano.a(lib_a-exit.o)
 .ARM.attributes
                0x000003e1       0x2c c:/program files (x86)/cypress/psoc creator/4.2/psoc creator/import/gnu/arm/5.4.1/bin/../lib/gcc/arm-none-eabi/5.4.1/../../../../arm-none-eabi/lib/armv6-m\libg_nano.a(lib_a-impure.o)
 .ARM.attributes
                0x0000040d       0x2c c:/program files (x86)/cypress/psoc creator/4.2/psoc creator/import/gnu/arm/5.4.1/bin/../lib/gcc/arm-none-eabi/5.4.1/../../../../arm-none-eabi/lib/armv6-m\libg_nano.a(lib_a-init.o)
 .ARM.attributes
                0x00000439       0x2c c:/program files (x86)/cypress/psoc creator/4.2/psoc creator/import/gnu/arm/5.4.1/bin/../lib/gcc/arm-none-eabi/5.4.1/../../../../arm-none-eabi/lib/armv6-m\libg_nano.a(lib_a-memset.o)
 .ARM.attributes
                0x00000465       0x2c c:/program files (x86)/cypress/psoc creator/4.2/psoc creator/import/gnu/arm/5.4.1/bin/../lib/gcc/arm-none-eabi/5.4.1/../../../../arm-none-eabi/lib/armv6-m\libg_nano.a(lib_a-strtol.o)
 .ARM.attributes
                0x00000491       0x2c c:/program files (x86)/cypress/psoc creator/4.2/psoc creator/import/gnu/arm/5.4.1/bin/../lib/gcc/arm-none-eabi/5.4.1/../../../../arm-none-eabi/lib/armv6-m\libg_nano.a(lib_a-ctype_.o)
 .ARM.attributes
                0x000004bd       0x2c c:/program files (x86)/cypress/psoc creator/4.2/psoc creator/import/gnu/arm/5.4.1/bin/../lib/gcc/arm-none-eabi/5.4.1/armv6-m/crtend.o
 .ARM.attributes
                0x000004e9       0x1e c:/program files (x86)/cypress/psoc creator/4.2/psoc creator/import/gnu/arm/5.4.1/bin/../lib/gcc/arm-none-eabi/5.4.1/armv6-m/crtn.o

/DISCARD/
 *(.note.GNU-stack)
OUTPUT(D:\Users\jagumiel\Documents\PSoC Creator\PSoC-101\PSoC-101\TrainingProjects\StepperMotorControl.cydsn\CortexM0\ARM_GCC_541\Debug\StepperMotorControl.elf elf32-littlearm)
