Archive member included to satisfy reference by file (symbol)

.\CortexM0\ARM_GCC_541\Debug\test-driverLed.a(SPI_1.o)
                              .\CortexM0\ARM_GCC_541\Debug\main.o (SPI_1_Start)
.\CortexM0\ARM_GCC_541\Debug\test-driverLed.a(SPI_1_SPI_UART.o)
                              .\CortexM0\ARM_GCC_541\Debug\main.o (SPI_1_SpiUartWriteTxData)
.\CortexM0\ARM_GCC_541\Debug\test-driverLed.a(SPI_1_SPI.o)
                              .\CortexM0\ARM_GCC_541\Debug\test-driverLed.a(SPI_1.o) (SPI_1_SpiPostEnable)
.\CortexM0\ARM_GCC_541\Debug\test-driverLed.a(CyLib.o)
                              .\CortexM0\ARM_GCC_541\Debug\cyfitter_cfg.o (CySysClkWriteImoFreq)
.\CortexM0\ARM_GCC_541\Debug\test-driverLed.a(CyLFClk.o)
                              .\CortexM0\ARM_GCC_541\Debug\cyfitter_cfg.o (CySysClkWcoStart)
.\CortexM0\ARM_GCC_541\Debug\test-driverLed.a(LE.o)
                              .\CortexM0\ARM_GCC_541\Debug\main.o (LE_Write)
.\CortexM0\ARM_GCC_541\Debug\test-driverLed.a(Clock_1.o)
                              .\CortexM0\ARM_GCC_541\Debug\main.o (Clock_1_StartEx)
.\CortexM0\ARM_GCC_541\Debug\test-driverLed.a(PWM_1.o)
                              .\CortexM0\ARM_GCC_541\Debug\main.o (PWM_1_WriteCompare)
.\CortexM0\ARM_GCC_541\Debug\test-driverLed.a(CapSense.o)
                              .\CortexM0\ARM_GCC_541\Debug\main.o (CapSense_IsBusy)
.\CortexM0\ARM_GCC_541\Debug\test-driverLed.a(CapSense_CSHL.o)
                              .\CortexM0\ARM_GCC_541\Debug\main.o (CapSense_InitializeAllBaselines)
.\CortexM0\ARM_GCC_541\Debug\test-driverLed.a(CapSense_INT.o)
                              .\CortexM0\ARM_GCC_541\Debug\test-driverLed.a(CapSense.o) (CapSense_ISR)
.\CortexM0\ARM_GCC_541\Debug\test-driverLed.a(CapSense_SMS.o)
                              .\CortexM0\ARM_GCC_541\Debug\test-driverLed.a(CapSense_CSHL.o) (CapSense_UpdateThresholds)
.\CortexM0\ARM_GCC_541\Debug\test-driverLed.a(CapSense_SampleClk.o)
                              .\CortexM0\ARM_GCC_541\Debug\test-driverLed.a(CapSense.o) (CapSense_SampleClk_StartEx)
.\CortexM0\ARM_GCC_541\Debug\test-driverLed.a(CapSense_SenseClk.o)
                              .\CortexM0\ARM_GCC_541\Debug\test-driverLed.a(CapSense.o) (CapSense_SenseClk_StartEx)
.\CortexM0\ARM_GCC_541\Debug\test-driverLed.a(STR.o)
                              .\CortexM0\ARM_GCC_541\Debug\main.o (STR_Write)
.\CortexM0\ARM_GCC_541\Debug\test-driverLed.a(STG.o)
                              .\CortexM0\ARM_GCC_541\Debug\main.o (STG_Write)
.\CortexM0\ARM_GCC_541\Debug\test-driverLed.a(STB.o)
                              .\CortexM0\ARM_GCC_541\Debug\main.o (STB_Write)
.\CortexM0\ARM_GCC_541\Debug\test-driverLed.a(UART.o)
                              .\CortexM0\ARM_GCC_541\Debug\main.o (UART_Start)
.\CortexM0\ARM_GCC_541\Debug\test-driverLed.a(UART_UART.o)
                              .\CortexM0\ARM_GCC_541\Debug\test-driverLed.a(UART.o) (UART_UartInit)
.\CortexM0\ARM_GCC_541\Debug\test-driverLed.a(TC_ISR.o)
                              .\CortexM0\ARM_GCC_541\Debug\main.o (TC_ISR_StartEx)
.\CortexM0\ARM_GCC_541\Debug\test-driverLed.a(CyBootAsmGnu.o)
                              .\CortexM0\ARM_GCC_541\Debug\cyfitter_cfg.o (CyDelayCycles)
.\CortexM0\ARM_GCC_541\Debug\test-driverLed.a(UART_SPI_UART.o)
                              .\CortexM0\ARM_GCC_541\Debug\test-driverLed.a(UART_UART.o) (UART_SpiUartReadRxData)
C:\Program Files (x86)\Cypress\PSoC Creator\4.2\PSoC Creator\psoc\content\CyComponentLibrary\CyComponentLibrary.cylib\CapSense_CSD_P4_v2_60\PSoC4\Library\CapsenseP4Library_GCC.a(CSD_P4_SmartSense_v2_60.o)
                              .\CortexM0\ARM_GCC_541\Debug\test-driverLed.a(CapSense_SMS.o) (CalibrateSensors_P4_v2_60)
c:/program files (x86)/cypress/psoc creator/4.2/psoc creator/import/gnu/arm/5.4.1/bin/../lib/gcc/arm-none-eabi/5.4.1/armv6-m\libgcc.a(_udivsi3.o)
                              .\CortexM0\ARM_GCC_541\Debug\test-driverLed.a(CyLib.o) (__aeabi_uidiv)
c:/program files (x86)/cypress/psoc creator/4.2/psoc creator/import/gnu/arm/5.4.1/bin/../lib/gcc/arm-none-eabi/5.4.1/armv6-m\libgcc.a(_divsi3.o)
                              .\CortexM0\ARM_GCC_541\Debug\test-driverLed.a(CyLFClk.o) (__aeabi_idiv)
c:/program files (x86)/cypress/psoc creator/4.2/psoc creator/import/gnu/arm/5.4.1/bin/../lib/gcc/arm-none-eabi/5.4.1/armv6-m\libgcc.a(_dvmd_tls.o)
                              c:/program files (x86)/cypress/psoc creator/4.2/psoc creator/import/gnu/arm/5.4.1/bin/../lib/gcc/arm-none-eabi/5.4.1/armv6-m\libgcc.a(_udivsi3.o) (__aeabi_idiv0)
c:/program files (x86)/cypress/psoc creator/4.2/psoc creator/import/gnu/arm/5.4.1/bin/../lib/gcc/arm-none-eabi/5.4.1/../../../../arm-none-eabi/lib/armv6-m\libg_nano.a(lib_a-errno.o)
                              .\CortexM0\ARM_GCC_541\Debug\Cm0Start.o (__errno)
[...]
Memory Configuration

Name             Origin             Length             Attributes
rom              0x00000000         0x00020000         xr
ram              0x20000000         0x00004000         xrw
*default*        0x00000000         0xffffffff

Linker script and memory map

LOAD c:/program files (x86)/cypress/psoc creator/4.2/psoc creator/import/gnu/arm/5.4.1/bin/../lib/gcc/arm-none-eabi/5.4.1/armv6-m/crti.o
LOAD c:/program files (x86)/cypress/psoc creator/4.2/psoc creator/import/gnu/arm/5.4.1/bin/../lib/gcc/arm-none-eabi/5.4.1/armv6-m/crtbegin.o
LOAD c:/program files (x86)/cypress/psoc creator/4.2/psoc creator/import/gnu/arm/5.4.1/bin/../lib/gcc/arm-none-eabi/5.4.1/../../../../arm-none-eabi/lib/armv6-m/crt0.o
START GROUP
LOAD .\CortexM0\ARM_GCC_541\Debug\main.o
LOAD .\CortexM0\ARM_GCC_541\Debug\cyfitter_cfg.o
LOAD .\CortexM0\ARM_GCC_541\Debug\cymetadata.o
LOAD .\CortexM0\ARM_GCC_541\Debug\Cm0Start.o
LOAD .\CortexM0\ARM_GCC_541\Debug\test-driverLed.a
LOAD C:\Program Files (x86)\Cypress\PSoC Creator\4.2\PSoC Creator\psoc\content\CyComponentLibrary\CyComponentLibrary.cylib\CapSense_CSD_P4_v2_60\PSoC4\Library\CapsenseP4Library_GCC.a
END GROUP
START GROUP
LOAD c:/program files (x86)/cypress/psoc creator/4.2/psoc creator/import/gnu/arm/5.4.1/bin/../lib/gcc/arm-none-eabi/5.4.1/armv6-m\libgcc.a
LOAD c:/program files (x86)/cypress/psoc creator/4.2/psoc creator/import/gnu/arm/5.4.1/bin/../lib/gcc/arm-none-eabi/5.4.1/../../../../arm-none-eabi/lib/armv6-m\libg_nano.a
LOAD c:/program files (x86)/cypress/psoc creator/4.2/psoc creator/import/gnu/arm/5.4.1/bin/../lib/gcc/arm-none-eabi/5.4.1/../../../../arm-none-eabi/lib/armv6-m\libc_nano.a
END GROUP
START GROUP
LOAD c:/program files (x86)/cypress/psoc creator/4.2/psoc creator/import/gnu/arm/5.4.1/bin/../lib/gcc/arm-none-eabi/5.4.1/armv6-m\libgcc.a
LOAD c:/program files (x86)/cypress/psoc creator/4.2/psoc creator/import/gnu/arm/5.4.1/bin/../lib/gcc/arm-none-eabi/5.4.1/../../../../arm-none-eabi/lib/armv6-m\libc_nano.a
END GROUP
LOAD c:/program files (x86)/cypress/psoc creator/4.2/psoc creator/import/gnu/arm/5.4.1/bin/../lib/gcc/arm-none-eabi/5.4.1/armv6-m/crtend.o
LOAD c:/program files (x86)/cypress/psoc creator/4.2/psoc creator/import/gnu/arm/5.4.1/bin/../lib/gcc/arm-none-eabi/5.4.1/armv6-m/crtn.o
START GROUP
LOAD c:/program files (x86)/cypress/psoc creator/4.2/psoc creator/import/gnu/arm/5.4.1/bin/../lib/gcc/arm-none-eabi/5.4.1/armv6-m\libgcc.a
LOAD c:/program files (x86)/cypress/psoc creator/4.2/psoc creator/import/gnu/arm/5.4.1/bin/../lib/gcc/arm-none-eabi/5.4.1/../../../../arm-none-eabi/lib/armv6-m\libc.a
LOAD c:/program files (x86)/cypress/psoc creator/4.2/psoc creator/import/gnu/arm/5.4.1/bin/../lib/gcc/arm-none-eabi/5.4.1/../../../../arm-none-eabi/lib/armv6-m\libnosys.a
END GROUP
                0x00000000                CY_APPL_ORIGIN = 0x0
                0x00000080                CY_FLASH_ROW_SIZE = 0x80
                0x00000001                CY_APPL_NUM = 0x1
                0x00000001                CY_APPL_MAX = 0x1
                0x00000040                CY_METADATA_SIZE = 0x40
                0x00000000                CY_APPL_LOADABLE = 0x0
                0x00000000                CY_CHECKSUM_EXCLUDE_SIZE = ALIGN (0x0, CY_FLASH_ROW_SIZE)
                0x00000000                CY_APP_FOR_STACK_AND_COPIER = 0x0
                [!provide]                PROVIDE (__cy_heap_start, _end)
                0x00000001                PROVIDE (__cy_region_num, ((__cy_regions_end - __cy_regions) / 0x10))
                0x20004000                PROVIDE (__cy_stack, (ORIGIN (ram) + LENGTH (ram)))
                [!provide]                PROVIDE (__cy_heap_end, (__cy_stack - 0x800))

.cybootloader   0x00000000        0x0
 *(.cybootloader)
                0x00000000                appl1_start = CY_APPL_ORIGIN?CY_APPL_ORIGIN:ALIGN (CY_FLASH_ROW_SIZE)
                0x0000ff80                appl2_start = (appl1_start + ALIGN ((((LENGTH (rom) - appl1_start) - (0x2 * CY_FLASH_ROW_SIZE)) / 0x2), CY_FLASH_ROW_SIZE))
                0x00000000                appl_start = (CY_APPL_NUM == 0x1)?appl1_start:appl2_start
                0x00000001                cy_project_type_bootloader = (appl_start == 0x0)?0x1:0x0
                0x00000000                cy_project_type_app_for_stack_and_copier = (CY_APP_FOR_STACK_AND_COPIER == 0x1)?0x1:0x0

.text           0x00000000     0x1e80
 CREATE_OBJECT_SYMBOLS
                0x00000000                PROVIDE (__cy_interrupt_vector, RomVectors)
 *(.romvectors)
 .romvectors    0x00000000       0x10 .\CortexM0\ARM_GCC_541\Debug\Cm0Start.o
                0x00000000                RomVectors
                0x00000001                ASSERT ((. != __cy_interrupt_vector), No interrupt vector)
                0x00000001                ASSERT (CY_APPL_ORIGIN?(SIZEOF (.cybootloader) <= CY_APPL_ORIGIN):0x1, Wrong image location)
                0x00000010                PROVIDE (__cy_reset, Reset)
 *(.text.Reset)
 .text.Reset    0x00000010        0x8 .\CortexM0\ARM_GCC_541\Debug\Cm0Start.o
                0x00000010                Reset
                0x00000001                ASSERT ((. != __cy_reset), No reset code)
 *(.psocinit)
 .psocinit      0x00000018      0x298 .\CortexM0\ARM_GCC_541\Debug\cyfitter_cfg.o
                0x00000168                cyfitter_cfg
                0x000002b0                . = MAX (., 0x100)
 *(.text .text.* .gnu.linkonce.t.*)
 .text          0x000002b0       0x60 c:/program files (x86)/cypress/psoc creator/4.2/psoc creator/import/gnu/arm/5.4.1/bin/../lib/gcc/arm-none-eabi/5.4.1/armv6-m/crtbegin.o
 .text.writeChar
                0x00000310       0x14 .\CortexM0\ARM_GCC_541\Debug\main.o
                0x00000310                writeChar
 .text.changeCharacter
                0x00000324       0x28 .\CortexM0\ARM_GCC_541\Debug\main.o
                0x00000324                changeCharacter
 .text.changeCharacterByLetter
                0x0000034c       0x34 .\CortexM0\ARM_GCC_541\Debug\main.o
                0x0000034c                changeCharacterByLetter
 .text.adjustBrightness
                0x00000380       0x28 .\CortexM0\ARM_GCC_541\Debug\main.o
                0x00000380                adjustBrightness
 .text.TC_ISR_Handler
                0x000003a8       0x80 .\CortexM0\ARM_GCC_541\Debug\main.o
                0x000003a8                TC_ISR_Handler
 .text.main     0x00000428       0xbc .\CortexM0\ARM_GCC_541\Debug\main.o
                0x00000428                main
 .text.cfg_write_bytes32
                0x000004e4       0x34 .\CortexM0\ARM_GCC_541\Debug\cyfitter_cfg.o
 .text.CYMEMZERO
                0x00000518        0xc .\CortexM0\ARM_GCC_541\Debug\cyfitter_cfg.o
 .text.SetAnalogRoutingPumps
                0x00000524       0x40 .\CortexM0\ARM_GCC_541\Debug\cyfitter_cfg.o
                0x00000524                SetAnalogRoutingPumps
 .text.AnalogSetDefault
                0x00000564       0x28 .\CortexM0\ARM_GCC_541\Debug\cyfitter_cfg.o
 .text.IntDefaultHandler
                0x0000058c       0x10 .\CortexM0\ARM_GCC_541\Debug\Cm0Start.o
                0x0000058c                IntDefaultHandler
 .text.Start_c  0x0000059c       0x48 .\CortexM0\ARM_GCC_541\Debug\Cm0Start.o
                0x0000059c                Start_c
 .text.initialize_psoc
                0x000005e4       0x4c .\CortexM0\ARM_GCC_541\Debug\Cm0Start.o
                0x000005e4                initialize_psoc
 .text.SPI_1_ScbModePostEnable
                0x00000630        0x8 .\CortexM0\ARM_GCC_541\Debug\test-driverLed.a(SPI_1.o)
 .text.SPI_1_Init
                0x00000638        0x8 .\CortexM0\ARM_GCC_541\Debug\test-driverLed.a(SPI_1.o)
                0x00000638                SPI_1_Init
 .text.SPI_1_Enable
                0x00000640       0x18 .\CortexM0\ARM_GCC_541\Debug\test-driverLed.a(SPI_1.o)
                0x00000640                SPI_1_Enable
 .text.SPI_1_Start
                0x00000658       0x20 .\CortexM0\ARM_GCC_541\Debug\test-driverLed.a(SPI_1.o)
                0x00000658                SPI_1_Start
 .text.SPI_1_SpiUartWriteTxData
                0x00000678       0x1c .\CortexM0\ARM_GCC_541\Debug\test-driverLed.a(SPI_1_SPI_UART.o)
                0x00000678                SPI_1_SpiUartWriteTxData
 .text.SPI_1_SpiPostEnable
                0x00000694       0x14 .\CortexM0\ARM_GCC_541\Debug\test-driverLed.a(SPI_1_SPI.o)
                0x00000694                SPI_1_SpiPostEnable
 .text.SPI_1_SpiSetActiveSlaveSelect
                0x000006a8       0x20 .\CortexM0\ARM_GCC_541\Debug\test-driverLed.a(SPI_1_SPI.o)
                0x000006a8                SPI_1_SpiSetActiveSlaveSelect
 .text.SPI_1_SpiInit
                0x000006c8       0x8c .\CortexM0\ARM_GCC_541\Debug\test-driverLed.a(SPI_1_SPI.o)
                0x000006c8                SPI_1_SpiInit
 .text.CySysClkWriteImoFreq
                0x00000754       0x64 .\CortexM0\ARM_GCC_541\Debug\test-driverLed.a(CyLib.o)
                0x00000754                CySysClkWriteImoFreq
 .text.CySysClkEcoReadStatus
                0x000007b8       0x10 .\CortexM0\ARM_GCC_541\Debug\test-driverLed.a(CyLib.o)
                0x000007b8                CySysClkEcoReadStatus
 .text.CyIntEnable
                0x000007c8       0x14 .\CortexM0\ARM_GCC_541\Debug\test-driverLed.a(CyLib.o)
                0x000007c8                CyIntEnable
 .text.CyIntDisable
                0x000007dc       0x14 .\CortexM0\ARM_GCC_541\Debug\test-driverLed.a(CyLib.o)
                0x000007dc                CyIntDisable
 .text.CyIntClearPending
                0x000007f0       0x14 .\CortexM0\ARM_GCC_541\Debug\test-driverLed.a(CyLib.o)
                0x000007f0                CyIntClearPending
 .text.CyHalt   0x00000804        0x4 .\CortexM0\ARM_GCC_541\Debug\test-driverLed.a(CyLib.o)
                0x00000804                CyHalt
 .text.CyIntSetVector
                0x00000808       0x24 .\CortexM0\ARM_GCC_541\Debug\test-driverLed.a(CyLib.o)
                0x00000808                CyIntSetVector
 .text.CyIntSetPriority
                0x0000082c       0x4c .\CortexM0\ARM_GCC_541\Debug\test-driverLed.a(CyLib.o)
                0x0000082c                CyIntSetPriority
 .text.CyDelayUs
                0x00000878       0x14 .\CortexM0\ARM_GCC_541\Debug\test-driverLed.a(CyLib.o)
                0x00000878                CyDelayUs
 .text.CySysClkEcoStart
                0x0000088c       0x54 .\CortexM0\ARM_GCC_541\Debug\test-driverLed.a(CyLib.o)
                0x0000088c                CySysClkEcoStart
 .text.CySysWdtLocked
                0x000008e0       0x14 .\CortexM0\ARM_GCC_541\Debug\test-driverLed.a(CyLFClk.o)
 .text.CySysClkWcoStart
                0x000008f4       0x40 .\CortexM0\ARM_GCC_541\Debug\test-driverLed.a(CyLFClk.o)
                0x000008f4                CySysClkWcoStart
 .text.CySysClkWcoSetPowerMode
                0x00000934       0x80 .\CortexM0\ARM_GCC_541\Debug\test-driverLed.a(CyLFClk.o)
                0x00000934                CySysClkWcoSetPowerMode
 .text.CySysWdtLock
                0x000009b4       0x1c .\CortexM0\ARM_GCC_541\Debug\test-driverLed.a(CyLFClk.o)
                0x000009b4                CySysWdtLock
 .text.CySysWdtUnlock
                0x000009d0       0x30 .\CortexM0\ARM_GCC_541\Debug\test-driverLed.a(CyLFClk.o)
                0x000009d0                CySysWdtUnlock
 .text.CySysWdtClearInterrupt
                0x00000a00       0x4c .\CortexM0\ARM_GCC_541\Debug\test-driverLed.a(CyLFClk.o)
                0x00000a00                CySysWdtClearInterrupt
 .text.CySysWdtIsr
                0x00000a4c       0xa4 .\CortexM0\ARM_GCC_541\Debug\test-driverLed.a(CyLFClk.o)
                0x00000a4c                CySysWdtIsr
 .text.LE_Write
                0x00000af0       0x18 .\CortexM0\ARM_GCC_541\Debug\test-driverLed.a(LE.o)
                0x00000af0                LE_Write
 .text.Clock_1_StartEx
                0x00000b08       0x1c .\CortexM0\ARM_GCC_541\Debug\test-driverLed.a(Clock_1.o)
                0x00000b08                Clock_1_StartEx
 .text.PWM_1_WriteCounter
                0x00000b24       0x10 .\CortexM0\ARM_GCC_541\Debug\test-driverLed.a(PWM_1.o)
                0x00000b24                PWM_1_WriteCounter
 .text.PWM_1_WritePeriod
                0x00000b34       0x10 .\CortexM0\ARM_GCC_541\Debug\test-driverLed.a(PWM_1.o)
                0x00000b34                PWM_1_WritePeriod
 .text.PWM_1_WriteCompare
                0x00000b44       0x10 .\CortexM0\ARM_GCC_541\Debug\test-driverLed.a(PWM_1.o)
                0x00000b44                PWM_1_WriteCompare
 .text.PWM_1_TriggerCommand
                0x00000b54       0x1c .\CortexM0\ARM_GCC_541\Debug\test-driverLed.a(PWM_1.o)
                0x00000b54                PWM_1_TriggerCommand
 .text.PWM_1_Enable
                0x00000b70       0x24 .\CortexM0\ARM_GCC_541\Debug\test-driverLed.a(PWM_1.o)
                0x00000b70                PWM_1_Enable
 .text.PWM_1_SetInterruptMode
                0x00000b94        0xc .\CortexM0\ARM_GCC_541\Debug\test-driverLed.a(PWM_1.o)
                0x00000b94                PWM_1_SetInterruptMode
 .text.PWM_1_Init
                0x00000ba0       0x44 .\CortexM0\ARM_GCC_541\Debug\test-driverLed.a(PWM_1.o)
                0x00000ba0                PWM_1_Init
 .text.PWM_1_Start
                0x00000be4       0x20 .\CortexM0\ARM_GCC_541\Debug\test-driverLed.a(PWM_1.o)
                0x00000be4                PWM_1_Start
 .text.PWM_1_GetInterruptSource
                0x00000c04        0xc .\CortexM0\ARM_GCC_541\Debug\test-driverLed.a(PWM_1.o)
                0x00000c04                PWM_1_GetInterruptSource
 .text.PWM_1_ClearInterrupt
                0x00000c10        0xc .\CortexM0\ARM_GCC_541\Debug\test-driverLed.a(PWM_1.o)
                0x00000c10                PWM_1_ClearInterrupt
 .text.CapSense_CsdHwBlockInit
                0x00000c1c       0x7c .\CortexM0\ARM_GCC_541\Debug\test-driverLed.a(CapSense.o)
                0x00000c1c                CapSense_CsdHwBlockInit
 .text.CapSense_Enable
                0x00000c98       0x40 .\CortexM0\ARM_GCC_541\Debug\test-driverLed.a(CapSense.o)
                0x00000c98                CapSense_Enable
 .text.CapSense_IsBusy
                0x00000cd8       0x10 .\CortexM0\ARM_GCC_541\Debug\test-driverLed.a(CapSense.o)
                0x00000cd8                CapSense_IsBusy
 .text.CapSense_ReadSensorRaw
                0x00000ce8       0x10 .\CortexM0\ARM_GCC_541\Debug\test-driverLed.a(CapSense.o)
                0x00000ce8                CapSense_ReadSensorRaw
 .text.CapSense_EnableSensor
                0x00000cf8       0x48 .\CortexM0\ARM_GCC_541\Debug\test-driverLed.a(CapSense.o)
                0x00000cf8                CapSense_EnableSensor
 .text.CapSense_DisableSensor
                0x00000d40       0x70 .\CortexM0\ARM_GCC_541\Debug\test-driverLed.a(CapSense.o)
                0x00000d40                CapSense_DisableSensor
 .text.CapSense_ClearSensors
                0x00000db0       0x14 .\CortexM0\ARM_GCC_541\Debug\test-driverLed.a(CapSense.o)
                0x00000db0                CapSense_ClearSensors
 .text.CapSense_SetShieldDelay
                0x00000dc4       0x18 .\CortexM0\ARM_GCC_541\Debug\test-driverLed.a(CapSense.o)
                0x00000dc4                CapSense_SetShieldDelay
 .text.CapSense_GetBitValue
                0x00000ddc       0x18 .\CortexM0\ARM_GCC_541\Debug\test-driverLed.a(CapSense.o)
                0x00000ddc                CapSense_GetBitValue
 .text.CapSense_FindNextSensor
                0x00000df4       0x24 .\CortexM0\ARM_GCC_541\Debug\test-driverLed.a(CapSense.o)
                0x00000df4                CapSense_FindNextSensor
 .text.CapSense_PreScan
                0x00000e18      0x10c .\CortexM0\ARM_GCC_541\Debug\test-driverLed.a(CapSense.o)
                0x00000e18                CapSense_PreScan
 .text.CapSense_ScanSensor
                0x00000f24       0x1c .\CortexM0\ARM_GCC_541\Debug\test-driverLed.a(CapSense.o)
                0x00000f24                CapSense_ScanSensor
 .text.CapSense_ScanEnabledWidgets
                0x00000f40       0x38 .\CortexM0\ARM_GCC_541\Debug\test-driverLed.a(CapSense.o)
                0x00000f40                CapSense_ScanEnabledWidgets
 .text.CapSense_PostScan
                0x00000f78       0x90 .\CortexM0\ARM_GCC_541\Debug\test-driverLed.a(CapSense.o)
                0x00000f78                CapSense_PostScan
 .text.CapSense_SetBitValue
                0x00001008       0x28 .\CortexM0\ARM_GCC_541\Debug\test-driverLed.a(CapSense.o)
                0x00001008                CapSense_SetBitValue
 .text.CapSense_GetSensorRaw
                0x00001030       0x2c .\CortexM0\ARM_GCC_541\Debug\test-driverLed.a(CapSense.o)
                0x00001030                CapSense_GetSensorRaw
 .text.CapSense_SetUnscannedSensorState
                0x0000105c        0xc .\CortexM0\ARM_GCC_541\Debug\test-driverLed.a(CapSense.o)
                0x0000105c                CapSense_SetUnscannedSensorState
 .text.CapSense_Init
                0x00001068       0x24 .\CortexM0\ARM_GCC_541\Debug\test-driverLed.a(CapSense.o)
                0x00001068                CapSense_Init
 .text.CapSense_Start
                0x0000108c       0x38 .\CortexM0\ARM_GCC_541\Debug\test-driverLed.a(CapSense.o)
                0x0000108c                CapSense_Start
 .text.CapSense_BaseInit
                0x000010c4       0x34 .\CortexM0\ARM_GCC_541\Debug\test-driverLed.a(CapSense_CSHL.o)
                0x000010c4                CapSense_BaseInit
 .text.CapSense_InitializeSensorBaseline
                0x000010f8       0x18 .\CortexM0\ARM_GCC_541\Debug\test-driverLed.a(CapSense_CSHL.o)
                0x000010f8                CapSense_InitializeSensorBaseline
 .text.CapSense_InitializeAllBaselines
                0x00001110       0x14 .\CortexM0\ARM_GCC_541\Debug\test-driverLed.a(CapSense_CSHL.o)
                0x00001110                CapSense_InitializeAllBaselines
 .text.CapSense_UpdateBaselineNoThreshold
                0x00001124       0xfc .\CortexM0\ARM_GCC_541\Debug\test-driverLed.a(CapSense_CSHL.o)
                0x00001124                CapSense_UpdateBaselineNoThreshold
 .text.CapSense_UpdateSensorBaseline
                0x00001220       0x10 .\CortexM0\ARM_GCC_541\Debug\test-driverLed.a(CapSense_CSHL.o)
                0x00001220                CapSense_UpdateSensorBaseline
 .text.CapSense_UpdateEnabledBaselines
                0x00001230       0x24 .\CortexM0\ARM_GCC_541\Debug\test-driverLed.a(CapSense_CSHL.o)
                0x00001230                CapSense_UpdateEnabledBaselines
 .text.CapSense_CheckIsSensorActive
                0x00001254       0xa8 .\CortexM0\ARM_GCC_541\Debug\test-driverLed.a(CapSense_CSHL.o)
                0x00001254                CapSense_CheckIsSensorActive
 .text.CapSense_CheckIsWidgetActive
                0x000012fc       0x28 .\CortexM0\ARM_GCC_541\Debug\test-driverLed.a(CapSense_CSHL.o)
                0x000012fc                CapSense_CheckIsWidgetActive
 .text.CapSense_ISR
                0x00001324       0x9c .\CortexM0\ARM_GCC_541\Debug\test-driverLed.a(CapSense_INT.o)
                0x00001324                CapSense_ISR
 .text.CapSense_UpdateThresholds
                0x000013c0       0x74 .\CortexM0\ARM_GCC_541\Debug\test-driverLed.a(CapSense_SMS.o)
                0x000013c0                CapSense_UpdateThresholds
 .text.CapSense_SetAnalogSwitchesSrcDirect
                0x00001434       0x10 .\CortexM0\ARM_GCC_541\Debug\test-driverLed.a(CapSense_SMS.o)
                0x00001434                CapSense_SetAnalogSwitchesSrcDirect
 .text.CapSense_DisableBaselineIDAC
                0x00001444       0x1c .\CortexM0\ARM_GCC_541\Debug\test-driverLed.a(CapSense_SMS.o)
                0x00001444                CapSense_DisableBaselineIDAC
 .text.CapSense_EnableBaselineIDAC
                0x00001460       0x50 .\CortexM0\ARM_GCC_541\Debug\test-driverLed.a(CapSense_SMS.o)
                0x00001460                CapSense_EnableBaselineIDAC
 .text.CapSense_AutoTune
                0x000014b0       0xa4 .\CortexM0\ARM_GCC_541\Debug\test-driverLed.a(CapSense_SMS.o)
                0x000014b0                CapSense_AutoTune
 .text.CapSense_SampleClk_StartEx
                0x00001554       0x1c .\CortexM0\ARM_GCC_541\Debug\test-driverLed.a(CapSense_SampleClk.o)
                0x00001554                CapSense_SampleClk_StartEx
 .text.CapSense_SampleClk_Stop
                0x00001570       0x18 .\CortexM0\ARM_GCC_541\Debug\test-driverLed.a(CapSense_SampleClk.o)
                0x00001570                CapSense_SampleClk_Stop
 .text.CapSense_SampleClk_SetFractionalDividerRegister
                0x00001588       0x20 .\CortexM0\ARM_GCC_541\Debug\test-driverLed.a(CapSense_SampleClk.o)
                0x00001588                CapSense_SampleClk_SetFractionalDividerRegister
 .text.CapSense_SenseClk_StartEx
                0x000015a8       0x1c .\CortexM0\ARM_GCC_541\Debug\test-driverLed.a(CapSense_SenseClk.o)
                0x000015a8                CapSense_SenseClk_StartEx
 .text.CapSense_SenseClk_Stop
                0x000015c4       0x18 .\CortexM0\ARM_GCC_541\Debug\test-driverLed.a(CapSense_SenseClk.o)
                0x000015c4                CapSense_SenseClk_Stop
 .text.CapSense_SenseClk_SetFractionalDividerRegister
                0x000015dc       0x20 .\CortexM0\ARM_GCC_541\Debug\test-driverLed.a(CapSense_SenseClk.o)
                0x000015dc                CapSense_SenseClk_SetFractionalDividerRegister
 .text.STR_Write
                0x000015fc       0x18 .\CortexM0\ARM_GCC_541\Debug\test-driverLed.a(STR.o)
                0x000015fc                STR_Write
 .text.STR_Read
                0x00001614       0x10 .\CortexM0\ARM_GCC_541\Debug\test-driverLed.a(STR.o)
                0x00001614                STR_Read
 .text.STG_Write
                0x00001624       0x18 .\CortexM0\ARM_GCC_541\Debug\test-driverLed.a(STG.o)
                0x00001624                STG_Write
 .text.STB_Write
                0x0000163c       0x18 .\CortexM0\ARM_GCC_541\Debug\test-driverLed.a(STB.o)
                0x0000163c                STB_Write
 .text.UART_ScbModePostEnable
                0x00001654        0x8 .\CortexM0\ARM_GCC_541\Debug\test-driverLed.a(UART.o)
 .text.UART_Init
                0x0000165c        0x8 .\CortexM0\ARM_GCC_541\Debug\test-driverLed.a(UART.o)
                0x0000165c                UART_Init
 .text.UART_Enable
                0x00001664       0x18 .\CortexM0\ARM_GCC_541\Debug\test-driverLed.a(UART.o)
                0x00001664                UART_Enable
 .text.UART_Start
                0x0000167c       0x20 .\CortexM0\ARM_GCC_541\Debug\test-driverLed.a(UART.o)
                0x0000167c                UART_Start
 .text.UART_UartInit
                0x0000169c       0xa8 .\CortexM0\ARM_GCC_541\Debug\test-driverLed.a(UART_UART.o)
                0x0000169c                UART_UartInit
 .text.UART_UartPostEnable
                0x00001744       0x2c .\CortexM0\ARM_GCC_541\Debug\test-driverLed.a(UART_UART.o)
                0x00001744                UART_UartPostEnable
 .text.UART_UartGetChar
                0x00001770       0x2c .\CortexM0\ARM_GCC_541\Debug\test-driverLed.a(UART_UART.o)
                0x00001770                UART_UartGetChar
 .text.UART_UartPutString
                0x0000179c       0x18 .\CortexM0\ARM_GCC_541\Debug\test-driverLed.a(UART_UART.o)
                0x0000179c                UART_UartPutString
 .text.TC_ISR_SetVector
                0x000017b4        0xc .\CortexM0\ARM_GCC_541\Debug\test-driverLed.a(TC_ISR.o)
                0x000017b4                TC_ISR_SetVector
 .text.TC_ISR_SetPriority
                0x000017c0       0x24 .\CortexM0\ARM_GCC_541\Debug\test-driverLed.a(TC_ISR.o)
                0x000017c0                TC_ISR_SetPriority
 .text.TC_ISR_Enable
                0x000017e4       0x10 .\CortexM0\ARM_GCC_541\Debug\test-driverLed.a(TC_ISR.o)
                0x000017e4                TC_ISR_Enable
 .text.TC_ISR_Disable
                0x000017f4       0x10 .\CortexM0\ARM_GCC_541\Debug\test-driverLed.a(TC_ISR.o)
                0x000017f4                TC_ISR_Disable
 .text.TC_ISR_StartEx
                0x00001804       0x1c .\CortexM0\ARM_GCC_541\Debug\test-driverLed.a(TC_ISR.o)
                0x00001804                TC_ISR_StartEx
 .text          0x00001820       0x20 .\CortexM0\ARM_GCC_541\Debug\test-driverLed.a(CyBootAsmGnu.o)
                0x00001820                CyDelayCycles
                0x00001832                CyEnterCriticalSection
                0x0000183a                CyExitCriticalSection
 .text.UART_SpiUartReadRxData
                0x00001840        0xc .\CortexM0\ARM_GCC_541\Debug\test-driverLed.a(UART_SPI_UART.o)
                0x00001840                UART_SpiUartReadRxData
 .text.UART_SpiUartGetRxBufferSize
                0x0000184c       0x10 .\CortexM0\ARM_GCC_541\Debug\test-driverLed.a(UART_SPI_UART.o)
                0x0000184c                UART_SpiUartGetRxBufferSize
 .text.UART_SpiUartWriteTxData
                0x0000185c       0x1c .\CortexM0\ARM_GCC_541\Debug\test-driverLed.a(UART_SPI_UART.o)
                0x0000185c                UART_SpiUartWriteTxData
 .text.CalibrateOneDAC_P4_v2_60
                0x00001878       0x40 C:\Program Files (x86)\Cypress\PSoC Creator\4.2\PSoC Creator\psoc\content\CyComponentLibrary\CyComponentLibrary.cylib\CapSense_CSD_P4_v2_60\PSoC4\Library\CapsenseP4Library_GCC.a(CSD_P4_SmartSense_v2_60.o)
                0x00001878                CalibrateOneDAC_P4_v2_60
 .text.CalibrateSensors_P4_v2_60
                0x000018b8       0x22 C:\Program Files (x86)\Cypress\PSoC Creator\4.2\PSoC Creator\psoc\content\CyComponentLibrary\CyComponentLibrary.cylib\CapSense_CSD_P4_v2_60\PSoC4\Library\CapsenseP4Library_GCC.a(CSD_P4_SmartSense_v2_60.o)
                0x000018b8                CalibrateSensors_P4_v2_60
 .text.TunePrescalers_P4_v2_60
                0x000018da       0x42 C:\Program Files (x86)\Cypress\PSoC Creator\4.2\PSoC Creator\psoc\content\CyComponentLibrary\CyComponentLibrary.cylib\CapSense_CSD_P4_v2_60\PSoC4\Library\CapsenseP4Library_GCC.a(CSD_P4_SmartSense_v2_60.o)
                0x000018da                TunePrescalers_P4_v2_60
 .text.TuneSensitivity_P4_v2_60
                0x0000191c       0xdc C:\Program Files (x86)\Cypress\PSoC Creator\4.2\PSoC Creator\psoc\content\CyComponentLibrary\CyComponentLibrary.cylib\CapSense_CSD_P4_v2_60\PSoC4\Library\CapsenseP4Library_GCC.a(CSD_P4_SmartSense_v2_60.o)
                0x0000191c                TuneSensitivity_P4_v2_60
 .text.MeasureNoiseEnvelope_P4_v2_60
                0x000019f8       0xfc C:\Program Files (x86)\Cypress\PSoC Creator\4.2\PSoC Creator\psoc\content\CyComponentLibrary\CyComponentLibrary.cylib\CapSense_CSD_P4_v2_60\PSoC4\Library\CapsenseP4Library_GCC.a(CSD_P4_SmartSense_v2_60.o)
                0x000019f8                MeasureNoiseEnvelope_P4_v2_60
 .text.CalculateThresholds_P4_v2_60
                0x00001af4       0x36 C:\Program Files (x86)\Cypress\PSoC Creator\4.2\PSoC Creator\psoc\content\CyComponentLibrary\CyComponentLibrary.cylib\CapSense_CSD_P4_v2_60\PSoC4\Library\CapsenseP4Library_GCC.a(CSD_P4_SmartSense_v2_60.o)
                0x00001af4                CalculateThresholds_P4_v2_60
 *fill*         0x00001b2a        0x2 
 .text          0x00001b2c      0x114 c:/program files (x86)/cypress/psoc creator/4.2/psoc creator/import/gnu/arm/5.4.1/bin/../lib/gcc/arm-none-eabi/5.4.1/armv6-m\libgcc.a(_udivsi3.o)
                0x00001b2c                __aeabi_uidiv
                0x00001b2c                __udivsi3
                0x00001c38                __aeabi_uidivmod
 .text          0x00001c40      0x1d4 c:/program files (x86)/cypress/psoc creator/4.2/psoc creator/import/gnu/arm/5.4.1/bin/../lib/gcc/arm-none-eabi/5.4.1/armv6-m\libgcc.a(_divsi3.o)
                0x00001c40                __divsi3
                0x00001c40                __aeabi_idiv
                0x00001e0c                __aeabi_idivmod
 .text          0x00001e14        0x4 c:/program files (x86)/cypress/psoc creator/4.2/psoc creator/import/gnu/arm/5.4.1/bin/../lib/gcc/arm-none-eabi/5.4.1/armv6-m\libgcc.a(_dvmd_tls.o)
                0x00001e14                __aeabi_idiv0
                0x00001e14                __aeabi_ldiv0
 .text.__errno  0x00001e18        0xc c:/program files (x86)/cypress/psoc creator/4.2/psoc creator/import/gnu/arm/5.4.1/bin/../lib/gcc/arm-none-eabi/5.4.1/../../../../arm-none-eabi/lib/armv6-m\libg_nano.a(lib_a-errno.o)
                0x00001e18                __errno
 .text.__libc_init_array
                0x00001e24       0x4c c:/program files (x86)/cypress/psoc creator/4.2/psoc creator/import/gnu/arm/5.4.1/bin/../lib/gcc/arm-none-eabi/5.4.1/../../../../arm-none-eabi/lib/armv6-m\libg_nano.a(lib_a-init.o)
                0x00001e24                __libc_init_array
 .text.memset   0x00001e70       0x10 c:/program files (x86)/cypress/psoc creator/4.2/psoc creator/import/gnu/arm/5.4.1/bin/../lib/gcc/arm-none-eabi/5.4.1/../../../../arm-none-eabi/lib/armv6-m\libg_nano.a(lib_a-memset.o)
                0x00001e70                memset
 *(.plt)
 *(.gnu.warning)
 *(.glue_7t)
 .glue_7t       0x00001e80        0x0 linker stubs
 *(.glue_7)
 .glue_7        0x00001e80        0x0 linker stubs
 *(.vfp11_veneer)
 .vfp11_veneer  0x00001e80        0x0 linker stubs
 *(.bootloader)
 *(.ARM.extab* .gnu.linkonce.armextab.*)
 *(.gcc_except_table)

.v4_bx          0x00001e80        0x0
 .v4_bx         0x00001e80        0x0 linker stubs

.iplt           0x00001e80        0x0
 .iplt          0x00001e80        0x0 c:/program files (x86)/cypress/psoc creator/4.2/psoc creator/import/gnu/arm/5.4.1/bin/../lib/gcc/arm-none-eabi/5.4.1/armv6-m/crtbegin.o

.eh_frame_hdr
 *(.eh_frame_hdr)

.eh_frame       0x00001e80        0x4
 *(.eh_frame)
 .eh_frame      0x00001e80        0x0 c:/program files (x86)/cypress/psoc creator/4.2/psoc creator/import/gnu/arm/5.4.1/bin/../lib/gcc/arm-none-eabi/5.4.1/armv6-m/crtbegin.o
 .eh_frame      0x00001e80        0x4 c:/program files (x86)/cypress/psoc creator/4.2/psoc creator/import/gnu/arm/5.4.1/bin/../lib/gcc/arm-none-eabi/5.4.1/armv6-m/crtend.o
                [!provide]                PROVIDE (__exidx_start, .)

.ARM.exidx
 *(.ARM.exidx* .gnu.linkonce.armexidx.*)
                0x00001e84                __exidx_end = .

.rodata         0x00001e84      0x2dc
 *(.rodata .rodata.* .gnu.linkonce.r.*)
 .rodata        0x00001e84      0x134 .\CortexM0\ARM_GCC_541\Debug\main.o
                0x00001e84                ALPHANUMR_CHAR_TABLE
                0x00001eec                ALPHANUMR_CHAR_MATRIX
 .rodata.str1.4
                0x00001fb8       0x24 .\CortexM0\ARM_GCC_541\Debug\main.o
                                 0x21 (size before relaxing)
 .rodata        0x00001fdc       0x3c .\CortexM0\ARM_GCC_541\Debug\cyfitter_cfg.o
 .rodata        0x00002018       0x2e .\CortexM0\ARM_GCC_541\Debug\test-driverLed.a(CyLib.o)
                0x00002018                cyImoFreqMhz2Reg
 *fill*         0x00002046        0x2 
 .rodata        0x00002048       0x68 .\CortexM0\ARM_GCC_541\Debug\test-driverLed.a(CapSense.o)
                0x00002048                CapSense_portTable
                0x0000204c                CapSense_pinShiftTbl
                0x00002050                CapSense_prtSelTbl
                0x0000206c                CapSense_prtCfgTbl
                0x00002088                CapSense_prtDRTbl
                0x000020a4                CapSense_widgetNumber
                0x000020a8                CapSense_maskTable
 .rodata        0x000020b0        0x6 .\CortexM0\ARM_GCC_541\Debug\test-driverLed.a(CapSense_CSHL.o)
                0x000020b0                CapSense_numberOfSensors
                0x000020b4                CapSense_rawDataIndex
 *fill*         0x000020b6        0x2 
 .rodata        0x000020b8       0x6c .\CortexM0\ARM_GCC_541\Debug\test-driverLed.a(CapSense_SMS.o)
                0x000020b8                CapSense_configPointers
                0x00002114                CapSense_prescalerTable
 .rodata.str1.1
                0x00002124        0x2 c:/program files (x86)/cypress/psoc creator/4.2/psoc creator/import/gnu/arm/5.4.1/bin/../lib/gcc/arm-none-eabi/5.4.1/../../../../arm-none-eabi/lib/armv6-m\libg_nano.a(lib_a-impure.o)
                0x00002128                . = ALIGN (0x4)
 *fill*         0x00002126        0x2 
 *(.init)
 .init          0x00002128        0x4 c:/program files (x86)/cypress/psoc creator/4.2/psoc creator/import/gnu/arm/5.4.1/bin/../lib/gcc/arm-none-eabi/5.4.1/armv6-m/crti.o
                0x00002128                _init
 .init          0x0000212c        0x8 c:/program files (x86)/cypress/psoc creator/4.2/psoc creator/import/gnu/arm/5.4.1/bin/../lib/gcc/arm-none-eabi/5.4.1/armv6-m/crtn.o
                0x00002134                . = ALIGN (0x4)
                0x00002134                __preinit_array_start = .
 *(.preinit_array)
                0x00002134                __preinit_array_end = .
                0x00002134                . = ALIGN (0x4)
                0x00002134                __init_array_start = .
 *(SORT(.init_array.*))
 *(.init_array)
 .init_array    0x00002134        0x4 c:/program files (x86)/cypress/psoc creator/4.2/psoc creator/import/gnu/arm/5.4.1/bin/../lib/gcc/arm-none-eabi/5.4.1/armv6-m/crtbegin.o
 .init_array    0x00002138        0x4 .\CortexM0\ARM_GCC_541\Debug\Cm0Start.o
                0x0000213c                __init_array_end = .
                0x0000213c                . = ALIGN (0x4)
 *(.fini)
 .fini          0x0000213c        0x4 c:/program files (x86)/cypress/psoc creator/4.2/psoc creator/import/gnu/arm/5.4.1/bin/../lib/gcc/arm-none-eabi/5.4.1/armv6-m/crti.o
                0x0000213c                _fini
 .fini          0x00002140        0x8 c:/program files (x86)/cypress/psoc creator/4.2/psoc creator/import/gnu/arm/5.4.1/bin/../lib/gcc/arm-none-eabi/5.4.1/armv6-m/crtn.o
                0x00002148                . = ALIGN (0x4)
                0x00002148                __fini_array_start = .
 *(.fini_array)
 .fini_array    0x00002148        0x4 c:/program files (x86)/cypress/psoc creator/4.2/psoc creator/import/gnu/arm/5.4.1/bin/../lib/gcc/arm-none-eabi/5.4.1/armv6-m/crtbegin.o
 *(SORT(.fini_array.*))
                0x0000214c                __fini_array_end = .
                0x0000214c                . = ALIGN (0x4)
 *crtbegin.o(.ctors)
 *(EXCLUDE_FILE(*crtend.o) .ctors)
 *(SORT(.ctors.*))
 *crtend.o(.ctors)
                0x0000214c                . = ALIGN (0x4)
 *crtbegin.o(.dtors)
 *(EXCLUDE_FILE(*crtend.o) .dtors)
 *(SORT(.dtors.*))
 *crtend.o(.dtors)
                0x0000214c                . = ALIGN (0x4)
                0x0000214c                __cy_regions = .
                0x0000214c        0x4 LONG 0x2160 __cy_region_init_ram
                0x00002150        0x4 LONG 0x200000c0 __cy_region_start_data
                0x00002154        0x4 LONG 0xb0 __cy_region_init_size_ram
                0x00002158        0x4 LONG 0xf0 __cy_region_zero_size_ram
                0x0000215c                __cy_regions_end = .
                0x00002160                . = ALIGN (0x8)
 *fill*         0x0000215c        0x4 
                0x00002160                _etext = .

.cy_checksum_exclude
                0x00002160        0x0
 *(.cy_checksum_exclude)

.ramvectors     0x20000000       0xc0
                0x20000000                __cy_region_start_ram = .
 *(.ramvectors)
 .ramvectors    0x20000000       0xc0 .\CortexM0\ARM_GCC_541\Debug\Cm0Start.o
                0x20000000                CyRamVectors

.noinit
 *(.noinit)

.data           0x200000c0       0xb0 load address 0x00002160
                0x200000c0                __cy_region_start_data = .
 *(.jcr)
 .jcr           0x200000c0        0x0 c:/program files (x86)/cypress/psoc creator/4.2/psoc creator/import/gnu/arm/5.4.1/bin/../lib/gcc/arm-none-eabi/5.4.1/armv6-m/crtbegin.o
 .jcr           0x200000c0        0x4 c:/program files (x86)/cypress/psoc creator/4.2/psoc creator/import/gnu/arm/5.4.1/bin/../lib/gcc/arm-none-eabi/5.4.1/armv6-m/crtend.o
 *(.got.plt)
 *(.got)
 *(.shdata)
 *(.data .data.* .gnu.linkonce.d.*)
 .data          0x200000c4        0x6 .\CortexM0\ARM_GCC_541\Debug\main.o
                0x200000c4                dutyCMP
                0x200000c8                lastCharReceived
                0x200000c9                charReceived
 *fill*         0x200000ca        0x2 
 .data          0x200000cc       0x14 .\CortexM0\ARM_GCC_541\Debug\test-driverLed.a(CyLib.o)
                0x200000cc                CySysClkPumpConfig
                0x200000d0                cydelay32kMs
                0x200000d4                cydelayFreqKhz
                0x200000d8                cydelayFreqMhz
                0x200000dc                cydelayFreqHz
 .data          0x200000e0        0x8 .\CortexM0\ARM_GCC_541\Debug\test-driverLed.a(CyLFClk.o)
 .data          0x200000e8       0x14 .\CortexM0\ARM_GCC_541\Debug\test-driverLed.a(CapSense.o)
                0x200000e8                CapSense_widgetResolution
                0x200000f0                CapSense_sensorEnableMask
                0x200000f4                CapSense_pcTable
 .data          0x200000fc        0x6 .\CortexM0\ARM_GCC_541\Debug\test-driverLed.a(CapSense_CSHL.o)
                0x200000fc                CapSense_debounce
                0x20000100                CapSense_lowBaselineReset
 *fill*         0x20000102        0x2 
 .data          0x20000104        0x2 .\CortexM0\ARM_GCC_541\Debug\test-driverLed.a(CapSense_SMS.o)
                0x20000104                CapSense_sensorSensitivity
 *fill*         0x20000106        0x2 
 .data.impure_data
                0x20000108       0x60 c:/program files (x86)/cypress/psoc creator/4.2/psoc creator/import/gnu/arm/5.4.1/bin/../lib/gcc/arm-none-eabi/5.4.1/../../../../arm-none-eabi/lib/armv6-m\libg_nano.a(lib_a-impure.o)
 .data._impure_ptr
                0x20000168        0x4 c:/program files (x86)/cypress/psoc creator/4.2/psoc creator/import/gnu/arm/5.4.1/bin/../lib/gcc/arm-none-eabi/5.4.1/../../../../arm-none-eabi/lib/armv6-m\libg_nano.a(lib_a-impure.o)
                0x20000168                _impure_ptr
                0x20000170                . = ALIGN (0x8)
 *fill*         0x2000016c        0x4 
 *(.ram)
                0x20000170                _edata = .

.igot.plt       0x20000170        0x0 load address 0x00002210
 .igot.plt      0x20000170        0x0 c:/program files (x86)/cypress/psoc creator/4.2/psoc creator/import/gnu/arm/5.4.1/bin/../lib/gcc/arm-none-eabi/5.4.1/armv6-m/crtbegin.o

.bss            0x20000170       0xf0 load address 0x00002210
                0x20000170                PROVIDE (__bss_start__, .)
 *(.shbss)
 *(.bss .bss.* .gnu.linkonce.b.*)
 .bss           0x20000170       0x1c c:/program files (x86)/cypress/psoc creator/4.2/psoc creator/import/gnu/arm/5.4.1/bin/../lib/gcc/arm-none-eabi/5.4.1/armv6-m/crtbegin.o
 .bss           0x2000018c       0x24 .\CortexM0\ARM_GCC_541\Debug\main.o
                0x2000018c                j
                0x20000190                character
                0x20000192                blank
                0x20000194                msCounter
                0x20000198                brightnessCounter
                0x2000019c                buttonsVal
                0x200001a4                buttonsLastVal
                0x200001ac                countCharChange
 .bss           0x200001b0        0x4 .\CortexM0\ARM_GCC_541\Debug\test-driverLed.a(SPI_1.o)
                0x200001b0                SPI_1_initVar
                0x200001b2                SPI_1_IntrTxMask
 .bss           0x200001b4       0x28 .\CortexM0\ARM_GCC_541\Debug\test-driverLed.a(CyLFClk.o)
 .bss           0x200001dc        0x1 .\CortexM0\ARM_GCC_541\Debug\test-driverLed.a(PWM_1.o)
                0x200001dc                PWM_1_initVar
 *fill*         0x200001dd        0x3 
 .bss           0x200001e0        0xb .\CortexM0\ARM_GCC_541\Debug\test-driverLed.a(CapSense.o)
                0x200001e0                CapSense_csdStatusVar
                0x200001e4                CapSense_sensorRaw
                0x200001e8                CapSense_sensorIndex
                0x200001ea                CapSense_lowLevelTuningDone
 *fill*         0x200001eb        0x1 
 .bss           0x200001ec       0x11 .\CortexM0\ARM_GCC_541\Debug\test-driverLed.a(CapSense_CSHL.o)
                0x200001ec                CapSense_sensorBaseline
                0x200001f0                CapSense_sensorBaselineLow
                0x200001f4                CapSense_sensorSignal
                0x200001fc                CapSense_sensorOnMask
 .bss           0x200001fd        0x1 .\CortexM0\ARM_GCC_541\Debug\test-driverLed.a(CapSense_INT.o)
 .bss           0x200001fe        0x4 .\CortexM0\ARM_GCC_541\Debug\test-driverLed.a(UART.o)
                0x200001fe                UART_initVar
                0x20000200                UART_IntrTxMask
 *(COMMON)
 *fill*         0x20000202        0x2 
 COMMON         0x20000204       0x1e .\CortexM0\ARM_GCC_541\Debug\test-driverLed.a(CapSense.o)
                0x20000204                CapSense_csdTrim1
                0x20000208                CapSense_scanSpeedTbl
                0x2000020c                CapSense_sensorEnableMaskBackup
                0x20000210                CapSense_senseClkDividerVal
                0x20000214                CapSense_modulationIDAC
                0x20000218                CapSense_compensationIDAC
                0x2000021c                CapSense_unscannedSnsDriveMode
                0x20000220                CapSense_sampleClkDividerVal
 *fill*         0x20000222        0x2 
 COMMON         0x20000224       0x12 .\CortexM0\ARM_GCC_541\Debug\test-driverLed.a(CapSense_CSHL.o)
                0x20000224                CapSense_noiseThreshold
                0x20000228                CapSense_lowBaselineResetCnt
                0x2000022c                CapSense_negativeNoiseThreshold
                0x20000230                CapSense_hysteresis
                0x20000234                CapSense_fingerThreshold
 *fill*         0x20000236        0x2 
 COMMON         0x20000238       0x26 .\CortexM0\ARM_GCC_541\Debug\test-driverLed.a(CapSense_SMS.o)
                0x20000238                CapSense_runningDifferenceTbl
                0x2000023c                CapSense_signRegisterTbl
                0x20000240                CapSense_sampleMaxTbl
                0x20000244                CapSense_noiseEnvelopeTbl
                0x20000248                CapSense_previousSampleTbl
                0x2000024c                CapSense_sampleMinTbl
                0x20000250                CapSense_config
                0x2000025c                CapSense_kValueTbl
                0x20000260                . = ALIGN (0x8)
 *fill*         0x2000025e        0x2 
 *(.ram.b)
                0x20000260                _end = .
                0x20000260                __end = .
                0x20000260                PROVIDE (end, .)
                0x20000260                PROVIDE (__bss_end__, .)
                0x00002160                __cy_region_init_ram = LOADADDR (.data)
                0x000000b0                __cy_region_init_size_ram = (_edata - ADDR (.data))
                0x000000f0                __cy_region_zero_size_ram = (_end - _edata)

.heap           0x20000260       0x80 load address 0x00002210
                0x20000260                . = _end
                0x200002e0                . = (. + 0x80)
 *fill*         0x20000260       0x80 
                0x200002e0                __cy_heap_limit = .

.stack          0x20003800      0x800
                0x20003800                __cy_stack_limit = .
                0x20004000                . = (. + 0x800)
 *fill*         0x20003800      0x800 
                0x00000001                ASSERT ((__cy_stack_limit >= __cy_heap_limit), region RAM overflowed with stack)
                0x00000000                cy_checksum_exclude_size = (CY_APPL_LOADABLE == 0x1)?SIZEOF (.cy_checksum_exclude):0x0
                0x00000001                ASSERT ((cy_checksum_exclude_size <= CY_CHECKSUM_EXCLUDE_SIZE), CY_BOOT: Section .cy_checksum_exclude size exceedes specified limit.)
                0x0001ffc0                cyloadermeta_start = (cy_project_type_bootloader || cy_project_type_app_for_stack_and_copier)?(LENGTH (rom) - CY_METADATA_SIZE):0xf0000000

.cyloadermeta
 *(.cyloadermeta)
                0x0001ffc0                cyloadablemeta_start = cy_project_type_app_for_stack_and_copier?((LENGTH (rom) - CY_FLASH_ROW_SIZE) - CY_METADATA_SIZE):((LENGTH (rom) - (CY_FLASH_ROW_SIZE * (CY_APPL_NUM - 0x1))) - CY_METADATA_SIZE)

.cyloadablemeta
 *(.cyloadablemeta)

.cyflashprotect
                0x90400000       0x80
 *(.cyflashprotect)
 .cyflashprotect
                0x90400000       0x80 .\CortexM0\ARM_GCC_541\Debug\cymetadata.o
                0x90400000                cy_meta_flashprotect

.cymeta         0x90500000        0xc
 *(.cymeta)
 .cymeta        0x90500000        0xc .\CortexM0\ARM_GCC_541\Debug\cymetadata.o
                0x90500000                cy_metadata

.cychipprotect  0x90600000        0x1
 *(.cychipprotect)
 .cychipprotect
                0x90600000        0x1 .\CortexM0\ARM_GCC_541\Debug\cymetadata.o
                0x90600000                cy_meta_chipprotect

.rel.dyn        0x00002210        0x0 load address 0x90600004
 .rel.iplt      0x00002210        0x0 c:/program files (x86)/cypress/psoc creator/4.2/psoc creator/import/gnu/arm/5.4.1/bin/../lib/gcc/arm-none-eabi/5.4.1/armv6-m/crtbegin.o

.stab
 *(.stab)

.stabstr
 *(.stabstr)

.debug
 *(.debug)

.line
 *(.line)

.debug_srcinfo
 *(.debug_srcinfo)

.debug_sfnames
 *(.debug_sfnames)

.debug_aranges  0x00000000      0xd68
 *(.debug_aranges)
 .debug_aranges
                0x00000000       0x48 .\CortexM0\ARM_GCC_541\Debug\main.o
 .debug_aranges
                0x00000048       0x48 .\CortexM0\ARM_GCC_541\Debug\cyfitter_cfg.o
 .debug_aranges
                0x00000090       0x18 .\CortexM0\ARM_GCC_541\Debug\cymetadata.o
 .debug_aranges
                0x000000a8       0x48 .\CortexM0\ARM_GCC_541\Debug\Cm0Start.o
 .debug_aranges
                0x000000f0       0x58 .\CortexM0\ARM_GCC_541\Debug\test-driverLed.a(SPI_1.o)
 .debug_aranges
                0x00000148       0x60 .\CortexM0\ARM_GCC_541\Debug\test-driverLed.a(SPI_1_SPI_UART.o)
 .debug_aranges
                0x000001a8       0x40 .\CortexM0\ARM_GCC_541\Debug\test-driverLed.a(SPI_1_SPI.o)
 .debug_aranges
                0x000001e8      0x1b0 .\CortexM0\ARM_GCC_541\Debug\test-driverLed.a(CyLib.o)
 .debug_aranges
                0x00000398      0x188 .\CortexM0\ARM_GCC_541\Debug\test-driverLed.a(CyLFClk.o)
 .debug_aranges
                0x00000520       0x48 .\CortexM0\ARM_GCC_541\Debug\test-driverLed.a(LE.o)
 .debug_aranges
                0x00000568       0x40 .\CortexM0\ARM_GCC_541\Debug\test-driverLed.a(Clock_1.o)
 .debug_aranges
                0x000005a8      0x158 .\CortexM0\ARM_GCC_541\Debug\test-driverLed.a(PWM_1.o)
 .debug_aranges
                0x00000700      0x150 .\CortexM0\ARM_GCC_541\Debug\test-driverLed.a(CapSense.o)
 .debug_aranges
                0x00000850      0x110 .\CortexM0\ARM_GCC_541\Debug\test-driverLed.a(CapSense_CSHL.o)
 .debug_aranges
                0x00000960       0x20 .\CortexM0\ARM_GCC_541\Debug\test-driverLed.a(CapSense_INT.o)
 .debug_aranges
                0x00000980       0x60 .\CortexM0\ARM_GCC_541\Debug\test-driverLed.a(CapSense_SMS.o)
 .debug_aranges
                0x000009e0       0x40 .\CortexM0\ARM_GCC_541\Debug\test-driverLed.a(CapSense_SampleClk.o)
 .debug_aranges
                0x00000a20       0x40 .\CortexM0\ARM_GCC_541\Debug\test-driverLed.a(CapSense_SenseClk.o)
 .debug_aranges
                0x00000a60       0x48 .\CortexM0\ARM_GCC_541\Debug\test-driverLed.a(STR.o)
 .debug_aranges
                0x00000aa8       0x48 .\CortexM0\ARM_GCC_541\Debug\test-driverLed.a(STG.o)
 .debug_aranges
                0x00000af0       0x48 .\CortexM0\ARM_GCC_541\Debug\test-driverLed.a(STB.o)
 .debug_aranges
                0x00000b38       0x58 .\CortexM0\ARM_GCC_541\Debug\test-driverLed.a(UART.o)
 .debug_aranges
                0x00000b90       0x90 .\CortexM0\ARM_GCC_541\Debug\test-driverLed.a(UART_UART.o)
 .debug_aranges
                0x00000c20       0x80 .\CortexM0\ARM_GCC_541\Debug\test-driverLed.a(TC_ISR.o)
 .debug_aranges
                0x00000ca0       0x20 .\CortexM0\ARM_GCC_541\Debug\test-driverLed.a(CyBootAsmGnu.o)
 .debug_aranges
                0x00000cc0       0x60 .\CortexM0\ARM_GCC_541\Debug\test-driverLed.a(UART_SPI_UART.o)
 .debug_aranges
                0x00000d20       0x48 C:\Program Files (x86)\Cypress\PSoC Creator\4.2\PSoC Creator\psoc\content\CyComponentLibrary\CyComponentLibrary.cylib\CapSense_CSD_P4_v2_60\PSoC4\Library\CapsenseP4Library_GCC.a(CSD_P4_SmartSense_v2_60.o)

.debug_pubnames
 *(.debug_pubnames)

.debug_info     0x00000000     0x7d4d
 *(.debug_info .gnu.linkonce.wi.*)
 .debug_info    0x00000000      0x5a9 .\CortexM0\ARM_GCC_541\Debug\main.o
 .debug_info    0x000005a9      0x499 .\CortexM0\ARM_GCC_541\Debug\cyfitter_cfg.o
 .debug_info    0x00000a42       0xf8 .\CortexM0\ARM_GCC_541\Debug\cymetadata.o
 .debug_info    0x00000b3a      0x3a2 .\CortexM0\ARM_GCC_541\Debug\Cm0Start.o
 .debug_info    0x00000edc      0x23a .\CortexM0\ARM_GCC_541\Debug\test-driverLed.a(SPI_1.o)
 .debug_info    0x00001116      0x220 .\CortexM0\ARM_GCC_541\Debug\test-driverLed.a(SPI_1_SPI_UART.o)
 .debug_info    0x00001336      0x187 .\CortexM0\ARM_GCC_541\Debug\test-driverLed.a(SPI_1_SPI.o)
 .debug_info    0x000014bd      0xbd0 .\CortexM0\ARM_GCC_541\Debug\test-driverLed.a(CyLib.o)
 .debug_info    0x0000208d     0x1071 .\CortexM0\ARM_GCC_541\Debug\test-driverLed.a(CyLFClk.o)
 .debug_info    0x000030fe      0x19d .\CortexM0\ARM_GCC_541\Debug\test-driverLed.a(LE.o)
 .debug_info    0x0000329b      0x166 .\CortexM0\ARM_GCC_541\Debug\test-driverLed.a(Clock_1.o)
 .debug_info    0x00003401      0x909 .\CortexM0\ARM_GCC_541\Debug\test-driverLed.a(PWM_1.o)
 .debug_info    0x00003d0a     0x107e .\CortexM0\ARM_GCC_541\Debug\test-driverLed.a(CapSense.o)
 .debug_info    0x00004d88      0xd50 .\CortexM0\ARM_GCC_541\Debug\test-driverLed.a(CapSense_CSHL.o)
 .debug_info    0x00005ad8      0x198 .\CortexM0\ARM_GCC_541\Debug\test-driverLed.a(CapSense_INT.o)
 .debug_info    0x00005c70      0x77d .\CortexM0\ARM_GCC_541\Debug\test-driverLed.a(CapSense_SMS.o)
 .debug_info    0x000063ed      0x166 .\CortexM0\ARM_GCC_541\Debug\test-driverLed.a(CapSense_SampleClk.o)
 .debug_info    0x00006553      0x166 .\CortexM0\ARM_GCC_541\Debug\test-driverLed.a(CapSense_SenseClk.o)
 .debug_info    0x000066b9      0x19d .\CortexM0\ARM_GCC_541\Debug\test-driverLed.a(STR.o)
 .debug_info    0x00006856      0x19d .\CortexM0\ARM_GCC_541\Debug\test-driverLed.a(STG.o)
 .debug_info    0x000069f3      0x19d .\CortexM0\ARM_GCC_541\Debug\test-driverLed.a(STB.o)
 .debug_info    0x00006b90      0x23a .\CortexM0\ARM_GCC_541\Debug\test-driverLed.a(UART.o)
 .debug_info    0x00006dca      0x3b5 .\CortexM0\ARM_GCC_541\Debug\test-driverLed.a(UART_UART.o)
 .debug_info    0x0000717f      0x305 .\CortexM0\ARM_GCC_541\Debug\test-driverLed.a(TC_ISR.o)
 .debug_info    0x00007484       0xc7 .\CortexM0\ARM_GCC_541\Debug\test-driverLed.a(CyBootAsmGnu.o)
 .debug_info    0x0000754b      0x220 .\CortexM0\ARM_GCC_541\Debug\test-driverLed.a(UART_SPI_UART.o)
 .debug_info    0x0000776b      0x5e2 C:\Program Files (x86)\Cypress\PSoC Creator\4.2\PSoC Creator\psoc\content\CyComponentLibrary\CyComponentLibrary.cylib\CapSense_CSD_P4_v2_60\PSoC4\Library\CapsenseP4Library_GCC.a(CSD_P4_SmartSense_v2_60.o)

.debug_abbrev   0x00000000     0x1fb9
 *(.debug_abbrev)
 .debug_abbrev  0x00000000      0x17c .\CortexM0\ARM_GCC_541\Debug\main.o
 .debug_abbrev  0x0000017c      0x1cf .\CortexM0\ARM_GCC_541\Debug\cyfitter_cfg.o
 .debug_abbrev  0x0000034b       0x5d .\CortexM0\ARM_GCC_541\Debug\cymetadata.o
 .debug_abbrev  0x000003a8      0x1d7 .\CortexM0\ARM_GCC_541\Debug\Cm0Start.o
 .debug_abbrev  0x0000057f       0xd5 .\CortexM0\ARM_GCC_541\Debug\test-driverLed.a(SPI_1.o)
 .debug_abbrev  0x00000654      0x14f .\CortexM0\ARM_GCC_541\Debug\test-driverLed.a(SPI_1_SPI_UART.o)
 .debug_abbrev  0x000007a3       0xf7 .\CortexM0\ARM_GCC_541\Debug\test-driverLed.a(SPI_1_SPI.o)
 .debug_abbrev  0x0000089a      0x1e0 .\CortexM0\ARM_GCC_541\Debug\test-driverLed.a(CyLib.o)
 .debug_abbrev  0x00000a7a      0x248 .\CortexM0\ARM_GCC_541\Debug\test-driverLed.a(CyLFClk.o)
 .debug_abbrev  0x00000cc2       0xc8 .\CortexM0\ARM_GCC_541\Debug\test-driverLed.a(LE.o)
 .debug_abbrev  0x00000d8a       0xb7 .\CortexM0\ARM_GCC_541\Debug\test-driverLed.a(Clock_1.o)
 .debug_abbrev  0x00000e41      0x119 .\CortexM0\ARM_GCC_541\Debug\test-driverLed.a(PWM_1.o)
 .debug_abbrev  0x00000f5a      0x188 .\CortexM0\ARM_GCC_541\Debug\test-driverLed.a(CapSense.o)
 .debug_abbrev  0x000010e2      0x20e .\CortexM0\ARM_GCC_541\Debug\test-driverLed.a(CapSense_CSHL.o)
 .debug_abbrev  0x000012f0       0xca .\CortexM0\ARM_GCC_541\Debug\test-driverLed.a(CapSense_INT.o)
 .debug_abbrev  0x000013ba      0x1d5 .\CortexM0\ARM_GCC_541\Debug\test-driverLed.a(CapSense_SMS.o)
 .debug_abbrev  0x0000158f       0xb7 .\CortexM0\ARM_GCC_541\Debug\test-driverLed.a(CapSense_SampleClk.o)
 .debug_abbrev  0x00001646       0xb7 .\CortexM0\ARM_GCC_541\Debug\test-driverLed.a(CapSense_SenseClk.o)
 .debug_abbrev  0x000016fd       0xc8 .\CortexM0\ARM_GCC_541\Debug\test-driverLed.a(STR.o)
 .debug_abbrev  0x000017c5       0xc8 .\CortexM0\ARM_GCC_541\Debug\test-driverLed.a(STG.o)
 .debug_abbrev  0x0000188d       0xc8 .\CortexM0\ARM_GCC_541\Debug\test-driverLed.a(STB.o)
 .debug_abbrev  0x00001955       0xd5 .\CortexM0\ARM_GCC_541\Debug\test-driverLed.a(UART.o)
 .debug_abbrev  0x00001a2a      0x132 .\CortexM0\ARM_GCC_541\Debug\test-driverLed.a(UART_UART.o)
 .debug_abbrev  0x00001b5c      0x19a .\CortexM0\ARM_GCC_541\Debug\test-driverLed.a(TC_ISR.o)
 .debug_abbrev  0x00001cf6       0x14 .\CortexM0\ARM_GCC_541\Debug\test-driverLed.a(CyBootAsmGnu.o)
 .debug_abbrev  0x00001d0a      0x14f .\CortexM0\ARM_GCC_541\Debug\test-driverLed.a(UART_SPI_UART.o)
 .debug_abbrev  0x00001e59      0x160 C:\Program Files (x86)\Cypress\PSoC Creator\4.2\PSoC Creator\psoc\content\CyComponentLibrary\CyComponentLibrary.cylib\CapSense_CSD_P4_v2_60\PSoC4\Library\CapsenseP4Library_GCC.a(CSD_P4_SmartSense_v2_60.o)

.debug_line     0x00000000     0x305a
 *(.debug_line)
 .debug_line    0x00000000      0x2a9 .\CortexM0\ARM_GCC_541\Debug\main.o
 .debug_line    0x000002a9      0x1c0 .\CortexM0\ARM_GCC_541\Debug\cyfitter_cfg.o
 .debug_line    0x00000469      0x141 .\CortexM0\ARM_GCC_541\Debug\cymetadata.o
 .debug_line    0x000005aa      0x236 .\CortexM0\ARM_GCC_541\Debug\Cm0Start.o
 .debug_line    0x000007e0      0x10c .\CortexM0\ARM_GCC_541\Debug\test-driverLed.a(SPI_1.o)
 .debug_line    0x000008ec      0x11b .\CortexM0\ARM_GCC_541\Debug\test-driverLed.a(SPI_1_SPI_UART.o)
 .debug_line    0x00000a07       0xd6 .\CortexM0\ARM_GCC_541\Debug\test-driverLed.a(SPI_1_SPI.o)
 .debug_line    0x00000add      0x4d0 .\CortexM0\ARM_GCC_541\Debug\test-driverLed.a(CyLib.o)
 .debug_line    0x00000fad      0x5db .\CortexM0\ARM_GCC_541\Debug\test-driverLed.a(CyLFClk.o)
 .debug_line    0x00001588       0xba .\CortexM0\ARM_GCC_541\Debug\test-driverLed.a(LE.o)
 .debug_line    0x00001642       0xba .\CortexM0\ARM_GCC_541\Debug\test-driverLed.a(Clock_1.o)
 .debug_line    0x000016fc      0x37e .\CortexM0\ARM_GCC_541\Debug\test-driverLed.a(PWM_1.o)
 .debug_line    0x00001a7a      0x4c8 .\CortexM0\ARM_GCC_541\Debug\test-driverLed.a(CapSense.o)
 .debug_line    0x00001f42      0x390 .\CortexM0\ARM_GCC_541\Debug\test-driverLed.a(CapSense_CSHL.o)
 .debug_line    0x000022d2       0xac .\CortexM0\ARM_GCC_541\Debug\test-driverLed.a(CapSense_INT.o)
 .debug_line    0x0000237e      0x1a8 .\CortexM0\ARM_GCC_541\Debug\test-driverLed.a(CapSense_SMS.o)
 .debug_line    0x00002526       0xc5 .\CortexM0\ARM_GCC_541\Debug\test-driverLed.a(CapSense_SampleClk.o)
 .debug_line    0x000025eb       0xc4 .\CortexM0\ARM_GCC_541\Debug\test-driverLed.a(CapSense_SenseClk.o)
 .debug_line    0x000026af       0xbb .\CortexM0\ARM_GCC_541\Debug\test-driverLed.a(STR.o)
 .debug_line    0x0000276a       0xbb .\CortexM0\ARM_GCC_541\Debug\test-driverLed.a(STG.o)
 .debug_line    0x00002825       0xbb .\CortexM0\ARM_GCC_541\Debug\test-driverLed.a(STB.o)
 .debug_line    0x000028e0      0x108 .\CortexM0\ARM_GCC_541\Debug\test-driverLed.a(UART.o)
 .debug_line    0x000029e8      0x1cf .\CortexM0\ARM_GCC_541\Debug\test-driverLed.a(UART_UART.o)
 .debug_line    0x00002bb7      0x152 .\CortexM0\ARM_GCC_541\Debug\test-driverLed.a(TC_ISR.o)
 .debug_line    0x00002d09       0x68 .\CortexM0\ARM_GCC_541\Debug\test-driverLed.a(CyBootAsmGnu.o)
 .debug_line    0x00002d71      0x11a .\CortexM0\ARM_GCC_541\Debug\test-driverLed.a(UART_SPI_UART.o)
 .debug_line    0x00002e8b      0x1cf C:\Program Files (x86)\Cypress\PSoC Creator\4.2\PSoC Creator\psoc\content\CyComponentLibrary\CyComponentLibrary.cylib\CapSense_CSD_P4_v2_60\PSoC4\Library\CapsenseP4Library_GCC.a(CSD_P4_SmartSense_v2_60.o)

.debug_frame    0x00000000     0x20c4
 *(.debug_frame)
 .debug_frame   0x00000000       0xa4 .\CortexM0\ARM_GCC_541\Debug\main.o
 .debug_frame   0x000000a4       0xb8 .\CortexM0\ARM_GCC_541\Debug\cyfitter_cfg.o
 .debug_frame   0x0000015c       0xbc .\CortexM0\ARM_GCC_541\Debug\Cm0Start.o
 .debug_frame   0x00000218       0xd8 .\CortexM0\ARM_GCC_541\Debug\test-driverLed.a(SPI_1.o)
 .debug_frame   0x000002f0       0xb0 .\CortexM0\ARM_GCC_541\Debug\test-driverLed.a(SPI_1_SPI_UART.o)
 .debug_frame   0x000003a0       0x6c .\CortexM0\ARM_GCC_541\Debug\test-driverLed.a(SPI_1_SPI.o)
 .debug_frame   0x0000040c      0x444 .\CortexM0\ARM_GCC_541\Debug\test-driverLed.a(CyLib.o)
 .debug_frame   0x00000850      0x4a8 .\CortexM0\ARM_GCC_541\Debug\test-driverLed.a(CyLFClk.o)
 .debug_frame   0x00000cf8       0x70 .\CortexM0\ARM_GCC_541\Debug\test-driverLed.a(LE.o)
 .debug_frame   0x00000d68       0x6c .\CortexM0\ARM_GCC_541\Debug\test-driverLed.a(Clock_1.o)
 .debug_frame   0x00000dd4      0x3a0 .\CortexM0\ARM_GCC_541\Debug\test-driverLed.a(PWM_1.o)
 .debug_frame   0x00001174      0x3a8 .\CortexM0\ARM_GCC_541\Debug\test-driverLed.a(CapSense.o)
 .debug_frame   0x0000151c      0x2cc .\CortexM0\ARM_GCC_541\Debug\test-driverLed.a(CapSense_CSHL.o)
 .debug_frame   0x000017e8       0x2c .\CortexM0\ARM_GCC_541\Debug\test-driverLed.a(CapSense_INT.o)
 .debug_frame   0x00001814       0xec .\CortexM0\ARM_GCC_541\Debug\test-driverLed.a(CapSense_SMS.o)
 .debug_frame   0x00001900       0x6c .\CortexM0\ARM_GCC_541\Debug\test-driverLed.a(CapSense_SampleClk.o)
 .debug_frame   0x0000196c       0x6c .\CortexM0\ARM_GCC_541\Debug\test-driverLed.a(CapSense_SenseClk.o)
 .debug_frame   0x000019d8       0x70 .\CortexM0\ARM_GCC_541\Debug\test-driverLed.a(STR.o)
 .debug_frame   0x00001a48       0x70 .\CortexM0\ARM_GCC_541\Debug\test-driverLed.a(STG.o)
 .debug_frame   0x00001ab8       0x70 .\CortexM0\ARM_GCC_541\Debug\test-driverLed.a(STB.o)
 .debug_frame   0x00001b28       0xd8 .\CortexM0\ARM_GCC_541\Debug\test-driverLed.a(UART.o)
 .debug_frame   0x00001c00      0x144 .\CortexM0\ARM_GCC_541\Debug\test-driverLed.a(UART_UART.o)
 .debug_frame   0x00001d44      0x110 .\CortexM0\ARM_GCC_541\Debug\test-driverLed.a(TC_ISR.o)
 .debug_frame   0x00001e54       0xb0 .\CortexM0\ARM_GCC_541\Debug\test-driverLed.a(UART_SPI_UART.o)
 .debug_frame   0x00001f04       0xec C:\Program Files (x86)\Cypress\PSoC Creator\4.2\PSoC Creator\psoc\content\CyComponentLibrary\CyComponentLibrary.cylib\CapSense_CSD_P4_v2_60\PSoC4\Library\CapsenseP4Library_GCC.a(CSD_P4_SmartSense_v2_60.o)
 .debug_frame   0x00001ff0       0x20 c:/program files (x86)/cypress/psoc creator/4.2/psoc creator/import/gnu/arm/5.4.1/bin/../lib/gcc/arm-none-eabi/5.4.1/armv6-m\libgcc.a(_udivsi3.o)
 .debug_frame   0x00002010       0x20 c:/program files (x86)/cypress/psoc creator/4.2/psoc creator/import/gnu/arm/5.4.1/bin/../lib/gcc/arm-none-eabi/5.4.1/armv6-m\libgcc.a(_divsi3.o)
 .debug_frame   0x00002030       0x20 c:/program files (x86)/cypress/psoc creator/4.2/psoc creator/import/gnu/arm/5.4.1/bin/../lib/gcc/arm-none-eabi/5.4.1/../../../../arm-none-eabi/lib/armv6-m\libg_nano.a(lib_a-errno.o)
 .debug_frame   0x00002050       0x28 c:/program files (x86)/cypress/psoc creator/4.2/psoc creator/import/gnu/arm/5.4.1/bin/../lib/gcc/arm-none-eabi/5.4.1/../../../../arm-none-eabi/lib/armv6-m\libg_nano.a(lib_a-exit.o)
 .debug_frame   0x00002078       0x2c c:/program files (x86)/cypress/psoc creator/4.2/psoc creator/import/gnu/arm/5.4.1/bin/../lib/gcc/arm-none-eabi/5.4.1/../../../../arm-none-eabi/lib/armv6-m\libg_nano.a(lib_a-init.o)
 .debug_frame   0x000020a4       0x20 c:/program files (x86)/cypress/psoc creator/4.2/psoc creator/import/gnu/arm/5.4.1/bin/../lib/gcc/arm-none-eabi/5.4.1/../../../../arm-none-eabi/lib/armv6-m\libg_nano.a(lib_a-memset.o)

.debug_str      0x00000000     0x34df
 *(.debug_str)
 .debug_str     0x00000000      0x42e .\CortexM0\ARM_GCC_541\Debug\main.o
                                0x477 (size before relaxing)
 .debug_str     0x0000042e      0x1aa .\CortexM0\ARM_GCC_541\Debug\cyfitter_cfg.o
                                0x386 (size before relaxing)
 .debug_str     0x000005d8       0x63 .\CortexM0\ARM_GCC_541\Debug\cymetadata.o
                                0x1ff (size before relaxing)
 .debug_str     0x0000063b      0x13a .\CortexM0\ARM_GCC_541\Debug\Cm0Start.o
                                0x338 (size before relaxing)
 .debug_str     0x00000775      0x101 .\CortexM0\ARM_GCC_541\Debug\test-driverLed.a(SPI_1.o)
                                0x2d9 (size before relaxing)
 .debug_str     0x00000876      0x126 .\CortexM0\ARM_GCC_541\Debug\test-driverLed.a(SPI_1_SPI_UART.o)
                                0x310 (size before relaxing)
 .debug_str     0x0000099c       0x89 .\CortexM0\ARM_GCC_541\Debug\test-driverLed.a(SPI_1_SPI.o)
                                0x290 (size before relaxing)
 .debug_str     0x00000a25      0x51a .\CortexM0\ARM_GCC_541\Debug\test-driverLed.a(CyLib.o)
                                0x772 (size before relaxing)
 .debug_str     0x00000f3f      0x6ea .\CortexM0\ARM_GCC_541\Debug\test-driverLed.a(CyLFClk.o)
                                0x96f (size before relaxing)
 .debug_str     0x00001629       0x8d .\CortexM0\ARM_GCC_541\Debug\test-driverLed.a(LE.o)
                                0x258 (size before relaxing)
 .debug_str     0x000016b6       0xc7 .\CortexM0\ARM_GCC_541\Debug\test-driverLed.a(Clock_1.o)
                                0x28e (size before relaxing)
 .debug_str     0x0000177d      0x399 .\CortexM0\ARM_GCC_541\Debug\test-driverLed.a(PWM_1.o)
                                0x5e8 (size before relaxing)
 .debug_str     0x00001b16      0x803 .\CortexM0\ARM_GCC_541\Debug\test-driverLed.a(CapSense.o)
                                0xac6 (size before relaxing)
 .debug_str     0x00002319      0x64b .\CortexM0\ARM_GCC_541\Debug\test-driverLed.a(CapSense_CSHL.o)
                                0xa57 (size before relaxing)
 .debug_str     0x00002964       0x48 .\CortexM0\ARM_GCC_541\Debug\test-driverLed.a(CapSense_INT.o)
                                0x2c6 (size before relaxing)
 .debug_str     0x000029ac      0x25a .\CortexM0\ARM_GCC_541\Debug\test-driverLed.a(CapSense_SMS.o)
                                0x802 (size before relaxing)
 .debug_str     0x00002c06       0x82 .\CortexM0\ARM_GCC_541\Debug\test-driverLed.a(CapSense_SampleClk.o)
                                0x2d0 (size before relaxing)
 .debug_str     0x00002c88       0x7f .\CortexM0\ARM_GCC_541\Debug\test-driverLed.a(CapSense_SenseClk.o)
                                0x2ca (size before relaxing)
 .debug_str     0x00002d07       0x66 .\CortexM0\ARM_GCC_541\Debug\test-driverLed.a(STR.o)
                                0x25f (size before relaxing)
 .debug_str     0x00002d6d       0x6f .\CortexM0\ARM_GCC_541\Debug\test-driverLed.a(STG.o)
                                0x25f (size before relaxing)
 .debug_str     0x00002ddc       0x6f .\CortexM0\ARM_GCC_541\Debug\test-driverLed.a(STB.o)
                                0x25f (size before relaxing)
 .debug_str     0x00002e4b       0xdb .\CortexM0\ARM_GCC_541\Debug\test-driverLed.a(UART.o)
                                0x2ce (size before relaxing)
 .debug_str     0x00002f26      0x1b7 .\CortexM0\ARM_GCC_541\Debug\test-driverLed.a(UART_UART.o)
                                0x3ff (size before relaxing)
 .debug_str     0x000030dd       0xf4 .\CortexM0\ARM_GCC_541\Debug\test-driverLed.a(TC_ISR.o)
                                0x32f (size before relaxing)
 .debug_str     0x000031d1       0xbe .\CortexM0\ARM_GCC_541\Debug\test-driverLed.a(UART_SPI_UART.o)
                                0x305 (size before relaxing)
 .debug_str     0x0000328f      0x250 C:\Program Files (x86)\Cypress\PSoC Creator\4.2\PSoC Creator\psoc\content\CyComponentLibrary\CyComponentLibrary.cylib\CapSense_CSD_P4_v2_60\PSoC4\Library\CapsenseP4Library_GCC.a(CSD_P4_SmartSense_v2_60.o)
                                0x59d (size before relaxing)

.debug_loc      0x00000000     0x3f5d
 *(.debug_loc)
 .debug_loc     0x00000000       0x74 .\CortexM0\ARM_GCC_541\Debug\main.o
 .debug_loc     0x00000074      0x14d .\CortexM0\ARM_GCC_541\Debug\cyfitter_cfg.o
 .debug_loc     0x000001c1      0x14f .\CortexM0\ARM_GCC_541\Debug\Cm0Start.o
 .debug_loc     0x00000310       0x7e .\CortexM0\ARM_GCC_541\Debug\test-driverLed.a(SPI_1.o)
 .debug_loc     0x0000038e       0x96 .\CortexM0\ARM_GCC_541\Debug\test-driverLed.a(SPI_1_SPI_UART.o)
 .debug_loc     0x00000424       0xc1 .\CortexM0\ARM_GCC_541\Debug\test-driverLed.a(SPI_1_SPI.o)
 .debug_loc     0x000004e5      0x554 .\CortexM0\ARM_GCC_541\Debug\test-driverLed.a(CyLib.o)
 .debug_loc     0x00000a39      0xdaa .\CortexM0\ARM_GCC_541\Debug\test-driverLed.a(CyLFClk.o)
 .debug_loc     0x000017e3       0xa2 .\CortexM0\ARM_GCC_541\Debug\test-driverLed.a(LE.o)
 .debug_loc     0x00001885       0x76 .\CortexM0\ARM_GCC_541\Debug\test-driverLed.a(Clock_1.o)
 .debug_loc     0x000018fb      0x547 .\CortexM0\ARM_GCC_541\Debug\test-driverLed.a(PWM_1.o)
 .debug_loc     0x00001e42      0xb10 .\CortexM0\ARM_GCC_541\Debug\test-driverLed.a(CapSense.o)
 .debug_loc     0x00002952      0x6e3 .\CortexM0\ARM_GCC_541\Debug\test-driverLed.a(CapSense_CSHL.o)
 .debug_loc     0x00003035      0x20f .\CortexM0\ARM_GCC_541\Debug\test-driverLed.a(CapSense_SMS.o)
 .debug_loc     0x00003244       0x76 .\CortexM0\ARM_GCC_541\Debug\test-driverLed.a(CapSense_SampleClk.o)
 .debug_loc     0x000032ba       0x76 .\CortexM0\ARM_GCC_541\Debug\test-driverLed.a(CapSense_SenseClk.o)
 .debug_loc     0x00003330       0xa2 .\CortexM0\ARM_GCC_541\Debug\test-driverLed.a(STR.o)
 .debug_loc     0x000033d2       0xa2 .\CortexM0\ARM_GCC_541\Debug\test-driverLed.a(STG.o)
 .debug_loc     0x00003474       0xa2 .\CortexM0\ARM_GCC_541\Debug\test-driverLed.a(STB.o)
 .debug_loc     0x00003516       0x7e .\CortexM0\ARM_GCC_541\Debug\test-driverLed.a(UART.o)
 .debug_loc     0x00003594      0x223 .\CortexM0\ARM_GCC_541\Debug\test-driverLed.a(UART_UART.o)
 .debug_loc     0x000037b7       0x82 .\CortexM0\ARM_GCC_541\Debug\test-driverLed.a(TC_ISR.o)
 .debug_loc     0x00003839       0x96 .\CortexM0\ARM_GCC_541\Debug\test-driverLed.a(UART_SPI_UART.o)
 .debug_loc     0x000038cf      0x68e C:\Program Files (x86)\Cypress\PSoC Creator\4.2\PSoC Creator\psoc\content\CyComponentLibrary\CyComponentLibrary.cylib\CapSense_CSD_P4_v2_60\PSoC4\Library\CapsenseP4Library_GCC.a(CSD_P4_SmartSense_v2_60.o)

.debug_macinfo
 *(.debug_macinfo)

.debug_ranges   0x00000000      0xba0
 *(.debug_ranges)
 .debug_ranges  0x00000000       0x38 .\CortexM0\ARM_GCC_541\Debug\main.o
 .debug_ranges  0x00000038       0x38 .\CortexM0\ARM_GCC_541\Debug\cyfitter_cfg.o
 .debug_ranges  0x00000070       0x38 .\CortexM0\ARM_GCC_541\Debug\Cm0Start.o
 .debug_ranges  0x000000a8       0x48 .\CortexM0\ARM_GCC_541\Debug\test-driverLed.a(SPI_1.o)
 .debug_ranges  0x000000f0       0x50 .\CortexM0\ARM_GCC_541\Debug\test-driverLed.a(SPI_1_SPI_UART.o)
 .debug_ranges  0x00000140       0x30 .\CortexM0\ARM_GCC_541\Debug\test-driverLed.a(SPI_1_SPI.o)
 .debug_ranges  0x00000170      0x1a0 .\CortexM0\ARM_GCC_541\Debug\test-driverLed.a(CyLib.o)
 .debug_ranges  0x00000310      0x178 .\CortexM0\ARM_GCC_541\Debug\test-driverLed.a(CyLFClk.o)
 .debug_ranges  0x00000488       0x38 .\CortexM0\ARM_GCC_541\Debug\test-driverLed.a(LE.o)
 .debug_ranges  0x000004c0       0x30 .\CortexM0\ARM_GCC_541\Debug\test-driverLed.a(Clock_1.o)
 .debug_ranges  0x000004f0      0x148 .\CortexM0\ARM_GCC_541\Debug\test-driverLed.a(PWM_1.o)
 .debug_ranges  0x00000638      0x140 .\CortexM0\ARM_GCC_541\Debug\test-driverLed.a(CapSense.o)
 .debug_ranges  0x00000778      0x100 .\CortexM0\ARM_GCC_541\Debug\test-driverLed.a(CapSense_CSHL.o)
 .debug_ranges  0x00000878       0x10 .\CortexM0\ARM_GCC_541\Debug\test-driverLed.a(CapSense_INT.o)
 .debug_ranges  0x00000888       0x50 .\CortexM0\ARM_GCC_541\Debug\test-driverLed.a(CapSense_SMS.o)
 .debug_ranges  0x000008d8       0x30 .\CortexM0\ARM_GCC_541\Debug\test-driverLed.a(CapSense_SampleClk.o)
 .debug_ranges  0x00000908       0x30 .\CortexM0\ARM_GCC_541\Debug\test-driverLed.a(CapSense_SenseClk.o)
 .debug_ranges  0x00000938       0x38 .\CortexM0\ARM_GCC_541\Debug\test-driverLed.a(STR.o)
 .debug_ranges  0x00000970       0x38 .\CortexM0\ARM_GCC_541\Debug\test-driverLed.a(STG.o)
 .debug_ranges  0x000009a8       0x38 .\CortexM0\ARM_GCC_541\Debug\test-driverLed.a(STB.o)
 .debug_ranges  0x000009e0       0x48 .\CortexM0\ARM_GCC_541\Debug\test-driverLed.a(UART.o)
 .debug_ranges  0x00000a28       0x80 .\CortexM0\ARM_GCC_541\Debug\test-driverLed.a(UART_UART.o)
 .debug_ranges  0x00000aa8       0x70 .\CortexM0\ARM_GCC_541\Debug\test-driverLed.a(TC_ISR.o)
 .debug_ranges  0x00000b18       0x50 .\CortexM0\ARM_GCC_541\Debug\test-driverLed.a(UART_SPI_UART.o)
 .debug_ranges  0x00000b68       0x38 C:\Program Files (x86)\Cypress\PSoC Creator\4.2\PSoC Creator\psoc\content\CyComponentLibrary\CyComponentLibrary.cylib\CapSense_CSD_P4_v2_60\PSoC4\Library\CapsenseP4Library_GCC.a(CSD_P4_SmartSense_v2_60.o)

.comment        0x00000000       0xde
 .comment       0x00000000       0x6e .\CortexM0\ARM_GCC_541\Debug\main.o
                                 0x6f (size before relaxing)
 .comment       0x0000006e       0x6f .\CortexM0\ARM_GCC_541\Debug\cyfitter_cfg.o
 .comment       0x0000006e       0x6f .\CortexM0\ARM_GCC_541\Debug\cymetadata.o
 .comment       0x0000006e       0x6f .\CortexM0\ARM_GCC_541\Debug\Cm0Start.o
 .comment       0x0000006e       0x6f .\CortexM0\ARM_GCC_541\Debug\test-driverLed.a(SPI_1.o)
 .comment       0x0000006e       0x6f .\CortexM0\ARM_GCC_541\Debug\test-driverLed.a(SPI_1_SPI_UART.o)
 .comment       0x0000006e       0x6f .\CortexM0\ARM_GCC_541\Debug\test-driverLed.a(SPI_1_SPI.o)
 .comment       0x0000006e       0x6f .\CortexM0\ARM_GCC_541\Debug\test-driverLed.a(CyLib.o)
 .comment       0x0000006e       0x6f .\CortexM0\ARM_GCC_541\Debug\test-driverLed.a(CyLFClk.o)
 .comment       0x0000006e       0x6f .\CortexM0\ARM_GCC_541\Debug\test-driverLed.a(LE.o)
 .comment       0x0000006e       0x6f .\CortexM0\ARM_GCC_541\Debug\test-driverLed.a(Clock_1.o)
 .comment       0x0000006e       0x6f .\CortexM0\ARM_GCC_541\Debug\test-driverLed.a(PWM_1.o)
 .comment       0x0000006e       0x6f .\CortexM0\ARM_GCC_541\Debug\test-driverLed.a(CapSense.o)
 .comment       0x0000006e       0x6f .\CortexM0\ARM_GCC_541\Debug\test-driverLed.a(CapSense_CSHL.o)
 .comment       0x0000006e       0x6f .\CortexM0\ARM_GCC_541\Debug\test-driverLed.a(CapSense_INT.o)
 .comment       0x0000006e       0x6f .\CortexM0\ARM_GCC_541\Debug\test-driverLed.a(CapSense_SMS.o)
 .comment       0x0000006e       0x6f .\CortexM0\ARM_GCC_541\Debug\test-driverLed.a(CapSense_SampleClk.o)
 .comment       0x0000006e       0x6f .\CortexM0\ARM_GCC_541\Debug\test-driverLed.a(CapSense_SenseClk.o)
 .comment       0x0000006e       0x6f .\CortexM0\ARM_GCC_541\Debug\test-driverLed.a(STR.o)
 .comment       0x0000006e       0x6f .\CortexM0\ARM_GCC_541\Debug\test-driverLed.a(STG.o)
 .comment       0x0000006e       0x6f .\CortexM0\ARM_GCC_541\Debug\test-driverLed.a(STB.o)
 .comment       0x0000006e       0x6f .\CortexM0\ARM_GCC_541\Debug\test-driverLed.a(UART.o)
 .comment       0x0000006e       0x6f .\CortexM0\ARM_GCC_541\Debug\test-driverLed.a(UART_UART.o)
 .comment       0x0000006e       0x6f .\CortexM0\ARM_GCC_541\Debug\test-driverLed.a(TC_ISR.o)
 .comment       0x0000006e       0x6f .\CortexM0\ARM_GCC_541\Debug\test-driverLed.a(UART_SPI_UART.o)
 .comment       0x0000006e       0x70 C:\Program Files (x86)\Cypress\PSoC Creator\4.2\PSoC Creator\psoc\content\CyComponentLibrary\CyComponentLibrary.cylib\CapSense_CSD_P4_v2_60\PSoC4\Library\CapsenseP4Library_GCC.a(CSD_P4_SmartSense_v2_60.o)
                                 0x71 (size before relaxing)

.debug_weaknames
 *(.debug_weaknames)

.debug_funcnames
 *(.debug_funcnames)

.debug_typenames
 *(.debug_typenames)

.debug_varnames
 *(.debug_varnames)

.note.gnu.arm.ident
 *(.note.gnu.arm.ident)

.ARM.attributes
                0x00000000       0x28
 *(.ARM.attributes)
 .ARM.attributes
                0x00000000       0x1e c:/program files (x86)/cypress/psoc creator/4.2/psoc creator/import/gnu/arm/5.4.1/bin/../lib/gcc/arm-none-eabi/5.4.1/armv6-m/crti.o
 .ARM.attributes
                0x0000001e       0x2c c:/program files (x86)/cypress/psoc creator/4.2/psoc creator/import/gnu/arm/5.4.1/bin/../lib/gcc/arm-none-eabi/5.4.1/armv6-m/crtbegin.o
 .ARM.attributes
                0x0000004a       0x1b c:/program files (x86)/cypress/psoc creator/4.2/psoc creator/import/gnu/arm/5.4.1/bin/../lib/gcc/arm-none-eabi/5.4.1/../../../../arm-none-eabi/lib/armv6-m/crt0.o
 .ARM.attributes
                0x00000065       0x31 .\CortexM0\ARM_GCC_541\Debug\main.o
 .ARM.attributes
                0x00000096       0x31 .\CortexM0\ARM_GCC_541\Debug\cyfitter_cfg.o
 .ARM.attributes
                0x000000c7       0x31 .\CortexM0\ARM_GCC_541\Debug\cymetadata.o
 .ARM.attributes
                0x000000f8       0x31 .\CortexM0\ARM_GCC_541\Debug\Cm0Start.o
 .ARM.attributes
                0x00000129       0x31 .\CortexM0\ARM_GCC_541\Debug\test-driverLed.a(SPI_1.o)
 .ARM.attributes
                0x0000015a       0x31 .\CortexM0\ARM_GCC_541\Debug\test-driverLed.a(SPI_1_SPI_UART.o)
 .ARM.attributes
                0x0000018b       0x31 .\CortexM0\ARM_GCC_541\Debug\test-driverLed.a(SPI_1_SPI.o)
 .ARM.attributes
                0x000001bc       0x31 .\CortexM0\ARM_GCC_541\Debug\test-driverLed.a(CyLib.o)
 .ARM.attributes
                0x000001ed       0x31 .\CortexM0\ARM_GCC_541\Debug\test-driverLed.a(CyLFClk.o)
 .ARM.attributes
                0x0000021e       0x31 .\CortexM0\ARM_GCC_541\Debug\test-driverLed.a(LE.o)
 .ARM.attributes
                0x0000024f       0x31 .\CortexM0\ARM_GCC_541\Debug\test-driverLed.a(Clock_1.o)
 .ARM.attributes
                0x00000280       0x31 .\CortexM0\ARM_GCC_541\Debug\test-driverLed.a(PWM_1.o)
 .ARM.attributes
                0x000002b1       0x31 .\CortexM0\ARM_GCC_541\Debug\test-driverLed.a(CapSense.o)
 .ARM.attributes
                0x000002e2       0x31 .\CortexM0\ARM_GCC_541\Debug\test-driverLed.a(CapSense_CSHL.o)
 .ARM.attributes
                0x00000313       0x31 .\CortexM0\ARM_GCC_541\Debug\test-driverLed.a(CapSense_INT.o)
 .ARM.attributes
                0x00000344       0x31 .\CortexM0\ARM_GCC_541\Debug\test-driverLed.a(CapSense_SMS.o)
 .ARM.attributes
                0x00000375       0x31 .\CortexM0\ARM_GCC_541\Debug\test-driverLed.a(CapSense_SampleClk.o)
 .ARM.attributes
                0x000003a6       0x31 .\CortexM0\ARM_GCC_541\Debug\test-driverLed.a(CapSense_SenseClk.o)
 .ARM.attributes
                0x000003d7       0x31 .\CortexM0\ARM_GCC_541\Debug\test-driverLed.a(STR.o)
 .ARM.attributes
                0x00000408       0x31 .\CortexM0\ARM_GCC_541\Debug\test-driverLed.a(STG.o)
 .ARM.attributes
                0x00000439       0x31 .\CortexM0\ARM_GCC_541\Debug\test-driverLed.a(STB.o)
 .ARM.attributes
                0x0000046a       0x31 .\CortexM0\ARM_GCC_541\Debug\test-driverLed.a(UART.o)
 .ARM.attributes
                0x0000049b       0x31 .\CortexM0\ARM_GCC_541\Debug\test-driverLed.a(UART_UART.o)
 .ARM.attributes
                0x000004cc       0x31 .\CortexM0\ARM_GCC_541\Debug\test-driverLed.a(TC_ISR.o)
 .ARM.attributes
                0x000004fd       0x21 .\CortexM0\ARM_GCC_541\Debug\test-driverLed.a(CyBootAsmGnu.o)
 .ARM.attributes
                0x0000051e       0x31 .\CortexM0\ARM_GCC_541\Debug\test-driverLed.a(UART_SPI_UART.o)
 .ARM.attributes
                0x0000054f       0x31 C:\Program Files (x86)\Cypress\PSoC Creator\4.2\PSoC Creator\psoc\content\CyComponentLibrary\CyComponentLibrary.cylib\CapSense_CSD_P4_v2_60\PSoC4\Library\CapsenseP4Library_GCC.a(CSD_P4_SmartSense_v2_60.o)
 .ARM.attributes
                0x00000580       0x1e c:/program files (x86)/cypress/psoc creator/4.2/psoc creator/import/gnu/arm/5.4.1/bin/../lib/gcc/arm-none-eabi/5.4.1/armv6-m\libgcc.a(_udivsi3.o)
 .ARM.attributes
                0x0000059e       0x1e c:/program files (x86)/cypress/psoc creator/4.2/psoc creator/import/gnu/arm/5.4.1/bin/../lib/gcc/arm-none-eabi/5.4.1/armv6-m\libgcc.a(_divsi3.o)
 .ARM.attributes
                0x000005bc       0x1e c:/program files (x86)/cypress/psoc creator/4.2/psoc creator/import/gnu/arm/5.4.1/bin/../lib/gcc/arm-none-eabi/5.4.1/armv6-m\libgcc.a(_dvmd_tls.o)
 .ARM.attributes
                0x000005da       0x2c c:/program files (x86)/cypress/psoc creator/4.2/psoc creator/import/gnu/arm/5.4.1/bin/../lib/gcc/arm-none-eabi/5.4.1/../../../../arm-none-eabi/lib/armv6-m\libg_nano.a(lib_a-errno.o)
 .ARM.attributes
                0x00000606       0x2c c:/program files (x86)/cypress/psoc creator/4.2/psoc creator/import/gnu/arm/5.4.1/bin/../lib/gcc/arm-none-eabi/5.4.1/../../../../arm-none-eabi/lib/armv6-m\libg_nano.a(lib_a-exit.o)
 .ARM.attributes
                0x00000632       0x2c c:/program files (x86)/cypress/psoc creator/4.2/psoc creator/import/gnu/arm/5.4.1/bin/../lib/gcc/arm-none-eabi/5.4.1/../../../../arm-none-eabi/lib/armv6-m\libg_nano.a(lib_a-impure.o)
 .ARM.attributes
                0x0000065e       0x2c c:/program files (x86)/cypress/psoc creator/4.2/psoc creator/import/gnu/arm/5.4.1/bin/../lib/gcc/arm-none-eabi/5.4.1/../../../../arm-none-eabi/lib/armv6-m\libg_nano.a(lib_a-init.o)
 .ARM.attributes
                0x0000068a       0x2c c:/program files (x86)/cypress/psoc creator/4.2/psoc creator/import/gnu/arm/5.4.1/bin/../lib/gcc/arm-none-eabi/5.4.1/../../../../arm-none-eabi/lib/armv6-m\libg_nano.a(lib_a-memset.o)
 .ARM.attributes
                0x000006b6       0x2c c:/program files (x86)/cypress/psoc creator/4.2/psoc creator/import/gnu/arm/5.4.1/bin/../lib/gcc/arm-none-eabi/5.4.1/armv6-m/crtend.o
 .ARM.attributes
                0x000006e2       0x1e c:/program files (x86)/cypress/psoc creator/4.2/psoc creator/import/gnu/arm/5.4.1/bin/../lib/gcc/arm-none-eabi/5.4.1/armv6-m/crtn.o

/DISCARD/
 *(.note.GNU-stack)
OUTPUT(D:\Users\jagumiel\Documents\PSoC Creator\LIN-Automotive\3-LIN-Internal-Light-Control\test-driverLed\test-driverLed.cydsn\CortexM0\ARM_GCC_541\Debug\test-driverLed.elf elf32-littlearm)
