Archive member included to satisfy reference by file (symbol)

.\CortexM0\ARM_GCC_541\Debug\test-driverLed.a(SPI_1.o)
                              .\CortexM0\ARM_GCC_541\Debug\main.o (SPI_1_Start)
.\CortexM0\ARM_GCC_541\Debug\test-driverLed.a(SPI_1_SPI_UART.o)
                              .\CortexM0\ARM_GCC_541\Debug\main.o (SPI_1_SpiUartWriteTxData)
.\CortexM0\ARM_GCC_541\Debug\test-driverLed.a(SPI_1_SPI.o)
                              .\CortexM0\ARM_GCC_541\Debug\test-driverLed.a(SPI_1.o) (SPI_1_SpiPostEnable)
.\CortexM0\ARM_GCC_541\Debug\test-driverLed.a(CyLib.o)
                              .\CortexM0\ARM_GCC_541\Debug\cyfitter_cfg.o (CySysClkWriteImoFreq)
.\CortexM0\ARM_GCC_541\Debug\test-driverLed.a(CyLFClk.o)
                              .\CortexM0\ARM_GCC_541\Debug\cyfitter_cfg.o (CySysClkWcoStart)
.\CortexM0\ARM_GCC_541\Debug\test-driverLed.a(LE.o)
                              .\CortexM0\ARM_GCC_541\Debug\main.o (LE_Write)
.\CortexM0\ARM_GCC_541\Debug\test-driverLed.a(Clock_1.o)
                              .\CortexM0\ARM_GCC_541\Debug\main.o (Clock_1_StartEx)
.\CortexM0\ARM_GCC_541\Debug\test-driverLed.a(CyBootAsmGnu.o)
                              .\CortexM0\ARM_GCC_541\Debug\cyfitter_cfg.o (CyDelayCycles)
c:/program files (x86)/cypress/psoc creator/4.2/psoc creator/import/gnu/arm/5.4.1/bin/../lib/gcc/arm-none-eabi/5.4.1/armv6-m\libgcc.a(_udivsi3.o)
                              .\CortexM0\ARM_GCC_541\Debug\test-driverLed.a(CyLib.o) (__aeabi_uidiv)
c:/program files (x86)/cypress/psoc creator/4.2/psoc creator/import/gnu/arm/5.4.1/bin/../lib/gcc/arm-none-eabi/5.4.1/armv6-m\libgcc.a(_divsi3.o)
                              .\CortexM0\ARM_GCC_541\Debug\test-driverLed.a(CyLFClk.o) (__aeabi_idiv)
c:/program files (x86)/cypress/psoc creator/4.2/psoc creator/import/gnu/arm/5.4.1/bin/../lib/gcc/arm-none-eabi/5.4.1/armv6-m\libgcc.a(_dvmd_tls.o)
                              c:/program files (x86)/cypress/psoc creator/4.2/psoc creator/import/gnu/arm/5.4.1/bin/../lib/gcc/arm-none-eabi/5.4.1/armv6-m\libgcc.a(_udivsi3.o) (__aeabi_idiv0)
c:/program files (x86)/cypress/psoc creator/4.2/psoc creator/import/gnu/arm/5.4.1/bin/../lib/gcc/arm-none-eabi/5.4.1/../../../../arm-none-eabi/lib/armv6-m\libg_nano.a(lib_a-errno.o)
                              .\CortexM0\ARM_GCC_541\Debug\Cm0Start.o (__errno)
c:/program files (x86)/cypress/psoc creator/4.2/psoc creator/import/gnu/arm/5.4.1/bin/../lib/gcc/arm-none-eabi/5.4.1/../../../../arm-none-eabi/lib/armv6-m\libg_nano.a(lib_a-exit.o)
                              c:/program files (x86)/cypress/psoc creator/4.2/psoc creator/import/gnu/arm/5.4.1/bin/../lib/gcc/arm-none-eabi/5.4.1/../../../../arm-none-eabi/lib/armv6-m/crt0.o (exit)
c:/program files (x86)/cypress/psoc creator/4.2/psoc creator/import/gnu/arm/5.4.1/bin/../lib/gcc/arm-none-eabi/5.4.1/../../../../arm-none-eabi/lib/armv6-m\libg_nano.a(lib_a-impure.o)
                              c:/program files (x86)/cypress/psoc creator/4.2/psoc creator/import/gnu/arm/5.4.1/bin/../lib/gcc/arm-none-eabi/5.4.1/../../../../arm-none-eabi/lib/armv6-m\libg_nano.a(lib_a-exit.o) (_global_impure_ptr)
c:/program files (x86)/cypress/psoc creator/4.2/psoc creator/import/gnu/arm/5.4.1/bin/../lib/gcc/arm-none-eabi/5.4.1/../../../../arm-none-eabi/lib/armv6-m\libg_nano.a(lib_a-init.o)
                              c:/program files (x86)/cypress/psoc creator/4.2/psoc creator/import/gnu/arm/5.4.1/bin/../lib/gcc/arm-none-eabi/5.4.1/../../../../arm-none-eabi/lib/armv6-m/crt0.o (__libc_init_array)
c:/program files (x86)/cypress/psoc creator/4.2/psoc creator/import/gnu/arm/5.4.1/bin/../lib/gcc/arm-none-eabi/5.4.1/../../../../arm-none-eabi/lib/armv6-m\libg_nano.a(lib_a-memset.o)
                              c:/program files (x86)/cypress/psoc creator/4.2/psoc creator/import/gnu/arm/5.4.1/bin/../lib/gcc/arm-none-eabi/5.4.1/../../../../arm-none-eabi/lib/armv6-m/crt0.o (memset)

Discarded input sections

 .text          0x00000000        0x0 c:/program files (x86)/cypress/psoc creator/4.2/psoc creator/import/gnu/arm/5.4.1/bin/../lib/gcc/arm-none-eabi/5.4.1/armv6-m/crti.o
 .data          0x00000000        0x0 c:/program files (x86)/cypress/psoc creator/4.2/psoc creator/import/gnu/arm/5.4.1/bin/../lib/gcc/arm-none-eabi/5.4.1/armv6-m/crti.o
 .bss           0x00000000        0x0 c:/program files (x86)/cypress/psoc creator/4.2/psoc creator/import/gnu/arm/5.4.1/bin/../lib/gcc/arm-none-eabi/5.4.1/armv6-m/crti.o
 .data          0x00000000        0x4 c:/program files (x86)/cypress/psoc creator/4.2/psoc creator/import/gnu/arm/5.4.1/bin/../lib/gcc/arm-none-eabi/5.4.1/armv6-m/crtbegin.o
 .text          0x00000000       0x78 c:/program files (x86)/cypress/psoc creator/4.2/psoc creator/import/gnu/arm/5.4.1/bin/../lib/gcc/arm-none-eabi/5.4.1/../../../../arm-none-eabi/lib/armv6-m/crt0.o
 .data          0x00000000        0x0 c:/program files (x86)/cypress/psoc creator/4.2/psoc creator/import/gnu/arm/5.4.1/bin/../lib/gcc/arm-none-eabi/5.4.1/../../../../arm-none-eabi/lib/armv6-m/crt0.o
 .bss           0x00000000        0x0 c:/program files (x86)/cypress/psoc creator/4.2/psoc creator/import/gnu/arm/5.4.1/bin/../lib/gcc/arm-none-eabi/5.4.1/../../../../arm-none-eabi/lib/armv6-m/crt0.o
 .ARM.extab     0x00000000        0x0 c:/program files (x86)/cypress/psoc creator/4.2/psoc creator/import/gnu/arm/5.4.1/bin/../lib/gcc/arm-none-eabi/5.4.1/../../../../arm-none-eabi/lib/armv6-m/crt0.o
 .ARM.exidx     0x00000000        0x8 c:/program files (x86)/cypress/psoc creator/4.2/psoc creator/import/gnu/arm/5.4.1/bin/../lib/gcc/arm-none-eabi/5.4.1/../../../../arm-none-eabi/lib/armv6-m/crt0.o
 .text          0x00000000        0x0 .\CortexM0\ARM_GCC_541\Debug\main.o
 .data          0x00000000        0x0 .\CortexM0\ARM_GCC_541\Debug\main.o
 .bss           0x00000000        0x0 .\CortexM0\ARM_GCC_541\Debug\main.o
 .text          0x00000000        0x0 .\CortexM0\ARM_GCC_541\Debug\cyfitter_cfg.o
 .data          0x00000000        0x0 .\CortexM0\ARM_GCC_541\Debug\cyfitter_cfg.o
 .bss           0x00000000        0x0 .\CortexM0\ARM_GCC_541\Debug\cyfitter_cfg.o
 .text          0x00000000        0x0 .\CortexM0\ARM_GCC_541\Debug\cymetadata.o
 .data          0x00000000        0x0 .\CortexM0\ARM_GCC_541\Debug\cymetadata.o
 .bss           0x00000000        0x0 .\CortexM0\ARM_GCC_541\Debug\cymetadata.o
 .text          0x00000000        0x0 .\CortexM0\ARM_GCC_541\Debug\Cm0Start.o
 .data          0x00000000        0x4 .\CortexM0\ARM_GCC_541\Debug\Cm0Start.o
 .bss           0x00000000        0x0 .\CortexM0\ARM_GCC_541\Debug\Cm0Start.o
 .text._exit    0x00000000        0xc .\CortexM0\ARM_GCC_541\Debug\Cm0Start.o
 .text._sbrk    0x00000000       0x30 .\CortexM0\ARM_GCC_541\Debug\Cm0Start.o
 .text          0x00000000        0x0 .\CortexM0\ARM_GCC_541\Debug\test-driverLed.a(SPI_1.o)
 .data          0x00000000        0x0 .\CortexM0\ARM_GCC_541\Debug\test-driverLed.a(SPI_1.o)
 .text.SPI_1_ScbModeStop
                0x00000000        0x8 .\CortexM0\ARM_GCC_541\Debug\test-driverLed.a(SPI_1.o)
 .text.SPI_1_Stop
                0x00000000       0x20 .\CortexM0\ARM_GCC_541\Debug\test-driverLed.a(SPI_1.o)
 .text.SPI_1_SetRxFifoLevel
                0x00000000       0x14 .\CortexM0\ARM_GCC_541\Debug\test-driverLed.a(SPI_1.o)
 .text.SPI_1_SetTxFifoLevel
                0x00000000       0x14 .\CortexM0\ARM_GCC_541\Debug\test-driverLed.a(SPI_1.o)
 .text          0x00000000        0x0 .\CortexM0\ARM_GCC_541\Debug\test-driverLed.a(SPI_1_SPI_UART.o)
 .data          0x00000000        0x0 .\CortexM0\ARM_GCC_541\Debug\test-driverLed.a(SPI_1_SPI_UART.o)
 .bss           0x00000000        0x0 .\CortexM0\ARM_GCC_541\Debug\test-driverLed.a(SPI_1_SPI_UART.o)
 .text.SPI_1_SpiUartReadRxData
                0x00000000        0xc .\CortexM0\ARM_GCC_541\Debug\test-driverLed.a(SPI_1_SPI_UART.o)
 .text.SPI_1_SpiUartGetRxBufferSize
                0x00000000       0x10 .\CortexM0\ARM_GCC_541\Debug\test-driverLed.a(SPI_1_SPI_UART.o)
 .text.SPI_1_SpiUartClearRxBuffer
                0x00000000       0x20 .\CortexM0\ARM_GCC_541\Debug\test-driverLed.a(SPI_1_SPI_UART.o)
 .text.SPI_1_SpiUartPutArray
                0x00000000       0x1c .\CortexM0\ARM_GCC_541\Debug\test-driverLed.a(SPI_1_SPI_UART.o)
 .text.SPI_1_SpiUartGetTxBufferSize
                0x00000000       0x10 .\CortexM0\ARM_GCC_541\Debug\test-driverLed.a(SPI_1_SPI_UART.o)
 .text.SPI_1_SpiUartClearTxBuffer
                0x00000000       0x20 .\CortexM0\ARM_GCC_541\Debug\test-driverLed.a(SPI_1_SPI_UART.o)
 .text.SPI_1_SpiUartDisableIntRx
                0x00000000       0x10 .\CortexM0\ARM_GCC_541\Debug\test-driverLed.a(SPI_1_SPI_UART.o)
 .text.SPI_1_SpiUartDisableIntTx
                0x00000000       0x10 .\CortexM0\ARM_GCC_541\Debug\test-driverLed.a(SPI_1_SPI_UART.o)
 .text          0x00000000        0x0 .\CortexM0\ARM_GCC_541\Debug\test-driverLed.a(SPI_1_SPI.o)
 .data          0x00000000        0x0 .\CortexM0\ARM_GCC_541\Debug\test-driverLed.a(SPI_1_SPI.o)
 .bss           0x00000000        0x0 .\CortexM0\ARM_GCC_541\Debug\test-driverLed.a(SPI_1_SPI.o)
 .text.SPI_1_SpiStop
                0x00000000       0x18 .\CortexM0\ARM_GCC_541\Debug\test-driverLed.a(SPI_1_SPI.o)
 .text.SPI_1_SpiSetSlaveSelectPolarity
                0x00000000       0x28 .\CortexM0\ARM_GCC_541\Debug\test-driverLed.a(SPI_1_SPI.o)
 .text          0x00000000        0x0 .\CortexM0\ARM_GCC_541\Debug\test-driverLed.a(CyLib.o)
 .bss           0x00000000       0x18 .\CortexM0\ARM_GCC_541\Debug\test-driverLed.a(CyLib.o)
 .text.CySysClkImoStart
                0x00000000       0x14 .\CortexM0\ARM_GCC_541\Debug\test-driverLed.a(CyLib.o)
 .text.CySysClkImoStop
                0x00000000       0x10 .\CortexM0\ARM_GCC_541\Debug\test-driverLed.a(CyLib.o)
 .text.CySysClkWriteHfclkDirect
                0x00000000       0x20 .\CortexM0\ARM_GCC_541\Debug\test-driverLed.a(CyLib.o)
 .text.CySysEnablePumpClock
                0x00000000       0x38 .\CortexM0\ARM_GCC_541\Debug\test-driverLed.a(CyLib.o)
 .text.CySysClkGetSysclkSource
                0x00000000       0x1c .\CortexM0\ARM_GCC_541\Debug\test-driverLed.a(CyLib.o)
 .text.CySysClkWriteSysclkDiv
                0x00000000       0x30 .\CortexM0\ARM_GCC_541\Debug\test-driverLed.a(CyLib.o)
 .text.CySysClkEcoStop
                0x00000000       0x24 .\CortexM0\ARM_GCC_541\Debug\test-driverLed.a(CyLib.o)
 .text.CySysLvdDisable
                0x00000000       0x20 .\CortexM0\ARM_GCC_541\Debug\test-driverLed.a(CyLib.o)
 .text.CySysLvdGetInterruptSource
                0x00000000       0x10 .\CortexM0\ARM_GCC_541\Debug\test-driverLed.a(CyLib.o)
 .text.CySysLvdClearInterrupt
                0x00000000        0xc .\CortexM0\ARM_GCC_541\Debug\test-driverLed.a(CyLib.o)
 .text.CySysGetResetReason
                0x00000000       0x14 .\CortexM0\ARM_GCC_541\Debug\test-driverLed.a(CyLib.o)
 .text.CyDisableInts
                0x00000000       0x10 .\CortexM0\ARM_GCC_541\Debug\test-driverLed.a(CyLib.o)
 .text.CyEnableInts
                0x00000000        0xc .\CortexM0\ARM_GCC_541\Debug\test-driverLed.a(CyLib.o)
 .text.CyIntGetState
                0x00000000       0x18 .\CortexM0\ARM_GCC_541\Debug\test-driverLed.a(CyLib.o)
 .text.CyIntDisable
                0x00000000       0x14 .\CortexM0\ARM_GCC_541\Debug\test-driverLed.a(CyLib.o)
 .text.CyIntSetPending
                0x00000000       0x14 .\CortexM0\ARM_GCC_541\Debug\test-driverLed.a(CyLib.o)
 .text.CyIntClearPending
                0x00000000       0x14 .\CortexM0\ARM_GCC_541\Debug\test-driverLed.a(CyLib.o)
 .text.CySysClkWriteEcoDiv
                0x00000000       0x38 .\CortexM0\ARM_GCC_541\Debug\test-driverLed.a(CyLib.o)
 .text.CyIntSetSysVector
                0x00000000       0x20 .\CortexM0\ARM_GCC_541\Debug\test-driverLed.a(CyLib.o)
 .text.CyIntGetSysVector
                0x00000000       0x1c .\CortexM0\ARM_GCC_541\Debug\test-driverLed.a(CyLib.o)
 .text.CyIntGetVector
                0x00000000       0x20 .\CortexM0\ARM_GCC_541\Debug\test-driverLed.a(CyLib.o)
 .text.CyIntSetPriority
                0x00000000       0x4c .\CortexM0\ARM_GCC_541\Debug\test-driverLed.a(CyLib.o)
 .text.CyIntGetPriority
                0x00000000       0x2c .\CortexM0\ARM_GCC_541\Debug\test-driverLed.a(CyLib.o)
 .text.CySoftwareReset
                0x00000000       0x18 .\CortexM0\ARM_GCC_541\Debug\test-driverLed.a(CyLib.o)
 .text.CySysLvdEnable
                0x00000000       0x44 .\CortexM0\ARM_GCC_541\Debug\test-driverLed.a(CyLib.o)
 .text.CyDelayFreq
                0x00000000       0x4c .\CortexM0\ARM_GCC_541\Debug\test-driverLed.a(CyLib.o)
 .text.CySysTickStop
                0x00000000       0x10 .\CortexM0\ARM_GCC_541\Debug\test-driverLed.a(CyLib.o)
 .text.CySysTickEnableInterrupt
                0x00000000       0x10 .\CortexM0\ARM_GCC_541\Debug\test-driverLed.a(CyLib.o)
 .text.CySysTickEnable
                0x00000000       0x18 .\CortexM0\ARM_GCC_541\Debug\test-driverLed.a(CyLib.o)
 .text.CySysTickDisableInterrupt
                0x00000000       0x10 .\CortexM0\ARM_GCC_541\Debug\test-driverLed.a(CyLib.o)
 .text.CySysTickSetReload
                0x00000000       0x10 .\CortexM0\ARM_GCC_541\Debug\test-driverLed.a(CyLib.o)
 .text.CySysTickGetReload
                0x00000000       0x10 .\CortexM0\ARM_GCC_541\Debug\test-driverLed.a(CyLib.o)
 .text.CySysTickGetValue
                0x00000000       0x10 .\CortexM0\ARM_GCC_541\Debug\test-driverLed.a(CyLib.o)
 .text.CySysTickSetClockSource
                0x00000000       0x20 .\CortexM0\ARM_GCC_541\Debug\test-driverLed.a(CyLib.o)
 .text.CySysTickGetClockSource
                0x00000000       0x10 .\CortexM0\ARM_GCC_541\Debug\test-driverLed.a(CyLib.o)
 .text.CySysTickGetCountFlag
                0x00000000       0x10 .\CortexM0\ARM_GCC_541\Debug\test-driverLed.a(CyLib.o)
 .text.CySysTickServiceCallbacks
                0x00000000       0x28 .\CortexM0\ARM_GCC_541\Debug\test-driverLed.a(CyLib.o)
 .text.CySysTickClear
                0x00000000        0xc .\CortexM0\ARM_GCC_541\Debug\test-driverLed.a(CyLib.o)
 .text.CySysTickInit
                0x00000000       0x44 .\CortexM0\ARM_GCC_541\Debug\test-driverLed.a(CyLib.o)
 .text.CySysTickStart
                0x00000000       0x20 .\CortexM0\ARM_GCC_541\Debug\test-driverLed.a(CyLib.o)
 .text.CySysTickSetCallback
                0x00000000       0x10 .\CortexM0\ARM_GCC_541\Debug\test-driverLed.a(CyLib.o)
 .text.CySysTickGetCallback
                0x00000000        0xc .\CortexM0\ARM_GCC_541\Debug\test-driverLed.a(CyLib.o)
 .text.CyGetUniqueId
                0x00000000       0x70 .\CortexM0\ARM_GCC_541\Debug\test-driverLed.a(CyLib.o)
 .text          0x00000000        0x0 .\CortexM0\ARM_GCC_541\Debug\test-driverLed.a(CyLFClk.o)
 .text.CySysClkIloEnabled
                0x00000000       0x14 .\CortexM0\ARM_GCC_541\Debug\test-driverLed.a(CyLFClk.o)
 .text.CySysClkGetLfclkSource
                0x00000000       0x10 .\CortexM0\ARM_GCC_541\Debug\test-driverLed.a(CyLFClk.o)
 .text.CySysClkIloStart
                0x00000000       0x14 .\CortexM0\ARM_GCC_541\Debug\test-driverLed.a(CyLFClk.o)
 .text.CySysClkIloStartMeasurement
                0x00000000       0x5c .\CortexM0\ARM_GCC_541\Debug\test-driverLed.a(CyLFClk.o)
 .text.CySysClkIloStopMeasurement
                0x00000000       0x14 .\CortexM0\ARM_GCC_541\Debug\test-driverLed.a(CyLFClk.o)
 .text.CySysClkIloCompensate
                0x00000000      0x104 .\CortexM0\ARM_GCC_541\Debug\test-driverLed.a(CyLFClk.o)
 .text.CySysClkIloUpdateTrimReg
                0x00000000       0xa8 .\CortexM0\ARM_GCC_541\Debug\test-driverLed.a(CyLFClk.o)
 .text.CySysClkIloTrim
                0x00000000       0xd8 .\CortexM0\ARM_GCC_541\Debug\test-driverLed.a(CyLFClk.o)
 .text.CySysClkIloRestoreFactoryTrim
                0x00000000       0x30 .\CortexM0\ARM_GCC_541\Debug\test-driverLed.a(CyLFClk.o)
 .text.CySysClkWcoEnabled
                0x00000000       0x14 .\CortexM0\ARM_GCC_541\Debug\test-driverLed.a(CyLFClk.o)
 .text.CySysClkWcoClockOutSelect
                0x00000000       0x2c .\CortexM0\ARM_GCC_541\Debug\test-driverLed.a(CyLFClk.o)
 .text.CySysWdtGetEnabledStatus
                0x00000000       0x24 .\CortexM0\ARM_GCC_541\Debug\test-driverLed.a(CyLFClk.o)
 .text.CySysWdtSetMode
                0x00000000       0x38 .\CortexM0\ARM_GCC_541\Debug\test-driverLed.a(CyLFClk.o)
 .text.CySysClkLfclkPosedgeRestore
                0x00000000       0x2c .\CortexM0\ARM_GCC_541\Debug\test-driverLed.a(CyLFClk.o)
 .text.CySysWdtGetMode
                0x00000000       0x14 .\CortexM0\ARM_GCC_541\Debug\test-driverLed.a(CyLFClk.o)
 .text.CySysWdtSetClearOnMatch
                0x00000000       0x34 .\CortexM0\ARM_GCC_541\Debug\test-driverLed.a(CyLFClk.o)
 .text.CySysWdtGetClearOnMatch
                0x00000000       0x24 .\CortexM0\ARM_GCC_541\Debug\test-driverLed.a(CyLFClk.o)
 .text.CySysWdtEnable
                0x00000000       0x3c .\CortexM0\ARM_GCC_541\Debug\test-driverLed.a(CyLFClk.o)
 .text.CySysWdtDisable
                0x00000000       0x44 .\CortexM0\ARM_GCC_541\Debug\test-driverLed.a(CyLFClk.o)
 .text.CySysWdtSetCascade
                0x00000000       0x34 .\CortexM0\ARM_GCC_541\Debug\test-driverLed.a(CyLFClk.o)
 .text.CySysWdtGetCascade
                0x00000000       0x14 .\CortexM0\ARM_GCC_541\Debug\test-driverLed.a(CyLFClk.o)
 .text.CySysWdtSetMatch
                0x00000000       0x54 .\CortexM0\ARM_GCC_541\Debug\test-driverLed.a(CyLFClk.o)
 .text.CySysWdtSetToggleBit
                0x00000000       0x30 .\CortexM0\ARM_GCC_541\Debug\test-driverLed.a(CyLFClk.o)
 .text.CySysWdtGetToggleBit
                0x00000000       0x10 .\CortexM0\ARM_GCC_541\Debug\test-driverLed.a(CyLFClk.o)
 .text.CySysWdtGetMatch
                0x00000000       0x20 .\CortexM0\ARM_GCC_541\Debug\test-driverLed.a(CyLFClk.o)
 .text.CySysWdtGetCount
                0x00000000       0x3c .\CortexM0\ARM_GCC_541\Debug\test-driverLed.a(CyLFClk.o)
 .text.CySysClkLfclkPosedgeCatch
                0x00000000       0x74 .\CortexM0\ARM_GCC_541\Debug\test-driverLed.a(CyLFClk.o)
 .text.CySysClkIloStop
                0x00000000       0x4c .\CortexM0\ARM_GCC_541\Debug\test-driverLed.a(CyLFClk.o)
 .text.CySysClkSetLfclkSource
                0x00000000       0x38 .\CortexM0\ARM_GCC_541\Debug\test-driverLed.a(CyLFClk.o)
 .text.CySysClkWcoStop
                0x00000000       0x48 .\CortexM0\ARM_GCC_541\Debug\test-driverLed.a(CyLFClk.o)
 .text.CySysWdtGetInterruptSource
                0x00000000       0x14 .\CortexM0\ARM_GCC_541\Debug\test-driverLed.a(CyLFClk.o)
 .text.CySysWdtResetCounters
                0x00000000       0x20 .\CortexM0\ARM_GCC_541\Debug\test-driverLed.a(CyLFClk.o)
 .text.CySysWdtSetInterruptCallback
                0x00000000       0x20 .\CortexM0\ARM_GCC_541\Debug\test-driverLed.a(CyLFClk.o)
 .text.CySysWdtGetInterruptCallback
                0x00000000       0x20 .\CortexM0\ARM_GCC_541\Debug\test-driverLed.a(CyLFClk.o)
 .text.CySysWdtEnableCounterIsr
                0x00000000       0x34 .\CortexM0\ARM_GCC_541\Debug\test-driverLed.a(CyLFClk.o)
 .text.CySysWdtDisableCounterIsr
                0x00000000       0x28 .\CortexM0\ARM_GCC_541\Debug\test-driverLed.a(CyLFClk.o)
 .text.CySysWatchdogFeed
                0x00000000       0x60 .\CortexM0\ARM_GCC_541\Debug\test-driverLed.a(CyLFClk.o)
 .text.CySysTimerDelayUntilMatch
                0x00000000       0x6c .\CortexM0\ARM_GCC_541\Debug\test-driverLed.a(CyLFClk.o)
 .text.CySysTimerDelay
                0x00000000       0x3c .\CortexM0\ARM_GCC_541\Debug\test-driverLed.a(CyLFClk.o)
 .rodata        0x00000000        0xc .\CortexM0\ARM_GCC_541\Debug\test-driverLed.a(CyLFClk.o)
 .text          0x00000000        0x0 .\CortexM0\ARM_GCC_541\Debug\test-driverLed.a(LE.o)
 .data          0x00000000        0x0 .\CortexM0\ARM_GCC_541\Debug\test-driverLed.a(LE.o)
 .bss           0x00000000        0x0 .\CortexM0\ARM_GCC_541\Debug\test-driverLed.a(LE.o)
 .text.LE_SetDriveMode
                0x00000000       0x18 .\CortexM0\ARM_GCC_541\Debug\test-driverLed.a(LE.o)
 .text.LE_Read  0x00000000       0x10 .\CortexM0\ARM_GCC_541\Debug\test-driverLed.a(LE.o)
 .text.LE_ReadDataReg
                0x00000000       0x10 .\CortexM0\ARM_GCC_541\Debug\test-driverLed.a(LE.o)
 .text.LE_SetInterruptMode
                0x00000000       0x14 .\CortexM0\ARM_GCC_541\Debug\test-driverLed.a(LE.o)
 .text.LE_ClearInterrupt
                0x00000000       0x14 .\CortexM0\ARM_GCC_541\Debug\test-driverLed.a(LE.o)
 .text          0x00000000        0x0 .\CortexM0\ARM_GCC_541\Debug\test-driverLed.a(Clock_1.o)
 .data          0x00000000        0x0 .\CortexM0\ARM_GCC_541\Debug\test-driverLed.a(Clock_1.o)
 .bss           0x00000000        0x0 .\CortexM0\ARM_GCC_541\Debug\test-driverLed.a(Clock_1.o)
 .text.Clock_1_Stop
                0x00000000       0x18 .\CortexM0\ARM_GCC_541\Debug\test-driverLed.a(Clock_1.o)
 .text.Clock_1_SetFractionalDividerRegister
                0x00000000       0x20 .\CortexM0\ARM_GCC_541\Debug\test-driverLed.a(Clock_1.o)
 .text.Clock_1_GetDividerRegister
                0x00000000       0x10 .\CortexM0\ARM_GCC_541\Debug\test-driverLed.a(Clock_1.o)
 .text.Clock_1_GetFractionalDividerRegister
                0x00000000        0x4 .\CortexM0\ARM_GCC_541\Debug\test-driverLed.a(Clock_1.o)
 .data          0x00000000        0x0 .\CortexM0\ARM_GCC_541\Debug\test-driverLed.a(CyBootAsmGnu.o)
 .bss           0x00000000        0x0 .\CortexM0\ARM_GCC_541\Debug\test-driverLed.a(CyBootAsmGnu.o)
 .text          0x00000000      0x114 c:/program files (x86)/cypress/psoc creator/4.2/psoc creator/import/gnu/arm/5.4.1/bin/../lib/gcc/arm-none-eabi/5.4.1/armv6-m\libgcc.a(_udivsi3.o)
 .data          0x00000000        0x0 c:/program files (x86)/cypress/psoc creator/4.2/psoc creator/import/gnu/arm/5.4.1/bin/../lib/gcc/arm-none-eabi/5.4.1/armv6-m\libgcc.a(_udivsi3.o)
 .bss           0x00000000        0x0 c:/program files (x86)/cypress/psoc creator/4.2/psoc creator/import/gnu/arm/5.4.1/bin/../lib/gcc/arm-none-eabi/5.4.1/armv6-m\libgcc.a(_udivsi3.o)
 .text          0x00000000      0x1d4 c:/program files (x86)/cypress/psoc creator/4.2/psoc creator/import/gnu/arm/5.4.1/bin/../lib/gcc/arm-none-eabi/5.4.1/armv6-m\libgcc.a(_divsi3.o)
 .data          0x00000000        0x0 c:/program files (x86)/cypress/psoc creator/4.2/psoc creator/import/gnu/arm/5.4.1/bin/../lib/gcc/arm-none-eabi/5.4.1/armv6-m\libgcc.a(_divsi3.o)
 .bss           0x00000000        0x0 c:/program files (x86)/cypress/psoc creator/4.2/psoc creator/import/gnu/arm/5.4.1/bin/../lib/gcc/arm-none-eabi/5.4.1/armv6-m\libgcc.a(_divsi3.o)
 .text          0x00000000        0x4 c:/program files (x86)/cypress/psoc creator/4.2/psoc creator/import/gnu/arm/5.4.1/bin/../lib/gcc/arm-none-eabi/5.4.1/armv6-m\libgcc.a(_dvmd_tls.o)
 .data          0x00000000        0x0 c:/program files (x86)/cypress/psoc creator/4.2/psoc creator/import/gnu/arm/5.4.1/bin/../lib/gcc/arm-none-eabi/5.4.1/armv6-m\libgcc.a(_dvmd_tls.o)
 .bss           0x00000000        0x0 c:/program files (x86)/cypress/psoc creator/4.2/psoc creator/import/gnu/arm/5.4.1/bin/../lib/gcc/arm-none-eabi/5.4.1/armv6-m\libgcc.a(_dvmd_tls.o)
 .text          0x00000000        0x0 c:/program files (x86)/cypress/psoc creator/4.2/psoc creator/import/gnu/arm/5.4.1/bin/../lib/gcc/arm-none-eabi/5.4.1/../../../../arm-none-eabi/lib/armv6-m\libg_nano.a(lib_a-errno.o)
 .data          0x00000000        0x0 c:/program files (x86)/cypress/psoc creator/4.2/psoc creator/import/gnu/arm/5.4.1/bin/../lib/gcc/arm-none-eabi/5.4.1/../../../../arm-none-eabi/lib/armv6-m\libg_nano.a(lib_a-errno.o)
 .bss           0x00000000        0x0 c:/program files (x86)/cypress/psoc creator/4.2/psoc creator/import/gnu/arm/5.4.1/bin/../lib/gcc/arm-none-eabi/5.4.1/../../../../arm-none-eabi/lib/armv6-m\libg_nano.a(lib_a-errno.o)
 .text          0x00000000        0x0 c:/program files (x86)/cypress/psoc creator/4.2/psoc creator/import/gnu/arm/5.4.1/bin/../lib/gcc/arm-none-eabi/5.4.1/../../../../arm-none-eabi/lib/armv6-m\libg_nano.a(lib_a-exit.o)
 .data          0x00000000        0x0 c:/program files (x86)/cypress/psoc creator/4.2/psoc creator/import/gnu/arm/5.4.1/bin/../lib/gcc/arm-none-eabi/5.4.1/../../../../arm-none-eabi/lib/armv6-m\libg_nano.a(lib_a-exit.o)
 .bss           0x00000000        0x0 c:/program files (x86)/cypress/psoc creator/4.2/psoc creator/import/gnu/arm/5.4.1/bin/../lib/gcc/arm-none-eabi/5.4.1/../../../../arm-none-eabi/lib/armv6-m\libg_nano.a(lib_a-exit.o)
 .text.exit     0x00000000       0x2c c:/program files (x86)/cypress/psoc creator/4.2/psoc creator/import/gnu/arm/5.4.1/bin/../lib/gcc/arm-none-eabi/5.4.1/../../../../arm-none-eabi/lib/armv6-m\libg_nano.a(lib_a-exit.o)
 .text          0x00000000        0x0 c:/program files (x86)/cypress/psoc creator/4.2/psoc creator/import/gnu/arm/5.4.1/bin/../lib/gcc/arm-none-eabi/5.4.1/../../../../arm-none-eabi/lib/armv6-m\libg_nano.a(lib_a-impure.o)
 .data          0x00000000        0x0 c:/program files (x86)/cypress/psoc creator/4.2/psoc creator/import/gnu/arm/5.4.1/bin/../lib/gcc/arm-none-eabi/5.4.1/../../../../arm-none-eabi/lib/armv6-m\libg_nano.a(lib_a-impure.o)
 .bss           0x00000000        0x0 c:/program files (x86)/cypress/psoc creator/4.2/psoc creator/import/gnu/arm/5.4.1/bin/../lib/gcc/arm-none-eabi/5.4.1/../../../../arm-none-eabi/lib/armv6-m\libg_nano.a(lib_a-impure.o)
 .rodata._global_impure_ptr
                0x00000000        0x4 c:/program files (x86)/cypress/psoc creator/4.2/psoc creator/import/gnu/arm/5.4.1/bin/../lib/gcc/arm-none-eabi/5.4.1/../../../../arm-none-eabi/lib/armv6-m\libg_nano.a(lib_a-impure.o)
 .text          0x00000000        0x0 c:/program files (x86)/cypress/psoc creator/4.2/psoc creator/import/gnu/arm/5.4.1/bin/../lib/gcc/arm-none-eabi/5.4.1/../../../../arm-none-eabi/lib/armv6-m\libg_nano.a(lib_a-init.o)
 .data          0x00000000        0x0 c:/program files (x86)/cypress/psoc creator/4.2/psoc creator/import/gnu/arm/5.4.1/bin/../lib/gcc/arm-none-eabi/5.4.1/../../../../arm-none-eabi/lib/armv6-m\libg_nano.a(lib_a-init.o)
 .bss           0x00000000        0x0 c:/program files (x86)/cypress/psoc creator/4.2/psoc creator/import/gnu/arm/5.4.1/bin/../lib/gcc/arm-none-eabi/5.4.1/../../../../arm-none-eabi/lib/armv6-m\libg_nano.a(lib_a-init.o)
 .text          0x00000000        0x0 c:/program files (x86)/cypress/psoc creator/4.2/psoc creator/import/gnu/arm/5.4.1/bin/../lib/gcc/arm-none-eabi/5.4.1/../../../../arm-none-eabi/lib/armv6-m\libg_nano.a(lib_a-memset.o)
 .data          0x00000000        0x0 c:/program files (x86)/cypress/psoc creator/4.2/psoc creator/import/gnu/arm/5.4.1/bin/../lib/gcc/arm-none-eabi/5.4.1/../../../../arm-none-eabi/lib/armv6-m\libg_nano.a(lib_a-memset.o)
 .bss           0x00000000        0x0 c:/program files (x86)/cypress/psoc creator/4.2/psoc creator/import/gnu/arm/5.4.1/bin/../lib/gcc/arm-none-eabi/5.4.1/../../../../arm-none-eabi/lib/armv6-m\libg_nano.a(lib_a-memset.o)
 .text          0x00000000        0x0 c:/program files (x86)/cypress/psoc creator/4.2/psoc creator/import/gnu/arm/5.4.1/bin/../lib/gcc/arm-none-eabi/5.4.1/armv6-m/crtend.o
 .data          0x00000000        0x0 c:/program files (x86)/cypress/psoc creator/4.2/psoc creator/import/gnu/arm/5.4.1/bin/../lib/gcc/arm-none-eabi/5.4.1/armv6-m/crtend.o
 .bss           0x00000000        0x0 c:/program files (x86)/cypress/psoc creator/4.2/psoc creator/import/gnu/arm/5.4.1/bin/../lib/gcc/arm-none-eabi/5.4.1/armv6-m/crtend.o
 .text          0x00000000        0x0 c:/program files (x86)/cypress/psoc creator/4.2/psoc creator/import/gnu/arm/5.4.1/bin/../lib/gcc/arm-none-eabi/5.4.1/armv6-m/crtn.o
 .data          0x00000000        0x0 c:/program files (x86)/cypress/psoc creator/4.2/psoc creator/import/gnu/arm/5.4.1/bin/../lib/gcc/arm-none-eabi/5.4.1/armv6-m/crtn.o
 .bss           0x00000000        0x0 c:/program files (x86)/cypress/psoc creator/4.2/psoc creator/import/gnu/arm/5.4.1/bin/../lib/gcc/arm-none-eabi/5.4.1/armv6-m/crtn.o

Memory Configuration

Name             Origin             Length             Attributes
rom              0x00000000         0x00020000         xr
ram              0x20000000         0x00004000         xrw
*default*        0x00000000         0xffffffff

Linker script and memory map

LOAD c:/program files (x86)/cypress/psoc creator/4.2/psoc creator/import/gnu/arm/5.4.1/bin/../lib/gcc/arm-none-eabi/5.4.1/armv6-m/crti.o
LOAD c:/program files (x86)/cypress/psoc creator/4.2/psoc creator/import/gnu/arm/5.4.1/bin/../lib/gcc/arm-none-eabi/5.4.1/armv6-m/crtbegin.o
LOAD c:/program files (x86)/cypress/psoc creator/4.2/psoc creator/import/gnu/arm/5.4.1/bin/../lib/gcc/arm-none-eabi/5.4.1/../../../../arm-none-eabi/lib/armv6-m/crt0.o
START GROUP
LOAD .\CortexM0\ARM_GCC_541\Debug\main.o
LOAD .\CortexM0\ARM_GCC_541\Debug\cyfitter_cfg.o
LOAD .\CortexM0\ARM_GCC_541\Debug\cymetadata.o
LOAD .\CortexM0\ARM_GCC_541\Debug\Cm0Start.o
LOAD .\CortexM0\ARM_GCC_541\Debug\test-driverLed.a
END GROUP
START GROUP
LOAD c:/program files (x86)/cypress/psoc creator/4.2/psoc creator/import/gnu/arm/5.4.1/bin/../lib/gcc/arm-none-eabi/5.4.1/armv6-m\libgcc.a
LOAD c:/program files (x86)/cypress/psoc creator/4.2/psoc creator/import/gnu/arm/5.4.1/bin/../lib/gcc/arm-none-eabi/5.4.1/../../../../arm-none-eabi/lib/armv6-m\libg_nano.a
LOAD c:/program files (x86)/cypress/psoc creator/4.2/psoc creator/import/gnu/arm/5.4.1/bin/../lib/gcc/arm-none-eabi/5.4.1/../../../../arm-none-eabi/lib/armv6-m\libc_nano.a
END GROUP
START GROUP
LOAD c:/program files (x86)/cypress/psoc creator/4.2/psoc creator/import/gnu/arm/5.4.1/bin/../lib/gcc/arm-none-eabi/5.4.1/armv6-m\libgcc.a
LOAD c:/program files (x86)/cypress/psoc creator/4.2/psoc creator/import/gnu/arm/5.4.1/bin/../lib/gcc/arm-none-eabi/5.4.1/../../../../arm-none-eabi/lib/armv6-m\libc_nano.a
END GROUP
LOAD c:/program files (x86)/cypress/psoc creator/4.2/psoc creator/import/gnu/arm/5.4.1/bin/../lib/gcc/arm-none-eabi/5.4.1/armv6-m/crtend.o
LOAD c:/program files (x86)/cypress/psoc creator/4.2/psoc creator/import/gnu/arm/5.4.1/bin/../lib/gcc/arm-none-eabi/5.4.1/armv6-m/crtn.o
START GROUP
LOAD c:/program files (x86)/cypress/psoc creator/4.2/psoc creator/import/gnu/arm/5.4.1/bin/../lib/gcc/arm-none-eabi/5.4.1/armv6-m\libgcc.a
LOAD c:/program files (x86)/cypress/psoc creator/4.2/psoc creator/import/gnu/arm/5.4.1/bin/../lib/gcc/arm-none-eabi/5.4.1/../../../../arm-none-eabi/lib/armv6-m\libc.a
LOAD c:/program files (x86)/cypress/psoc creator/4.2/psoc creator/import/gnu/arm/5.4.1/bin/../lib/gcc/arm-none-eabi/5.4.1/../../../../arm-none-eabi/lib/armv6-m\libnosys.a
END GROUP
                0x00000000                CY_APPL_ORIGIN = 0x0
                0x00000080                CY_FLASH_ROW_SIZE = 0x80
                0x00000001                CY_APPL_NUM = 0x1
                0x00000001                CY_APPL_MAX = 0x1
                0x00000040                CY_METADATA_SIZE = 0x40
                0x00000000                CY_APPL_LOADABLE = 0x0
                0x00000000                CY_CHECKSUM_EXCLUDE_SIZE = ALIGN (0x0, CY_FLASH_ROW_SIZE)
                0x00000000                CY_APP_FOR_STACK_AND_COPIER = 0x0
                [!provide]                PROVIDE (__cy_heap_start, _end)
                0x00000001                PROVIDE (__cy_region_num, ((__cy_regions_end - __cy_regions) / 0x10))
                0x20004000                PROVIDE (__cy_stack, (ORIGIN (ram) + LENGTH (ram)))
                [!provide]                PROVIDE (__cy_heap_end, (__cy_stack - 0x800))

.cybootloader   0x00000000        0x0
 *(.cybootloader)
                0x00000000                appl1_start = CY_APPL_ORIGIN?CY_APPL_ORIGIN:ALIGN (CY_FLASH_ROW_SIZE)
                0x0000ff80                appl2_start = (appl1_start + ALIGN ((((LENGTH (rom) - appl1_start) - (0x2 * CY_FLASH_ROW_SIZE)) / 0x2), CY_FLASH_ROW_SIZE))
                0x00000000                appl_start = (CY_APPL_NUM == 0x1)?appl1_start:appl2_start
                0x00000001                cy_project_type_bootloader = (appl_start == 0x0)?0x1:0x0
                0x00000000                cy_project_type_app_for_stack_and_copier = (CY_APP_FOR_STACK_AND_COPIER == 0x1)?0x1:0x0

.text           0x00000000      0x848
 CREATE_OBJECT_SYMBOLS
                0x00000000                PROVIDE (__cy_interrupt_vector, RomVectors)
 *(.romvectors)
 .romvectors    0x00000000       0x10 .\CortexM0\ARM_GCC_541\Debug\Cm0Start.o
                0x00000000                RomVectors
                0x00000001                ASSERT ((. != __cy_interrupt_vector), No interrupt vector)
                0x00000001                ASSERT (CY_APPL_ORIGIN?(SIZEOF (.cybootloader) <= CY_APPL_ORIGIN):0x1, Wrong image location)
                0x00000010                PROVIDE (__cy_reset, Reset)
 *(.text.Reset)
 .text.Reset    0x00000010        0x8 .\CortexM0\ARM_GCC_541\Debug\Cm0Start.o
                0x00000010                Reset
                0x00000001                ASSERT ((. != __cy_reset), No reset code)
 *(.psocinit)
 .psocinit      0x00000018      0x180 .\CortexM0\ARM_GCC_541\Debug\cyfitter_cfg.o
                0x000000f0                cyfitter_cfg
                0x00000198                . = MAX (., 0x100)
 *(.text .text.* .gnu.linkonce.t.*)
 .text          0x00000198       0x60 c:/program files (x86)/cypress/psoc creator/4.2/psoc creator/import/gnu/arm/5.4.1/bin/../lib/gcc/arm-none-eabi/5.4.1/armv6-m/crtbegin.o
 .text.writeChar
                0x000001f8       0x14 .\CortexM0\ARM_GCC_541\Debug\main.o
                0x000001f8                writeChar
 .text.main     0x0000020c       0x30 .\CortexM0\ARM_GCC_541\Debug\main.o
                0x0000020c                main
 .text.AnalogSetDefault
                0x0000023c       0x20 .\CortexM0\ARM_GCC_541\Debug\cyfitter_cfg.o
 .text.CYMEMZERO
                0x0000025c        0xc .\CortexM0\ARM_GCC_541\Debug\cyfitter_cfg.o
 .text.IntDefaultHandler
                0x00000268       0x10 .\CortexM0\ARM_GCC_541\Debug\Cm0Start.o
                0x00000268                IntDefaultHandler
 .text.Start_c  0x00000278       0x48 .\CortexM0\ARM_GCC_541\Debug\Cm0Start.o
                0x00000278                Start_c
 .text.initialize_psoc
                0x000002c0       0x4c .\CortexM0\ARM_GCC_541\Debug\Cm0Start.o
                0x000002c0                initialize_psoc
 .text.SPI_1_ScbModePostEnable
                0x0000030c        0x8 .\CortexM0\ARM_GCC_541\Debug\test-driverLed.a(SPI_1.o)
 .text.SPI_1_Init
                0x00000314        0x8 .\CortexM0\ARM_GCC_541\Debug\test-driverLed.a(SPI_1.o)
                0x00000314                SPI_1_Init
 .text.SPI_1_Enable
                0x0000031c       0x18 .\CortexM0\ARM_GCC_541\Debug\test-driverLed.a(SPI_1.o)
                0x0000031c                SPI_1_Enable
 .text.SPI_1_Start
                0x00000334       0x20 .\CortexM0\ARM_GCC_541\Debug\test-driverLed.a(SPI_1.o)
                0x00000334                SPI_1_Start
 .text.SPI_1_SpiUartWriteTxData
                0x00000354       0x1c .\CortexM0\ARM_GCC_541\Debug\test-driverLed.a(SPI_1_SPI_UART.o)
                0x00000354                SPI_1_SpiUartWriteTxData
 .text.SPI_1_SpiPostEnable
                0x00000370       0x14 .\CortexM0\ARM_GCC_541\Debug\test-driverLed.a(SPI_1_SPI.o)
                0x00000370                SPI_1_SpiPostEnable
 .text.SPI_1_SpiSetActiveSlaveSelect
                0x00000384       0x20 .\CortexM0\ARM_GCC_541\Debug\test-driverLed.a(SPI_1_SPI.o)
                0x00000384                SPI_1_SpiSetActiveSlaveSelect
 .text.SPI_1_SpiInit
                0x000003a4       0x8c .\CortexM0\ARM_GCC_541\Debug\test-driverLed.a(SPI_1_SPI.o)
                0x000003a4                SPI_1_SpiInit
 .text.CySysClkWriteImoFreq
                0x00000430       0x64 .\CortexM0\ARM_GCC_541\Debug\test-driverLed.a(CyLib.o)
                0x00000430                CySysClkWriteImoFreq
 .text.CySysClkEcoReadStatus
                0x00000494       0x10 .\CortexM0\ARM_GCC_541\Debug\test-driverLed.a(CyLib.o)
                0x00000494                CySysClkEcoReadStatus
 .text.CyIntEnable
                0x000004a4       0x14 .\CortexM0\ARM_GCC_541\Debug\test-driverLed.a(CyLib.o)
                0x000004a4                CyIntEnable
 .text.CyHalt   0x000004b8        0x4 .\CortexM0\ARM_GCC_541\Debug\test-driverLed.a(CyLib.o)
                0x000004b8                CyHalt
 .text.CyIntSetVector
                0x000004bc       0x24 .\CortexM0\ARM_GCC_541\Debug\test-driverLed.a(CyLib.o)
                0x000004bc                CyIntSetVector
 .text.CyDelay  0x000004e0       0x30 .\CortexM0\ARM_GCC_541\Debug\test-driverLed.a(CyLib.o)
                0x000004e0                CyDelay
 .text.CyDelayUs
                0x00000510       0x14 .\CortexM0\ARM_GCC_541\Debug\test-driverLed.a(CyLib.o)
                0x00000510                CyDelayUs
 .text.CySysClkEcoStart
                0x00000524       0x54 .\CortexM0\ARM_GCC_541\Debug\test-driverLed.a(CyLib.o)
                0x00000524                CySysClkEcoStart
 .text.CySysWdtLocked
                0x00000578       0x14 .\CortexM0\ARM_GCC_541\Debug\test-driverLed.a(CyLFClk.o)
 .text.CySysClkWcoStart
                0x0000058c       0x40 .\CortexM0\ARM_GCC_541\Debug\test-driverLed.a(CyLFClk.o)
                0x0000058c                CySysClkWcoStart
 .text.CySysClkWcoSetPowerMode
                0x000005cc       0x80 .\CortexM0\ARM_GCC_541\Debug\test-driverLed.a(CyLFClk.o)
                0x000005cc                CySysClkWcoSetPowerMode
 .text.CySysWdtLock
                0x0000064c       0x1c .\CortexM0\ARM_GCC_541\Debug\test-driverLed.a(CyLFClk.o)
                0x0000064c                CySysWdtLock
 .text.CySysWdtUnlock
                0x00000668       0x30 .\CortexM0\ARM_GCC_541\Debug\test-driverLed.a(CyLFClk.o)
                0x00000668                CySysWdtUnlock
 .text.CySysWdtClearInterrupt
                0x00000698       0x4c .\CortexM0\ARM_GCC_541\Debug\test-driverLed.a(CyLFClk.o)
                0x00000698                CySysWdtClearInterrupt
 .text.CySysWdtIsr
                0x000006e4       0xa4 .\CortexM0\ARM_GCC_541\Debug\test-driverLed.a(CyLFClk.o)
                0x000006e4                CySysWdtIsr
 .text.LE_Write
                0x00000788       0x18 .\CortexM0\ARM_GCC_541\Debug\test-driverLed.a(LE.o)
                0x00000788                LE_Write
 .text.Clock_1_StartEx
                0x000007a0       0x1c .\CortexM0\ARM_GCC_541\Debug\test-driverLed.a(Clock_1.o)
                0x000007a0                Clock_1_StartEx
 *fill*         0x000007bc        0x4 
 .text          0x000007c0       0x20 .\CortexM0\ARM_GCC_541\Debug\test-driverLed.a(CyBootAsmGnu.o)
                0x000007c0                CyDelayCycles
                0x000007d2                CyEnterCriticalSection
                0x000007da                CyExitCriticalSection
 .text.__errno  0x000007e0        0xc c:/program files (x86)/cypress/psoc creator/4.2/psoc creator/import/gnu/arm/5.4.1/bin/../lib/gcc/arm-none-eabi/5.4.1/../../../../arm-none-eabi/lib/armv6-m\libg_nano.a(lib_a-errno.o)
                0x000007e0                __errno
 .text.__libc_init_array
                0x000007ec       0x4c c:/program files (x86)/cypress/psoc creator/4.2/psoc creator/import/gnu/arm/5.4.1/bin/../lib/gcc/arm-none-eabi/5.4.1/../../../../arm-none-eabi/lib/armv6-m\libg_nano.a(lib_a-init.o)
                0x000007ec                __libc_init_array
 .text.memset   0x00000838       0x10 c:/program files (x86)/cypress/psoc creator/4.2/psoc creator/import/gnu/arm/5.4.1/bin/../lib/gcc/arm-none-eabi/5.4.1/../../../../arm-none-eabi/lib/armv6-m\libg_nano.a(lib_a-memset.o)
                0x00000838                memset
 *(.plt)
 *(.gnu.warning)
 *(.glue_7t)
 .glue_7t       0x00000848        0x0 linker stubs
 *(.glue_7)
 .glue_7        0x00000848        0x0 linker stubs
 *(.vfp11_veneer)
 .vfp11_veneer  0x00000848        0x0 linker stubs
 *(.bootloader)
 *(.ARM.extab* .gnu.linkonce.armextab.*)
 *(.gcc_except_table)

.v4_bx          0x00000848        0x0
 .v4_bx         0x00000848        0x0 linker stubs

.iplt           0x00000848        0x0
 .iplt          0x00000848        0x0 c:/program files (x86)/cypress/psoc creator/4.2/psoc creator/import/gnu/arm/5.4.1/bin/../lib/gcc/arm-none-eabi/5.4.1/armv6-m/crtbegin.o

.eh_frame_hdr
 *(.eh_frame_hdr)

.eh_frame       0x00000848        0x4
 *(.eh_frame)
 .eh_frame      0x00000848        0x0 c:/program files (x86)/cypress/psoc creator/4.2/psoc creator/import/gnu/arm/5.4.1/bin/../lib/gcc/arm-none-eabi/5.4.1/armv6-m/crtbegin.o
 .eh_frame      0x00000848        0x4 c:/program files (x86)/cypress/psoc creator/4.2/psoc creator/import/gnu/arm/5.4.1/bin/../lib/gcc/arm-none-eabi/5.4.1/armv6-m/crtend.o
                [!provide]                PROVIDE (__exidx_start, .)

.ARM.exidx
 *(.ARM.exidx* .gnu.linkonce.armexidx.*)
                0x0000084c                __exidx_end = .

.rodata         0x0000084c       0xdc
 *(.rodata .rodata.* .gnu.linkonce.r.*)
 .rodata        0x0000084c       0x66 .\CortexM0\ARM_GCC_541\Debug\main.o
                0x0000084c                ALPHANUMR_CHAR_TABLE
 *fill*         0x000008b2        0x2 
 .rodata        0x000008b4        0xc .\CortexM0\ARM_GCC_541\Debug\cyfitter_cfg.o
 .rodata        0x000008c0       0x2e .\CortexM0\ARM_GCC_541\Debug\test-driverLed.a(CyLib.o)
                0x000008c0                cyImoFreqMhz2Reg
 .rodata.str1.1
                0x000008ee        0x2 c:/program files (x86)/cypress/psoc creator/4.2/psoc creator/import/gnu/arm/5.4.1/bin/../lib/gcc/arm-none-eabi/5.4.1/../../../../arm-none-eabi/lib/armv6-m\libg_nano.a(lib_a-impure.o)
                0x000008f0                . = ALIGN (0x4)
 *(.init)
 .init          0x000008f0        0x4 c:/program files (x86)/cypress/psoc creator/4.2/psoc creator/import/gnu/arm/5.4.1/bin/../lib/gcc/arm-none-eabi/5.4.1/armv6-m/crti.o
                0x000008f0                _init
 .init          0x000008f4        0x8 c:/program files (x86)/cypress/psoc creator/4.2/psoc creator/import/gnu/arm/5.4.1/bin/../lib/gcc/arm-none-eabi/5.4.1/armv6-m/crtn.o
                0x000008fc                . = ALIGN (0x4)
                0x000008fc                __preinit_array_start = .
 *(.preinit_array)
                0x000008fc                __preinit_array_end = .
                0x000008fc                . = ALIGN (0x4)
                0x000008fc                __init_array_start = .
 *(SORT(.init_array.*))
 *(.init_array)
 .init_array    0x000008fc        0x4 c:/program files (x86)/cypress/psoc creator/4.2/psoc creator/import/gnu/arm/5.4.1/bin/../lib/gcc/arm-none-eabi/5.4.1/armv6-m/crtbegin.o
 .init_array    0x00000900        0x4 .\CortexM0\ARM_GCC_541\Debug\Cm0Start.o
                0x00000904                __init_array_end = .
                0x00000904                . = ALIGN (0x4)
 *(.fini)
 .fini          0x00000904        0x4 c:/program files (x86)/cypress/psoc creator/4.2/psoc creator/import/gnu/arm/5.4.1/bin/../lib/gcc/arm-none-eabi/5.4.1/armv6-m/crti.o
                0x00000904                _fini
 .fini          0x00000908        0x8 c:/program files (x86)/cypress/psoc creator/4.2/psoc creator/import/gnu/arm/5.4.1/bin/../lib/gcc/arm-none-eabi/5.4.1/armv6-m/crtn.o
                0x00000910                . = ALIGN (0x4)
                0x00000910                __fini_array_start = .
 *(.fini_array)
 .fini_array    0x00000910        0x4 c:/program files (x86)/cypress/psoc creator/4.2/psoc creator/import/gnu/arm/5.4.1/bin/../lib/gcc/arm-none-eabi/5.4.1/armv6-m/crtbegin.o
 *(SORT(.fini_array.*))
                0x00000914                __fini_array_end = .
                0x00000914                . = ALIGN (0x4)
 *crtbegin.o(.ctors)
 *(EXCLUDE_FILE(*crtend.o) .ctors)
 *(SORT(.ctors.*))
 *crtend.o(.ctors)
                0x00000914                . = ALIGN (0x4)
 *crtbegin.o(.dtors)
 *(EXCLUDE_FILE(*crtend.o) .dtors)
 *(SORT(.dtors.*))
 *crtend.o(.dtors)
                0x00000914                . = ALIGN (0x4)
                0x00000914                __cy_regions = .
                0x00000914        0x4 LONG 0x928 __cy_region_init_ram
                0x00000918        0x4 LONG 0x200000c0 __cy_region_start_data
                0x0000091c        0x4 LONG 0x88 __cy_region_init_size_ram
                0x00000920        0x4 LONG 0x48 __cy_region_zero_size_ram
                0x00000924                __cy_regions_end = .
                0x00000928                . = ALIGN (0x8)
 *fill*         0x00000924        0x4 
                0x00000928                _etext = .

.cy_checksum_exclude
                0x00000928        0x0
 *(.cy_checksum_exclude)

.ramvectors     0x20000000       0xc0
                0x20000000                __cy_region_start_ram = .
 *(.ramvectors)
 .ramvectors    0x20000000       0xc0 .\CortexM0\ARM_GCC_541\Debug\Cm0Start.o
                0x20000000                CyRamVectors

.noinit
 *(.noinit)

.data           0x200000c0       0x88 load address 0x00000928
                0x200000c0                __cy_region_start_data = .
 *(.jcr)
 .jcr           0x200000c0        0x0 c:/program files (x86)/cypress/psoc creator/4.2/psoc creator/import/gnu/arm/5.4.1/bin/../lib/gcc/arm-none-eabi/5.4.1/armv6-m/crtbegin.o
 .jcr           0x200000c0        0x4 c:/program files (x86)/cypress/psoc creator/4.2/psoc creator/import/gnu/arm/5.4.1/bin/../lib/gcc/arm-none-eabi/5.4.1/armv6-m/crtend.o
 *(.got.plt)
 *(.got)
 *(.shdata)
 *(.data .data.* .gnu.linkonce.d.*)
 .data          0x200000c4       0x14 .\CortexM0\ARM_GCC_541\Debug\test-driverLed.a(CyLib.o)
                0x200000c4                CySysClkPumpConfig
                0x200000c8                cydelay32kMs
                0x200000cc                cydelayFreqKhz
                0x200000d0                cydelayFreqMhz
                0x200000d4                cydelayFreqHz
 .data          0x200000d8        0x8 .\CortexM0\ARM_GCC_541\Debug\test-driverLed.a(CyLFClk.o)
 .data.impure_data
                0x200000e0       0x60 c:/program files (x86)/cypress/psoc creator/4.2/psoc creator/import/gnu/arm/5.4.1/bin/../lib/gcc/arm-none-eabi/5.4.1/../../../../arm-none-eabi/lib/armv6-m\libg_nano.a(lib_a-impure.o)
 .data._impure_ptr
                0x20000140        0x4 c:/program files (x86)/cypress/psoc creator/4.2/psoc creator/import/gnu/arm/5.4.1/bin/../lib/gcc/arm-none-eabi/5.4.1/../../../../arm-none-eabi/lib/armv6-m\libg_nano.a(lib_a-impure.o)
                0x20000140                _impure_ptr
                0x20000148                . = ALIGN (0x8)
 *fill*         0x20000144        0x4 
 *(.ram)
                0x20000148                _edata = .

.igot.plt       0x20000148        0x0 load address 0x000009b0
 .igot.plt      0x20000148        0x0 c:/program files (x86)/cypress/psoc creator/4.2/psoc creator/import/gnu/arm/5.4.1/bin/../lib/gcc/arm-none-eabi/5.4.1/armv6-m/crtbegin.o

.bss            0x20000148       0x48 load address 0x000009b0
                0x20000148                PROVIDE (__bss_start__, .)
 *(.shbss)
 *(.bss .bss.* .gnu.linkonce.b.*)
 .bss           0x20000148       0x1c c:/program files (x86)/cypress/psoc creator/4.2/psoc creator/import/gnu/arm/5.4.1/bin/../lib/gcc/arm-none-eabi/5.4.1/armv6-m/crtbegin.o
 .bss           0x20000164        0x4 .\CortexM0\ARM_GCC_541\Debug\test-driverLed.a(SPI_1.o)
                0x20000164                SPI_1_initVar
                0x20000166                SPI_1_IntrTxMask
 .bss           0x20000168       0x28 .\CortexM0\ARM_GCC_541\Debug\test-driverLed.a(CyLFClk.o)
 *(COMMON)
                0x20000190                . = ALIGN (0x8)
 *(.ram.b)
                0x20000190                _end = .
                0x20000190                __end = .
                0x20000190                PROVIDE (end, .)
                0x20000190                PROVIDE (__bss_end__, .)
                0x00000928                __cy_region_init_ram = LOADADDR (.data)
                0x00000088                __cy_region_init_size_ram = (_edata - ADDR (.data))
                0x00000048                __cy_region_zero_size_ram = (_end - _edata)

.heap           0x20000190       0x80 load address 0x000009b0
                0x20000190                . = _end
                0x20000210                . = (. + 0x80)
 *fill*         0x20000190       0x80 
                0x20000210                __cy_heap_limit = .

.stack          0x20003800      0x800
                0x20003800                __cy_stack_limit = .
                0x20004000                . = (. + 0x800)
 *fill*         0x20003800      0x800 
                0x00000001                ASSERT ((__cy_stack_limit >= __cy_heap_limit), region RAM overflowed with stack)
                0x00000000                cy_checksum_exclude_size = (CY_APPL_LOADABLE == 0x1)?SIZEOF (.cy_checksum_exclude):0x0
                0x00000001                ASSERT ((cy_checksum_exclude_size <= CY_CHECKSUM_EXCLUDE_SIZE), CY_BOOT: Section .cy_checksum_exclude size exceedes specified limit.)
                0x0001ffc0                cyloadermeta_start = (cy_project_type_bootloader || cy_project_type_app_for_stack_and_copier)?(LENGTH (rom) - CY_METADATA_SIZE):0xf0000000

.cyloadermeta
 *(.cyloadermeta)
                0x0001ffc0                cyloadablemeta_start = cy_project_type_app_for_stack_and_copier?((LENGTH (rom) - CY_FLASH_ROW_SIZE) - CY_METADATA_SIZE):((LENGTH (rom) - (CY_FLASH_ROW_SIZE * (CY_APPL_NUM - 0x1))) - CY_METADATA_SIZE)

.cyloadablemeta
 *(.cyloadablemeta)

.cyflashprotect
                0x90400000       0x80
 *(.cyflashprotect)
 .cyflashprotect
                0x90400000       0x80 .\CortexM0\ARM_GCC_541\Debug\cymetadata.o
                0x90400000                cy_meta_flashprotect

.cymeta         0x90500000        0xc
 *(.cymeta)
 .cymeta        0x90500000        0xc .\CortexM0\ARM_GCC_541\Debug\cymetadata.o
                0x90500000                cy_metadata

.cychipprotect  0x90600000        0x1
 *(.cychipprotect)
 .cychipprotect
                0x90600000        0x1 .\CortexM0\ARM_GCC_541\Debug\cymetadata.o
                0x90600000                cy_meta_chipprotect

.rel.dyn        0x000009b0        0x0 load address 0x90600004
 .rel.iplt      0x000009b0        0x0 c:/program files (x86)/cypress/psoc creator/4.2/psoc creator/import/gnu/arm/5.4.1/bin/../lib/gcc/arm-none-eabi/5.4.1/armv6-m/crtbegin.o

.stab
 *(.stab)

.stabstr
 *(.stabstr)

.debug
 *(.debug)

.line
 *(.line)

.debug_srcinfo
 *(.debug_srcinfo)

.debug_sfnames
 *(.debug_sfnames)

.debug_aranges  0x00000000      0x598
 *(.debug_aranges)
 .debug_aranges
                0x00000000       0x28 .\CortexM0\ARM_GCC_541\Debug\main.o
 .debug_aranges
                0x00000028       0x38 .\CortexM0\ARM_GCC_541\Debug\cyfitter_cfg.o
 .debug_aranges
                0x00000060       0x18 .\CortexM0\ARM_GCC_541\Debug\cymetadata.o
 .debug_aranges
                0x00000078       0x48 .\CortexM0\ARM_GCC_541\Debug\Cm0Start.o
 .debug_aranges
                0x000000c0       0x58 .\CortexM0\ARM_GCC_541\Debug\test-driverLed.a(SPI_1.o)
 .debug_aranges
                0x00000118       0x60 .\CortexM0\ARM_GCC_541\Debug\test-driverLed.a(SPI_1_SPI_UART.o)
 .debug_aranges
                0x00000178       0x40 .\CortexM0\ARM_GCC_541\Debug\test-driverLed.a(SPI_1_SPI.o)
 .debug_aranges
                0x000001b8      0x1b0 .\CortexM0\ARM_GCC_541\Debug\test-driverLed.a(CyLib.o)
 .debug_aranges
                0x00000368      0x188 .\CortexM0\ARM_GCC_541\Debug\test-driverLed.a(CyLFClk.o)
 .debug_aranges
                0x000004f0       0x48 .\CortexM0\ARM_GCC_541\Debug\test-driverLed.a(LE.o)
 .debug_aranges
                0x00000538       0x40 .\CortexM0\ARM_GCC_541\Debug\test-driverLed.a(Clock_1.o)
 .debug_aranges
                0x00000578       0x20 .\CortexM0\ARM_GCC_541\Debug\test-driverLed.a(CyBootAsmGnu.o)

.debug_pubnames
 *(.debug_pubnames)

.debug_info     0x00000000     0x2f8c
 *(.debug_info .gnu.linkonce.wi.*)
 .debug_info    0x00000000      0x1d9 .\CortexM0\ARM_GCC_541\Debug\main.o
 .debug_info    0x000001d9      0x32d .\CortexM0\ARM_GCC_541\Debug\cyfitter_cfg.o
 .debug_info    0x00000506       0xf8 .\CortexM0\ARM_GCC_541\Debug\cymetadata.o
 .debug_info    0x000005fe      0x3a2 .\CortexM0\ARM_GCC_541\Debug\Cm0Start.o
 .debug_info    0x000009a0      0x23a .\CortexM0\ARM_GCC_541\Debug\test-driverLed.a(SPI_1.o)
 .debug_info    0x00000bda      0x220 .\CortexM0\ARM_GCC_541\Debug\test-driverLed.a(SPI_1_SPI_UART.o)
 .debug_info    0x00000dfa      0x187 .\CortexM0\ARM_GCC_541\Debug\test-driverLed.a(SPI_1_SPI.o)
 .debug_info    0x00000f81      0xbd0 .\CortexM0\ARM_GCC_541\Debug\test-driverLed.a(CyLib.o)
 .debug_info    0x00001b51     0x1071 .\CortexM0\ARM_GCC_541\Debug\test-driverLed.a(CyLFClk.o)
 .debug_info    0x00002bc2      0x19d .\CortexM0\ARM_GCC_541\Debug\test-driverLed.a(LE.o)
 .debug_info    0x00002d5f      0x166 .\CortexM0\ARM_GCC_541\Debug\test-driverLed.a(Clock_1.o)
 .debug_info    0x00002ec5       0xc7 .\CortexM0\ARM_GCC_541\Debug\test-driverLed.a(CyBootAsmGnu.o)

.debug_abbrev   0x00000000      0xd84
 *(.debug_abbrev)
 .debug_abbrev  0x00000000      0x114 .\CortexM0\ARM_GCC_541\Debug\main.o
 .debug_abbrev  0x00000114      0x166 .\CortexM0\ARM_GCC_541\Debug\cyfitter_cfg.o
 .debug_abbrev  0x0000027a       0x5d .\CortexM0\ARM_GCC_541\Debug\cymetadata.o
 .debug_abbrev  0x000002d7      0x1d7 .\CortexM0\ARM_GCC_541\Debug\Cm0Start.o
 .debug_abbrev  0x000004ae       0xd5 .\CortexM0\ARM_GCC_541\Debug\test-driverLed.a(SPI_1.o)
 .debug_abbrev  0x00000583      0x14f .\CortexM0\ARM_GCC_541\Debug\test-driverLed.a(SPI_1_SPI_UART.o)
 .debug_abbrev  0x000006d2       0xf7 .\CortexM0\ARM_GCC_541\Debug\test-driverLed.a(SPI_1_SPI.o)
 .debug_abbrev  0x000007c9      0x1e0 .\CortexM0\ARM_GCC_541\Debug\test-driverLed.a(CyLib.o)
 .debug_abbrev  0x000009a9      0x248 .\CortexM0\ARM_GCC_541\Debug\test-driverLed.a(CyLFClk.o)
 .debug_abbrev  0x00000bf1       0xc8 .\CortexM0\ARM_GCC_541\Debug\test-driverLed.a(LE.o)
 .debug_abbrev  0x00000cb9       0xb7 .\CortexM0\ARM_GCC_541\Debug\test-driverLed.a(Clock_1.o)
 .debug_abbrev  0x00000d70       0x14 .\CortexM0\ARM_GCC_541\Debug\test-driverLed.a(CyBootAsmGnu.o)

.debug_line     0x00000000     0x161d
 *(.debug_line)
 .debug_line    0x00000000      0x1c3 .\CortexM0\ARM_GCC_541\Debug\main.o
 .debug_line    0x000001c3      0x15f .\CortexM0\ARM_GCC_541\Debug\cyfitter_cfg.o
 .debug_line    0x00000322      0x141 .\CortexM0\ARM_GCC_541\Debug\cymetadata.o
 .debug_line    0x00000463      0x236 .\CortexM0\ARM_GCC_541\Debug\Cm0Start.o
 .debug_line    0x00000699      0x10c .\CortexM0\ARM_GCC_541\Debug\test-driverLed.a(SPI_1.o)
 .debug_line    0x000007a5      0x11b .\CortexM0\ARM_GCC_541\Debug\test-driverLed.a(SPI_1_SPI_UART.o)
 .debug_line    0x000008c0       0xd6 .\CortexM0\ARM_GCC_541\Debug\test-driverLed.a(SPI_1_SPI.o)
 .debug_line    0x00000996      0x4d0 .\CortexM0\ARM_GCC_541\Debug\test-driverLed.a(CyLib.o)
 .debug_line    0x00000e66      0x5db .\CortexM0\ARM_GCC_541\Debug\test-driverLed.a(CyLFClk.o)
 .debug_line    0x00001441       0xba .\CortexM0\ARM_GCC_541\Debug\test-driverLed.a(LE.o)
 .debug_line    0x000014fb       0xba .\CortexM0\ARM_GCC_541\Debug\test-driverLed.a(Clock_1.o)
 .debug_line    0x000015b5       0x68 .\CortexM0\ARM_GCC_541\Debug\test-driverLed.a(CyBootAsmGnu.o)

.debug_frame    0x00000000      0xe0c
 *(.debug_frame)
 .debug_frame   0x00000000       0x48 .\CortexM0\ARM_GCC_541\Debug\main.o
 .debug_frame   0x00000048       0x78 .\CortexM0\ARM_GCC_541\Debug\cyfitter_cfg.o
 .debug_frame   0x000000c0       0xbc .\CortexM0\ARM_GCC_541\Debug\Cm0Start.o
 .debug_frame   0x0000017c       0xd8 .\CortexM0\ARM_GCC_541\Debug\test-driverLed.a(SPI_1.o)
 .debug_frame   0x00000254       0xb0 .\CortexM0\ARM_GCC_541\Debug\test-driverLed.a(SPI_1_SPI_UART.o)
 .debug_frame   0x00000304       0x6c .\CortexM0\ARM_GCC_541\Debug\test-driverLed.a(SPI_1_SPI.o)
 .debug_frame   0x00000370      0x444 .\CortexM0\ARM_GCC_541\Debug\test-driverLed.a(CyLib.o)
 .debug_frame   0x000007b4      0x4a8 .\CortexM0\ARM_GCC_541\Debug\test-driverLed.a(CyLFClk.o)
 .debug_frame   0x00000c5c       0x70 .\CortexM0\ARM_GCC_541\Debug\test-driverLed.a(LE.o)
 .debug_frame   0x00000ccc       0x6c .\CortexM0\ARM_GCC_541\Debug\test-driverLed.a(Clock_1.o)
 .debug_frame   0x00000d38       0x20 c:/program files (x86)/cypress/psoc creator/4.2/psoc creator/import/gnu/arm/5.4.1/bin/../lib/gcc/arm-none-eabi/5.4.1/armv6-m\libgcc.a(_udivsi3.o)
 .debug_frame   0x00000d58       0x20 c:/program files (x86)/cypress/psoc creator/4.2/psoc creator/import/gnu/arm/5.4.1/bin/../lib/gcc/arm-none-eabi/5.4.1/armv6-m\libgcc.a(_divsi3.o)
 .debug_frame   0x00000d78       0x20 c:/program files (x86)/cypress/psoc creator/4.2/psoc creator/import/gnu/arm/5.4.1/bin/../lib/gcc/arm-none-eabi/5.4.1/../../../../arm-none-eabi/lib/armv6-m\libg_nano.a(lib_a-errno.o)
 .debug_frame   0x00000d98       0x28 c:/program files (x86)/cypress/psoc creator/4.2/psoc creator/import/gnu/arm/5.4.1/bin/../lib/gcc/arm-none-eabi/5.4.1/../../../../arm-none-eabi/lib/armv6-m\libg_nano.a(lib_a-exit.o)
 .debug_frame   0x00000dc0       0x2c c:/program files (x86)/cypress/psoc creator/4.2/psoc creator/import/gnu/arm/5.4.1/bin/../lib/gcc/arm-none-eabi/5.4.1/../../../../arm-none-eabi/lib/armv6-m\libg_nano.a(lib_a-init.o)
 .debug_frame   0x00000dec       0x20 c:/program files (x86)/cypress/psoc creator/4.2/psoc creator/import/gnu/arm/5.4.1/bin/../lib/gcc/arm-none-eabi/5.4.1/../../../../arm-none-eabi/lib/armv6-m\libg_nano.a(lib_a-memset.o)

.debug_str      0x00000000     0x14cc
 *(.debug_str)
 .debug_str     0x00000000      0x1f5 .\CortexM0\ARM_GCC_541\Debug\main.o
                                0x23e (size before relaxing)
 .debug_str     0x000001f5      0x125 .\CortexM0\ARM_GCC_541\Debug\cyfitter_cfg.o
                                0x2e4 (size before relaxing)
 .debug_str     0x0000031a       0x63 .\CortexM0\ARM_GCC_541\Debug\cymetadata.o
                                0x1ff (size before relaxing)
 .debug_str     0x0000037d      0x140 .\CortexM0\ARM_GCC_541\Debug\Cm0Start.o
                                0x338 (size before relaxing)
 .debug_str     0x000004bd      0x101 .\CortexM0\ARM_GCC_541\Debug\test-driverLed.a(SPI_1.o)
                                0x2d9 (size before relaxing)
 .debug_str     0x000005be      0x126 .\CortexM0\ARM_GCC_541\Debug\test-driverLed.a(SPI_1_SPI_UART.o)
                                0x310 (size before relaxing)
 .debug_str     0x000006e4       0x89 .\CortexM0\ARM_GCC_541\Debug\test-driverLed.a(SPI_1_SPI.o)
                                0x290 (size before relaxing)
 .debug_str     0x0000076d      0x518 .\CortexM0\ARM_GCC_541\Debug\test-driverLed.a(CyLib.o)
                                0x772 (size before relaxing)
 .debug_str     0x00000c85      0x6f3 .\CortexM0\ARM_GCC_541\Debug\test-driverLed.a(CyLFClk.o)
                                0x96f (size before relaxing)
 .debug_str     0x00001378       0x8d .\CortexM0\ARM_GCC_541\Debug\test-driverLed.a(LE.o)
                                0x258 (size before relaxing)
 .debug_str     0x00001405       0xc7 .\CortexM0\ARM_GCC_541\Debug\test-driverLed.a(Clock_1.o)
                                0x28e (size before relaxing)

.debug_loc      0x00000000     0x1823
 *(.debug_loc)
 .debug_loc     0x00000000       0x40 .\CortexM0\ARM_GCC_541\Debug\main.o
 .debug_loc     0x00000040       0xa9 .\CortexM0\ARM_GCC_541\Debug\cyfitter_cfg.o
 .debug_loc     0x000000e9      0x14f .\CortexM0\ARM_GCC_541\Debug\Cm0Start.o
 .debug_loc     0x00000238       0x7e .\CortexM0\ARM_GCC_541\Debug\test-driverLed.a(SPI_1.o)
 .debug_loc     0x000002b6       0x96 .\CortexM0\ARM_GCC_541\Debug\test-driverLed.a(SPI_1_SPI_UART.o)
 .debug_loc     0x0000034c       0xc1 .\CortexM0\ARM_GCC_541\Debug\test-driverLed.a(SPI_1_SPI.o)
 .debug_loc     0x0000040d      0x554 .\CortexM0\ARM_GCC_541\Debug\test-driverLed.a(CyLib.o)
 .debug_loc     0x00000961      0xdaa .\CortexM0\ARM_GCC_541\Debug\test-driverLed.a(CyLFClk.o)
 .debug_loc     0x0000170b       0xa2 .\CortexM0\ARM_GCC_541\Debug\test-driverLed.a(LE.o)
 .debug_loc     0x000017ad       0x76 .\CortexM0\ARM_GCC_541\Debug\test-driverLed.a(Clock_1.o)

.debug_macinfo
 *(.debug_macinfo)

.debug_ranges   0x00000000      0x4c0
 *(.debug_ranges)
 .debug_ranges  0x00000000       0x18 .\CortexM0\ARM_GCC_541\Debug\main.o
 .debug_ranges  0x00000018       0x28 .\CortexM0\ARM_GCC_541\Debug\cyfitter_cfg.o
 .debug_ranges  0x00000040       0x38 .\CortexM0\ARM_GCC_541\Debug\Cm0Start.o
 .debug_ranges  0x00000078       0x48 .\CortexM0\ARM_GCC_541\Debug\test-driverLed.a(SPI_1.o)
 .debug_ranges  0x000000c0       0x50 .\CortexM0\ARM_GCC_541\Debug\test-driverLed.a(SPI_1_SPI_UART.o)
 .debug_ranges  0x00000110       0x30 .\CortexM0\ARM_GCC_541\Debug\test-driverLed.a(SPI_1_SPI.o)
 .debug_ranges  0x00000140      0x1a0 .\CortexM0\ARM_GCC_541\Debug\test-driverLed.a(CyLib.o)
 .debug_ranges  0x000002e0      0x178 .\CortexM0\ARM_GCC_541\Debug\test-driverLed.a(CyLFClk.o)
 .debug_ranges  0x00000458       0x38 .\CortexM0\ARM_GCC_541\Debug\test-driverLed.a(LE.o)
 .debug_ranges  0x00000490       0x30 .\CortexM0\ARM_GCC_541\Debug\test-driverLed.a(Clock_1.o)

.comment        0x00000000       0x6e
 .comment       0x00000000       0x6e .\CortexM0\ARM_GCC_541\Debug\main.o
                                 0x6f (size before relaxing)
 .comment       0x0000006e       0x6f .\CortexM0\ARM_GCC_541\Debug\cyfitter_cfg.o
 .comment       0x0000006e       0x6f .\CortexM0\ARM_GCC_541\Debug\cymetadata.o
 .comment       0x0000006e       0x6f .\CortexM0\ARM_GCC_541\Debug\Cm0Start.o
 .comment       0x0000006e       0x6f .\CortexM0\ARM_GCC_541\Debug\test-driverLed.a(SPI_1.o)
 .comment       0x0000006e       0x6f .\CortexM0\ARM_GCC_541\Debug\test-driverLed.a(SPI_1_SPI_UART.o)
 .comment       0x0000006e       0x6f .\CortexM0\ARM_GCC_541\Debug\test-driverLed.a(SPI_1_SPI.o)
 .comment       0x0000006e       0x6f .\CortexM0\ARM_GCC_541\Debug\test-driverLed.a(CyLib.o)
 .comment       0x0000006e       0x6f .\CortexM0\ARM_GCC_541\Debug\test-driverLed.a(CyLFClk.o)
 .comment       0x0000006e       0x6f .\CortexM0\ARM_GCC_541\Debug\test-driverLed.a(LE.o)
 .comment       0x0000006e       0x6f .\CortexM0\ARM_GCC_541\Debug\test-driverLed.a(Clock_1.o)

.debug_weaknames
 *(.debug_weaknames)

.debug_funcnames
 *(.debug_funcnames)

.debug_typenames
 *(.debug_typenames)

.debug_varnames
 *(.debug_varnames)

.note.gnu.arm.ident
 *(.note.gnu.arm.ident)

.ARM.attributes
                0x00000000       0x28
 *(.ARM.attributes)
 .ARM.attributes
                0x00000000       0x1e c:/program files (x86)/cypress/psoc creator/4.2/psoc creator/import/gnu/arm/5.4.1/bin/../lib/gcc/arm-none-eabi/5.4.1/armv6-m/crti.o
 .ARM.attributes
                0x0000001e       0x2c c:/program files (x86)/cypress/psoc creator/4.2/psoc creator/import/gnu/arm/5.4.1/bin/../lib/gcc/arm-none-eabi/5.4.1/armv6-m/crtbegin.o
 .ARM.attributes
                0x0000004a       0x1b c:/program files (x86)/cypress/psoc creator/4.2/psoc creator/import/gnu/arm/5.4.1/bin/../lib/gcc/arm-none-eabi/5.4.1/../../../../arm-none-eabi/lib/armv6-m/crt0.o
 .ARM.attributes
                0x00000065       0x31 .\CortexM0\ARM_GCC_541\Debug\main.o
 .ARM.attributes
                0x00000096       0x31 .\CortexM0\ARM_GCC_541\Debug\cyfitter_cfg.o
 .ARM.attributes
                0x000000c7       0x31 .\CortexM0\ARM_GCC_541\Debug\cymetadata.o
 .ARM.attributes
                0x000000f8       0x31 .\CortexM0\ARM_GCC_541\Debug\Cm0Start.o
 .ARM.attributes
                0x00000129       0x31 .\CortexM0\ARM_GCC_541\Debug\test-driverLed.a(SPI_1.o)
 .ARM.attributes
                0x0000015a       0x31 .\CortexM0\ARM_GCC_541\Debug\test-driverLed.a(SPI_1_SPI_UART.o)
 .ARM.attributes
                0x0000018b       0x31 .\CortexM0\ARM_GCC_541\Debug\test-driverLed.a(SPI_1_SPI.o)
 .ARM.attributes
                0x000001bc       0x31 .\CortexM0\ARM_GCC_541\Debug\test-driverLed.a(CyLib.o)
 .ARM.attributes
                0x000001ed       0x31 .\CortexM0\ARM_GCC_541\Debug\test-driverLed.a(CyLFClk.o)
 .ARM.attributes
                0x0000021e       0x31 .\CortexM0\ARM_GCC_541\Debug\test-driverLed.a(LE.o)
 .ARM.attributes
                0x0000024f       0x31 .\CortexM0\ARM_GCC_541\Debug\test-driverLed.a(Clock_1.o)
 .ARM.attributes
                0x00000280       0x21 .\CortexM0\ARM_GCC_541\Debug\test-driverLed.a(CyBootAsmGnu.o)
 .ARM.attributes
                0x000002a1       0x1e c:/program files (x86)/cypress/psoc creator/4.2/psoc creator/import/gnu/arm/5.4.1/bin/../lib/gcc/arm-none-eabi/5.4.1/armv6-m\libgcc.a(_udivsi3.o)
 .ARM.attributes
                0x000002bf       0x1e c:/program files (x86)/cypress/psoc creator/4.2/psoc creator/import/gnu/arm/5.4.1/bin/../lib/gcc/arm-none-eabi/5.4.1/armv6-m\libgcc.a(_divsi3.o)
 .ARM.attributes
                0x000002dd       0x1e c:/program files (x86)/cypress/psoc creator/4.2/psoc creator/import/gnu/arm/5.4.1/bin/../lib/gcc/arm-none-eabi/5.4.1/armv6-m\libgcc.a(_dvmd_tls.o)
 .ARM.attributes
                0x000002fb       0x2c c:/program files (x86)/cypress/psoc creator/4.2/psoc creator/import/gnu/arm/5.4.1/bin/../lib/gcc/arm-none-eabi/5.4.1/../../../../arm-none-eabi/lib/armv6-m\libg_nano.a(lib_a-errno.o)
 .ARM.attributes
                0x00000327       0x2c c:/program files (x86)/cypress/psoc creator/4.2/psoc creator/import/gnu/arm/5.4.1/bin/../lib/gcc/arm-none-eabi/5.4.1/../../../../arm-none-eabi/lib/armv6-m\libg_nano.a(lib_a-exit.o)
 .ARM.attributes
                0x00000353       0x2c c:/program files (x86)/cypress/psoc creator/4.2/psoc creator/import/gnu/arm/5.4.1/bin/../lib/gcc/arm-none-eabi/5.4.1/../../../../arm-none-eabi/lib/armv6-m\libg_nano.a(lib_a-impure.o)
 .ARM.attributes
                0x0000037f       0x2c c:/program files (x86)/cypress/psoc creator/4.2/psoc creator/import/gnu/arm/5.4.1/bin/../lib/gcc/arm-none-eabi/5.4.1/../../../../arm-none-eabi/lib/armv6-m\libg_nano.a(lib_a-init.o)
 .ARM.attributes
                0x000003ab       0x2c c:/program files (x86)/cypress/psoc creator/4.2/psoc creator/import/gnu/arm/5.4.1/bin/../lib/gcc/arm-none-eabi/5.4.1/../../../../arm-none-eabi/lib/armv6-m\libg_nano.a(lib_a-memset.o)
 .ARM.attributes
                0x000003d7       0x2c c:/program files (x86)/cypress/psoc creator/4.2/psoc creator/import/gnu/arm/5.4.1/bin/../lib/gcc/arm-none-eabi/5.4.1/armv6-m/crtend.o
 .ARM.attributes
                0x00000403       0x1e c:/program files (x86)/cypress/psoc creator/4.2/psoc creator/import/gnu/arm/5.4.1/bin/../lib/gcc/arm-none-eabi/5.4.1/armv6-m/crtn.o

/DISCARD/
 *(.note.GNU-stack)
OUTPUT(D:\Users\jagumiel\Documents\PSoC Creator\LIN-Automotive\3-LIN-Internal-Light-Control\test-driverLed\test-driverLed.cydsn\CortexM0\ARM_GCC_541\Debug\test-driverLed.elf elf32-littlearm)
