Archive member included to satisfy reference by file (symbol)

.\CortexM0\ARM_GCC_541\Debug\test-driverLed.a(SPI_1.o)
                              .\CortexM0\ARM_GCC_541\Debug\main.o (SPI_1_Start)
.\CortexM0\ARM_GCC_541\Debug\test-driverLed.a(SPI_1_SPI_UART.o)
                              .\CortexM0\ARM_GCC_541\Debug\main.o (SPI_1_SpiUartWriteTxData)
.\CortexM0\ARM_GCC_541\Debug\test-driverLed.a(SPI_1_SPI.o)
                              .\CortexM0\ARM_GCC_541\Debug\test-driverLed.a(SPI_1.o) (SPI_1_SpiPostEnable)
.\CortexM0\ARM_GCC_541\Debug\test-driverLed.a(CyLib.o)
                              .\CortexM0\ARM_GCC_541\Debug\cyfitter_cfg.o (CySysClkWriteImoFreq)
.\CortexM0\ARM_GCC_541\Debug\test-driverLed.a(CyLFClk.o)
                              .\CortexM0\ARM_GCC_541\Debug\cyfitter_cfg.o (CySysClkWcoStart)
.\CortexM0\ARM_GCC_541\Debug\test-driverLed.a(LE.o)
                              .\CortexM0\ARM_GCC_541\Debug\main.o (LE_Write)
.\CortexM0\ARM_GCC_541\Debug\test-driverLed.a(Clock_1.o)
                              .\CortexM0\ARM_GCC_541\Debug\main.o (Clock_1_StartEx)
.\CortexM0\ARM_GCC_541\Debug\test-driverLed.a(PWM_1.o)
                              .\CortexM0\ARM_GCC_541\Debug\main.o (PWM_1_WriteCompare)
.\CortexM0\ARM_GCC_541\Debug\test-driverLed.a(PWM.o)
                              .\CortexM0\ARM_GCC_541\Debug\main.o (PWM_Read)
.\CortexM0\ARM_GCC_541\Debug\test-driverLed.a(CapSense.o)
                              .\CortexM0\ARM_GCC_541\Debug\main.o (CapSense_IsBusy)
.\CortexM0\ARM_GCC_541\Debug\test-driverLed.a(CapSense_CSHL.o)
                              .\CortexM0\ARM_GCC_541\Debug\main.o (CapSense_InitializeAllBaselines)
.\CortexM0\ARM_GCC_541\Debug\test-driverLed.a(CapSense_INT.o)
                              .\CortexM0\ARM_GCC_541\Debug\test-driverLed.a(CapSense.o) (CapSense_ISR)
.\CortexM0\ARM_GCC_541\Debug\test-driverLed.a(CapSense_SMS.o)
                              .\CortexM0\ARM_GCC_541\Debug\test-driverLed.a(CapSense_CSHL.o) (CapSense_UpdateThresholds)
.\CortexM0\ARM_GCC_541\Debug\test-driverLed.a(CapSense_SampleClk.o)
                              .\CortexM0\ARM_GCC_541\Debug\test-driverLed.a(CapSense.o) (CapSense_SampleClk_StartEx)
.\CortexM0\ARM_GCC_541\Debug\test-driverLed.a(CapSense_SenseClk.o)
                              .\CortexM0\ARM_GCC_541\Debug\test-driverLed.a(CapSense.o) (CapSense_SenseClk_StartEx)
.\CortexM0\ARM_GCC_541\Debug\test-driverLed.a(STR.o)
                              .\CortexM0\ARM_GCC_541\Debug\main.o (STR_Write)
.\CortexM0\ARM_GCC_541\Debug\test-driverLed.a(STG.o)
                              .\CortexM0\ARM_GCC_541\Debug\main.o (STG_Write)
.\CortexM0\ARM_GCC_541\Debug\test-driverLed.a(STB.o)
                              .\CortexM0\ARM_GCC_541\Debug\main.o (STB_Write)
.\CortexM0\ARM_GCC_541\Debug\test-driverLed.a(CyBootAsmGnu.o)
                              .\CortexM0\ARM_GCC_541\Debug\cyfitter_cfg.o (CyDelayCycles)
C:\Program Files (x86)\Cypress\PSoC Creator\4.2\PSoC Creator\psoc\content\CyComponentLibrary\CyComponentLibrary.cylib\CapSense_CSD_P4_v2_60\PSoC4\Library\CapsenseP4Library_GCC.a(CSD_P4_SmartSense_v2_60.o)
                              .\CortexM0\ARM_GCC_541\Debug\test-driverLed.a(CapSense_SMS.o) (CalibrateSensors_P4_v2_60)
c:/program files (x86)/cypress/psoc creator/4.2/psoc creator/import/gnu/arm/5.4.1/bin/../lib/gcc/arm-none-eabi/5.4.1/armv6-m\libgcc.a(_udivsi3.o)
                              .\CortexM0\ARM_GCC_541\Debug\test-driverLed.a(CyLib.o) (__aeabi_uidiv)
c:/program files (x86)/cypress/psoc creator/4.2/psoc creator/import/gnu/arm/5.4.1/bin/../lib/gcc/arm-none-eabi/5.4.1/armv6-m\libgcc.a(_divsi3.o)
                              .\CortexM0\ARM_GCC_541\Debug\test-driverLed.a(CyLFClk.o) (__aeabi_idiv)
c:/program files (x86)/cypress/psoc creator/4.2/psoc creator/import/gnu/arm/5.4.1/bin/../lib/gcc/arm-none-eabi/5.4.1/armv6-m\libgcc.a(_dvmd_tls.o)
                              c:/program files (x86)/cypress/psoc creator/4.2/psoc creator/import/gnu/arm/5.4.1/bin/../lib/gcc/arm-none-eabi/5.4.1/armv6-m\libgcc.a(_udivsi3.o) (__aeabi_idiv0)
c:/program files (x86)/cypress/psoc creator/4.2/psoc creator/import/gnu/arm/5.4.1/bin/../lib/gcc/arm-none-eabi/5.4.1/../../../../arm-none-eabi/lib/armv6-m\libg_nano.a(lib_a-errno.o)
                              .\CortexM0\ARM_GCC_541\Debug\Cm0Start.o (__errno)
c:/program files (x86)/cypress/psoc creator/4.2/psoc creator/import/gnu/arm/5.4.1/bin/../lib/gcc/arm-none-eabi/5.4.1/../../../../arm-none-eabi/lib/armv6-m\libg_nano.a(lib_a-exit.o)
                              c:/program files (x86)/cypress/psoc creator/4.2/psoc creator/import/gnu/arm/5.4.1/bin/../lib/gcc/arm-none-eabi/5.4.1/../../../../arm-none-eabi/lib/armv6-m/crt0.o (exit)
c:/program files (x86)/cypress/psoc creator/4.2/psoc creator/import/gnu/arm/5.4.1/bin/../lib/gcc/arm-none-eabi/5.4.1/../../../../arm-none-eabi/lib/armv6-m\libg_nano.a(lib_a-impure.o)
[...]
Memory Configuration

Name             Origin             Length             Attributes
rom              0x00000000         0x00020000         xr
ram              0x20000000         0x00004000         xrw
*default*        0x00000000         0xffffffff

Linker script and memory map

LOAD c:/program files (x86)/cypress/psoc creator/4.2/psoc creator/import/gnu/arm/5.4.1/bin/../lib/gcc/arm-none-eabi/5.4.1/armv6-m/crti.o
LOAD c:/program files (x86)/cypress/psoc creator/4.2/psoc creator/import/gnu/arm/5.4.1/bin/../lib/gcc/arm-none-eabi/5.4.1/armv6-m/crtbegin.o
LOAD c:/program files (x86)/cypress/psoc creator/4.2/psoc creator/import/gnu/arm/5.4.1/bin/../lib/gcc/arm-none-eabi/5.4.1/../../../../arm-none-eabi/lib/armv6-m/crt0.o
START GROUP
LOAD .\CortexM0\ARM_GCC_541\Debug\main.o
LOAD .\CortexM0\ARM_GCC_541\Debug\cyfitter_cfg.o
LOAD .\CortexM0\ARM_GCC_541\Debug\cymetadata.o
LOAD .\CortexM0\ARM_GCC_541\Debug\Cm0Start.o
LOAD .\CortexM0\ARM_GCC_541\Debug\test-driverLed.a
LOAD C:\Program Files (x86)\Cypress\PSoC Creator\4.2\PSoC Creator\psoc\content\CyComponentLibrary\CyComponentLibrary.cylib\CapSense_CSD_P4_v2_60\PSoC4\Library\CapsenseP4Library_GCC.a
END GROUP
START GROUP
LOAD c:/program files (x86)/cypress/psoc creator/4.2/psoc creator/import/gnu/arm/5.4.1/bin/../lib/gcc/arm-none-eabi/5.4.1/armv6-m\libgcc.a
LOAD c:/program files (x86)/cypress/psoc creator/4.2/psoc creator/import/gnu/arm/5.4.1/bin/../lib/gcc/arm-none-eabi/5.4.1/../../../../arm-none-eabi/lib/armv6-m\libg_nano.a
LOAD c:/program files (x86)/cypress/psoc creator/4.2/psoc creator/import/gnu/arm/5.4.1/bin/../lib/gcc/arm-none-eabi/5.4.1/../../../../arm-none-eabi/lib/armv6-m\libc_nano.a
END GROUP
START GROUP
LOAD c:/program files (x86)/cypress/psoc creator/4.2/psoc creator/import/gnu/arm/5.4.1/bin/../lib/gcc/arm-none-eabi/5.4.1/armv6-m\libgcc.a
LOAD c:/program files (x86)/cypress/psoc creator/4.2/psoc creator/import/gnu/arm/5.4.1/bin/../lib/gcc/arm-none-eabi/5.4.1/../../../../arm-none-eabi/lib/armv6-m\libc_nano.a
END GROUP
LOAD c:/program files (x86)/cypress/psoc creator/4.2/psoc creator/import/gnu/arm/5.4.1/bin/../lib/gcc/arm-none-eabi/5.4.1/armv6-m/crtend.o
LOAD c:/program files (x86)/cypress/psoc creator/4.2/psoc creator/import/gnu/arm/5.4.1/bin/../lib/gcc/arm-none-eabi/5.4.1/armv6-m/crtn.o
START GROUP
LOAD c:/program files (x86)/cypress/psoc creator/4.2/psoc creator/import/gnu/arm/5.4.1/bin/../lib/gcc/arm-none-eabi/5.4.1/armv6-m\libgcc.a
LOAD c:/program files (x86)/cypress/psoc creator/4.2/psoc creator/import/gnu/arm/5.4.1/bin/../lib/gcc/arm-none-eabi/5.4.1/../../../../arm-none-eabi/lib/armv6-m\libc.a
LOAD c:/program files (x86)/cypress/psoc creator/4.2/psoc creator/import/gnu/arm/5.4.1/bin/../lib/gcc/arm-none-eabi/5.4.1/../../../../arm-none-eabi/lib/armv6-m\libnosys.a
END GROUP
                0x00000000                CY_APPL_ORIGIN = 0x0
                0x00000080                CY_FLASH_ROW_SIZE = 0x80
                0x00000001                CY_APPL_NUM = 0x1
                0x00000001                CY_APPL_MAX = 0x1
                0x00000040                CY_METADATA_SIZE = 0x40
                0x00000000                CY_APPL_LOADABLE = 0x0
                0x00000000                CY_CHECKSUM_EXCLUDE_SIZE = ALIGN (0x0, CY_FLASH_ROW_SIZE)
                0x00000000                CY_APP_FOR_STACK_AND_COPIER = 0x0
                [!provide]                PROVIDE (__cy_heap_start, _end)
                0x00000001                PROVIDE (__cy_region_num, ((__cy_regions_end - __cy_regions) / 0x10))
                0x20004000                PROVIDE (__cy_stack, (ORIGIN (ram) + LENGTH (ram)))
                [!provide]                PROVIDE (__cy_heap_end, (__cy_stack - 0x800))

.cybootloader   0x00000000        0x0
 *(.cybootloader)
                0x00000000                appl1_start = CY_APPL_ORIGIN?CY_APPL_ORIGIN:ALIGN (CY_FLASH_ROW_SIZE)
                0x0000ff80                appl2_start = (appl1_start + ALIGN ((((LENGTH (rom) - appl1_start) - (0x2 * CY_FLASH_ROW_SIZE)) / 0x2), CY_FLASH_ROW_SIZE))
                0x00000000                appl_start = (CY_APPL_NUM == 0x1)?appl1_start:appl2_start
                0x00000001                cy_project_type_bootloader = (appl_start == 0x0)?0x1:0x0
                0x00000000                cy_project_type_app_for_stack_and_copier = (CY_APP_FOR_STACK_AND_COPIER == 0x1)?0x1:0x0

.text           0x00000000     0x1bf0
 CREATE_OBJECT_SYMBOLS
                0x00000000                PROVIDE (__cy_interrupt_vector, RomVectors)
 *(.romvectors)
 .romvectors    0x00000000       0x10 .\CortexM0\ARM_GCC_541\Debug\Cm0Start.o
                0x00000000                RomVectors
                0x00000001                ASSERT ((. != __cy_interrupt_vector), No interrupt vector)
                0x00000001                ASSERT (CY_APPL_ORIGIN?(SIZEOF (.cybootloader) <= CY_APPL_ORIGIN):0x1, Wrong image location)
                0x00000010                PROVIDE (__cy_reset, Reset)
 *(.text.Reset)
 .text.Reset    0x00000010        0x8 .\CortexM0\ARM_GCC_541\Debug\Cm0Start.o
                0x00000010                Reset
                0x00000001                ASSERT ((. != __cy_reset), No reset code)
 *(.psocinit)
 .psocinit      0x00000018      0x254 .\CortexM0\ARM_GCC_541\Debug\cyfitter_cfg.o
                0x00000130                cyfitter_cfg
                0x0000026c                . = MAX (., 0x100)
 *(.text .text.* .gnu.linkonce.t.*)
 .text          0x0000026c       0x60 c:/program files (x86)/cypress/psoc creator/4.2/psoc creator/import/gnu/arm/5.4.1/bin/../lib/gcc/arm-none-eabi/5.4.1/armv6-m/crtbegin.o
 .text.writeChar
                0x000002cc       0x14 .\CortexM0\ARM_GCC_541\Debug\main.o
                0x000002cc                writeChar
 .text.changeCharacter
                0x000002e0       0x3c .\CortexM0\ARM_GCC_541\Debug\main.o
                0x000002e0                changeCharacter
 .text.changeCharacterByLetter
                0x0000031c       0x34 .\CortexM0\ARM_GCC_541\Debug\main.o
                0x0000031c                changeCharacterByLetter
 .text.adjustBrightness
                0x00000350       0x24 .\CortexM0\ARM_GCC_541\Debug\main.o
                0x00000350                adjustBrightness
 .text.main     0x00000374       0xc8 .\CortexM0\ARM_GCC_541\Debug\main.o
                0x00000374                main
 .text.cfg_write_bytes32
                0x0000043c       0x34 .\CortexM0\ARM_GCC_541\Debug\cyfitter_cfg.o
 .text.CYMEMZERO
                0x00000470        0xc .\CortexM0\ARM_GCC_541\Debug\cyfitter_cfg.o
 .text.SetAnalogRoutingPumps
                0x0000047c       0x40 .\CortexM0\ARM_GCC_541\Debug\cyfitter_cfg.o
                0x0000047c                SetAnalogRoutingPumps
 .text.AnalogSetDefault
                0x000004bc       0x28 .\CortexM0\ARM_GCC_541\Debug\cyfitter_cfg.o
 .text.IntDefaultHandler
                0x000004e4       0x10 .\CortexM0\ARM_GCC_541\Debug\Cm0Start.o
                0x000004e4                IntDefaultHandler
 .text.Start_c  0x000004f4       0x48 .\CortexM0\ARM_GCC_541\Debug\Cm0Start.o
                0x000004f4                Start_c
 .text.initialize_psoc
                0x0000053c       0x4c .\CortexM0\ARM_GCC_541\Debug\Cm0Start.o
                0x0000053c                initialize_psoc
 .text.SPI_1_ScbModePostEnable
                0x00000588        0x8 .\CortexM0\ARM_GCC_541\Debug\test-driverLed.a(SPI_1.o)
 .text.SPI_1_Init
                0x00000590        0x8 .\CortexM0\ARM_GCC_541\Debug\test-driverLed.a(SPI_1.o)
                0x00000590                SPI_1_Init
 .text.SPI_1_Enable
                0x00000598       0x18 .\CortexM0\ARM_GCC_541\Debug\test-driverLed.a(SPI_1.o)
                0x00000598                SPI_1_Enable
 .text.SPI_1_Start
                0x000005b0       0x20 .\CortexM0\ARM_GCC_541\Debug\test-driverLed.a(SPI_1.o)
                0x000005b0                SPI_1_Start
 .text.SPI_1_SpiUartWriteTxData
                0x000005d0       0x1c .\CortexM0\ARM_GCC_541\Debug\test-driverLed.a(SPI_1_SPI_UART.o)
                0x000005d0                SPI_1_SpiUartWriteTxData
 .text.SPI_1_SpiPostEnable
                0x000005ec       0x14 .\CortexM0\ARM_GCC_541\Debug\test-driverLed.a(SPI_1_SPI.o)
                0x000005ec                SPI_1_SpiPostEnable
 .text.SPI_1_SpiSetActiveSlaveSelect
                0x00000600       0x20 .\CortexM0\ARM_GCC_541\Debug\test-driverLed.a(SPI_1_SPI.o)
                0x00000600                SPI_1_SpiSetActiveSlaveSelect
 .text.SPI_1_SpiInit
                0x00000620       0x8c .\CortexM0\ARM_GCC_541\Debug\test-driverLed.a(SPI_1_SPI.o)
                0x00000620                SPI_1_SpiInit
 .text.CySysClkWriteImoFreq
                0x000006ac       0x64 .\CortexM0\ARM_GCC_541\Debug\test-driverLed.a(CyLib.o)
                0x000006ac                CySysClkWriteImoFreq
 .text.CySysClkEcoReadStatus
                0x00000710       0x10 .\CortexM0\ARM_GCC_541\Debug\test-driverLed.a(CyLib.o)
                0x00000710                CySysClkEcoReadStatus
 .text.CyIntEnable
                0x00000720       0x14 .\CortexM0\ARM_GCC_541\Debug\test-driverLed.a(CyLib.o)
                0x00000720                CyIntEnable
 .text.CyIntDisable
                0x00000734       0x14 .\CortexM0\ARM_GCC_541\Debug\test-driverLed.a(CyLib.o)
                0x00000734                CyIntDisable
 .text.CyIntClearPending
                0x00000748       0x14 .\CortexM0\ARM_GCC_541\Debug\test-driverLed.a(CyLib.o)
                0x00000748                CyIntClearPending
 .text.CyHalt   0x0000075c        0x4 .\CortexM0\ARM_GCC_541\Debug\test-driverLed.a(CyLib.o)
                0x0000075c                CyHalt
 .text.CyIntSetVector
                0x00000760       0x24 .\CortexM0\ARM_GCC_541\Debug\test-driverLed.a(CyLib.o)
                0x00000760                CyIntSetVector
 .text.CyIntSetPriority
                0x00000784       0x4c .\CortexM0\ARM_GCC_541\Debug\test-driverLed.a(CyLib.o)
                0x00000784                CyIntSetPriority
 .text.CyDelayUs
                0x000007d0       0x14 .\CortexM0\ARM_GCC_541\Debug\test-driverLed.a(CyLib.o)
                0x000007d0                CyDelayUs
 .text.CySysClkEcoStart
                0x000007e4       0x54 .\CortexM0\ARM_GCC_541\Debug\test-driverLed.a(CyLib.o)
                0x000007e4                CySysClkEcoStart
 .text.CySysWdtLocked
                0x00000838       0x14 .\CortexM0\ARM_GCC_541\Debug\test-driverLed.a(CyLFClk.o)
 .text.CySysClkWcoStart
                0x0000084c       0x40 .\CortexM0\ARM_GCC_541\Debug\test-driverLed.a(CyLFClk.o)
                0x0000084c                CySysClkWcoStart
 .text.CySysClkWcoSetPowerMode
                0x0000088c       0x80 .\CortexM0\ARM_GCC_541\Debug\test-driverLed.a(CyLFClk.o)
                0x0000088c                CySysClkWcoSetPowerMode
 .text.CySysWdtLock
                0x0000090c       0x1c .\CortexM0\ARM_GCC_541\Debug\test-driverLed.a(CyLFClk.o)
                0x0000090c                CySysWdtLock
 .text.CySysWdtUnlock
                0x00000928       0x30 .\CortexM0\ARM_GCC_541\Debug\test-driverLed.a(CyLFClk.o)
                0x00000928                CySysWdtUnlock
 .text.CySysWdtClearInterrupt
                0x00000958       0x4c .\CortexM0\ARM_GCC_541\Debug\test-driverLed.a(CyLFClk.o)
                0x00000958                CySysWdtClearInterrupt
 .text.CySysWdtIsr
                0x000009a4       0xa4 .\CortexM0\ARM_GCC_541\Debug\test-driverLed.a(CyLFClk.o)
                0x000009a4                CySysWdtIsr
 .text.LE_Write
                0x00000a48       0x18 .\CortexM0\ARM_GCC_541\Debug\test-driverLed.a(LE.o)
                0x00000a48                LE_Write
 .text.Clock_1_StartEx
                0x00000a60       0x1c .\CortexM0\ARM_GCC_541\Debug\test-driverLed.a(Clock_1.o)
                0x00000a60                Clock_1_StartEx
 .text.PWM_1_Enable
                0x00000a7c       0x14 .\CortexM0\ARM_GCC_541\Debug\test-driverLed.a(PWM_1.o)
                0x00000a7c                PWM_1_Enable
 .text.PWM_1_WriteCounter
                0x00000a90        0xc .\CortexM0\ARM_GCC_541\Debug\test-driverLed.a(PWM_1.o)
                0x00000a90                PWM_1_WriteCounter
 .text.PWM_1_WritePeriod
                0x00000a9c        0xc .\CortexM0\ARM_GCC_541\Debug\test-driverLed.a(PWM_1.o)
                0x00000a9c                PWM_1_WritePeriod
 .text.PWM_1_WriteCompare
                0x00000aa8        0xc .\CortexM0\ARM_GCC_541\Debug\test-driverLed.a(PWM_1.o)
                0x00000aa8                PWM_1_WriteCompare
 .text.PWM_1_SetInterruptMode
                0x00000ab4        0xc .\CortexM0\ARM_GCC_541\Debug\test-driverLed.a(PWM_1.o)
                0x00000ab4                PWM_1_SetInterruptMode
 .text.PWM_1_ReadStatusRegister
                0x00000ac0        0xc .\CortexM0\ARM_GCC_541\Debug\test-driverLed.a(PWM_1.o)
                0x00000ac0                PWM_1_ReadStatusRegister
 .text.PWM_1_ReadCapture
                0x00000acc        0xc .\CortexM0\ARM_GCC_541\Debug\test-driverLed.a(PWM_1.o)
                0x00000acc                PWM_1_ReadCapture
 .text.PWM_1_ClearFIFO
                0x00000ad8       0x14 .\CortexM0\ARM_GCC_541\Debug\test-driverLed.a(PWM_1.o)
                0x00000ad8                PWM_1_ClearFIFO
 .text.PWM_1_Init
                0x00000aec       0x70 .\CortexM0\ARM_GCC_541\Debug\test-driverLed.a(PWM_1.o)
                0x00000aec                PWM_1_Init
 .text.PWM_1_Start
                0x00000b5c       0x20 .\CortexM0\ARM_GCC_541\Debug\test-driverLed.a(PWM_1.o)
                0x00000b5c                PWM_1_Start
 .text.PWM_Read
                0x00000b7c       0x10 .\CortexM0\ARM_GCC_541\Debug\test-driverLed.a(PWM.o)
                0x00000b7c                PWM_Read
 .text.CapSense_CsdHwBlockInit
                0x00000b8c       0x7c .\CortexM0\ARM_GCC_541\Debug\test-driverLed.a(CapSense.o)
                0x00000b8c                CapSense_CsdHwBlockInit
 .text.CapSense_Enable
                0x00000c08       0x40 .\CortexM0\ARM_GCC_541\Debug\test-driverLed.a(CapSense.o)
                0x00000c08                CapSense_Enable
 .text.CapSense_IsBusy
                0x00000c48       0x10 .\CortexM0\ARM_GCC_541\Debug\test-driverLed.a(CapSense.o)
                0x00000c48                CapSense_IsBusy
 .text.CapSense_ReadSensorRaw
                0x00000c58       0x10 .\CortexM0\ARM_GCC_541\Debug\test-driverLed.a(CapSense.o)
                0x00000c58                CapSense_ReadSensorRaw
 .text.CapSense_EnableSensor
                0x00000c68       0x48 .\CortexM0\ARM_GCC_541\Debug\test-driverLed.a(CapSense.o)
                0x00000c68                CapSense_EnableSensor
 .text.CapSense_DisableSensor
                0x00000cb0       0x70 .\CortexM0\ARM_GCC_541\Debug\test-driverLed.a(CapSense.o)
                0x00000cb0                CapSense_DisableSensor
 .text.CapSense_ClearSensors
                0x00000d20       0x14 .\CortexM0\ARM_GCC_541\Debug\test-driverLed.a(CapSense.o)
                0x00000d20                CapSense_ClearSensors
 .text.CapSense_SetShieldDelay
                0x00000d34       0x18 .\CortexM0\ARM_GCC_541\Debug\test-driverLed.a(CapSense.o)
                0x00000d34                CapSense_SetShieldDelay
 .text.CapSense_GetBitValue
                0x00000d4c       0x18 .\CortexM0\ARM_GCC_541\Debug\test-driverLed.a(CapSense.o)
                0x00000d4c                CapSense_GetBitValue
 .text.CapSense_FindNextSensor
                0x00000d64       0x24 .\CortexM0\ARM_GCC_541\Debug\test-driverLed.a(CapSense.o)
                0x00000d64                CapSense_FindNextSensor
 .text.CapSense_PreScan
                0x00000d88      0x10c .\CortexM0\ARM_GCC_541\Debug\test-driverLed.a(CapSense.o)
                0x00000d88                CapSense_PreScan
 .text.CapSense_ScanSensor
                0x00000e94       0x1c .\CortexM0\ARM_GCC_541\Debug\test-driverLed.a(CapSense.o)
                0x00000e94                CapSense_ScanSensor
 .text.CapSense_ScanEnabledWidgets
                0x00000eb0       0x38 .\CortexM0\ARM_GCC_541\Debug\test-driverLed.a(CapSense.o)
                0x00000eb0                CapSense_ScanEnabledWidgets
 .text.CapSense_PostScan
                0x00000ee8       0x90 .\CortexM0\ARM_GCC_541\Debug\test-driverLed.a(CapSense.o)
                0x00000ee8                CapSense_PostScan
 .text.CapSense_SetBitValue
                0x00000f78       0x28 .\CortexM0\ARM_GCC_541\Debug\test-driverLed.a(CapSense.o)
                0x00000f78                CapSense_SetBitValue
 .text.CapSense_GetSensorRaw
                0x00000fa0       0x2c .\CortexM0\ARM_GCC_541\Debug\test-driverLed.a(CapSense.o)
                0x00000fa0                CapSense_GetSensorRaw
 .text.CapSense_SetUnscannedSensorState
                0x00000fcc        0xc .\CortexM0\ARM_GCC_541\Debug\test-driverLed.a(CapSense.o)
                0x00000fcc                CapSense_SetUnscannedSensorState
 .text.CapSense_Init
                0x00000fd8       0x24 .\CortexM0\ARM_GCC_541\Debug\test-driverLed.a(CapSense.o)
                0x00000fd8                CapSense_Init
 .text.CapSense_Start
                0x00000ffc       0x38 .\CortexM0\ARM_GCC_541\Debug\test-driverLed.a(CapSense.o)
                0x00000ffc                CapSense_Start
 .text.CapSense_BaseInit
                0x00001034       0x34 .\CortexM0\ARM_GCC_541\Debug\test-driverLed.a(CapSense_CSHL.o)
                0x00001034                CapSense_BaseInit
 .text.CapSense_InitializeSensorBaseline
                0x00001068       0x18 .\CortexM0\ARM_GCC_541\Debug\test-driverLed.a(CapSense_CSHL.o)
                0x00001068                CapSense_InitializeSensorBaseline
 .text.CapSense_InitializeAllBaselines
                0x00001080       0x14 .\CortexM0\ARM_GCC_541\Debug\test-driverLed.a(CapSense_CSHL.o)
                0x00001080                CapSense_InitializeAllBaselines
 .text.CapSense_UpdateBaselineNoThreshold
                0x00001094       0xfc .\CortexM0\ARM_GCC_541\Debug\test-driverLed.a(CapSense_CSHL.o)
                0x00001094                CapSense_UpdateBaselineNoThreshold
 .text.CapSense_UpdateSensorBaseline
                0x00001190       0x10 .\CortexM0\ARM_GCC_541\Debug\test-driverLed.a(CapSense_CSHL.o)
                0x00001190                CapSense_UpdateSensorBaseline
 .text.CapSense_UpdateEnabledBaselines
                0x000011a0       0x24 .\CortexM0\ARM_GCC_541\Debug\test-driverLed.a(CapSense_CSHL.o)
                0x000011a0                CapSense_UpdateEnabledBaselines
 .text.CapSense_CheckIsSensorActive
                0x000011c4       0xa8 .\CortexM0\ARM_GCC_541\Debug\test-driverLed.a(CapSense_CSHL.o)
                0x000011c4                CapSense_CheckIsSensorActive
 .text.CapSense_CheckIsWidgetActive
                0x0000126c       0x28 .\CortexM0\ARM_GCC_541\Debug\test-driverLed.a(CapSense_CSHL.o)
                0x0000126c                CapSense_CheckIsWidgetActive
 .text.CapSense_ISR
                0x00001294       0x9c .\CortexM0\ARM_GCC_541\Debug\test-driverLed.a(CapSense_INT.o)
                0x00001294                CapSense_ISR
 .text.CapSense_UpdateThresholds
                0x00001330       0x74 .\CortexM0\ARM_GCC_541\Debug\test-driverLed.a(CapSense_SMS.o)
                0x00001330                CapSense_UpdateThresholds
 .text.CapSense_SetAnalogSwitchesSrcDirect
                0x000013a4       0x10 .\CortexM0\ARM_GCC_541\Debug\test-driverLed.a(CapSense_SMS.o)
                0x000013a4                CapSense_SetAnalogSwitchesSrcDirect
 .text.CapSense_DisableBaselineIDAC
                0x000013b4       0x1c .\CortexM0\ARM_GCC_541\Debug\test-driverLed.a(CapSense_SMS.o)
                0x000013b4                CapSense_DisableBaselineIDAC
 .text.CapSense_EnableBaselineIDAC
                0x000013d0       0x50 .\CortexM0\ARM_GCC_541\Debug\test-driverLed.a(CapSense_SMS.o)
                0x000013d0                CapSense_EnableBaselineIDAC
 .text.CapSense_AutoTune
                0x00001420       0xa4 .\CortexM0\ARM_GCC_541\Debug\test-driverLed.a(CapSense_SMS.o)
                0x00001420                CapSense_AutoTune
 .text.CapSense_SampleClk_StartEx
                0x000014c4       0x1c .\CortexM0\ARM_GCC_541\Debug\test-driverLed.a(CapSense_SampleClk.o)
                0x000014c4                CapSense_SampleClk_StartEx
 .text.CapSense_SampleClk_Stop
                0x000014e0       0x18 .\CortexM0\ARM_GCC_541\Debug\test-driverLed.a(CapSense_SampleClk.o)
                0x000014e0                CapSense_SampleClk_Stop
 .text.CapSense_SampleClk_SetFractionalDividerRegister
                0x000014f8       0x20 .\CortexM0\ARM_GCC_541\Debug\test-driverLed.a(CapSense_SampleClk.o)
                0x000014f8                CapSense_SampleClk_SetFractionalDividerRegister
 .text.CapSense_SenseClk_StartEx
                0x00001518       0x1c .\CortexM0\ARM_GCC_541\Debug\test-driverLed.a(CapSense_SenseClk.o)
                0x00001518                CapSense_SenseClk_StartEx
 .text.CapSense_SenseClk_Stop
                0x00001534       0x18 .\CortexM0\ARM_GCC_541\Debug\test-driverLed.a(CapSense_SenseClk.o)
                0x00001534                CapSense_SenseClk_Stop
 .text.CapSense_SenseClk_SetFractionalDividerRegister
                0x0000154c       0x20 .\CortexM0\ARM_GCC_541\Debug\test-driverLed.a(CapSense_SenseClk.o)
                0x0000154c                CapSense_SenseClk_SetFractionalDividerRegister
 .text.STR_Write
                0x0000156c       0x18 .\CortexM0\ARM_GCC_541\Debug\test-driverLed.a(STR.o)
                0x0000156c                STR_Write
 .text.STR_Read
                0x00001584       0x10 .\CortexM0\ARM_GCC_541\Debug\test-driverLed.a(STR.o)
                0x00001584                STR_Read
 .text.STG_Write
                0x00001594       0x18 .\CortexM0\ARM_GCC_541\Debug\test-driverLed.a(STG.o)
                0x00001594                STG_Write
 .text.STB_Write
                0x000015ac       0x18 .\CortexM0\ARM_GCC_541\Debug\test-driverLed.a(STB.o)
                0x000015ac                STB_Write
 *fill*         0x000015c4        0x4 
 .text          0x000015c8       0x20 .\CortexM0\ARM_GCC_541\Debug\test-driverLed.a(CyBootAsmGnu.o)
                0x000015c8                CyDelayCycles
                0x000015da                CyEnterCriticalSection
                0x000015e2                CyExitCriticalSection
 .text.CalibrateOneDAC_P4_v2_60
                0x000015e8       0x40 C:\Program Files (x86)\Cypress\PSoC Creator\4.2\PSoC Creator\psoc\content\CyComponentLibrary\CyComponentLibrary.cylib\CapSense_CSD_P4_v2_60\PSoC4\Library\CapsenseP4Library_GCC.a(CSD_P4_SmartSense_v2_60.o)
                0x000015e8                CalibrateOneDAC_P4_v2_60
 .text.CalibrateSensors_P4_v2_60
                0x00001628       0x22 C:\Program Files (x86)\Cypress\PSoC Creator\4.2\PSoC Creator\psoc\content\CyComponentLibrary\CyComponentLibrary.cylib\CapSense_CSD_P4_v2_60\PSoC4\Library\CapsenseP4Library_GCC.a(CSD_P4_SmartSense_v2_60.o)
                0x00001628                CalibrateSensors_P4_v2_60
 .text.TunePrescalers_P4_v2_60
                0x0000164a       0x42 C:\Program Files (x86)\Cypress\PSoC Creator\4.2\PSoC Creator\psoc\content\CyComponentLibrary\CyComponentLibrary.cylib\CapSense_CSD_P4_v2_60\PSoC4\Library\CapsenseP4Library_GCC.a(CSD_P4_SmartSense_v2_60.o)
                0x0000164a                TunePrescalers_P4_v2_60
 .text.TuneSensitivity_P4_v2_60
                0x0000168c       0xdc C:\Program Files (x86)\Cypress\PSoC Creator\4.2\PSoC Creator\psoc\content\CyComponentLibrary\CyComponentLibrary.cylib\CapSense_CSD_P4_v2_60\PSoC4\Library\CapsenseP4Library_GCC.a(CSD_P4_SmartSense_v2_60.o)
                0x0000168c                TuneSensitivity_P4_v2_60
 .text.MeasureNoiseEnvelope_P4_v2_60
                0x00001768       0xfc C:\Program Files (x86)\Cypress\PSoC Creator\4.2\PSoC Creator\psoc\content\CyComponentLibrary\CyComponentLibrary.cylib\CapSense_CSD_P4_v2_60\PSoC4\Library\CapsenseP4Library_GCC.a(CSD_P4_SmartSense_v2_60.o)
                0x00001768                MeasureNoiseEnvelope_P4_v2_60
 .text.CalculateThresholds_P4_v2_60
                0x00001864       0x36 C:\Program Files (x86)\Cypress\PSoC Creator\4.2\PSoC Creator\psoc\content\CyComponentLibrary\CyComponentLibrary.cylib\CapSense_CSD_P4_v2_60\PSoC4\Library\CapsenseP4Library_GCC.a(CSD_P4_SmartSense_v2_60.o)
                0x00001864                CalculateThresholds_P4_v2_60
 *fill*         0x0000189a        0x2 
 .text          0x0000189c      0x114 c:/program files (x86)/cypress/psoc creator/4.2/psoc creator/import/gnu/arm/5.4.1/bin/../lib/gcc/arm-none-eabi/5.4.1/armv6-m\libgcc.a(_udivsi3.o)
                0x0000189c                __aeabi_uidiv
                0x0000189c                __udivsi3
                0x000019a8                __aeabi_uidivmod
 .text          0x000019b0      0x1d4 c:/program files (x86)/cypress/psoc creator/4.2/psoc creator/import/gnu/arm/5.4.1/bin/../lib/gcc/arm-none-eabi/5.4.1/armv6-m\libgcc.a(_divsi3.o)
                0x000019b0                __divsi3
                0x000019b0                __aeabi_idiv
                0x00001b7c                __aeabi_idivmod
 .text          0x00001b84        0x4 c:/program files (x86)/cypress/psoc creator/4.2/psoc creator/import/gnu/arm/5.4.1/bin/../lib/gcc/arm-none-eabi/5.4.1/armv6-m\libgcc.a(_dvmd_tls.o)
                0x00001b84                __aeabi_idiv0
                0x00001b84                __aeabi_ldiv0
 .text.__errno  0x00001b88        0xc c:/program files (x86)/cypress/psoc creator/4.2/psoc creator/import/gnu/arm/5.4.1/bin/../lib/gcc/arm-none-eabi/5.4.1/../../../../arm-none-eabi/lib/armv6-m\libg_nano.a(lib_a-errno.o)
                0x00001b88                __errno
 .text.__libc_init_array
                0x00001b94       0x4c c:/program files (x86)/cypress/psoc creator/4.2/psoc creator/import/gnu/arm/5.4.1/bin/../lib/gcc/arm-none-eabi/5.4.1/../../../../arm-none-eabi/lib/armv6-m\libg_nano.a(lib_a-init.o)
                0x00001b94                __libc_init_array
 .text.memset   0x00001be0       0x10 c:/program files (x86)/cypress/psoc creator/4.2/psoc creator/import/gnu/arm/5.4.1/bin/../lib/gcc/arm-none-eabi/5.4.1/../../../../arm-none-eabi/lib/armv6-m\libg_nano.a(lib_a-memset.o)
                0x00001be0                memset
 *(.plt)
 *(.gnu.warning)
 *(.glue_7t)
 .glue_7t       0x00001bf0        0x0 linker stubs
 *(.glue_7)
 .glue_7        0x00001bf0        0x0 linker stubs
 *(.vfp11_veneer)
 .vfp11_veneer  0x00001bf0        0x0 linker stubs
 *(.bootloader)
 *(.ARM.extab* .gnu.linkonce.armextab.*)
 *(.gcc_except_table)

.v4_bx          0x00001bf0        0x0
 .v4_bx         0x00001bf0        0x0 linker stubs

.iplt           0x00001bf0        0x0
 .iplt          0x00001bf0        0x0 c:/program files (x86)/cypress/psoc creator/4.2/psoc creator/import/gnu/arm/5.4.1/bin/../lib/gcc/arm-none-eabi/5.4.1/armv6-m/crtbegin.o

.eh_frame_hdr
 *(.eh_frame_hdr)

.eh_frame       0x00001bf0        0x4
 *(.eh_frame)
 .eh_frame      0x00001bf0        0x0 c:/program files (x86)/cypress/psoc creator/4.2/psoc creator/import/gnu/arm/5.4.1/bin/../lib/gcc/arm-none-eabi/5.4.1/armv6-m/crtbegin.o
 .eh_frame      0x00001bf0        0x4 c:/program files (x86)/cypress/psoc creator/4.2/psoc creator/import/gnu/arm/5.4.1/bin/../lib/gcc/arm-none-eabi/5.4.1/armv6-m/crtend.o
                [!provide]                PROVIDE (__exidx_start, .)

.ARM.exidx
 *(.ARM.exidx* .gnu.linkonce.armexidx.*)
                0x00001bf4                __exidx_end = .

.rodata         0x00001bf4      0x384
 *(.rodata .rodata.* .gnu.linkonce.r.*)
 .rodata        0x00001bf4      0x134 .\CortexM0\ARM_GCC_541\Debug\main.o
                0x00001bf4                ALPHANUMR_CHAR_TABLE
                0x00001c5c                ALPHANUMR_CHAR_MATRIX
 .rodata        0x00001d28      0x10c .\CortexM0\ARM_GCC_541\Debug\cyfitter_cfg.o
 .rodata        0x00001e34       0x2e .\CortexM0\ARM_GCC_541\Debug\test-driverLed.a(CyLib.o)
                0x00001e34                cyImoFreqMhz2Reg
 *fill*         0x00001e62        0x2 
 .rodata        0x00001e64       0x68 .\CortexM0\ARM_GCC_541\Debug\test-driverLed.a(CapSense.o)
                0x00001e64                CapSense_portTable
                0x00001e68                CapSense_pinShiftTbl
                0x00001e6c                CapSense_prtSelTbl
                0x00001e88                CapSense_prtCfgTbl
                0x00001ea4                CapSense_prtDRTbl
                0x00001ec0                CapSense_widgetNumber
                0x00001ec4                CapSense_maskTable
 .rodata        0x00001ecc        0x6 .\CortexM0\ARM_GCC_541\Debug\test-driverLed.a(CapSense_CSHL.o)
                0x00001ecc                CapSense_numberOfSensors
                0x00001ed0                CapSense_rawDataIndex
 *fill*         0x00001ed2        0x2 
 .rodata        0x00001ed4       0x6c .\CortexM0\ARM_GCC_541\Debug\test-driverLed.a(CapSense_SMS.o)
                0x00001ed4                CapSense_configPointers
                0x00001f30                CapSense_prescalerTable
 .rodata.str1.1
                0x00001f40        0x2 c:/program files (x86)/cypress/psoc creator/4.2/psoc creator/import/gnu/arm/5.4.1/bin/../lib/gcc/arm-none-eabi/5.4.1/../../../../arm-none-eabi/lib/armv6-m\libg_nano.a(lib_a-impure.o)
                0x00001f44                . = ALIGN (0x4)
 *fill*         0x00001f42        0x2 
 *(.init)
 .init          0x00001f44        0x4 c:/program files (x86)/cypress/psoc creator/4.2/psoc creator/import/gnu/arm/5.4.1/bin/../lib/gcc/arm-none-eabi/5.4.1/armv6-m/crti.o
                0x00001f44                _init
 .init          0x00001f48        0x8 c:/program files (x86)/cypress/psoc creator/4.2/psoc creator/import/gnu/arm/5.4.1/bin/../lib/gcc/arm-none-eabi/5.4.1/armv6-m/crtn.o
                0x00001f50                . = ALIGN (0x4)
                0x00001f50                __preinit_array_start = .
 *(.preinit_array)
                0x00001f50                __preinit_array_end = .
                0x00001f50                . = ALIGN (0x4)
                0x00001f50                __init_array_start = .
 *(SORT(.init_array.*))
 *(.init_array)
 .init_array    0x00001f50        0x4 c:/program files (x86)/cypress/psoc creator/4.2/psoc creator/import/gnu/arm/5.4.1/bin/../lib/gcc/arm-none-eabi/5.4.1/armv6-m/crtbegin.o
 .init_array    0x00001f54        0x4 .\CortexM0\ARM_GCC_541\Debug\Cm0Start.o
                0x00001f58                __init_array_end = .
                0x00001f58                . = ALIGN (0x4)
 *(.fini)
 .fini          0x00001f58        0x4 c:/program files (x86)/cypress/psoc creator/4.2/psoc creator/import/gnu/arm/5.4.1/bin/../lib/gcc/arm-none-eabi/5.4.1/armv6-m/crti.o
                0x00001f58                _fini
 .fini          0x00001f5c        0x8 c:/program files (x86)/cypress/psoc creator/4.2/psoc creator/import/gnu/arm/5.4.1/bin/../lib/gcc/arm-none-eabi/5.4.1/armv6-m/crtn.o
                0x00001f64                . = ALIGN (0x4)
                0x00001f64                __fini_array_start = .
 *(.fini_array)
 .fini_array    0x00001f64        0x4 c:/program files (x86)/cypress/psoc creator/4.2/psoc creator/import/gnu/arm/5.4.1/bin/../lib/gcc/arm-none-eabi/5.4.1/armv6-m/crtbegin.o
 *(SORT(.fini_array.*))
                0x00001f68                __fini_array_end = .
                0x00001f68                . = ALIGN (0x4)
 *crtbegin.o(.ctors)
 *(EXCLUDE_FILE(*crtend.o) .ctors)
 *(SORT(.ctors.*))
 *crtend.o(.ctors)
                0x00001f68                . = ALIGN (0x4)
 *crtbegin.o(.dtors)
 *(EXCLUDE_FILE(*crtend.o) .dtors)
 *(SORT(.dtors.*))
 *crtend.o(.dtors)
                0x00001f68                . = ALIGN (0x4)
                0x00001f68                __cy_regions = .
                0x00001f68        0x4 LONG 0x1f78 __cy_region_init_ram
                0x00001f6c        0x4 LONG 0x200000c0 __cy_region_start_data
                0x00001f70        0x4 LONG 0xa8 __cy_region_init_size_ram
                0x00001f74        0x4 LONG 0xe8 __cy_region_zero_size_ram
                0x00001f78                __cy_regions_end = .
                0x00001f78                . = ALIGN (0x8)
                0x00001f78                _etext = .

.cy_checksum_exclude
                0x00001f78        0x0
 *(.cy_checksum_exclude)

.ramvectors     0x20000000       0xc0
                0x20000000                __cy_region_start_ram = .
 *(.ramvectors)
 .ramvectors    0x20000000       0xc0 .\CortexM0\ARM_GCC_541\Debug\Cm0Start.o
                0x20000000                CyRamVectors

.noinit
 *(.noinit)

.data           0x200000c0       0xa8 load address 0x00001f78
                0x200000c0                __cy_region_start_data = .
 *(.jcr)
 .jcr           0x200000c0        0x0 c:/program files (x86)/cypress/psoc creator/4.2/psoc creator/import/gnu/arm/5.4.1/bin/../lib/gcc/arm-none-eabi/5.4.1/armv6-m/crtbegin.o
 .jcr           0x200000c0        0x4 c:/program files (x86)/cypress/psoc creator/4.2/psoc creator/import/gnu/arm/5.4.1/bin/../lib/gcc/arm-none-eabi/5.4.1/armv6-m/crtend.o
 *(.got.plt)
 *(.got)
 *(.shdata)
 *(.data .data.* .gnu.linkonce.d.*)
 .data          0x200000c4        0x4 .\CortexM0\ARM_GCC_541\Debug\main.o
                0x200000c4                dutyCMP
 .data          0x200000c8       0x14 .\CortexM0\ARM_GCC_541\Debug\test-driverLed.a(CyLib.o)
                0x200000c8                CySysClkPumpConfig
                0x200000cc                cydelay32kMs
                0x200000d0                cydelayFreqKhz
                0x200000d4                cydelayFreqMhz
                0x200000d8                cydelayFreqHz
 .data          0x200000dc        0x8 .\CortexM0\ARM_GCC_541\Debug\test-driverLed.a(CyLFClk.o)
 .data          0x200000e4       0x14 .\CortexM0\ARM_GCC_541\Debug\test-driverLed.a(CapSense.o)
                0x200000e4                CapSense_widgetResolution
                0x200000ec                CapSense_sensorEnableMask
                0x200000f0                CapSense_pcTable
 .data          0x200000f8        0x6 .\CortexM0\ARM_GCC_541\Debug\test-driverLed.a(CapSense_CSHL.o)
                0x200000f8                CapSense_debounce
                0x200000fc                CapSense_lowBaselineReset
 *fill*         0x200000fe        0x2 
 .data          0x20000100        0x2 .\CortexM0\ARM_GCC_541\Debug\test-driverLed.a(CapSense_SMS.o)
                0x20000100                CapSense_sensorSensitivity
 *fill*         0x20000102        0x2 
 .data.impure_data
                0x20000104       0x60 c:/program files (x86)/cypress/psoc creator/4.2/psoc creator/import/gnu/arm/5.4.1/bin/../lib/gcc/arm-none-eabi/5.4.1/../../../../arm-none-eabi/lib/armv6-m\libg_nano.a(lib_a-impure.o)
 .data._impure_ptr
                0x20000164        0x4 c:/program files (x86)/cypress/psoc creator/4.2/psoc creator/import/gnu/arm/5.4.1/bin/../lib/gcc/arm-none-eabi/5.4.1/../../../../arm-none-eabi/lib/armv6-m\libg_nano.a(lib_a-impure.o)
                0x20000164                _impure_ptr
                0x20000168                . = ALIGN (0x8)
 *(.ram)
                0x20000168                _edata = .

.igot.plt       0x20000168        0x0 load address 0x00002020
 .igot.plt      0x20000168        0x0 c:/program files (x86)/cypress/psoc creator/4.2/psoc creator/import/gnu/arm/5.4.1/bin/../lib/gcc/arm-none-eabi/5.4.1/armv6-m/crtbegin.o

.bss            0x20000168       0xe8 load address 0x00002020
                0x20000168                PROVIDE (__bss_start__, .)
 *(.shbss)
 *(.bss .bss.* .gnu.linkonce.b.*)
 .bss           0x20000168       0x1c c:/program files (x86)/cypress/psoc creator/4.2/psoc creator/import/gnu/arm/5.4.1/bin/../lib/gcc/arm-none-eabi/5.4.1/armv6-m/crtbegin.o
 .bss           0x20000184       0x20 .\CortexM0\ARM_GCC_541\Debug\main.o
                0x20000184                countCharChange
                0x20000188                i
                0x2000018c                character
                0x20000190                buttonsVal
                0x20000198                blank
                0x2000019c                buttonsLastVal
 .bss           0x200001a4        0x4 .\CortexM0\ARM_GCC_541\Debug\test-driverLed.a(SPI_1.o)
                0x200001a4                SPI_1_initVar
                0x200001a6                SPI_1_IntrTxMask
 .bss           0x200001a8       0x28 .\CortexM0\ARM_GCC_541\Debug\test-driverLed.a(CyLFClk.o)
 .bss           0x200001d0        0x1 .\CortexM0\ARM_GCC_541\Debug\test-driverLed.a(PWM_1.o)
                0x200001d0                PWM_1_initVar
 *fill*         0x200001d1        0x3 
 .bss           0x200001d4        0xb .\CortexM0\ARM_GCC_541\Debug\test-driverLed.a(CapSense.o)
                0x200001d4                CapSense_csdStatusVar
                0x200001d8                CapSense_sensorRaw
                0x200001dc                CapSense_sensorIndex
                0x200001de                CapSense_lowLevelTuningDone
 *fill*         0x200001df        0x1 
 .bss           0x200001e0       0x11 .\CortexM0\ARM_GCC_541\Debug\test-driverLed.a(CapSense_CSHL.o)
                0x200001e0                CapSense_sensorBaseline
                0x200001e4                CapSense_sensorBaselineLow
                0x200001e8                CapSense_sensorSignal
                0x200001f0                CapSense_sensorOnMask
 .bss           0x200001f1        0x1 .\CortexM0\ARM_GCC_541\Debug\test-driverLed.a(CapSense_INT.o)
 *(COMMON)
 *fill*         0x200001f2        0x2 
 COMMON         0x200001f4       0x1e .\CortexM0\ARM_GCC_541\Debug\test-driverLed.a(CapSense.o)
                0x200001f4                CapSense_csdTrim1
                0x200001f8                CapSense_scanSpeedTbl
                0x200001fc                CapSense_sensorEnableMaskBackup
                0x20000200                CapSense_senseClkDividerVal
                0x20000204                CapSense_modulationIDAC
                0x20000208                CapSense_compensationIDAC
                0x2000020c                CapSense_unscannedSnsDriveMode
                0x20000210                CapSense_sampleClkDividerVal
 *fill*         0x20000212        0x2 
 COMMON         0x20000214       0x12 .\CortexM0\ARM_GCC_541\Debug\test-driverLed.a(CapSense_CSHL.o)
                0x20000214                CapSense_noiseThreshold
                0x20000218                CapSense_lowBaselineResetCnt
                0x2000021c                CapSense_negativeNoiseThreshold
                0x20000220                CapSense_hysteresis
                0x20000224                CapSense_fingerThreshold
 *fill*         0x20000226        0x2 
 COMMON         0x20000228       0x26 .\CortexM0\ARM_GCC_541\Debug\test-driverLed.a(CapSense_SMS.o)
                0x20000228                CapSense_runningDifferenceTbl
                0x2000022c                CapSense_signRegisterTbl
                0x20000230                CapSense_sampleMaxTbl
                0x20000234                CapSense_noiseEnvelopeTbl
                0x20000238                CapSense_previousSampleTbl
                0x2000023c                CapSense_sampleMinTbl
                0x20000240                CapSense_config
                0x2000024c                CapSense_kValueTbl
                0x20000250                . = ALIGN (0x8)
 *fill*         0x2000024e        0x2 
 *(.ram.b)
                0x20000250                _end = .
                0x20000250                __end = .
                0x20000250                PROVIDE (end, .)
                0x20000250                PROVIDE (__bss_end__, .)
                0x00001f78                __cy_region_init_ram = LOADADDR (.data)
                0x000000a8                __cy_region_init_size_ram = (_edata - ADDR (.data))
                0x000000e8                __cy_region_zero_size_ram = (_end - _edata)

.heap           0x20000250       0x80 load address 0x00002020
                0x20000250                . = _end
                0x200002d0                . = (. + 0x80)
 *fill*         0x20000250       0x80 
                0x200002d0                __cy_heap_limit = .

.stack          0x20003800      0x800
                0x20003800                __cy_stack_limit = .
                0x20004000                . = (. + 0x800)
 *fill*         0x20003800      0x800 
                0x00000001                ASSERT ((__cy_stack_limit >= __cy_heap_limit), region RAM overflowed with stack)
                0x00000000                cy_checksum_exclude_size = (CY_APPL_LOADABLE == 0x1)?SIZEOF (.cy_checksum_exclude):0x0
                0x00000001                ASSERT ((cy_checksum_exclude_size <= CY_CHECKSUM_EXCLUDE_SIZE), CY_BOOT: Section .cy_checksum_exclude size exceedes specified limit.)
                0x0001ffc0                cyloadermeta_start = (cy_project_type_bootloader || cy_project_type_app_for_stack_and_copier)?(LENGTH (rom) - CY_METADATA_SIZE):0xf0000000

.cyloadermeta
 *(.cyloadermeta)
                0x0001ffc0                cyloadablemeta_start = cy_project_type_app_for_stack_and_copier?((LENGTH (rom) - CY_FLASH_ROW_SIZE) - CY_METADATA_SIZE):((LENGTH (rom) - (CY_FLASH_ROW_SIZE * (CY_APPL_NUM - 0x1))) - CY_METADATA_SIZE)

.cyloadablemeta
 *(.cyloadablemeta)

.cyflashprotect
                0x90400000       0x80
 *(.cyflashprotect)
 .cyflashprotect
                0x90400000       0x80 .\CortexM0\ARM_GCC_541\Debug\cymetadata.o
                0x90400000                cy_meta_flashprotect

.cymeta         0x90500000        0xc
 *(.cymeta)
 .cymeta        0x90500000        0xc .\CortexM0\ARM_GCC_541\Debug\cymetadata.o
                0x90500000                cy_metadata

.cychipprotect  0x90600000        0x1
 *(.cychipprotect)
 .cychipprotect
                0x90600000        0x1 .\CortexM0\ARM_GCC_541\Debug\cymetadata.o
                0x90600000                cy_meta_chipprotect

.rel.dyn        0x00002020        0x0 load address 0x90600004
 .rel.iplt      0x00002020        0x0 c:/program files (x86)/cypress/psoc creator/4.2/psoc creator/import/gnu/arm/5.4.1/bin/../lib/gcc/arm-none-eabi/5.4.1/armv6-m/crtbegin.o

.stab
 *(.stab)

.stabstr
 *(.stabstr)

.debug
 *(.debug)

.line
 *(.line)

.debug_srcinfo
 *(.debug_srcinfo)

.debug_sfnames
 *(.debug_sfnames)

.debug_aranges  0x00000000      0xb20
 *(.debug_aranges)
 .debug_aranges
                0x00000000       0x40 .\CortexM0\ARM_GCC_541\Debug\main.o
 .debug_aranges
                0x00000040       0x48 .\CortexM0\ARM_GCC_541\Debug\cyfitter_cfg.o
 .debug_aranges
                0x00000088       0x18 .\CortexM0\ARM_GCC_541\Debug\cymetadata.o
 .debug_aranges
                0x000000a0       0x48 .\CortexM0\ARM_GCC_541\Debug\Cm0Start.o
 .debug_aranges
                0x000000e8       0x58 .\CortexM0\ARM_GCC_541\Debug\test-driverLed.a(SPI_1.o)
 .debug_aranges
                0x00000140       0x60 .\CortexM0\ARM_GCC_541\Debug\test-driverLed.a(SPI_1_SPI_UART.o)
 .debug_aranges
                0x000001a0       0x40 .\CortexM0\ARM_GCC_541\Debug\test-driverLed.a(SPI_1_SPI.o)
 .debug_aranges
                0x000001e0      0x1b0 .\CortexM0\ARM_GCC_541\Debug\test-driverLed.a(CyLib.o)
 .debug_aranges
                0x00000390      0x188 .\CortexM0\ARM_GCC_541\Debug\test-driverLed.a(CyLFClk.o)
 .debug_aranges
                0x00000518       0x48 .\CortexM0\ARM_GCC_541\Debug\test-driverLed.a(LE.o)
 .debug_aranges
                0x00000560       0x40 .\CortexM0\ARM_GCC_541\Debug\test-driverLed.a(Clock_1.o)
 .debug_aranges
                0x000005a0       0x98 .\CortexM0\ARM_GCC_541\Debug\test-driverLed.a(PWM_1.o)
 .debug_aranges
                0x00000638       0x48 .\CortexM0\ARM_GCC_541\Debug\test-driverLed.a(PWM.o)
 .debug_aranges
                0x00000680      0x150 .\CortexM0\ARM_GCC_541\Debug\test-driverLed.a(CapSense.o)
 .debug_aranges
                0x000007d0      0x110 .\CortexM0\ARM_GCC_541\Debug\test-driverLed.a(CapSense_CSHL.o)
 .debug_aranges
                0x000008e0       0x20 .\CortexM0\ARM_GCC_541\Debug\test-driverLed.a(CapSense_INT.o)
 .debug_aranges
                0x00000900       0x60 .\CortexM0\ARM_GCC_541\Debug\test-driverLed.a(CapSense_SMS.o)
 .debug_aranges
                0x00000960       0x40 .\CortexM0\ARM_GCC_541\Debug\test-driverLed.a(CapSense_SampleClk.o)
 .debug_aranges
                0x000009a0       0x40 .\CortexM0\ARM_GCC_541\Debug\test-driverLed.a(CapSense_SenseClk.o)
 .debug_aranges
                0x000009e0       0x48 .\CortexM0\ARM_GCC_541\Debug\test-driverLed.a(STR.o)
 .debug_aranges
                0x00000a28       0x48 .\CortexM0\ARM_GCC_541\Debug\test-driverLed.a(STG.o)
 .debug_aranges
                0x00000a70       0x48 .\CortexM0\ARM_GCC_541\Debug\test-driverLed.a(STB.o)
 .debug_aranges
                0x00000ab8       0x20 .\CortexM0\ARM_GCC_541\Debug\test-driverLed.a(CyBootAsmGnu.o)
 .debug_aranges
                0x00000ad8       0x48 C:\Program Files (x86)\Cypress\PSoC Creator\4.2\PSoC Creator\psoc\content\CyComponentLibrary\CyComponentLibrary.cylib\CapSense_CSD_P4_v2_60\PSoC4\Library\CapsenseP4Library_GCC.a(CSD_P4_SmartSense_v2_60.o)

.debug_pubnames
 *(.debug_pubnames)

.debug_info     0x00000000     0x6cff
 *(.debug_info .gnu.linkonce.wi.*)
 .debug_info    0x00000000      0x48b .\CortexM0\ARM_GCC_541\Debug\main.o
 .debug_info    0x0000048b      0x499 .\CortexM0\ARM_GCC_541\Debug\cyfitter_cfg.o
 .debug_info    0x00000924       0xf8 .\CortexM0\ARM_GCC_541\Debug\cymetadata.o
 .debug_info    0x00000a1c      0x3a2 .\CortexM0\ARM_GCC_541\Debug\Cm0Start.o
 .debug_info    0x00000dbe      0x23a .\CortexM0\ARM_GCC_541\Debug\test-driverLed.a(SPI_1.o)
 .debug_info    0x00000ff8      0x220 .\CortexM0\ARM_GCC_541\Debug\test-driverLed.a(SPI_1_SPI_UART.o)
 .debug_info    0x00001218      0x187 .\CortexM0\ARM_GCC_541\Debug\test-driverLed.a(SPI_1_SPI.o)
 .debug_info    0x0000139f      0xbd0 .\CortexM0\ARM_GCC_541\Debug\test-driverLed.a(CyLib.o)
 .debug_info    0x00001f6f     0x1071 .\CortexM0\ARM_GCC_541\Debug\test-driverLed.a(CyLFClk.o)
 .debug_info    0x00002fe0      0x19d .\CortexM0\ARM_GCC_541\Debug\test-driverLed.a(LE.o)
 .debug_info    0x0000317d      0x166 .\CortexM0\ARM_GCC_541\Debug\test-driverLed.a(Clock_1.o)
 .debug_info    0x000032e3      0x352 .\CortexM0\ARM_GCC_541\Debug\test-driverLed.a(PWM_1.o)
 .debug_info    0x00003635      0x19b .\CortexM0\ARM_GCC_541\Debug\test-driverLed.a(PWM.o)
 .debug_info    0x000037d0     0x107e .\CortexM0\ARM_GCC_541\Debug\test-driverLed.a(CapSense.o)
 .debug_info    0x0000484e      0xd50 .\CortexM0\ARM_GCC_541\Debug\test-driverLed.a(CapSense_CSHL.o)
 .debug_info    0x0000559e      0x198 .\CortexM0\ARM_GCC_541\Debug\test-driverLed.a(CapSense_INT.o)
 .debug_info    0x00005736      0x77d .\CortexM0\ARM_GCC_541\Debug\test-driverLed.a(CapSense_SMS.o)
 .debug_info    0x00005eb3      0x166 .\CortexM0\ARM_GCC_541\Debug\test-driverLed.a(CapSense_SampleClk.o)
 .debug_info    0x00006019      0x166 .\CortexM0\ARM_GCC_541\Debug\test-driverLed.a(CapSense_SenseClk.o)
 .debug_info    0x0000617f      0x19d .\CortexM0\ARM_GCC_541\Debug\test-driverLed.a(STR.o)
 .debug_info    0x0000631c      0x19d .\CortexM0\ARM_GCC_541\Debug\test-driverLed.a(STG.o)
 .debug_info    0x000064b9      0x19d .\CortexM0\ARM_GCC_541\Debug\test-driverLed.a(STB.o)
 .debug_info    0x00006656       0xc7 .\CortexM0\ARM_GCC_541\Debug\test-driverLed.a(CyBootAsmGnu.o)
 .debug_info    0x0000671d      0x5e2 C:\Program Files (x86)\Cypress\PSoC Creator\4.2\PSoC Creator\psoc\content\CyComponentLibrary\CyComponentLibrary.cylib\CapSense_CSD_P4_v2_60\PSoC4\Library\CapsenseP4Library_GCC.a(CSD_P4_SmartSense_v2_60.o)

.debug_abbrev   0x00000000     0x1bab
 *(.debug_abbrev)
 .debug_abbrev  0x00000000      0x17c .\CortexM0\ARM_GCC_541\Debug\main.o
 .debug_abbrev  0x0000017c      0x1cf .\CortexM0\ARM_GCC_541\Debug\cyfitter_cfg.o
 .debug_abbrev  0x0000034b       0x5d .\CortexM0\ARM_GCC_541\Debug\cymetadata.o
 .debug_abbrev  0x000003a8      0x1d7 .\CortexM0\ARM_GCC_541\Debug\Cm0Start.o
 .debug_abbrev  0x0000057f       0xd5 .\CortexM0\ARM_GCC_541\Debug\test-driverLed.a(SPI_1.o)
 .debug_abbrev  0x00000654      0x14f .\CortexM0\ARM_GCC_541\Debug\test-driverLed.a(SPI_1_SPI_UART.o)
 .debug_abbrev  0x000007a3       0xf7 .\CortexM0\ARM_GCC_541\Debug\test-driverLed.a(SPI_1_SPI.o)
 .debug_abbrev  0x0000089a      0x1e0 .\CortexM0\ARM_GCC_541\Debug\test-driverLed.a(CyLib.o)
 .debug_abbrev  0x00000a7a      0x248 .\CortexM0\ARM_GCC_541\Debug\test-driverLed.a(CyLFClk.o)
 .debug_abbrev  0x00000cc2       0xc8 .\CortexM0\ARM_GCC_541\Debug\test-driverLed.a(LE.o)
 .debug_abbrev  0x00000d8a       0xb7 .\CortexM0\ARM_GCC_541\Debug\test-driverLed.a(Clock_1.o)
 .debug_abbrev  0x00000e41      0x133 .\CortexM0\ARM_GCC_541\Debug\test-driverLed.a(PWM_1.o)
 .debug_abbrev  0x00000f74       0xc8 .\CortexM0\ARM_GCC_541\Debug\test-driverLed.a(PWM.o)
 .debug_abbrev  0x0000103c      0x188 .\CortexM0\ARM_GCC_541\Debug\test-driverLed.a(CapSense.o)
 .debug_abbrev  0x000011c4      0x20e .\CortexM0\ARM_GCC_541\Debug\test-driverLed.a(CapSense_CSHL.o)
 .debug_abbrev  0x000013d2       0xca .\CortexM0\ARM_GCC_541\Debug\test-driverLed.a(CapSense_INT.o)
 .debug_abbrev  0x0000149c      0x1d5 .\CortexM0\ARM_GCC_541\Debug\test-driverLed.a(CapSense_SMS.o)
 .debug_abbrev  0x00001671       0xb7 .\CortexM0\ARM_GCC_541\Debug\test-driverLed.a(CapSense_SampleClk.o)
 .debug_abbrev  0x00001728       0xb7 .\CortexM0\ARM_GCC_541\Debug\test-driverLed.a(CapSense_SenseClk.o)
 .debug_abbrev  0x000017df       0xc8 .\CortexM0\ARM_GCC_541\Debug\test-driverLed.a(STR.o)
 .debug_abbrev  0x000018a7       0xc8 .\CortexM0\ARM_GCC_541\Debug\test-driverLed.a(STG.o)
 .debug_abbrev  0x0000196f       0xc8 .\CortexM0\ARM_GCC_541\Debug\test-driverLed.a(STB.o)
 .debug_abbrev  0x00001a37       0x14 .\CortexM0\ARM_GCC_541\Debug\test-driverLed.a(CyBootAsmGnu.o)
 .debug_abbrev  0x00001a4b      0x160 C:\Program Files (x86)\Cypress\PSoC Creator\4.2\PSoC Creator\psoc\content\CyComponentLibrary\CyComponentLibrary.cylib\CapSense_CSD_P4_v2_60\PSoC4\Library\CapsenseP4Library_GCC.a(CSD_P4_SmartSense_v2_60.o)

.debug_line     0x00000000     0x29a6
 *(.debug_line)
 .debug_line    0x00000000      0x26f .\CortexM0\ARM_GCC_541\Debug\main.o
 .debug_line    0x0000026f      0x1ba .\CortexM0\ARM_GCC_541\Debug\cyfitter_cfg.o
 .debug_line    0x00000429      0x141 .\CortexM0\ARM_GCC_541\Debug\cymetadata.o
 .debug_line    0x0000056a      0x236 .\CortexM0\ARM_GCC_541\Debug\Cm0Start.o
 .debug_line    0x000007a0      0x10c .\CortexM0\ARM_GCC_541\Debug\test-driverLed.a(SPI_1.o)
 .debug_line    0x000008ac      0x11b .\CortexM0\ARM_GCC_541\Debug\test-driverLed.a(SPI_1_SPI_UART.o)
 .debug_line    0x000009c7       0xd6 .\CortexM0\ARM_GCC_541\Debug\test-driverLed.a(SPI_1_SPI.o)
 .debug_line    0x00000a9d      0x4d0 .\CortexM0\ARM_GCC_541\Debug\test-driverLed.a(CyLib.o)
 .debug_line    0x00000f6d      0x5db .\CortexM0\ARM_GCC_541\Debug\test-driverLed.a(CyLFClk.o)
 .debug_line    0x00001548       0xba .\CortexM0\ARM_GCC_541\Debug\test-driverLed.a(LE.o)
 .debug_line    0x00001602       0xba .\CortexM0\ARM_GCC_541\Debug\test-driverLed.a(Clock_1.o)
 .debug_line    0x000016bc      0x193 .\CortexM0\ARM_GCC_541\Debug\test-driverLed.a(PWM_1.o)
 .debug_line    0x0000184f       0xba .\CortexM0\ARM_GCC_541\Debug\test-driverLed.a(PWM.o)
 .debug_line    0x00001909      0x4c8 .\CortexM0\ARM_GCC_541\Debug\test-driverLed.a(CapSense.o)
 .debug_line    0x00001dd1      0x390 .\CortexM0\ARM_GCC_541\Debug\test-driverLed.a(CapSense_CSHL.o)
 .debug_line    0x00002161       0xac .\CortexM0\ARM_GCC_541\Debug\test-driverLed.a(CapSense_INT.o)
 .debug_line    0x0000220d      0x1a8 .\CortexM0\ARM_GCC_541\Debug\test-driverLed.a(CapSense_SMS.o)
 .debug_line    0x000023b5       0xc5 .\CortexM0\ARM_GCC_541\Debug\test-driverLed.a(CapSense_SampleClk.o)
 .debug_line    0x0000247a       0xc4 .\CortexM0\ARM_GCC_541\Debug\test-driverLed.a(CapSense_SenseClk.o)
 .debug_line    0x0000253e       0xbb .\CortexM0\ARM_GCC_541\Debug\test-driverLed.a(STR.o)
 .debug_line    0x000025f9       0xbb .\CortexM0\ARM_GCC_541\Debug\test-driverLed.a(STG.o)
 .debug_line    0x000026b4       0xbb .\CortexM0\ARM_GCC_541\Debug\test-driverLed.a(STB.o)
 .debug_line    0x0000276f       0x68 .\CortexM0\ARM_GCC_541\Debug\test-driverLed.a(CyBootAsmGnu.o)
 .debug_line    0x000027d7      0x1cf C:\Program Files (x86)\Cypress\PSoC Creator\4.2\PSoC Creator\psoc\content\CyComponentLibrary\CyComponentLibrary.cylib\CapSense_CSD_P4_v2_60\PSoC4\Library\CapsenseP4Library_GCC.a(CSD_P4_SmartSense_v2_60.o)

.debug_frame    0x00000000     0x1ac4
 *(.debug_frame)
 .debug_frame   0x00000000       0x78 .\CortexM0\ARM_GCC_541\Debug\main.o
 .debug_frame   0x00000078       0xb8 .\CortexM0\ARM_GCC_541\Debug\cyfitter_cfg.o
 .debug_frame   0x00000130       0xbc .\CortexM0\ARM_GCC_541\Debug\Cm0Start.o
 .debug_frame   0x000001ec       0xd8 .\CortexM0\ARM_GCC_541\Debug\test-driverLed.a(SPI_1.o)
 .debug_frame   0x000002c4       0xb0 .\CortexM0\ARM_GCC_541\Debug\test-driverLed.a(SPI_1_SPI_UART.o)
 .debug_frame   0x00000374       0x6c .\CortexM0\ARM_GCC_541\Debug\test-driverLed.a(SPI_1_SPI.o)
 .debug_frame   0x000003e0      0x444 .\CortexM0\ARM_GCC_541\Debug\test-driverLed.a(CyLib.o)
 .debug_frame   0x00000824      0x4a8 .\CortexM0\ARM_GCC_541\Debug\test-driverLed.a(CyLFClk.o)
 .debug_frame   0x00000ccc       0x70 .\CortexM0\ARM_GCC_541\Debug\test-driverLed.a(LE.o)
 .debug_frame   0x00000d3c       0x6c .\CortexM0\ARM_GCC_541\Debug\test-driverLed.a(Clock_1.o)
 .debug_frame   0x00000da8      0x138 .\CortexM0\ARM_GCC_541\Debug\test-driverLed.a(PWM_1.o)
 .debug_frame   0x00000ee0       0x70 .\CortexM0\ARM_GCC_541\Debug\test-driverLed.a(PWM.o)
 .debug_frame   0x00000f50      0x3a8 .\CortexM0\ARM_GCC_541\Debug\test-driverLed.a(CapSense.o)
 .debug_frame   0x000012f8      0x2cc .\CortexM0\ARM_GCC_541\Debug\test-driverLed.a(CapSense_CSHL.o)
 .debug_frame   0x000015c4       0x2c .\CortexM0\ARM_GCC_541\Debug\test-driverLed.a(CapSense_INT.o)
 .debug_frame   0x000015f0       0xec .\CortexM0\ARM_GCC_541\Debug\test-driverLed.a(CapSense_SMS.o)
 .debug_frame   0x000016dc       0x6c .\CortexM0\ARM_GCC_541\Debug\test-driverLed.a(CapSense_SampleClk.o)
 .debug_frame   0x00001748       0x6c .\CortexM0\ARM_GCC_541\Debug\test-driverLed.a(CapSense_SenseClk.o)
 .debug_frame   0x000017b4       0x70 .\CortexM0\ARM_GCC_541\Debug\test-driverLed.a(STR.o)
 .debug_frame   0x00001824       0x70 .\CortexM0\ARM_GCC_541\Debug\test-driverLed.a(STG.o)
 .debug_frame   0x00001894       0x70 .\CortexM0\ARM_GCC_541\Debug\test-driverLed.a(STB.o)
 .debug_frame   0x00001904       0xec C:\Program Files (x86)\Cypress\PSoC Creator\4.2\PSoC Creator\psoc\content\CyComponentLibrary\CyComponentLibrary.cylib\CapSense_CSD_P4_v2_60\PSoC4\Library\CapsenseP4Library_GCC.a(CSD_P4_SmartSense_v2_60.o)
 .debug_frame   0x000019f0       0x20 c:/program files (x86)/cypress/psoc creator/4.2/psoc creator/import/gnu/arm/5.4.1/bin/../lib/gcc/arm-none-eabi/5.4.1/armv6-m\libgcc.a(_udivsi3.o)
 .debug_frame   0x00001a10       0x20 c:/program files (x86)/cypress/psoc creator/4.2/psoc creator/import/gnu/arm/5.4.1/bin/../lib/gcc/arm-none-eabi/5.4.1/armv6-m\libgcc.a(_divsi3.o)
 .debug_frame   0x00001a30       0x20 c:/program files (x86)/cypress/psoc creator/4.2/psoc creator/import/gnu/arm/5.4.1/bin/../lib/gcc/arm-none-eabi/5.4.1/../../../../arm-none-eabi/lib/armv6-m\libg_nano.a(lib_a-errno.o)
 .debug_frame   0x00001a50       0x28 c:/program files (x86)/cypress/psoc creator/4.2/psoc creator/import/gnu/arm/5.4.1/bin/../lib/gcc/arm-none-eabi/5.4.1/../../../../arm-none-eabi/lib/armv6-m\libg_nano.a(lib_a-exit.o)
 .debug_frame   0x00001a78       0x2c c:/program files (x86)/cypress/psoc creator/4.2/psoc creator/import/gnu/arm/5.4.1/bin/../lib/gcc/arm-none-eabi/5.4.1/../../../../arm-none-eabi/lib/armv6-m\libg_nano.a(lib_a-init.o)
 .debug_frame   0x00001aa4       0x20 c:/program files (x86)/cypress/psoc creator/4.2/psoc creator/import/gnu/arm/5.4.1/bin/../lib/gcc/arm-none-eabi/5.4.1/../../../../arm-none-eabi/lib/armv6-m\libg_nano.a(lib_a-memset.o)

.debug_str      0x00000000     0x2e3a
 *(.debug_str)
 .debug_str     0x00000000      0x388 .\CortexM0\ARM_GCC_541\Debug\main.o
                                0x3d1 (size before relaxing)
 .debug_str     0x00000388      0x1aa .\CortexM0\ARM_GCC_541\Debug\cyfitter_cfg.o
                                0x386 (size before relaxing)
 .debug_str     0x00000532       0x63 .\CortexM0\ARM_GCC_541\Debug\cymetadata.o
                                0x1ff (size before relaxing)
 .debug_str     0x00000595      0x13a .\CortexM0\ARM_GCC_541\Debug\Cm0Start.o
                                0x338 (size before relaxing)
 .debug_str     0x000006cf      0x101 .\CortexM0\ARM_GCC_541\Debug\test-driverLed.a(SPI_1.o)
                                0x2d9 (size before relaxing)
 .debug_str     0x000007d0      0x126 .\CortexM0\ARM_GCC_541\Debug\test-driverLed.a(SPI_1_SPI_UART.o)
                                0x310 (size before relaxing)
 .debug_str     0x000008f6       0x89 .\CortexM0\ARM_GCC_541\Debug\test-driverLed.a(SPI_1_SPI.o)
                                0x290 (size before relaxing)
 .debug_str     0x0000097f      0x50b .\CortexM0\ARM_GCC_541\Debug\test-driverLed.a(CyLib.o)
                                0x772 (size before relaxing)
 .debug_str     0x00000e8a      0x6ea .\CortexM0\ARM_GCC_541\Debug\test-driverLed.a(CyLFClk.o)
                                0x96f (size before relaxing)
 .debug_str     0x00001574       0x8d .\CortexM0\ARM_GCC_541\Debug\test-driverLed.a(LE.o)
                                0x258 (size before relaxing)
 .debug_str     0x00001601       0xc7 .\CortexM0\ARM_GCC_541\Debug\test-driverLed.a(Clock_1.o)
                                0x28e (size before relaxing)
 .debug_str     0x000016c8      0x17d .\CortexM0\ARM_GCC_541\Debug\test-driverLed.a(PWM_1.o)
                                0x395 (size before relaxing)
 .debug_str     0x00001845       0x70 .\CortexM0\ARM_GCC_541\Debug\test-driverLed.a(PWM.o)
                                0x25f (size before relaxing)
 .debug_str     0x000018b5      0x803 .\CortexM0\ARM_GCC_541\Debug\test-driverLed.a(CapSense.o)
                                0xac6 (size before relaxing)
 .debug_str     0x000020b8      0x64b .\CortexM0\ARM_GCC_541\Debug\test-driverLed.a(CapSense_CSHL.o)
                                0xa57 (size before relaxing)
 .debug_str     0x00002703       0x48 .\CortexM0\ARM_GCC_541\Debug\test-driverLed.a(CapSense_INT.o)
                                0x2c6 (size before relaxing)
 .debug_str     0x0000274b      0x25a .\CortexM0\ARM_GCC_541\Debug\test-driverLed.a(CapSense_SMS.o)
                                0x802 (size before relaxing)
 .debug_str     0x000029a5       0x82 .\CortexM0\ARM_GCC_541\Debug\test-driverLed.a(CapSense_SampleClk.o)
                                0x2d0 (size before relaxing)
 .debug_str     0x00002a27       0x7f .\CortexM0\ARM_GCC_541\Debug\test-driverLed.a(CapSense_SenseClk.o)
                                0x2ca (size before relaxing)
 .debug_str     0x00002aa6       0x66 .\CortexM0\ARM_GCC_541\Debug\test-driverLed.a(STR.o)
                                0x25f (size before relaxing)
 .debug_str     0x00002b0c       0x6f .\CortexM0\ARM_GCC_541\Debug\test-driverLed.a(STG.o)
                                0x25f (size before relaxing)
 .debug_str     0x00002b7b       0x6f .\CortexM0\ARM_GCC_541\Debug\test-driverLed.a(STB.o)
                                0x25f (size before relaxing)
 .debug_str     0x00002bea      0x250 C:\Program Files (x86)\Cypress\PSoC Creator\4.2\PSoC Creator\psoc\content\CyComponentLibrary\CyComponentLibrary.cylib\CapSense_CSD_P4_v2_60\PSoC4\Library\CapsenseP4Library_GCC.a(CSD_P4_SmartSense_v2_60.o)
                                0x59d (size before relaxing)

.debug_loc      0x00000000     0x36ef
 *(.debug_loc)
 .debug_loc     0x00000000       0x5f .\CortexM0\ARM_GCC_541\Debug\main.o
 .debug_loc     0x0000005f      0x14d .\CortexM0\ARM_GCC_541\Debug\cyfitter_cfg.o
 .debug_loc     0x000001ac      0x14f .\CortexM0\ARM_GCC_541\Debug\Cm0Start.o
 .debug_loc     0x000002fb       0x7e .\CortexM0\ARM_GCC_541\Debug\test-driverLed.a(SPI_1.o)
 .debug_loc     0x00000379       0x96 .\CortexM0\ARM_GCC_541\Debug\test-driverLed.a(SPI_1_SPI_UART.o)
 .debug_loc     0x0000040f       0xc1 .\CortexM0\ARM_GCC_541\Debug\test-driverLed.a(SPI_1_SPI.o)
 .debug_loc     0x000004d0      0x554 .\CortexM0\ARM_GCC_541\Debug\test-driverLed.a(CyLib.o)
 .debug_loc     0x00000a24      0xdaa .\CortexM0\ARM_GCC_541\Debug\test-driverLed.a(CyLFClk.o)
 .debug_loc     0x000017ce       0xa2 .\CortexM0\ARM_GCC_541\Debug\test-driverLed.a(LE.o)
 .debug_loc     0x00001870       0x76 .\CortexM0\ARM_GCC_541\Debug\test-driverLed.a(Clock_1.o)
 .debug_loc     0x000018e6       0x26 .\CortexM0\ARM_GCC_541\Debug\test-driverLed.a(PWM_1.o)
 .debug_loc     0x0000190c       0x81 .\CortexM0\ARM_GCC_541\Debug\test-driverLed.a(PWM.o)
 .debug_loc     0x0000198d      0xb10 .\CortexM0\ARM_GCC_541\Debug\test-driverLed.a(CapSense.o)
 .debug_loc     0x0000249d      0x6e3 .\CortexM0\ARM_GCC_541\Debug\test-driverLed.a(CapSense_CSHL.o)
 .debug_loc     0x00002b80      0x20f .\CortexM0\ARM_GCC_541\Debug\test-driverLed.a(CapSense_SMS.o)
 .debug_loc     0x00002d8f       0x76 .\CortexM0\ARM_GCC_541\Debug\test-driverLed.a(CapSense_SampleClk.o)
 .debug_loc     0x00002e05       0x76 .\CortexM0\ARM_GCC_541\Debug\test-driverLed.a(CapSense_SenseClk.o)
 .debug_loc     0x00002e7b       0xa2 .\CortexM0\ARM_GCC_541\Debug\test-driverLed.a(STR.o)
 .debug_loc     0x00002f1d       0xa2 .\CortexM0\ARM_GCC_541\Debug\test-driverLed.a(STG.o)
 .debug_loc     0x00002fbf       0xa2 .\CortexM0\ARM_GCC_541\Debug\test-driverLed.a(STB.o)
 .debug_loc     0x00003061      0x68e C:\Program Files (x86)\Cypress\PSoC Creator\4.2\PSoC Creator\psoc\content\CyComponentLibrary\CyComponentLibrary.cylib\CapSense_CSD_P4_v2_60\PSoC4\Library\CapsenseP4Library_GCC.a(CSD_P4_SmartSense_v2_60.o)

.debug_macinfo
 *(.debug_macinfo)

.debug_ranges   0x00000000      0x988
 *(.debug_ranges)
 .debug_ranges  0x00000000       0x30 .\CortexM0\ARM_GCC_541\Debug\main.o
 .debug_ranges  0x00000030       0x38 .\CortexM0\ARM_GCC_541\Debug\cyfitter_cfg.o
 .debug_ranges  0x00000068       0x38 .\CortexM0\ARM_GCC_541\Debug\Cm0Start.o
 .debug_ranges  0x000000a0       0x48 .\CortexM0\ARM_GCC_541\Debug\test-driverLed.a(SPI_1.o)
 .debug_ranges  0x000000e8       0x50 .\CortexM0\ARM_GCC_541\Debug\test-driverLed.a(SPI_1_SPI_UART.o)
 .debug_ranges  0x00000138       0x30 .\CortexM0\ARM_GCC_541\Debug\test-driverLed.a(SPI_1_SPI.o)
 .debug_ranges  0x00000168      0x1a0 .\CortexM0\ARM_GCC_541\Debug\test-driverLed.a(CyLib.o)
 .debug_ranges  0x00000308      0x178 .\CortexM0\ARM_GCC_541\Debug\test-driverLed.a(CyLFClk.o)
 .debug_ranges  0x00000480       0x38 .\CortexM0\ARM_GCC_541\Debug\test-driverLed.a(LE.o)
 .debug_ranges  0x000004b8       0x30 .\CortexM0\ARM_GCC_541\Debug\test-driverLed.a(Clock_1.o)
 .debug_ranges  0x000004e8       0x88 .\CortexM0\ARM_GCC_541\Debug\test-driverLed.a(PWM_1.o)
 .debug_ranges  0x00000570       0x38 .\CortexM0\ARM_GCC_541\Debug\test-driverLed.a(PWM.o)
 .debug_ranges  0x000005a8      0x140 .\CortexM0\ARM_GCC_541\Debug\test-driverLed.a(CapSense.o)
 .debug_ranges  0x000006e8      0x100 .\CortexM0\ARM_GCC_541\Debug\test-driverLed.a(CapSense_CSHL.o)
 .debug_ranges  0x000007e8       0x10 .\CortexM0\ARM_GCC_541\Debug\test-driverLed.a(CapSense_INT.o)
 .debug_ranges  0x000007f8       0x50 .\CortexM0\ARM_GCC_541\Debug\test-driverLed.a(CapSense_SMS.o)
 .debug_ranges  0x00000848       0x30 .\CortexM0\ARM_GCC_541\Debug\test-driverLed.a(CapSense_SampleClk.o)
 .debug_ranges  0x00000878       0x30 .\CortexM0\ARM_GCC_541\Debug\test-driverLed.a(CapSense_SenseClk.o)
 .debug_ranges  0x000008a8       0x38 .\CortexM0\ARM_GCC_541\Debug\test-driverLed.a(STR.o)
 .debug_ranges  0x000008e0       0x38 .\CortexM0\ARM_GCC_541\Debug\test-driverLed.a(STG.o)
 .debug_ranges  0x00000918       0x38 .\CortexM0\ARM_GCC_541\Debug\test-driverLed.a(STB.o)
 .debug_ranges  0x00000950       0x38 C:\Program Files (x86)\Cypress\PSoC Creator\4.2\PSoC Creator\psoc\content\CyComponentLibrary\CyComponentLibrary.cylib\CapSense_CSD_P4_v2_60\PSoC4\Library\CapsenseP4Library_GCC.a(CSD_P4_SmartSense_v2_60.o)

.comment        0x00000000       0xde
 .comment       0x00000000       0x6e .\CortexM0\ARM_GCC_541\Debug\main.o
                                 0x6f (size before relaxing)
 .comment       0x0000006e       0x6f .\CortexM0\ARM_GCC_541\Debug\cyfitter_cfg.o
 .comment       0x0000006e       0x6f .\CortexM0\ARM_GCC_541\Debug\cymetadata.o
 .comment       0x0000006e       0x6f .\CortexM0\ARM_GCC_541\Debug\Cm0Start.o
 .comment       0x0000006e       0x6f .\CortexM0\ARM_GCC_541\Debug\test-driverLed.a(SPI_1.o)
 .comment       0x0000006e       0x6f .\CortexM0\ARM_GCC_541\Debug\test-driverLed.a(SPI_1_SPI_UART.o)
 .comment       0x0000006e       0x6f .\CortexM0\ARM_GCC_541\Debug\test-driverLed.a(SPI_1_SPI.o)
 .comment       0x0000006e       0x6f .\CortexM0\ARM_GCC_541\Debug\test-driverLed.a(CyLib.o)
 .comment       0x0000006e       0x6f .\CortexM0\ARM_GCC_541\Debug\test-driverLed.a(CyLFClk.o)
 .comment       0x0000006e       0x6f .\CortexM0\ARM_GCC_541\Debug\test-driverLed.a(LE.o)
 .comment       0x0000006e       0x6f .\CortexM0\ARM_GCC_541\Debug\test-driverLed.a(Clock_1.o)
 .comment       0x0000006e       0x6f .\CortexM0\ARM_GCC_541\Debug\test-driverLed.a(PWM_1.o)
 .comment       0x0000006e       0x6f .\CortexM0\ARM_GCC_541\Debug\test-driverLed.a(PWM.o)
 .comment       0x0000006e       0x6f .\CortexM0\ARM_GCC_541\Debug\test-driverLed.a(CapSense.o)
 .comment       0x0000006e       0x6f .\CortexM0\ARM_GCC_541\Debug\test-driverLed.a(CapSense_CSHL.o)
 .comment       0x0000006e       0x6f .\CortexM0\ARM_GCC_541\Debug\test-driverLed.a(CapSense_INT.o)
 .comment       0x0000006e       0x6f .\CortexM0\ARM_GCC_541\Debug\test-driverLed.a(CapSense_SMS.o)
 .comment       0x0000006e       0x6f .\CortexM0\ARM_GCC_541\Debug\test-driverLed.a(CapSense_SampleClk.o)
 .comment       0x0000006e       0x6f .\CortexM0\ARM_GCC_541\Debug\test-driverLed.a(CapSense_SenseClk.o)
 .comment       0x0000006e       0x6f .\CortexM0\ARM_GCC_541\Debug\test-driverLed.a(STR.o)
 .comment       0x0000006e       0x6f .\CortexM0\ARM_GCC_541\Debug\test-driverLed.a(STG.o)
 .comment       0x0000006e       0x6f .\CortexM0\ARM_GCC_541\Debug\test-driverLed.a(STB.o)
 .comment       0x0000006e       0x70 C:\Program Files (x86)\Cypress\PSoC Creator\4.2\PSoC Creator\psoc\content\CyComponentLibrary\CyComponentLibrary.cylib\CapSense_CSD_P4_v2_60\PSoC4\Library\CapsenseP4Library_GCC.a(CSD_P4_SmartSense_v2_60.o)
                                 0x71 (size before relaxing)

.debug_weaknames
 *(.debug_weaknames)

.debug_funcnames
 *(.debug_funcnames)

.debug_typenames
 *(.debug_typenames)

.debug_varnames
 *(.debug_varnames)

.note.gnu.arm.ident
 *(.note.gnu.arm.ident)

.ARM.attributes
                0x00000000       0x28
 *(.ARM.attributes)
 .ARM.attributes
                0x00000000       0x1e c:/program files (x86)/cypress/psoc creator/4.2/psoc creator/import/gnu/arm/5.4.1/bin/../lib/gcc/arm-none-eabi/5.4.1/armv6-m/crti.o
 .ARM.attributes
                0x0000001e       0x2c c:/program files (x86)/cypress/psoc creator/4.2/psoc creator/import/gnu/arm/5.4.1/bin/../lib/gcc/arm-none-eabi/5.4.1/armv6-m/crtbegin.o
 .ARM.attributes
                0x0000004a       0x1b c:/program files (x86)/cypress/psoc creator/4.2/psoc creator/import/gnu/arm/5.4.1/bin/../lib/gcc/arm-none-eabi/5.4.1/../../../../arm-none-eabi/lib/armv6-m/crt0.o
 .ARM.attributes
                0x00000065       0x31 .\CortexM0\ARM_GCC_541\Debug\main.o
 .ARM.attributes
                0x00000096       0x31 .\CortexM0\ARM_GCC_541\Debug\cyfitter_cfg.o
 .ARM.attributes
                0x000000c7       0x31 .\CortexM0\ARM_GCC_541\Debug\cymetadata.o
 .ARM.attributes
                0x000000f8       0x31 .\CortexM0\ARM_GCC_541\Debug\Cm0Start.o
 .ARM.attributes
                0x00000129       0x31 .\CortexM0\ARM_GCC_541\Debug\test-driverLed.a(SPI_1.o)
 .ARM.attributes
                0x0000015a       0x31 .\CortexM0\ARM_GCC_541\Debug\test-driverLed.a(SPI_1_SPI_UART.o)
 .ARM.attributes
                0x0000018b       0x31 .\CortexM0\ARM_GCC_541\Debug\test-driverLed.a(SPI_1_SPI.o)
 .ARM.attributes
                0x000001bc       0x31 .\CortexM0\ARM_GCC_541\Debug\test-driverLed.a(CyLib.o)
 .ARM.attributes
                0x000001ed       0x31 .\CortexM0\ARM_GCC_541\Debug\test-driverLed.a(CyLFClk.o)
 .ARM.attributes
                0x0000021e       0x31 .\CortexM0\ARM_GCC_541\Debug\test-driverLed.a(LE.o)
 .ARM.attributes
                0x0000024f       0x31 .\CortexM0\ARM_GCC_541\Debug\test-driverLed.a(Clock_1.o)
 .ARM.attributes
                0x00000280       0x31 .\CortexM0\ARM_GCC_541\Debug\test-driverLed.a(PWM_1.o)
 .ARM.attributes
                0x000002b1       0x31 .\CortexM0\ARM_GCC_541\Debug\test-driverLed.a(PWM.o)
 .ARM.attributes
                0x000002e2       0x31 .\CortexM0\ARM_GCC_541\Debug\test-driverLed.a(CapSense.o)
 .ARM.attributes
                0x00000313       0x31 .\CortexM0\ARM_GCC_541\Debug\test-driverLed.a(CapSense_CSHL.o)
 .ARM.attributes
                0x00000344       0x31 .\CortexM0\ARM_GCC_541\Debug\test-driverLed.a(CapSense_INT.o)
 .ARM.attributes
                0x00000375       0x31 .\CortexM0\ARM_GCC_541\Debug\test-driverLed.a(CapSense_SMS.o)
 .ARM.attributes
                0x000003a6       0x31 .\CortexM0\ARM_GCC_541\Debug\test-driverLed.a(CapSense_SampleClk.o)
 .ARM.attributes
                0x000003d7       0x31 .\CortexM0\ARM_GCC_541\Debug\test-driverLed.a(CapSense_SenseClk.o)
 .ARM.attributes
                0x00000408       0x31 .\CortexM0\ARM_GCC_541\Debug\test-driverLed.a(STR.o)
 .ARM.attributes
                0x00000439       0x31 .\CortexM0\ARM_GCC_541\Debug\test-driverLed.a(STG.o)
 .ARM.attributes
                0x0000046a       0x31 .\CortexM0\ARM_GCC_541\Debug\test-driverLed.a(STB.o)
 .ARM.attributes
                0x0000049b       0x21 .\CortexM0\ARM_GCC_541\Debug\test-driverLed.a(CyBootAsmGnu.o)
 .ARM.attributes
                0x000004bc       0x31 C:\Program Files (x86)\Cypress\PSoC Creator\4.2\PSoC Creator\psoc\content\CyComponentLibrary\CyComponentLibrary.cylib\CapSense_CSD_P4_v2_60\PSoC4\Library\CapsenseP4Library_GCC.a(CSD_P4_SmartSense_v2_60.o)
 .ARM.attributes
                0x000004ed       0x1e c:/program files (x86)/cypress/psoc creator/4.2/psoc creator/import/gnu/arm/5.4.1/bin/../lib/gcc/arm-none-eabi/5.4.1/armv6-m\libgcc.a(_udivsi3.o)
 .ARM.attributes
                0x0000050b       0x1e c:/program files (x86)/cypress/psoc creator/4.2/psoc creator/import/gnu/arm/5.4.1/bin/../lib/gcc/arm-none-eabi/5.4.1/armv6-m\libgcc.a(_divsi3.o)
 .ARM.attributes
                0x00000529       0x1e c:/program files (x86)/cypress/psoc creator/4.2/psoc creator/import/gnu/arm/5.4.1/bin/../lib/gcc/arm-none-eabi/5.4.1/armv6-m\libgcc.a(_dvmd_tls.o)
 .ARM.attributes
                0x00000547       0x2c c:/program files (x86)/cypress/psoc creator/4.2/psoc creator/import/gnu/arm/5.4.1/bin/../lib/gcc/arm-none-eabi/5.4.1/../../../../arm-none-eabi/lib/armv6-m\libg_nano.a(lib_a-errno.o)
 .ARM.attributes
                0x00000573       0x2c c:/program files (x86)/cypress/psoc creator/4.2/psoc creator/import/gnu/arm/5.4.1/bin/../lib/gcc/arm-none-eabi/5.4.1/../../../../arm-none-eabi/lib/armv6-m\libg_nano.a(lib_a-exit.o)
 .ARM.attributes
                0x0000059f       0x2c c:/program files (x86)/cypress/psoc creator/4.2/psoc creator/import/gnu/arm/5.4.1/bin/../lib/gcc/arm-none-eabi/5.4.1/../../../../arm-none-eabi/lib/armv6-m\libg_nano.a(lib_a-impure.o)
 .ARM.attributes
                0x000005cb       0x2c c:/program files (x86)/cypress/psoc creator/4.2/psoc creator/import/gnu/arm/5.4.1/bin/../lib/gcc/arm-none-eabi/5.4.1/../../../../arm-none-eabi/lib/armv6-m\libg_nano.a(lib_a-init.o)
 .ARM.attributes
                0x000005f7       0x2c c:/program files (x86)/cypress/psoc creator/4.2/psoc creator/import/gnu/arm/5.4.1/bin/../lib/gcc/arm-none-eabi/5.4.1/../../../../arm-none-eabi/lib/armv6-m\libg_nano.a(lib_a-memset.o)
 .ARM.attributes
                0x00000623       0x2c c:/program files (x86)/cypress/psoc creator/4.2/psoc creator/import/gnu/arm/5.4.1/bin/../lib/gcc/arm-none-eabi/5.4.1/armv6-m/crtend.o
 .ARM.attributes
                0x0000064f       0x1e c:/program files (x86)/cypress/psoc creator/4.2/psoc creator/import/gnu/arm/5.4.1/bin/../lib/gcc/arm-none-eabi/5.4.1/armv6-m/crtn.o

/DISCARD/
 *(.note.GNU-stack)
OUTPUT(D:\Users\jagumiel\Documents\PSoC Creator\LIN-Automotive\3-LIN-Internal-Light-Control\test-driverLed\test-driverLed.cydsn\CortexM0\ARM_GCC_541\Debug\test-driverLed.elf elf32-littlearm)
