Archive member included to satisfy reference by file (symbol)

.\CortexM0\ARM_GCC_541\Debug\test-driverLed.a(SPI_1.o)
                              .\CortexM0\ARM_GCC_541\Debug\main.o (SPI_1_Start)
.\CortexM0\ARM_GCC_541\Debug\test-driverLed.a(SPI_1_SPI_UART.o)
                              .\CortexM0\ARM_GCC_541\Debug\main.o (SPI_1_SpiUartWriteTxData)
.\CortexM0\ARM_GCC_541\Debug\test-driverLed.a(SPI_1_SPI.o)
                              .\CortexM0\ARM_GCC_541\Debug\test-driverLed.a(SPI_1.o) (SPI_1_SpiPostEnable)
.\CortexM0\ARM_GCC_541\Debug\test-driverLed.a(CyLib.o)
                              .\CortexM0\ARM_GCC_541\Debug\cyfitter_cfg.o (CySysClkWriteImoFreq)
.\CortexM0\ARM_GCC_541\Debug\test-driverLed.a(CyLFClk.o)
                              .\CortexM0\ARM_GCC_541\Debug\cyfitter_cfg.o (CySysClkWcoStart)
.\CortexM0\ARM_GCC_541\Debug\test-driverLed.a(LE.o)
                              .\CortexM0\ARM_GCC_541\Debug\main.o (LE_Write)
.\CortexM0\ARM_GCC_541\Debug\test-driverLed.a(Clock_1.o)
                              .\CortexM0\ARM_GCC_541\Debug\main.o (Clock_1_StartEx)
.\CortexM0\ARM_GCC_541\Debug\test-driverLed.a(PWM_1.o)
                              .\CortexM0\ARM_GCC_541\Debug\main.o (PWM_1_WriteCompare)
.\CortexM0\ARM_GCC_541\Debug\test-driverLed.a(CapSense.o)
                              .\CortexM0\ARM_GCC_541\Debug\main.o (CapSense_IsBusy)
.\CortexM0\ARM_GCC_541\Debug\test-driverLed.a(CapSense_CSHL.o)
                              .\CortexM0\ARM_GCC_541\Debug\main.o (CapSense_InitializeAllBaselines)
.\CortexM0\ARM_GCC_541\Debug\test-driverLed.a(CapSense_INT.o)
                              .\CortexM0\ARM_GCC_541\Debug\test-driverLed.a(CapSense.o) (CapSense_ISR)
.\CortexM0\ARM_GCC_541\Debug\test-driverLed.a(CapSense_SMS.o)
                              .\CortexM0\ARM_GCC_541\Debug\test-driverLed.a(CapSense_CSHL.o) (CapSense_UpdateThresholds)
.\CortexM0\ARM_GCC_541\Debug\test-driverLed.a(CapSense_SampleClk.o)
                              .\CortexM0\ARM_GCC_541\Debug\test-driverLed.a(CapSense.o) (CapSense_SampleClk_StartEx)
.\CortexM0\ARM_GCC_541\Debug\test-driverLed.a(CapSense_SenseClk.o)
                              .\CortexM0\ARM_GCC_541\Debug\test-driverLed.a(CapSense.o) (CapSense_SenseClk_StartEx)
.\CortexM0\ARM_GCC_541\Debug\test-driverLed.a(STR.o)
                              .\CortexM0\ARM_GCC_541\Debug\main.o (STR_Write)
.\CortexM0\ARM_GCC_541\Debug\test-driverLed.a(STG.o)
                              .\CortexM0\ARM_GCC_541\Debug\main.o (STG_Write)
.\CortexM0\ARM_GCC_541\Debug\test-driverLed.a(STB.o)
                              .\CortexM0\ARM_GCC_541\Debug\main.o (STB_Write)
.\CortexM0\ARM_GCC_541\Debug\test-driverLed.a(UART.o)
                              .\CortexM0\ARM_GCC_541\Debug\main.o (UART_Start)
.\CortexM0\ARM_GCC_541\Debug\test-driverLed.a(UART_UART.o)
                              .\CortexM0\ARM_GCC_541\Debug\test-driverLed.a(UART.o) (UART_UartInit)
.\CortexM0\ARM_GCC_541\Debug\test-driverLed.a(TC_ISR.o)
                              .\CortexM0\ARM_GCC_541\Debug\main.o (TC_ISR_StartEx)
.\CortexM0\ARM_GCC_541\Debug\test-driverLed.a(Pin_SW2.o)
                              .\CortexM0\ARM_GCC_541\Debug\main.o (Pin_SW2_ClearInterrupt)
.\CortexM0\ARM_GCC_541\Debug\test-driverLed.a(Pin_SW2_Int.o)
                              .\CortexM0\ARM_GCC_541\Debug\main.o (Pin_SW2_Int_StartEx)
.\CortexM0\ARM_GCC_541\Debug\test-driverLed.a(CyBootAsmGnu.o)
                              .\CortexM0\ARM_GCC_541\Debug\cyfitter_cfg.o (CyDelayCycles)
.\CortexM0\ARM_GCC_541\Debug\test-driverLed.a(UART_SPI_UART.o)
                              .\CortexM0\ARM_GCC_541\Debug\test-driverLed.a(UART_UART.o) (UART_SpiUartReadRxData)
C:\Program Files (x86)\Cypress\PSoC Creator\4.2\PSoC Creator\psoc\content\CyComponentLibrary\CyComponentLibrary.cylib\CapSense_CSD_P4_v2_60\PSoC4\Library\CapsenseP4Library_GCC.a(CSD_P4_SmartSense_v2_60.o)
                              .\CortexM0\ARM_GCC_541\Debug\test-driverLed.a(CapSense_SMS.o) (CalibrateSensors_P4_v2_60)
c:/program files (x86)/cypress/psoc creator/4.2/psoc creator/import/gnu/arm/5.4.1/bin/../lib/gcc/arm-none-eabi/5.4.1/armv6-m\libgcc.a(_udivsi3.o)
                              .\CortexM0\ARM_GCC_541\Debug\test-driverLed.a(CyLib.o) (__aeabi_uidiv)
c:/program files (x86)/cypress/psoc creator/4.2/psoc creator/import/gnu/arm/5.4.1/bin/../lib/gcc/arm-none-eabi/5.4.1/armv6-m\libgcc.a(_divsi3.o)
                              .\CortexM0\ARM_GCC_541\Debug\test-driverLed.a(CyLFClk.o) (__aeabi_idiv)
c:/program files (x86)/cypress/psoc creator/4.2/psoc creator/import/gnu/arm/5.4.1/bin/../lib/gcc/arm-none-eabi/5.4.1/armv6-m\libgcc.a(_dvmd_tls.o)
                              c:/program files (x86)/cypress/psoc creator/4.2/psoc creator/import/gnu/arm/5.4.1/bin/../lib/gcc/arm-none-eabi/5.4.1/armv6-m\libgcc.a(_udivsi3.o) (__aeabi_idiv0)
[...]
Memory Configuration

Name             Origin             Length             Attributes
rom              0x00000000         0x00020000         xr
ram              0x20000000         0x00004000         xrw
*default*        0x00000000         0xffffffff

Linker script and memory map

LOAD c:/program files (x86)/cypress/psoc creator/4.2/psoc creator/import/gnu/arm/5.4.1/bin/../lib/gcc/arm-none-eabi/5.4.1/armv6-m/crti.o
LOAD c:/program files (x86)/cypress/psoc creator/4.2/psoc creator/import/gnu/arm/5.4.1/bin/../lib/gcc/arm-none-eabi/5.4.1/armv6-m/crtbegin.o
LOAD c:/program files (x86)/cypress/psoc creator/4.2/psoc creator/import/gnu/arm/5.4.1/bin/../lib/gcc/arm-none-eabi/5.4.1/../../../../arm-none-eabi/lib/armv6-m/crt0.o
START GROUP
LOAD .\CortexM0\ARM_GCC_541\Debug\main.o
LOAD .\CortexM0\ARM_GCC_541\Debug\cyfitter_cfg.o
LOAD .\CortexM0\ARM_GCC_541\Debug\cymetadata.o
LOAD .\CortexM0\ARM_GCC_541\Debug\Cm0Start.o
LOAD .\CortexM0\ARM_GCC_541\Debug\test-driverLed.a
LOAD C:\Program Files (x86)\Cypress\PSoC Creator\4.2\PSoC Creator\psoc\content\CyComponentLibrary\CyComponentLibrary.cylib\CapSense_CSD_P4_v2_60\PSoC4\Library\CapsenseP4Library_GCC.a
END GROUP
START GROUP
LOAD c:/program files (x86)/cypress/psoc creator/4.2/psoc creator/import/gnu/arm/5.4.1/bin/../lib/gcc/arm-none-eabi/5.4.1/armv6-m\libgcc.a
LOAD c:/program files (x86)/cypress/psoc creator/4.2/psoc creator/import/gnu/arm/5.4.1/bin/../lib/gcc/arm-none-eabi/5.4.1/../../../../arm-none-eabi/lib/armv6-m\libg_nano.a
LOAD c:/program files (x86)/cypress/psoc creator/4.2/psoc creator/import/gnu/arm/5.4.1/bin/../lib/gcc/arm-none-eabi/5.4.1/../../../../arm-none-eabi/lib/armv6-m\libc_nano.a
END GROUP
START GROUP
LOAD c:/program files (x86)/cypress/psoc creator/4.2/psoc creator/import/gnu/arm/5.4.1/bin/../lib/gcc/arm-none-eabi/5.4.1/armv6-m\libgcc.a
LOAD c:/program files (x86)/cypress/psoc creator/4.2/psoc creator/import/gnu/arm/5.4.1/bin/../lib/gcc/arm-none-eabi/5.4.1/../../../../arm-none-eabi/lib/armv6-m\libc_nano.a
END GROUP
LOAD c:/program files (x86)/cypress/psoc creator/4.2/psoc creator/import/gnu/arm/5.4.1/bin/../lib/gcc/arm-none-eabi/5.4.1/armv6-m/crtend.o
LOAD c:/program files (x86)/cypress/psoc creator/4.2/psoc creator/import/gnu/arm/5.4.1/bin/../lib/gcc/arm-none-eabi/5.4.1/armv6-m/crtn.o
START GROUP
LOAD c:/program files (x86)/cypress/psoc creator/4.2/psoc creator/import/gnu/arm/5.4.1/bin/../lib/gcc/arm-none-eabi/5.4.1/armv6-m\libgcc.a
LOAD c:/program files (x86)/cypress/psoc creator/4.2/psoc creator/import/gnu/arm/5.4.1/bin/../lib/gcc/arm-none-eabi/5.4.1/../../../../arm-none-eabi/lib/armv6-m\libc.a
LOAD c:/program files (x86)/cypress/psoc creator/4.2/psoc creator/import/gnu/arm/5.4.1/bin/../lib/gcc/arm-none-eabi/5.4.1/../../../../arm-none-eabi/lib/armv6-m\libnosys.a
END GROUP
                0x00000000                CY_APPL_ORIGIN = 0x0
                0x00000080                CY_FLASH_ROW_SIZE = 0x80
                0x00000001                CY_APPL_NUM = 0x1
                0x00000001                CY_APPL_MAX = 0x1
                0x00000040                CY_METADATA_SIZE = 0x40
                0x00000000                CY_APPL_LOADABLE = 0x0
                0x00000000                CY_CHECKSUM_EXCLUDE_SIZE = ALIGN (0x0, CY_FLASH_ROW_SIZE)
                0x00000000                CY_APP_FOR_STACK_AND_COPIER = 0x0
                [!provide]                PROVIDE (__cy_heap_start, _end)
                0x00000001                PROVIDE (__cy_region_num, ((__cy_regions_end - __cy_regions) / 0x10))
                0x20004000                PROVIDE (__cy_stack, (ORIGIN (ram) + LENGTH (ram)))
                [!provide]                PROVIDE (__cy_heap_end, (__cy_stack - 0x800))

.cybootloader   0x00000000        0x0
 *(.cybootloader)
                0x00000000                appl1_start = CY_APPL_ORIGIN?CY_APPL_ORIGIN:ALIGN (CY_FLASH_ROW_SIZE)
                0x0000ff80                appl2_start = (appl1_start + ALIGN ((((LENGTH (rom) - appl1_start) - (0x2 * CY_FLASH_ROW_SIZE)) / 0x2), CY_FLASH_ROW_SIZE))
                0x00000000                appl_start = (CY_APPL_NUM == 0x1)?appl1_start:appl2_start
                0x00000001                cy_project_type_bootloader = (appl_start == 0x0)?0x1:0x0
                0x00000000                cy_project_type_app_for_stack_and_copier = (CY_APP_FOR_STACK_AND_COPIER == 0x1)?0x1:0x0

.text           0x00000000     0x2018
 CREATE_OBJECT_SYMBOLS
                0x00000000                PROVIDE (__cy_interrupt_vector, RomVectors)
 *(.romvectors)
 .romvectors    0x00000000       0x10 .\CortexM0\ARM_GCC_541\Debug\Cm0Start.o
                0x00000000                RomVectors
                0x00000001                ASSERT ((. != __cy_interrupt_vector), No interrupt vector)
                0x00000001                ASSERT (CY_APPL_ORIGIN?(SIZEOF (.cybootloader) <= CY_APPL_ORIGIN):0x1, Wrong image location)
                0x00000010                PROVIDE (__cy_reset, Reset)
 *(.text.Reset)
 .text.Reset    0x00000010        0x8 .\CortexM0\ARM_GCC_541\Debug\Cm0Start.o
                0x00000010                Reset
                0x00000001                ASSERT ((. != __cy_reset), No reset code)
 *(.psocinit)
 .psocinit      0x00000018      0x2d4 .\CortexM0\ARM_GCC_541\Debug\cyfitter_cfg.o
                0x00000168                cyfitter_cfg
                0x000002ec                . = MAX (., 0x100)
 *(.text .text.* .gnu.linkonce.t.*)
 .text          0x000002ec       0x60 c:/program files (x86)/cypress/psoc creator/4.2/psoc creator/import/gnu/arm/5.4.1/bin/../lib/gcc/arm-none-eabi/5.4.1/armv6-m/crtbegin.o
 .text.Pin_SW2_Handler
                0x0000034c       0x24 .\CortexM0\ARM_GCC_541\Debug\main.o
                0x0000034c                Pin_SW2_Handler
 .text.writeChar
                0x00000370       0x14 .\CortexM0\ARM_GCC_541\Debug\main.o
                0x00000370                writeChar
 .text.changeCharacterByOrder
                0x00000384       0x2c .\CortexM0\ARM_GCC_541\Debug\main.o
                0x00000384                changeCharacterByOrder
 .text.changeCharacterByLetter
                0x000003b0       0x38 .\CortexM0\ARM_GCC_541\Debug\main.o
                0x000003b0                changeCharacterByLetter
 .text.changeFaddingCircle
                0x000003e8       0x2c .\CortexM0\ARM_GCC_541\Debug\main.o
                0x000003e8                changeFaddingCircle
 .text.adjustBrightness
                0x00000414       0xa4 .\CortexM0\ARM_GCC_541\Debug\main.o
                0x00000414                adjustBrightness
 .text.CC_TC_ISR_Handler
                0x000004b8       0x8c .\CortexM0\ARM_GCC_541\Debug\main.o
                0x000004b8                CC_TC_ISR_Handler
 .text.main     0x00000544       0xcc .\CortexM0\ARM_GCC_541\Debug\main.o
                0x00000544                main
 .text.cfg_write_bytes32
                0x00000610       0x34 .\CortexM0\ARM_GCC_541\Debug\cyfitter_cfg.o
 .text.CYMEMZERO
                0x00000644        0xc .\CortexM0\ARM_GCC_541\Debug\cyfitter_cfg.o
 .text.SetAnalogRoutingPumps
                0x00000650       0x40 .\CortexM0\ARM_GCC_541\Debug\cyfitter_cfg.o
                0x00000650                SetAnalogRoutingPumps
 .text.AnalogSetDefault
                0x00000690       0x28 .\CortexM0\ARM_GCC_541\Debug\cyfitter_cfg.o
 .text.IntDefaultHandler
                0x000006b8       0x10 .\CortexM0\ARM_GCC_541\Debug\Cm0Start.o
                0x000006b8                IntDefaultHandler
 .text.Start_c  0x000006c8       0x48 .\CortexM0\ARM_GCC_541\Debug\Cm0Start.o
                0x000006c8                Start_c
 .text.initialize_psoc
                0x00000710       0x4c .\CortexM0\ARM_GCC_541\Debug\Cm0Start.o
                0x00000710                initialize_psoc
 .text.SPI_1_ScbModePostEnable
                0x0000075c        0x8 .\CortexM0\ARM_GCC_541\Debug\test-driverLed.a(SPI_1.o)
 .text.SPI_1_Init
                0x00000764        0x8 .\CortexM0\ARM_GCC_541\Debug\test-driverLed.a(SPI_1.o)
                0x00000764                SPI_1_Init
 .text.SPI_1_Enable
                0x0000076c       0x18 .\CortexM0\ARM_GCC_541\Debug\test-driverLed.a(SPI_1.o)
                0x0000076c                SPI_1_Enable
 .text.SPI_1_Start
                0x00000784       0x20 .\CortexM0\ARM_GCC_541\Debug\test-driverLed.a(SPI_1.o)
                0x00000784                SPI_1_Start
 .text.SPI_1_SpiUartWriteTxData
                0x000007a4       0x1c .\CortexM0\ARM_GCC_541\Debug\test-driverLed.a(SPI_1_SPI_UART.o)
                0x000007a4                SPI_1_SpiUartWriteTxData
 .text.SPI_1_SpiPostEnable
                0x000007c0       0x14 .\CortexM0\ARM_GCC_541\Debug\test-driverLed.a(SPI_1_SPI.o)
                0x000007c0                SPI_1_SpiPostEnable
 .text.SPI_1_SpiSetActiveSlaveSelect
                0x000007d4       0x20 .\CortexM0\ARM_GCC_541\Debug\test-driverLed.a(SPI_1_SPI.o)
                0x000007d4                SPI_1_SpiSetActiveSlaveSelect
 .text.SPI_1_SpiInit
                0x000007f4       0x8c .\CortexM0\ARM_GCC_541\Debug\test-driverLed.a(SPI_1_SPI.o)
                0x000007f4                SPI_1_SpiInit
 .text.CySysClkWriteImoFreq
                0x00000880       0x64 .\CortexM0\ARM_GCC_541\Debug\test-driverLed.a(CyLib.o)
                0x00000880                CySysClkWriteImoFreq
 .text.CySysClkEcoReadStatus
                0x000008e4       0x10 .\CortexM0\ARM_GCC_541\Debug\test-driverLed.a(CyLib.o)
                0x000008e4                CySysClkEcoReadStatus
 .text.CyIntEnable
                0x000008f4       0x14 .\CortexM0\ARM_GCC_541\Debug\test-driverLed.a(CyLib.o)
                0x000008f4                CyIntEnable
 .text.CyIntDisable
                0x00000908       0x14 .\CortexM0\ARM_GCC_541\Debug\test-driverLed.a(CyLib.o)
                0x00000908                CyIntDisable
 .text.CyIntClearPending
                0x0000091c       0x14 .\CortexM0\ARM_GCC_541\Debug\test-driverLed.a(CyLib.o)
                0x0000091c                CyIntClearPending
 .text.CyHalt   0x00000930        0x4 .\CortexM0\ARM_GCC_541\Debug\test-driverLed.a(CyLib.o)
                0x00000930                CyHalt
 .text.CyIntSetVector
                0x00000934       0x24 .\CortexM0\ARM_GCC_541\Debug\test-driverLed.a(CyLib.o)
                0x00000934                CyIntSetVector
 .text.CyIntSetPriority
                0x00000958       0x4c .\CortexM0\ARM_GCC_541\Debug\test-driverLed.a(CyLib.o)
                0x00000958                CyIntSetPriority
 .text.CyDelayUs
                0x000009a4       0x14 .\CortexM0\ARM_GCC_541\Debug\test-driverLed.a(CyLib.o)
                0x000009a4                CyDelayUs
 .text.CySysClkEcoStart
                0x000009b8       0x54 .\CortexM0\ARM_GCC_541\Debug\test-driverLed.a(CyLib.o)
                0x000009b8                CySysClkEcoStart
 .text.CySysWdtLocked
                0x00000a0c       0x14 .\CortexM0\ARM_GCC_541\Debug\test-driverLed.a(CyLFClk.o)
 .text.CySysClkWcoStart
                0x00000a20       0x40 .\CortexM0\ARM_GCC_541\Debug\test-driverLed.a(CyLFClk.o)
                0x00000a20                CySysClkWcoStart
 .text.CySysClkWcoSetPowerMode
                0x00000a60       0x80 .\CortexM0\ARM_GCC_541\Debug\test-driverLed.a(CyLFClk.o)
                0x00000a60                CySysClkWcoSetPowerMode
 .text.CySysWdtLock
                0x00000ae0       0x1c .\CortexM0\ARM_GCC_541\Debug\test-driverLed.a(CyLFClk.o)
                0x00000ae0                CySysWdtLock
 .text.CySysWdtUnlock
                0x00000afc       0x30 .\CortexM0\ARM_GCC_541\Debug\test-driverLed.a(CyLFClk.o)
                0x00000afc                CySysWdtUnlock
 .text.CySysWdtClearInterrupt
                0x00000b2c       0x4c .\CortexM0\ARM_GCC_541\Debug\test-driverLed.a(CyLFClk.o)
                0x00000b2c                CySysWdtClearInterrupt
 .text.CySysWdtIsr
                0x00000b78       0xa4 .\CortexM0\ARM_GCC_541\Debug\test-driverLed.a(CyLFClk.o)
                0x00000b78                CySysWdtIsr
 .text.LE_Write
                0x00000c1c       0x18 .\CortexM0\ARM_GCC_541\Debug\test-driverLed.a(LE.o)
                0x00000c1c                LE_Write
 .text.Clock_1_StartEx
                0x00000c34       0x1c .\CortexM0\ARM_GCC_541\Debug\test-driverLed.a(Clock_1.o)
                0x00000c34                Clock_1_StartEx
 .text.PWM_1_WriteCounter
                0x00000c50       0x10 .\CortexM0\ARM_GCC_541\Debug\test-driverLed.a(PWM_1.o)
                0x00000c50                PWM_1_WriteCounter
 .text.PWM_1_WritePeriod
                0x00000c60       0x10 .\CortexM0\ARM_GCC_541\Debug\test-driverLed.a(PWM_1.o)
                0x00000c60                PWM_1_WritePeriod
 .text.PWM_1_WriteCompare
                0x00000c70       0x10 .\CortexM0\ARM_GCC_541\Debug\test-driverLed.a(PWM_1.o)
                0x00000c70                PWM_1_WriteCompare
 .text.PWM_1_TriggerCommand
                0x00000c80       0x1c .\CortexM0\ARM_GCC_541\Debug\test-driverLed.a(PWM_1.o)
                0x00000c80                PWM_1_TriggerCommand
 .text.PWM_1_Enable
                0x00000c9c       0x24 .\CortexM0\ARM_GCC_541\Debug\test-driverLed.a(PWM_1.o)
                0x00000c9c                PWM_1_Enable
 .text.PWM_1_SetInterruptMode
                0x00000cc0        0xc .\CortexM0\ARM_GCC_541\Debug\test-driverLed.a(PWM_1.o)
                0x00000cc0                PWM_1_SetInterruptMode
 .text.PWM_1_Init
                0x00000ccc       0x44 .\CortexM0\ARM_GCC_541\Debug\test-driverLed.a(PWM_1.o)
                0x00000ccc                PWM_1_Init
 .text.PWM_1_Start
                0x00000d10       0x20 .\CortexM0\ARM_GCC_541\Debug\test-driverLed.a(PWM_1.o)
                0x00000d10                PWM_1_Start
 .text.PWM_1_GetInterruptSource
                0x00000d30        0xc .\CortexM0\ARM_GCC_541\Debug\test-driverLed.a(PWM_1.o)
                0x00000d30                PWM_1_GetInterruptSource
 .text.PWM_1_ClearInterrupt
                0x00000d3c        0xc .\CortexM0\ARM_GCC_541\Debug\test-driverLed.a(PWM_1.o)
                0x00000d3c                PWM_1_ClearInterrupt
 .text.CapSense_CsdHwBlockInit
                0x00000d48       0x7c .\CortexM0\ARM_GCC_541\Debug\test-driverLed.a(CapSense.o)
                0x00000d48                CapSense_CsdHwBlockInit
 .text.CapSense_Enable
                0x00000dc4       0x40 .\CortexM0\ARM_GCC_541\Debug\test-driverLed.a(CapSense.o)
                0x00000dc4                CapSense_Enable
 .text.CapSense_IsBusy
                0x00000e04       0x10 .\CortexM0\ARM_GCC_541\Debug\test-driverLed.a(CapSense.o)
                0x00000e04                CapSense_IsBusy
 .text.CapSense_ReadSensorRaw
                0x00000e14       0x10 .\CortexM0\ARM_GCC_541\Debug\test-driverLed.a(CapSense.o)
                0x00000e14                CapSense_ReadSensorRaw
 .text.CapSense_EnableSensor
                0x00000e24       0x48 .\CortexM0\ARM_GCC_541\Debug\test-driverLed.a(CapSense.o)
                0x00000e24                CapSense_EnableSensor
 .text.CapSense_DisableSensor
                0x00000e6c       0x70 .\CortexM0\ARM_GCC_541\Debug\test-driverLed.a(CapSense.o)
                0x00000e6c                CapSense_DisableSensor
 .text.CapSense_ClearSensors
                0x00000edc       0x14 .\CortexM0\ARM_GCC_541\Debug\test-driverLed.a(CapSense.o)
                0x00000edc                CapSense_ClearSensors
 .text.CapSense_SetShieldDelay
                0x00000ef0       0x18 .\CortexM0\ARM_GCC_541\Debug\test-driverLed.a(CapSense.o)
                0x00000ef0                CapSense_SetShieldDelay
 .text.CapSense_GetBitValue
                0x00000f08       0x18 .\CortexM0\ARM_GCC_541\Debug\test-driverLed.a(CapSense.o)
                0x00000f08                CapSense_GetBitValue
 .text.CapSense_FindNextSensor
                0x00000f20       0x24 .\CortexM0\ARM_GCC_541\Debug\test-driverLed.a(CapSense.o)
                0x00000f20                CapSense_FindNextSensor
 .text.CapSense_PreScan
                0x00000f44      0x10c .\CortexM0\ARM_GCC_541\Debug\test-driverLed.a(CapSense.o)
                0x00000f44                CapSense_PreScan
 .text.CapSense_ScanSensor
                0x00001050       0x1c .\CortexM0\ARM_GCC_541\Debug\test-driverLed.a(CapSense.o)
                0x00001050                CapSense_ScanSensor
 .text.CapSense_ScanEnabledWidgets
                0x0000106c       0x38 .\CortexM0\ARM_GCC_541\Debug\test-driverLed.a(CapSense.o)
                0x0000106c                CapSense_ScanEnabledWidgets
 .text.CapSense_PostScan
                0x000010a4       0x90 .\CortexM0\ARM_GCC_541\Debug\test-driverLed.a(CapSense.o)
                0x000010a4                CapSense_PostScan
 .text.CapSense_SetBitValue
                0x00001134       0x28 .\CortexM0\ARM_GCC_541\Debug\test-driverLed.a(CapSense.o)
                0x00001134                CapSense_SetBitValue
 .text.CapSense_GetSensorRaw
                0x0000115c       0x2c .\CortexM0\ARM_GCC_541\Debug\test-driverLed.a(CapSense.o)
                0x0000115c                CapSense_GetSensorRaw
 .text.CapSense_SetUnscannedSensorState
                0x00001188        0xc .\CortexM0\ARM_GCC_541\Debug\test-driverLed.a(CapSense.o)
                0x00001188                CapSense_SetUnscannedSensorState
 .text.CapSense_Init
                0x00001194       0x24 .\CortexM0\ARM_GCC_541\Debug\test-driverLed.a(CapSense.o)
                0x00001194                CapSense_Init
 .text.CapSense_Start
                0x000011b8       0x38 .\CortexM0\ARM_GCC_541\Debug\test-driverLed.a(CapSense.o)
                0x000011b8                CapSense_Start
 .text.CapSense_BaseInit
                0x000011f0       0x34 .\CortexM0\ARM_GCC_541\Debug\test-driverLed.a(CapSense_CSHL.o)
                0x000011f0                CapSense_BaseInit
 .text.CapSense_InitializeSensorBaseline
                0x00001224       0x18 .\CortexM0\ARM_GCC_541\Debug\test-driverLed.a(CapSense_CSHL.o)
                0x00001224                CapSense_InitializeSensorBaseline
 .text.CapSense_InitializeAllBaselines
                0x0000123c       0x14 .\CortexM0\ARM_GCC_541\Debug\test-driverLed.a(CapSense_CSHL.o)
                0x0000123c                CapSense_InitializeAllBaselines
 .text.CapSense_UpdateBaselineNoThreshold
                0x00001250       0xfc .\CortexM0\ARM_GCC_541\Debug\test-driverLed.a(CapSense_CSHL.o)
                0x00001250                CapSense_UpdateBaselineNoThreshold
 .text.CapSense_UpdateSensorBaseline
                0x0000134c       0x10 .\CortexM0\ARM_GCC_541\Debug\test-driverLed.a(CapSense_CSHL.o)
                0x0000134c                CapSense_UpdateSensorBaseline
 .text.CapSense_UpdateEnabledBaselines
                0x0000135c       0x24 .\CortexM0\ARM_GCC_541\Debug\test-driverLed.a(CapSense_CSHL.o)
                0x0000135c                CapSense_UpdateEnabledBaselines
 .text.CapSense_CheckIsSensorActive
                0x00001380       0xa8 .\CortexM0\ARM_GCC_541\Debug\test-driverLed.a(CapSense_CSHL.o)
                0x00001380                CapSense_CheckIsSensorActive
 .text.CapSense_CheckIsWidgetActive
                0x00001428       0x28 .\CortexM0\ARM_GCC_541\Debug\test-driverLed.a(CapSense_CSHL.o)
                0x00001428                CapSense_CheckIsWidgetActive
 .text.CapSense_ISR
                0x00001450       0x9c .\CortexM0\ARM_GCC_541\Debug\test-driverLed.a(CapSense_INT.o)
                0x00001450                CapSense_ISR
 .text.CapSense_UpdateThresholds
                0x000014ec       0x74 .\CortexM0\ARM_GCC_541\Debug\test-driverLed.a(CapSense_SMS.o)
                0x000014ec                CapSense_UpdateThresholds
 .text.CapSense_SetAnalogSwitchesSrcDirect
                0x00001560       0x10 .\CortexM0\ARM_GCC_541\Debug\test-driverLed.a(CapSense_SMS.o)
                0x00001560                CapSense_SetAnalogSwitchesSrcDirect
 .text.CapSense_DisableBaselineIDAC
                0x00001570       0x1c .\CortexM0\ARM_GCC_541\Debug\test-driverLed.a(CapSense_SMS.o)
                0x00001570                CapSense_DisableBaselineIDAC
 .text.CapSense_EnableBaselineIDAC
                0x0000158c       0x50 .\CortexM0\ARM_GCC_541\Debug\test-driverLed.a(CapSense_SMS.o)
                0x0000158c                CapSense_EnableBaselineIDAC
 .text.CapSense_AutoTune
                0x000015dc       0xa4 .\CortexM0\ARM_GCC_541\Debug\test-driverLed.a(CapSense_SMS.o)
                0x000015dc                CapSense_AutoTune
 .text.CapSense_SampleClk_StartEx
                0x00001680       0x1c .\CortexM0\ARM_GCC_541\Debug\test-driverLed.a(CapSense_SampleClk.o)
                0x00001680                CapSense_SampleClk_StartEx
 .text.CapSense_SampleClk_Stop
                0x0000169c       0x18 .\CortexM0\ARM_GCC_541\Debug\test-driverLed.a(CapSense_SampleClk.o)
                0x0000169c                CapSense_SampleClk_Stop
 .text.CapSense_SampleClk_SetFractionalDividerRegister
                0x000016b4       0x20 .\CortexM0\ARM_GCC_541\Debug\test-driverLed.a(CapSense_SampleClk.o)
                0x000016b4                CapSense_SampleClk_SetFractionalDividerRegister
 .text.CapSense_SenseClk_StartEx
                0x000016d4       0x1c .\CortexM0\ARM_GCC_541\Debug\test-driverLed.a(CapSense_SenseClk.o)
                0x000016d4                CapSense_SenseClk_StartEx
 .text.CapSense_SenseClk_Stop
                0x000016f0       0x18 .\CortexM0\ARM_GCC_541\Debug\test-driverLed.a(CapSense_SenseClk.o)
                0x000016f0                CapSense_SenseClk_Stop
 .text.CapSense_SenseClk_SetFractionalDividerRegister
                0x00001708       0x20 .\CortexM0\ARM_GCC_541\Debug\test-driverLed.a(CapSense_SenseClk.o)
                0x00001708                CapSense_SenseClk_SetFractionalDividerRegister
 .text.STR_Write
                0x00001728       0x18 .\CortexM0\ARM_GCC_541\Debug\test-driverLed.a(STR.o)
                0x00001728                STR_Write
 .text.STG_Write
                0x00001740       0x18 .\CortexM0\ARM_GCC_541\Debug\test-driverLed.a(STG.o)
                0x00001740                STG_Write
 .text.STB_Write
                0x00001758       0x18 .\CortexM0\ARM_GCC_541\Debug\test-driverLed.a(STB.o)
                0x00001758                STB_Write
 .text.UART_ScbModePostEnable
                0x00001770        0x8 .\CortexM0\ARM_GCC_541\Debug\test-driverLed.a(UART.o)
 .text.UART_Init
                0x00001778        0x8 .\CortexM0\ARM_GCC_541\Debug\test-driverLed.a(UART.o)
                0x00001778                UART_Init
 .text.UART_Enable
                0x00001780       0x18 .\CortexM0\ARM_GCC_541\Debug\test-driverLed.a(UART.o)
                0x00001780                UART_Enable
 .text.UART_Start
                0x00001798       0x20 .\CortexM0\ARM_GCC_541\Debug\test-driverLed.a(UART.o)
                0x00001798                UART_Start
 .text.UART_UartInit
                0x000017b8       0xa8 .\CortexM0\ARM_GCC_541\Debug\test-driverLed.a(UART_UART.o)
                0x000017b8                UART_UartInit
 .text.UART_UartPostEnable
                0x00001860       0x2c .\CortexM0\ARM_GCC_541\Debug\test-driverLed.a(UART_UART.o)
                0x00001860                UART_UartPostEnable
 .text.UART_UartGetChar
                0x0000188c       0x2c .\CortexM0\ARM_GCC_541\Debug\test-driverLed.a(UART_UART.o)
                0x0000188c                UART_UartGetChar
 .text.UART_UartPutString
                0x000018b8       0x18 .\CortexM0\ARM_GCC_541\Debug\test-driverLed.a(UART_UART.o)
                0x000018b8                UART_UartPutString
 .text.TC_ISR_SetVector
                0x000018d0        0xc .\CortexM0\ARM_GCC_541\Debug\test-driverLed.a(TC_ISR.o)
                0x000018d0                TC_ISR_SetVector
 .text.TC_ISR_SetPriority
                0x000018dc       0x24 .\CortexM0\ARM_GCC_541\Debug\test-driverLed.a(TC_ISR.o)
                0x000018dc                TC_ISR_SetPriority
 .text.TC_ISR_Enable
                0x00001900       0x10 .\CortexM0\ARM_GCC_541\Debug\test-driverLed.a(TC_ISR.o)
                0x00001900                TC_ISR_Enable
 .text.TC_ISR_Disable
                0x00001910       0x10 .\CortexM0\ARM_GCC_541\Debug\test-driverLed.a(TC_ISR.o)
                0x00001910                TC_ISR_Disable
 .text.TC_ISR_StartEx
                0x00001920       0x1c .\CortexM0\ARM_GCC_541\Debug\test-driverLed.a(TC_ISR.o)
                0x00001920                TC_ISR_StartEx
 .text.Pin_SW2_ClearInterrupt
                0x0000193c       0x14 .\CortexM0\ARM_GCC_541\Debug\test-driverLed.a(Pin_SW2.o)
                0x0000193c                Pin_SW2_ClearInterrupt
 .text.Pin_SW2_Int_SetVector
                0x00001950        0xc .\CortexM0\ARM_GCC_541\Debug\test-driverLed.a(Pin_SW2_Int.o)
                0x00001950                Pin_SW2_Int_SetVector
 .text.Pin_SW2_Int_SetPriority
                0x0000195c       0x24 .\CortexM0\ARM_GCC_541\Debug\test-driverLed.a(Pin_SW2_Int.o)
                0x0000195c                Pin_SW2_Int_SetPriority
 .text.Pin_SW2_Int_Enable
                0x00001980        0xc .\CortexM0\ARM_GCC_541\Debug\test-driverLed.a(Pin_SW2_Int.o)
                0x00001980                Pin_SW2_Int_Enable
 .text.Pin_SW2_Int_Disable
                0x0000198c        0xc .\CortexM0\ARM_GCC_541\Debug\test-driverLed.a(Pin_SW2_Int.o)
                0x0000198c                Pin_SW2_Int_Disable
 .text.Pin_SW2_Int_StartEx
                0x00001998       0x1c .\CortexM0\ARM_GCC_541\Debug\test-driverLed.a(Pin_SW2_Int.o)
                0x00001998                Pin_SW2_Int_StartEx
 *fill*         0x000019b4        0x4 
 .text          0x000019b8       0x20 .\CortexM0\ARM_GCC_541\Debug\test-driverLed.a(CyBootAsmGnu.o)
                0x000019b8                CyDelayCycles
                0x000019ca                CyEnterCriticalSection
                0x000019d2                CyExitCriticalSection
 .text.UART_SpiUartReadRxData
                0x000019d8        0xc .\CortexM0\ARM_GCC_541\Debug\test-driverLed.a(UART_SPI_UART.o)
                0x000019d8                UART_SpiUartReadRxData
 .text.UART_SpiUartGetRxBufferSize
                0x000019e4       0x10 .\CortexM0\ARM_GCC_541\Debug\test-driverLed.a(UART_SPI_UART.o)
                0x000019e4                UART_SpiUartGetRxBufferSize
 .text.UART_SpiUartWriteTxData
                0x000019f4       0x1c .\CortexM0\ARM_GCC_541\Debug\test-driverLed.a(UART_SPI_UART.o)
                0x000019f4                UART_SpiUartWriteTxData
 .text.CalibrateOneDAC_P4_v2_60
                0x00001a10       0x40 C:\Program Files (x86)\Cypress\PSoC Creator\4.2\PSoC Creator\psoc\content\CyComponentLibrary\CyComponentLibrary.cylib\CapSense_CSD_P4_v2_60\PSoC4\Library\CapsenseP4Library_GCC.a(CSD_P4_SmartSense_v2_60.o)
                0x00001a10                CalibrateOneDAC_P4_v2_60
 .text.CalibrateSensors_P4_v2_60
                0x00001a50       0x22 C:\Program Files (x86)\Cypress\PSoC Creator\4.2\PSoC Creator\psoc\content\CyComponentLibrary\CyComponentLibrary.cylib\CapSense_CSD_P4_v2_60\PSoC4\Library\CapsenseP4Library_GCC.a(CSD_P4_SmartSense_v2_60.o)
                0x00001a50                CalibrateSensors_P4_v2_60
 .text.TunePrescalers_P4_v2_60
                0x00001a72       0x42 C:\Program Files (x86)\Cypress\PSoC Creator\4.2\PSoC Creator\psoc\content\CyComponentLibrary\CyComponentLibrary.cylib\CapSense_CSD_P4_v2_60\PSoC4\Library\CapsenseP4Library_GCC.a(CSD_P4_SmartSense_v2_60.o)
                0x00001a72                TunePrescalers_P4_v2_60
 .text.TuneSensitivity_P4_v2_60
                0x00001ab4       0xdc C:\Program Files (x86)\Cypress\PSoC Creator\4.2\PSoC Creator\psoc\content\CyComponentLibrary\CyComponentLibrary.cylib\CapSense_CSD_P4_v2_60\PSoC4\Library\CapsenseP4Library_GCC.a(CSD_P4_SmartSense_v2_60.o)
                0x00001ab4                TuneSensitivity_P4_v2_60
 .text.MeasureNoiseEnvelope_P4_v2_60
                0x00001b90       0xfc C:\Program Files (x86)\Cypress\PSoC Creator\4.2\PSoC Creator\psoc\content\CyComponentLibrary\CyComponentLibrary.cylib\CapSense_CSD_P4_v2_60\PSoC4\Library\CapsenseP4Library_GCC.a(CSD_P4_SmartSense_v2_60.o)
                0x00001b90                MeasureNoiseEnvelope_P4_v2_60
 .text.CalculateThresholds_P4_v2_60
                0x00001c8c       0x36 C:\Program Files (x86)\Cypress\PSoC Creator\4.2\PSoC Creator\psoc\content\CyComponentLibrary\CyComponentLibrary.cylib\CapSense_CSD_P4_v2_60\PSoC4\Library\CapsenseP4Library_GCC.a(CSD_P4_SmartSense_v2_60.o)
                0x00001c8c                CalculateThresholds_P4_v2_60
 *fill*         0x00001cc2        0x2 
 .text          0x00001cc4      0x114 c:/program files (x86)/cypress/psoc creator/4.2/psoc creator/import/gnu/arm/5.4.1/bin/../lib/gcc/arm-none-eabi/5.4.1/armv6-m\libgcc.a(_udivsi3.o)
                0x00001cc4                __aeabi_uidiv
                0x00001cc4                __udivsi3
                0x00001dd0                __aeabi_uidivmod
 .text          0x00001dd8      0x1d4 c:/program files (x86)/cypress/psoc creator/4.2/psoc creator/import/gnu/arm/5.4.1/bin/../lib/gcc/arm-none-eabi/5.4.1/armv6-m\libgcc.a(_divsi3.o)
                0x00001dd8                __divsi3
                0x00001dd8                __aeabi_idiv
                0x00001fa4                __aeabi_idivmod
 .text          0x00001fac        0x4 c:/program files (x86)/cypress/psoc creator/4.2/psoc creator/import/gnu/arm/5.4.1/bin/../lib/gcc/arm-none-eabi/5.4.1/armv6-m\libgcc.a(_dvmd_tls.o)
                0x00001fac                __aeabi_idiv0
                0x00001fac                __aeabi_ldiv0
 .text.__errno  0x00001fb0        0xc c:/program files (x86)/cypress/psoc creator/4.2/psoc creator/import/gnu/arm/5.4.1/bin/../lib/gcc/arm-none-eabi/5.4.1/../../../../arm-none-eabi/lib/armv6-m\libg_nano.a(lib_a-errno.o)
                0x00001fb0                __errno
 .text.__libc_init_array
                0x00001fbc       0x4c c:/program files (x86)/cypress/psoc creator/4.2/psoc creator/import/gnu/arm/5.4.1/bin/../lib/gcc/arm-none-eabi/5.4.1/../../../../arm-none-eabi/lib/armv6-m\libg_nano.a(lib_a-init.o)
                0x00001fbc                __libc_init_array
 .text.memset   0x00002008       0x10 c:/program files (x86)/cypress/psoc creator/4.2/psoc creator/import/gnu/arm/5.4.1/bin/../lib/gcc/arm-none-eabi/5.4.1/../../../../arm-none-eabi/lib/armv6-m\libg_nano.a(lib_a-memset.o)
                0x00002008                memset
 *(.plt)
 *(.gnu.warning)
 *(.glue_7t)
 .glue_7t       0x00002018        0x0 linker stubs
 *(.glue_7)
 .glue_7        0x00002018        0x0 linker stubs
 *(.vfp11_veneer)
 .vfp11_veneer  0x00002018        0x0 linker stubs
 *(.bootloader)
 *(.ARM.extab* .gnu.linkonce.armextab.*)
 *(.gcc_except_table)

.v4_bx          0x00002018        0x0
 .v4_bx         0x00002018        0x0 linker stubs

.iplt           0x00002018        0x0
 .iplt          0x00002018        0x0 c:/program files (x86)/cypress/psoc creator/4.2/psoc creator/import/gnu/arm/5.4.1/bin/../lib/gcc/arm-none-eabi/5.4.1/armv6-m/crtbegin.o

.eh_frame_hdr
 *(.eh_frame_hdr)

.eh_frame       0x00002018        0x4
 *(.eh_frame)
 .eh_frame      0x00002018        0x0 c:/program files (x86)/cypress/psoc creator/4.2/psoc creator/import/gnu/arm/5.4.1/bin/../lib/gcc/arm-none-eabi/5.4.1/armv6-m/crtbegin.o
 .eh_frame      0x00002018        0x4 c:/program files (x86)/cypress/psoc creator/4.2/psoc creator/import/gnu/arm/5.4.1/bin/../lib/gcc/arm-none-eabi/5.4.1/armv6-m/crtend.o
                [!provide]                PROVIDE (__exidx_start, .)

.ARM.exidx
 *(.ARM.exidx* .gnu.linkonce.armexidx.*)
                0x0000201c                __exidx_end = .

.rodata         0x0000201c      0x30c
 *(.rodata .rodata.* .gnu.linkonce.r.*)
 .rodata        0x0000201c      0x152 .\CortexM0\ARM_GCC_541\Debug\main.o
                0x0000201c                ALPHANUMR_CHAR_TABLE
                0x00002084                ALPHANUMR_CHAR_MATRIX
                0x00002150                FADING_CIRCLE_MATRIX
                0x0000216c                BLANK
 *fill*         0x0000216e        0x2 
 .rodata.str1.4
                0x00002170       0x1c .\CortexM0\ARM_GCC_541\Debug\main.o
                                 0x19 (size before relaxing)
 .rodata        0x0000218c       0x58 .\CortexM0\ARM_GCC_541\Debug\cyfitter_cfg.o
 .rodata        0x000021e4       0x2e .\CortexM0\ARM_GCC_541\Debug\test-driverLed.a(CyLib.o)
                0x000021e4                cyImoFreqMhz2Reg
 *fill*         0x00002212        0x2 
 .rodata        0x00002214       0x68 .\CortexM0\ARM_GCC_541\Debug\test-driverLed.a(CapSense.o)
                0x00002214                CapSense_portTable
                0x00002218                CapSense_pinShiftTbl
                0x0000221c                CapSense_prtSelTbl
                0x00002238                CapSense_prtCfgTbl
                0x00002254                CapSense_prtDRTbl
                0x00002270                CapSense_widgetNumber
                0x00002274                CapSense_maskTable
 .rodata        0x0000227c        0x6 .\CortexM0\ARM_GCC_541\Debug\test-driverLed.a(CapSense_CSHL.o)
                0x0000227c                CapSense_numberOfSensors
                0x00002280                CapSense_rawDataIndex
 *fill*         0x00002282        0x2 
 .rodata        0x00002284       0x6c .\CortexM0\ARM_GCC_541\Debug\test-driverLed.a(CapSense_SMS.o)
                0x00002284                CapSense_configPointers
                0x000022e0                CapSense_prescalerTable
 .rodata.str1.1
                0x000022f0        0x2 c:/program files (x86)/cypress/psoc creator/4.2/psoc creator/import/gnu/arm/5.4.1/bin/../lib/gcc/arm-none-eabi/5.4.1/../../../../arm-none-eabi/lib/armv6-m\libg_nano.a(lib_a-impure.o)
                0x000022f4                . = ALIGN (0x4)
 *fill*         0x000022f2        0x2 
 *(.init)
 .init          0x000022f4        0x4 c:/program files (x86)/cypress/psoc creator/4.2/psoc creator/import/gnu/arm/5.4.1/bin/../lib/gcc/arm-none-eabi/5.4.1/armv6-m/crti.o
                0x000022f4                _init
 .init          0x000022f8        0x8 c:/program files (x86)/cypress/psoc creator/4.2/psoc creator/import/gnu/arm/5.4.1/bin/../lib/gcc/arm-none-eabi/5.4.1/armv6-m/crtn.o
                0x00002300                . = ALIGN (0x4)
                0x00002300                __preinit_array_start = .
 *(.preinit_array)
                0x00002300                __preinit_array_end = .
                0x00002300                . = ALIGN (0x4)
                0x00002300                __init_array_start = .
 *(SORT(.init_array.*))
 *(.init_array)
 .init_array    0x00002300        0x4 c:/program files (x86)/cypress/psoc creator/4.2/psoc creator/import/gnu/arm/5.4.1/bin/../lib/gcc/arm-none-eabi/5.4.1/armv6-m/crtbegin.o
 .init_array    0x00002304        0x4 .\CortexM0\ARM_GCC_541\Debug\Cm0Start.o
                0x00002308                __init_array_end = .
                0x00002308                . = ALIGN (0x4)
 *(.fini)
 .fini          0x00002308        0x4 c:/program files (x86)/cypress/psoc creator/4.2/psoc creator/import/gnu/arm/5.4.1/bin/../lib/gcc/arm-none-eabi/5.4.1/armv6-m/crti.o
                0x00002308                _fini
 .fini          0x0000230c        0x8 c:/program files (x86)/cypress/psoc creator/4.2/psoc creator/import/gnu/arm/5.4.1/bin/../lib/gcc/arm-none-eabi/5.4.1/armv6-m/crtn.o
                0x00002314                . = ALIGN (0x4)
                0x00002314                __fini_array_start = .
 *(.fini_array)
 .fini_array    0x00002314        0x4 c:/program files (x86)/cypress/psoc creator/4.2/psoc creator/import/gnu/arm/5.4.1/bin/../lib/gcc/arm-none-eabi/5.4.1/armv6-m/crtbegin.o
 *(SORT(.fini_array.*))
                0x00002318                __fini_array_end = .
                0x00002318                . = ALIGN (0x4)
 *crtbegin.o(.ctors)
 *(EXCLUDE_FILE(*crtend.o) .ctors)
 *(SORT(.ctors.*))
 *crtend.o(.ctors)
                0x00002318                . = ALIGN (0x4)
 *crtbegin.o(.dtors)
 *(EXCLUDE_FILE(*crtend.o) .dtors)
 *(SORT(.dtors.*))
 *crtend.o(.dtors)
                0x00002318                . = ALIGN (0x4)
                0x00002318                __cy_regions = .
                0x00002318        0x4 LONG 0x2328 __cy_region_init_ram
                0x0000231c        0x4 LONG 0x200000c0 __cy_region_start_data
                0x00002320        0x4 LONG 0xb0 __cy_region_init_size_ram
                0x00002324        0x4 LONG 0xf0 __cy_region_zero_size_ram
                0x00002328                __cy_regions_end = .
                0x00002328                . = ALIGN (0x8)
                0x00002328                _etext = .

.cy_checksum_exclude
                0x00002328        0x0
 *(.cy_checksum_exclude)

.ramvectors     0x20000000       0xc0
                0x20000000                __cy_region_start_ram = .
 *(.ramvectors)
 .ramvectors    0x20000000       0xc0 .\CortexM0\ARM_GCC_541\Debug\Cm0Start.o
                0x20000000                CyRamVectors

.noinit
 *(.noinit)

.data           0x200000c0       0xb0 load address 0x00002328
                0x200000c0                __cy_region_start_data = .
 *(.jcr)
 .jcr           0x200000c0        0x0 c:/program files (x86)/cypress/psoc creator/4.2/psoc creator/import/gnu/arm/5.4.1/bin/../lib/gcc/arm-none-eabi/5.4.1/armv6-m/crtbegin.o
 .jcr           0x200000c0        0x4 c:/program files (x86)/cypress/psoc creator/4.2/psoc creator/import/gnu/arm/5.4.1/bin/../lib/gcc/arm-none-eabi/5.4.1/armv6-m/crtend.o
 *(.got.plt)
 *(.got)
 *(.shdata)
 *(.data .data.* .gnu.linkonce.d.*)
 .data          0x200000c4        0xa .\CortexM0\ARM_GCC_541\Debug\main.o
                0x200000c4                increase
                0x200000c8                dutyCMP
                0x200000cc                lastCharReceived
                0x200000cd                charReceived
 *fill*         0x200000ce        0x2 
 .data          0x200000d0       0x14 .\CortexM0\ARM_GCC_541\Debug\test-driverLed.a(CyLib.o)
                0x200000d0                CySysClkPumpConfig
                0x200000d4                cydelay32kMs
                0x200000d8                cydelayFreqKhz
                0x200000dc                cydelayFreqMhz
                0x200000e0                cydelayFreqHz
 .data          0x200000e4        0x8 .\CortexM0\ARM_GCC_541\Debug\test-driverLed.a(CyLFClk.o)
 .data          0x200000ec       0x14 .\CortexM0\ARM_GCC_541\Debug\test-driverLed.a(CapSense.o)
                0x200000ec                CapSense_widgetResolution
                0x200000f4                CapSense_sensorEnableMask
                0x200000f8                CapSense_pcTable
 .data          0x20000100        0x6 .\CortexM0\ARM_GCC_541\Debug\test-driverLed.a(CapSense_CSHL.o)
                0x20000100                CapSense_debounce
                0x20000104                CapSense_lowBaselineReset
 *fill*         0x20000106        0x2 
 .data          0x20000108        0x2 .\CortexM0\ARM_GCC_541\Debug\test-driverLed.a(CapSense_SMS.o)
                0x20000108                CapSense_sensorSensitivity
 *fill*         0x2000010a        0x2 
 .data.impure_data
                0x2000010c       0x60 c:/program files (x86)/cypress/psoc creator/4.2/psoc creator/import/gnu/arm/5.4.1/bin/../lib/gcc/arm-none-eabi/5.4.1/../../../../arm-none-eabi/lib/armv6-m\libg_nano.a(lib_a-impure.o)
 .data._impure_ptr
                0x2000016c        0x4 c:/program files (x86)/cypress/psoc creator/4.2/psoc creator/import/gnu/arm/5.4.1/bin/../lib/gcc/arm-none-eabi/5.4.1/../../../../arm-none-eabi/lib/armv6-m\libg_nano.a(lib_a-impure.o)
                0x2000016c                _impure_ptr
                0x20000170                . = ALIGN (0x8)
 *(.ram)
                0x20000170                _edata = .

.igot.plt       0x20000170        0x0 load address 0x000023d8
 .igot.plt      0x20000170        0x0 c:/program files (x86)/cypress/psoc creator/4.2/psoc creator/import/gnu/arm/5.4.1/bin/../lib/gcc/arm-none-eabi/5.4.1/armv6-m/crtbegin.o

.bss            0x20000170       0xf0 load address 0x000023d8
                0x20000170                PROVIDE (__bss_start__, .)
 *(.shbss)
 *(.bss .bss.* .gnu.linkonce.b.*)
 .bss           0x20000170       0x1c c:/program files (x86)/cypress/psoc creator/4.2/psoc creator/import/gnu/arm/5.4.1/bin/../lib/gcc/arm-none-eabi/5.4.1/armv6-m/crtbegin.o
 .bss           0x2000018c       0x20 .\CortexM0\ARM_GCC_541\Debug\main.o
                0x2000018c                pattern
                0x20000190                antichar
                0x20000194                charIndex
                0x20000198                character
                0x2000019c                fadeIndex
                0x200001a0                cycleCounter
                0x200001a4                status
                0x200001a8                brightnessCounter
 .bss           0x200001ac        0x4 .\CortexM0\ARM_GCC_541\Debug\test-driverLed.a(SPI_1.o)
                0x200001ac                SPI_1_initVar
                0x200001ae                SPI_1_IntrTxMask
 .bss           0x200001b0       0x28 .\CortexM0\ARM_GCC_541\Debug\test-driverLed.a(CyLFClk.o)
 .bss           0x200001d8        0x1 .\CortexM0\ARM_GCC_541\Debug\test-driverLed.a(PWM_1.o)
                0x200001d8                PWM_1_initVar
 *fill*         0x200001d9        0x3 
 .bss           0x200001dc        0xb .\CortexM0\ARM_GCC_541\Debug\test-driverLed.a(CapSense.o)
                0x200001dc                CapSense_csdStatusVar
                0x200001e0                CapSense_sensorRaw
                0x200001e4                CapSense_sensorIndex
                0x200001e6                CapSense_lowLevelTuningDone
 *fill*         0x200001e7        0x1 
 .bss           0x200001e8       0x11 .\CortexM0\ARM_GCC_541\Debug\test-driverLed.a(CapSense_CSHL.o)
                0x200001e8                CapSense_sensorBaseline
                0x200001ec                CapSense_sensorBaselineLow
                0x200001f0                CapSense_sensorSignal
                0x200001f8                CapSense_sensorOnMask
 .bss           0x200001f9        0x1 .\CortexM0\ARM_GCC_541\Debug\test-driverLed.a(CapSense_INT.o)
 .bss           0x200001fa        0x4 .\CortexM0\ARM_GCC_541\Debug\test-driverLed.a(UART.o)
                0x200001fa                UART_initVar
                0x200001fc                UART_IntrTxMask
 *(COMMON)
 *fill*         0x200001fe        0x2 
 COMMON         0x20000200       0x1e .\CortexM0\ARM_GCC_541\Debug\test-driverLed.a(CapSense.o)
                0x20000200                CapSense_csdTrim1
                0x20000204                CapSense_scanSpeedTbl
                0x20000208                CapSense_sensorEnableMaskBackup
                0x2000020c                CapSense_senseClkDividerVal
                0x20000210                CapSense_modulationIDAC
                0x20000214                CapSense_compensationIDAC
                0x20000218                CapSense_unscannedSnsDriveMode
                0x2000021c                CapSense_sampleClkDividerVal
 *fill*         0x2000021e        0x2 
 COMMON         0x20000220       0x12 .\CortexM0\ARM_GCC_541\Debug\test-driverLed.a(CapSense_CSHL.o)
                0x20000220                CapSense_noiseThreshold
                0x20000224                CapSense_lowBaselineResetCnt
                0x20000228                CapSense_negativeNoiseThreshold
                0x2000022c                CapSense_hysteresis
                0x20000230                CapSense_fingerThreshold
 *fill*         0x20000232        0x2 
 COMMON         0x20000234       0x26 .\CortexM0\ARM_GCC_541\Debug\test-driverLed.a(CapSense_SMS.o)
                0x20000234                CapSense_runningDifferenceTbl
                0x20000238                CapSense_signRegisterTbl
                0x2000023c                CapSense_sampleMaxTbl
                0x20000240                CapSense_noiseEnvelopeTbl
                0x20000244                CapSense_previousSampleTbl
                0x20000248                CapSense_sampleMinTbl
                0x2000024c                CapSense_config
                0x20000258                CapSense_kValueTbl
                0x20000260                . = ALIGN (0x8)
 *fill*         0x2000025a        0x6 
 *(.ram.b)
                0x20000260                _end = .
                0x20000260                __end = .
                0x20000260                PROVIDE (end, .)
                0x20000260                PROVIDE (__bss_end__, .)
                0x00002328                __cy_region_init_ram = LOADADDR (.data)
                0x000000b0                __cy_region_init_size_ram = (_edata - ADDR (.data))
                0x000000f0                __cy_region_zero_size_ram = (_end - _edata)

.heap           0x20000260       0x80 load address 0x000023d8
                0x20000260                . = _end
                0x200002e0                . = (. + 0x80)
 *fill*         0x20000260       0x80 
                0x200002e0                __cy_heap_limit = .

.stack          0x20003800      0x800
                0x20003800                __cy_stack_limit = .
                0x20004000                . = (. + 0x800)
 *fill*         0x20003800      0x800 
                0x00000001                ASSERT ((__cy_stack_limit >= __cy_heap_limit), region RAM overflowed with stack)
                0x00000000                cy_checksum_exclude_size = (CY_APPL_LOADABLE == 0x1)?SIZEOF (.cy_checksum_exclude):0x0
                0x00000001                ASSERT ((cy_checksum_exclude_size <= CY_CHECKSUM_EXCLUDE_SIZE), CY_BOOT: Section .cy_checksum_exclude size exceedes specified limit.)
                0x0001ffc0                cyloadermeta_start = (cy_project_type_bootloader || cy_project_type_app_for_stack_and_copier)?(LENGTH (rom) - CY_METADATA_SIZE):0xf0000000

.cyloadermeta
 *(.cyloadermeta)
                0x0001ffc0                cyloadablemeta_start = cy_project_type_app_for_stack_and_copier?((LENGTH (rom) - CY_FLASH_ROW_SIZE) - CY_METADATA_SIZE):((LENGTH (rom) - (CY_FLASH_ROW_SIZE * (CY_APPL_NUM - 0x1))) - CY_METADATA_SIZE)

.cyloadablemeta
 *(.cyloadablemeta)

.cyflashprotect
                0x90400000       0x80
 *(.cyflashprotect)
 .cyflashprotect
                0x90400000       0x80 .\CortexM0\ARM_GCC_541\Debug\cymetadata.o
                0x90400000                cy_meta_flashprotect

.cymeta         0x90500000        0xc
 *(.cymeta)
 .cymeta        0x90500000        0xc .\CortexM0\ARM_GCC_541\Debug\cymetadata.o
                0x90500000                cy_metadata

.cychipprotect  0x90600000        0x1
 *(.cychipprotect)
 .cychipprotect
                0x90600000        0x1 .\CortexM0\ARM_GCC_541\Debug\cymetadata.o
                0x90600000                cy_meta_chipprotect

.rel.dyn        0x000023d8        0x0 load address 0x90600004
 .rel.iplt      0x000023d8        0x0 c:/program files (x86)/cypress/psoc creator/4.2/psoc creator/import/gnu/arm/5.4.1/bin/../lib/gcc/arm-none-eabi/5.4.1/armv6-m/crtbegin.o

.stab
 *(.stab)

.stabstr
 *(.stabstr)

.debug
 *(.debug)

.line
 *(.line)

.debug_srcinfo
 *(.debug_srcinfo)

.debug_sfnames
 *(.debug_sfnames)

.debug_aranges  0x00000000      0xe40
 *(.debug_aranges)
 .debug_aranges
                0x00000000       0x58 .\CortexM0\ARM_GCC_541\Debug\main.o
 .debug_aranges
                0x00000058       0x48 .\CortexM0\ARM_GCC_541\Debug\cyfitter_cfg.o
 .debug_aranges
                0x000000a0       0x18 .\CortexM0\ARM_GCC_541\Debug\cymetadata.o
 .debug_aranges
                0x000000b8       0x48 .\CortexM0\ARM_GCC_541\Debug\Cm0Start.o
 .debug_aranges
                0x00000100       0x58 .\CortexM0\ARM_GCC_541\Debug\test-driverLed.a(SPI_1.o)
 .debug_aranges
                0x00000158       0x60 .\CortexM0\ARM_GCC_541\Debug\test-driverLed.a(SPI_1_SPI_UART.o)
 .debug_aranges
                0x000001b8       0x40 .\CortexM0\ARM_GCC_541\Debug\test-driverLed.a(SPI_1_SPI.o)
 .debug_aranges
                0x000001f8      0x1b0 .\CortexM0\ARM_GCC_541\Debug\test-driverLed.a(CyLib.o)
 .debug_aranges
                0x000003a8      0x188 .\CortexM0\ARM_GCC_541\Debug\test-driverLed.a(CyLFClk.o)
 .debug_aranges
                0x00000530       0x48 .\CortexM0\ARM_GCC_541\Debug\test-driverLed.a(LE.o)
 .debug_aranges
                0x00000578       0x40 .\CortexM0\ARM_GCC_541\Debug\test-driverLed.a(Clock_1.o)
 .debug_aranges
                0x000005b8      0x158 .\CortexM0\ARM_GCC_541\Debug\test-driverLed.a(PWM_1.o)
 .debug_aranges
                0x00000710      0x150 .\CortexM0\ARM_GCC_541\Debug\test-driverLed.a(CapSense.o)
 .debug_aranges
                0x00000860      0x110 .\CortexM0\ARM_GCC_541\Debug\test-driverLed.a(CapSense_CSHL.o)
 .debug_aranges
                0x00000970       0x20 .\CortexM0\ARM_GCC_541\Debug\test-driverLed.a(CapSense_INT.o)
 .debug_aranges
                0x00000990       0x60 .\CortexM0\ARM_GCC_541\Debug\test-driverLed.a(CapSense_SMS.o)
 .debug_aranges
                0x000009f0       0x40 .\CortexM0\ARM_GCC_541\Debug\test-driverLed.a(CapSense_SampleClk.o)
 .debug_aranges
                0x00000a30       0x40 .\CortexM0\ARM_GCC_541\Debug\test-driverLed.a(CapSense_SenseClk.o)
 .debug_aranges
                0x00000a70       0x48 .\CortexM0\ARM_GCC_541\Debug\test-driverLed.a(STR.o)
 .debug_aranges
                0x00000ab8       0x48 .\CortexM0\ARM_GCC_541\Debug\test-driverLed.a(STG.o)
 .debug_aranges
                0x00000b00       0x48 .\CortexM0\ARM_GCC_541\Debug\test-driverLed.a(STB.o)
 .debug_aranges
                0x00000b48       0x58 .\CortexM0\ARM_GCC_541\Debug\test-driverLed.a(UART.o)
 .debug_aranges
                0x00000ba0       0x90 .\CortexM0\ARM_GCC_541\Debug\test-driverLed.a(UART_UART.o)
 .debug_aranges
                0x00000c30       0x80 .\CortexM0\ARM_GCC_541\Debug\test-driverLed.a(TC_ISR.o)
 .debug_aranges
                0x00000cb0       0x48 .\CortexM0\ARM_GCC_541\Debug\test-driverLed.a(Pin_SW2.o)
 .debug_aranges
                0x00000cf8       0x80 .\CortexM0\ARM_GCC_541\Debug\test-driverLed.a(Pin_SW2_Int.o)
 .debug_aranges
                0x00000d78       0x20 .\CortexM0\ARM_GCC_541\Debug\test-driverLed.a(CyBootAsmGnu.o)
 .debug_aranges
                0x00000d98       0x60 .\CortexM0\ARM_GCC_541\Debug\test-driverLed.a(UART_SPI_UART.o)
 .debug_aranges
                0x00000df8       0x48 C:\Program Files (x86)\Cypress\PSoC Creator\4.2\PSoC Creator\psoc\content\CyComponentLibrary\CyComponentLibrary.cylib\CapSense_CSD_P4_v2_60\PSoC4\Library\CapsenseP4Library_GCC.a(CSD_P4_SmartSense_v2_60.o)

.debug_pubnames
 *(.debug_pubnames)

.debug_info     0x00000000     0x8280
 *(.debug_info .gnu.linkonce.wi.*)
 .debug_info    0x00000000      0x63a .\CortexM0\ARM_GCC_541\Debug\main.o
 .debug_info    0x0000063a      0x499 .\CortexM0\ARM_GCC_541\Debug\cyfitter_cfg.o
 .debug_info    0x00000ad3       0xf8 .\CortexM0\ARM_GCC_541\Debug\cymetadata.o
 .debug_info    0x00000bcb      0x3a2 .\CortexM0\ARM_GCC_541\Debug\Cm0Start.o
 .debug_info    0x00000f6d      0x23a .\CortexM0\ARM_GCC_541\Debug\test-driverLed.a(SPI_1.o)
 .debug_info    0x000011a7      0x220 .\CortexM0\ARM_GCC_541\Debug\test-driverLed.a(SPI_1_SPI_UART.o)
 .debug_info    0x000013c7      0x187 .\CortexM0\ARM_GCC_541\Debug\test-driverLed.a(SPI_1_SPI.o)
 .debug_info    0x0000154e      0xbd0 .\CortexM0\ARM_GCC_541\Debug\test-driverLed.a(CyLib.o)
 .debug_info    0x0000211e     0x1071 .\CortexM0\ARM_GCC_541\Debug\test-driverLed.a(CyLFClk.o)
 .debug_info    0x0000318f      0x19d .\CortexM0\ARM_GCC_541\Debug\test-driverLed.a(LE.o)
 .debug_info    0x0000332c      0x166 .\CortexM0\ARM_GCC_541\Debug\test-driverLed.a(Clock_1.o)
 .debug_info    0x00003492      0x909 .\CortexM0\ARM_GCC_541\Debug\test-driverLed.a(PWM_1.o)
 .debug_info    0x00003d9b     0x107e .\CortexM0\ARM_GCC_541\Debug\test-driverLed.a(CapSense.o)
 .debug_info    0x00004e19      0xd50 .\CortexM0\ARM_GCC_541\Debug\test-driverLed.a(CapSense_CSHL.o)
 .debug_info    0x00005b69      0x198 .\CortexM0\ARM_GCC_541\Debug\test-driverLed.a(CapSense_INT.o)
 .debug_info    0x00005d01      0x77d .\CortexM0\ARM_GCC_541\Debug\test-driverLed.a(CapSense_SMS.o)
 .debug_info    0x0000647e      0x166 .\CortexM0\ARM_GCC_541\Debug\test-driverLed.a(CapSense_SampleClk.o)
 .debug_info    0x000065e4      0x166 .\CortexM0\ARM_GCC_541\Debug\test-driverLed.a(CapSense_SenseClk.o)
 .debug_info    0x0000674a      0x19d .\CortexM0\ARM_GCC_541\Debug\test-driverLed.a(STR.o)
 .debug_info    0x000068e7      0x19d .\CortexM0\ARM_GCC_541\Debug\test-driverLed.a(STG.o)
 .debug_info    0x00006a84      0x19d .\CortexM0\ARM_GCC_541\Debug\test-driverLed.a(STB.o)
 .debug_info    0x00006c21      0x23a .\CortexM0\ARM_GCC_541\Debug\test-driverLed.a(UART.o)
 .debug_info    0x00006e5b      0x3b5 .\CortexM0\ARM_GCC_541\Debug\test-driverLed.a(UART_UART.o)
 .debug_info    0x00007210      0x305 .\CortexM0\ARM_GCC_541\Debug\test-driverLed.a(TC_ISR.o)
 .debug_info    0x00007515      0x19d .\CortexM0\ARM_GCC_541\Debug\test-driverLed.a(Pin_SW2.o)
 .debug_info    0x000076b2      0x305 .\CortexM0\ARM_GCC_541\Debug\test-driverLed.a(Pin_SW2_Int.o)
 .debug_info    0x000079b7       0xc7 .\CortexM0\ARM_GCC_541\Debug\test-driverLed.a(CyBootAsmGnu.o)
 .debug_info    0x00007a7e      0x220 .\CortexM0\ARM_GCC_541\Debug\test-driverLed.a(UART_SPI_UART.o)
 .debug_info    0x00007c9e      0x5e2 C:\Program Files (x86)\Cypress\PSoC Creator\4.2\PSoC Creator\psoc\content\CyComponentLibrary\CyComponentLibrary.cylib\CapSense_CSD_P4_v2_60\PSoC4\Library\CapsenseP4Library_GCC.a(CSD_P4_SmartSense_v2_60.o)

.debug_abbrev   0x00000000     0x21f2
 *(.debug_abbrev)
 .debug_abbrev  0x00000000      0x153 .\CortexM0\ARM_GCC_541\Debug\main.o
 .debug_abbrev  0x00000153      0x1cf .\CortexM0\ARM_GCC_541\Debug\cyfitter_cfg.o
 .debug_abbrev  0x00000322       0x5d .\CortexM0\ARM_GCC_541\Debug\cymetadata.o
 .debug_abbrev  0x0000037f      0x1d7 .\CortexM0\ARM_GCC_541\Debug\Cm0Start.o
 .debug_abbrev  0x00000556       0xd5 .\CortexM0\ARM_GCC_541\Debug\test-driverLed.a(SPI_1.o)
 .debug_abbrev  0x0000062b      0x14f .\CortexM0\ARM_GCC_541\Debug\test-driverLed.a(SPI_1_SPI_UART.o)
 .debug_abbrev  0x0000077a       0xf7 .\CortexM0\ARM_GCC_541\Debug\test-driverLed.a(SPI_1_SPI.o)
 .debug_abbrev  0x00000871      0x1e0 .\CortexM0\ARM_GCC_541\Debug\test-driverLed.a(CyLib.o)
 .debug_abbrev  0x00000a51      0x248 .\CortexM0\ARM_GCC_541\Debug\test-driverLed.a(CyLFClk.o)
 .debug_abbrev  0x00000c99       0xc8 .\CortexM0\ARM_GCC_541\Debug\test-driverLed.a(LE.o)
 .debug_abbrev  0x00000d61       0xb7 .\CortexM0\ARM_GCC_541\Debug\test-driverLed.a(Clock_1.o)
 .debug_abbrev  0x00000e18      0x119 .\CortexM0\ARM_GCC_541\Debug\test-driverLed.a(PWM_1.o)
 .debug_abbrev  0x00000f31      0x188 .\CortexM0\ARM_GCC_541\Debug\test-driverLed.a(CapSense.o)
 .debug_abbrev  0x000010b9      0x20e .\CortexM0\ARM_GCC_541\Debug\test-driverLed.a(CapSense_CSHL.o)
 .debug_abbrev  0x000012c7       0xca .\CortexM0\ARM_GCC_541\Debug\test-driverLed.a(CapSense_INT.o)
 .debug_abbrev  0x00001391      0x1d5 .\CortexM0\ARM_GCC_541\Debug\test-driverLed.a(CapSense_SMS.o)
 .debug_abbrev  0x00001566       0xb7 .\CortexM0\ARM_GCC_541\Debug\test-driverLed.a(CapSense_SampleClk.o)
 .debug_abbrev  0x0000161d       0xb7 .\CortexM0\ARM_GCC_541\Debug\test-driverLed.a(CapSense_SenseClk.o)
 .debug_abbrev  0x000016d4       0xc8 .\CortexM0\ARM_GCC_541\Debug\test-driverLed.a(STR.o)
 .debug_abbrev  0x0000179c       0xc8 .\CortexM0\ARM_GCC_541\Debug\test-driverLed.a(STG.o)
 .debug_abbrev  0x00001864       0xc8 .\CortexM0\ARM_GCC_541\Debug\test-driverLed.a(STB.o)
 .debug_abbrev  0x0000192c       0xd5 .\CortexM0\ARM_GCC_541\Debug\test-driverLed.a(UART.o)
 .debug_abbrev  0x00001a01      0x132 .\CortexM0\ARM_GCC_541\Debug\test-driverLed.a(UART_UART.o)
 .debug_abbrev  0x00001b33      0x19a .\CortexM0\ARM_GCC_541\Debug\test-driverLed.a(TC_ISR.o)
 .debug_abbrev  0x00001ccd       0xc8 .\CortexM0\ARM_GCC_541\Debug\test-driverLed.a(Pin_SW2.o)
 .debug_abbrev  0x00001d95      0x19a .\CortexM0\ARM_GCC_541\Debug\test-driverLed.a(Pin_SW2_Int.o)
 .debug_abbrev  0x00001f2f       0x14 .\CortexM0\ARM_GCC_541\Debug\test-driverLed.a(CyBootAsmGnu.o)
 .debug_abbrev  0x00001f43      0x14f .\CortexM0\ARM_GCC_541\Debug\test-driverLed.a(UART_SPI_UART.o)
 .debug_abbrev  0x00002092      0x160 C:\Program Files (x86)\Cypress\PSoC Creator\4.2\PSoC Creator\psoc\content\CyComponentLibrary\CyComponentLibrary.cylib\CapSense_CSD_P4_v2_60\PSoC4\Library\CapsenseP4Library_GCC.a(CSD_P4_SmartSense_v2_60.o)

.debug_line     0x00000000     0x32f3
 *(.debug_line)
 .debug_line    0x00000000      0x327 .\CortexM0\ARM_GCC_541\Debug\main.o
 .debug_line    0x00000327      0x1c5 .\CortexM0\ARM_GCC_541\Debug\cyfitter_cfg.o
 .debug_line    0x000004ec      0x141 .\CortexM0\ARM_GCC_541\Debug\cymetadata.o
 .debug_line    0x0000062d      0x236 .\CortexM0\ARM_GCC_541\Debug\Cm0Start.o
 .debug_line    0x00000863      0x10c .\CortexM0\ARM_GCC_541\Debug\test-driverLed.a(SPI_1.o)
 .debug_line    0x0000096f      0x11b .\CortexM0\ARM_GCC_541\Debug\test-driverLed.a(SPI_1_SPI_UART.o)
 .debug_line    0x00000a8a       0xd6 .\CortexM0\ARM_GCC_541\Debug\test-driverLed.a(SPI_1_SPI.o)
 .debug_line    0x00000b60      0x4d0 .\CortexM0\ARM_GCC_541\Debug\test-driverLed.a(CyLib.o)
 .debug_line    0x00001030      0x5db .\CortexM0\ARM_GCC_541\Debug\test-driverLed.a(CyLFClk.o)
 .debug_line    0x0000160b       0xba .\CortexM0\ARM_GCC_541\Debug\test-driverLed.a(LE.o)
 .debug_line    0x000016c5       0xba .\CortexM0\ARM_GCC_541\Debug\test-driverLed.a(Clock_1.o)
 .debug_line    0x0000177f      0x37e .\CortexM0\ARM_GCC_541\Debug\test-driverLed.a(PWM_1.o)
 .debug_line    0x00001afd      0x4c8 .\CortexM0\ARM_GCC_541\Debug\test-driverLed.a(CapSense.o)
 .debug_line    0x00001fc5      0x390 .\CortexM0\ARM_GCC_541\Debug\test-driverLed.a(CapSense_CSHL.o)
 .debug_line    0x00002355       0xac .\CortexM0\ARM_GCC_541\Debug\test-driverLed.a(CapSense_INT.o)
 .debug_line    0x00002401      0x1a8 .\CortexM0\ARM_GCC_541\Debug\test-driverLed.a(CapSense_SMS.o)
 .debug_line    0x000025a9       0xc5 .\CortexM0\ARM_GCC_541\Debug\test-driverLed.a(CapSense_SampleClk.o)
 .debug_line    0x0000266e       0xc4 .\CortexM0\ARM_GCC_541\Debug\test-driverLed.a(CapSense_SenseClk.o)
 .debug_line    0x00002732       0xbb .\CortexM0\ARM_GCC_541\Debug\test-driverLed.a(STR.o)
 .debug_line    0x000027ed       0xbb .\CortexM0\ARM_GCC_541\Debug\test-driverLed.a(STG.o)
 .debug_line    0x000028a8       0xbb .\CortexM0\ARM_GCC_541\Debug\test-driverLed.a(STB.o)
 .debug_line    0x00002963      0x108 .\CortexM0\ARM_GCC_541\Debug\test-driverLed.a(UART.o)
 .debug_line    0x00002a6b      0x1cf .\CortexM0\ARM_GCC_541\Debug\test-driverLed.a(UART_UART.o)
 .debug_line    0x00002c3a      0x152 .\CortexM0\ARM_GCC_541\Debug\test-driverLed.a(TC_ISR.o)
 .debug_line    0x00002d8c       0xbf .\CortexM0\ARM_GCC_541\Debug\test-driverLed.a(Pin_SW2.o)
 .debug_line    0x00002e4b      0x157 .\CortexM0\ARM_GCC_541\Debug\test-driverLed.a(Pin_SW2_Int.o)
 .debug_line    0x00002fa2       0x68 .\CortexM0\ARM_GCC_541\Debug\test-driverLed.a(CyBootAsmGnu.o)
 .debug_line    0x0000300a      0x11a .\CortexM0\ARM_GCC_541\Debug\test-driverLed.a(UART_SPI_UART.o)
 .debug_line    0x00003124      0x1cf C:\Program Files (x86)\Cypress\PSoC Creator\4.2\PSoC Creator\psoc\content\CyComponentLibrary\CyComponentLibrary.cylib\CapSense_CSD_P4_v2_60\PSoC4\Library\CapsenseP4Library_GCC.a(CSD_P4_SmartSense_v2_60.o)

.debug_frame    0x00000000     0x2270
 *(.debug_frame)
 .debug_frame   0x00000000       0xd0 .\CortexM0\ARM_GCC_541\Debug\main.o
 .debug_frame   0x000000d0       0xb8 .\CortexM0\ARM_GCC_541\Debug\cyfitter_cfg.o
 .debug_frame   0x00000188       0xbc .\CortexM0\ARM_GCC_541\Debug\Cm0Start.o
 .debug_frame   0x00000244       0xd8 .\CortexM0\ARM_GCC_541\Debug\test-driverLed.a(SPI_1.o)
 .debug_frame   0x0000031c       0xb0 .\CortexM0\ARM_GCC_541\Debug\test-driverLed.a(SPI_1_SPI_UART.o)
 .debug_frame   0x000003cc       0x6c .\CortexM0\ARM_GCC_541\Debug\test-driverLed.a(SPI_1_SPI.o)
 .debug_frame   0x00000438      0x444 .\CortexM0\ARM_GCC_541\Debug\test-driverLed.a(CyLib.o)
 .debug_frame   0x0000087c      0x4a8 .\CortexM0\ARM_GCC_541\Debug\test-driverLed.a(CyLFClk.o)
 .debug_frame   0x00000d24       0x70 .\CortexM0\ARM_GCC_541\Debug\test-driverLed.a(LE.o)
 .debug_frame   0x00000d94       0x6c .\CortexM0\ARM_GCC_541\Debug\test-driverLed.a(Clock_1.o)
 .debug_frame   0x00000e00      0x3a0 .\CortexM0\ARM_GCC_541\Debug\test-driverLed.a(PWM_1.o)
 .debug_frame   0x000011a0      0x3a8 .\CortexM0\ARM_GCC_541\Debug\test-driverLed.a(CapSense.o)
 .debug_frame   0x00001548      0x2cc .\CortexM0\ARM_GCC_541\Debug\test-driverLed.a(CapSense_CSHL.o)
 .debug_frame   0x00001814       0x2c .\CortexM0\ARM_GCC_541\Debug\test-driverLed.a(CapSense_INT.o)
 .debug_frame   0x00001840       0xec .\CortexM0\ARM_GCC_541\Debug\test-driverLed.a(CapSense_SMS.o)
 .debug_frame   0x0000192c       0x6c .\CortexM0\ARM_GCC_541\Debug\test-driverLed.a(CapSense_SampleClk.o)
 .debug_frame   0x00001998       0x6c .\CortexM0\ARM_GCC_541\Debug\test-driverLed.a(CapSense_SenseClk.o)
 .debug_frame   0x00001a04       0x70 .\CortexM0\ARM_GCC_541\Debug\test-driverLed.a(STR.o)
 .debug_frame   0x00001a74       0x70 .\CortexM0\ARM_GCC_541\Debug\test-driverLed.a(STG.o)
 .debug_frame   0x00001ae4       0x70 .\CortexM0\ARM_GCC_541\Debug\test-driverLed.a(STB.o)
 .debug_frame   0x00001b54       0xd8 .\CortexM0\ARM_GCC_541\Debug\test-driverLed.a(UART.o)
 .debug_frame   0x00001c2c      0x144 .\CortexM0\ARM_GCC_541\Debug\test-driverLed.a(UART_UART.o)
 .debug_frame   0x00001d70      0x110 .\CortexM0\ARM_GCC_541\Debug\test-driverLed.a(TC_ISR.o)
 .debug_frame   0x00001e80       0x70 .\CortexM0\ARM_GCC_541\Debug\test-driverLed.a(Pin_SW2.o)
 .debug_frame   0x00001ef0      0x110 .\CortexM0\ARM_GCC_541\Debug\test-driverLed.a(Pin_SW2_Int.o)
 .debug_frame   0x00002000       0xb0 .\CortexM0\ARM_GCC_541\Debug\test-driverLed.a(UART_SPI_UART.o)
 .debug_frame   0x000020b0       0xec C:\Program Files (x86)\Cypress\PSoC Creator\4.2\PSoC Creator\psoc\content\CyComponentLibrary\CyComponentLibrary.cylib\CapSense_CSD_P4_v2_60\PSoC4\Library\CapsenseP4Library_GCC.a(CSD_P4_SmartSense_v2_60.o)
 .debug_frame   0x0000219c       0x20 c:/program files (x86)/cypress/psoc creator/4.2/psoc creator/import/gnu/arm/5.4.1/bin/../lib/gcc/arm-none-eabi/5.4.1/armv6-m\libgcc.a(_udivsi3.o)
 .debug_frame   0x000021bc       0x20 c:/program files (x86)/cypress/psoc creator/4.2/psoc creator/import/gnu/arm/5.4.1/bin/../lib/gcc/arm-none-eabi/5.4.1/armv6-m\libgcc.a(_divsi3.o)
 .debug_frame   0x000021dc       0x20 c:/program files (x86)/cypress/psoc creator/4.2/psoc creator/import/gnu/arm/5.4.1/bin/../lib/gcc/arm-none-eabi/5.4.1/../../../../arm-none-eabi/lib/armv6-m\libg_nano.a(lib_a-errno.o)
 .debug_frame   0x000021fc       0x28 c:/program files (x86)/cypress/psoc creator/4.2/psoc creator/import/gnu/arm/5.4.1/bin/../lib/gcc/arm-none-eabi/5.4.1/../../../../arm-none-eabi/lib/armv6-m\libg_nano.a(lib_a-exit.o)
 .debug_frame   0x00002224       0x2c c:/program files (x86)/cypress/psoc creator/4.2/psoc creator/import/gnu/arm/5.4.1/bin/../lib/gcc/arm-none-eabi/5.4.1/../../../../arm-none-eabi/lib/armv6-m\libg_nano.a(lib_a-init.o)
 .debug_frame   0x00002250       0x20 c:/program files (x86)/cypress/psoc creator/4.2/psoc creator/import/gnu/arm/5.4.1/bin/../lib/gcc/arm-none-eabi/5.4.1/../../../../arm-none-eabi/lib/armv6-m\libg_nano.a(lib_a-memset.o)

.debug_str      0x00000000     0x36fe
 *(.debug_str)
 .debug_str     0x00000000      0x4a0 .\CortexM0\ARM_GCC_541\Debug\main.o
                                0x4f0 (size before relaxing)
 .debug_str     0x000004a0      0x1aa .\CortexM0\ARM_GCC_541\Debug\cyfitter_cfg.o
                                0x386 (size before relaxing)
 .debug_str     0x0000064a       0x63 .\CortexM0\ARM_GCC_541\Debug\cymetadata.o
                                0x1ff (size before relaxing)
 .debug_str     0x000006ad      0x13a .\CortexM0\ARM_GCC_541\Debug\Cm0Start.o
                                0x338 (size before relaxing)
 .debug_str     0x000007e7      0x101 .\CortexM0\ARM_GCC_541\Debug\test-driverLed.a(SPI_1.o)
                                0x2d9 (size before relaxing)
 .debug_str     0x000008e8      0x126 .\CortexM0\ARM_GCC_541\Debug\test-driverLed.a(SPI_1_SPI_UART.o)
                                0x310 (size before relaxing)
 .debug_str     0x00000a0e       0x89 .\CortexM0\ARM_GCC_541\Debug\test-driverLed.a(SPI_1_SPI.o)
                                0x290 (size before relaxing)
 .debug_str     0x00000a97      0x51a .\CortexM0\ARM_GCC_541\Debug\test-driverLed.a(CyLib.o)
                                0x772 (size before relaxing)
 .debug_str     0x00000fb1      0x6ea .\CortexM0\ARM_GCC_541\Debug\test-driverLed.a(CyLFClk.o)
                                0x96f (size before relaxing)
 .debug_str     0x0000169b       0x8d .\CortexM0\ARM_GCC_541\Debug\test-driverLed.a(LE.o)
                                0x258 (size before relaxing)
 .debug_str     0x00001728       0xc7 .\CortexM0\ARM_GCC_541\Debug\test-driverLed.a(Clock_1.o)
                                0x28e (size before relaxing)
 .debug_str     0x000017ef      0x399 .\CortexM0\ARM_GCC_541\Debug\test-driverLed.a(PWM_1.o)
                                0x5e8 (size before relaxing)
 .debug_str     0x00001b88      0x803 .\CortexM0\ARM_GCC_541\Debug\test-driverLed.a(CapSense.o)
                                0xac6 (size before relaxing)
 .debug_str     0x0000238b      0x64b .\CortexM0\ARM_GCC_541\Debug\test-driverLed.a(CapSense_CSHL.o)
                                0xa57 (size before relaxing)
 .debug_str     0x000029d6       0x48 .\CortexM0\ARM_GCC_541\Debug\test-driverLed.a(CapSense_INT.o)
                                0x2c6 (size before relaxing)
 .debug_str     0x00002a1e      0x25a .\CortexM0\ARM_GCC_541\Debug\test-driverLed.a(CapSense_SMS.o)
                                0x802 (size before relaxing)
 .debug_str     0x00002c78       0x82 .\CortexM0\ARM_GCC_541\Debug\test-driverLed.a(CapSense_SampleClk.o)
                                0x2d0 (size before relaxing)
 .debug_str     0x00002cfa       0x7f .\CortexM0\ARM_GCC_541\Debug\test-driverLed.a(CapSense_SenseClk.o)
                                0x2ca (size before relaxing)
 .debug_str     0x00002d79       0x6f .\CortexM0\ARM_GCC_541\Debug\test-driverLed.a(STR.o)
                                0x25f (size before relaxing)
 .debug_str     0x00002de8       0x6f .\CortexM0\ARM_GCC_541\Debug\test-driverLed.a(STG.o)
                                0x25f (size before relaxing)
 .debug_str     0x00002e57       0x6f .\CortexM0\ARM_GCC_541\Debug\test-driverLed.a(STB.o)
                                0x25f (size before relaxing)
 .debug_str     0x00002ec6       0xdb .\CortexM0\ARM_GCC_541\Debug\test-driverLed.a(UART.o)
                                0x2ce (size before relaxing)
 .debug_str     0x00002fa1      0x1b7 .\CortexM0\ARM_GCC_541\Debug\test-driverLed.a(UART_UART.o)
                                0x3ff (size before relaxing)
 .debug_str     0x00003158       0xf4 .\CortexM0\ARM_GCC_541\Debug\test-driverLed.a(TC_ISR.o)
                                0x32f (size before relaxing)
 .debug_str     0x0000324c       0x7e .\CortexM0\ARM_GCC_541\Debug\test-driverLed.a(Pin_SW2.o)
                                0x27b (size before relaxing)
 .debug_str     0x000032ca      0x126 .\CortexM0\ARM_GCC_541\Debug\test-driverLed.a(Pin_SW2_Int.o)
                                0x375 (size before relaxing)
 .debug_str     0x000033f0       0xbe .\CortexM0\ARM_GCC_541\Debug\test-driverLed.a(UART_SPI_UART.o)
                                0x305 (size before relaxing)
 .debug_str     0x000034ae      0x250 C:\Program Files (x86)\Cypress\PSoC Creator\4.2\PSoC Creator\psoc\content\CyComponentLibrary\CyComponentLibrary.cylib\CapSense_CSD_P4_v2_60\PSoC4\Library\CapsenseP4Library_GCC.a(CSD_P4_SmartSense_v2_60.o)
                                0x59d (size before relaxing)

.debug_loc      0x00000000     0x40a2
 *(.debug_loc)
 .debug_loc     0x00000000       0x95 .\CortexM0\ARM_GCC_541\Debug\main.o
 .debug_loc     0x00000095      0x14d .\CortexM0\ARM_GCC_541\Debug\cyfitter_cfg.o
 .debug_loc     0x000001e2      0x14f .\CortexM0\ARM_GCC_541\Debug\Cm0Start.o
 .debug_loc     0x00000331       0x7e .\CortexM0\ARM_GCC_541\Debug\test-driverLed.a(SPI_1.o)
 .debug_loc     0x000003af       0x96 .\CortexM0\ARM_GCC_541\Debug\test-driverLed.a(SPI_1_SPI_UART.o)
 .debug_loc     0x00000445       0xc1 .\CortexM0\ARM_GCC_541\Debug\test-driverLed.a(SPI_1_SPI.o)
 .debug_loc     0x00000506      0x554 .\CortexM0\ARM_GCC_541\Debug\test-driverLed.a(CyLib.o)
 .debug_loc     0x00000a5a      0xdaa .\CortexM0\ARM_GCC_541\Debug\test-driverLed.a(CyLFClk.o)
 .debug_loc     0x00001804       0xa2 .\CortexM0\ARM_GCC_541\Debug\test-driverLed.a(LE.o)
 .debug_loc     0x000018a6       0x76 .\CortexM0\ARM_GCC_541\Debug\test-driverLed.a(Clock_1.o)
 .debug_loc     0x0000191c      0x547 .\CortexM0\ARM_GCC_541\Debug\test-driverLed.a(PWM_1.o)
 .debug_loc     0x00001e63      0xb10 .\CortexM0\ARM_GCC_541\Debug\test-driverLed.a(CapSense.o)
 .debug_loc     0x00002973      0x6e3 .\CortexM0\ARM_GCC_541\Debug\test-driverLed.a(CapSense_CSHL.o)
 .debug_loc     0x00003056      0x20f .\CortexM0\ARM_GCC_541\Debug\test-driverLed.a(CapSense_SMS.o)
 .debug_loc     0x00003265       0x76 .\CortexM0\ARM_GCC_541\Debug\test-driverLed.a(CapSense_SampleClk.o)
 .debug_loc     0x000032db       0x76 .\CortexM0\ARM_GCC_541\Debug\test-driverLed.a(CapSense_SenseClk.o)
 .debug_loc     0x00003351       0xa2 .\CortexM0\ARM_GCC_541\Debug\test-driverLed.a(STR.o)
 .debug_loc     0x000033f3       0xa2 .\CortexM0\ARM_GCC_541\Debug\test-driverLed.a(STG.o)
 .debug_loc     0x00003495       0xa2 .\CortexM0\ARM_GCC_541\Debug\test-driverLed.a(STB.o)
 .debug_loc     0x00003537       0x7e .\CortexM0\ARM_GCC_541\Debug\test-driverLed.a(UART.o)
 .debug_loc     0x000035b5      0x223 .\CortexM0\ARM_GCC_541\Debug\test-driverLed.a(UART_UART.o)
 .debug_loc     0x000037d8       0x82 .\CortexM0\ARM_GCC_541\Debug\test-driverLed.a(TC_ISR.o)
 .debug_loc     0x0000385a       0xa2 .\CortexM0\ARM_GCC_541\Debug\test-driverLed.a(Pin_SW2.o)
 .debug_loc     0x000038fc       0x82 .\CortexM0\ARM_GCC_541\Debug\test-driverLed.a(Pin_SW2_Int.o)
 .debug_loc     0x0000397e       0x96 .\CortexM0\ARM_GCC_541\Debug\test-driverLed.a(UART_SPI_UART.o)
 .debug_loc     0x00003a14      0x68e C:\Program Files (x86)\Cypress\PSoC Creator\4.2\PSoC Creator\psoc\content\CyComponentLibrary\CyComponentLibrary.cylib\CapSense_CSD_P4_v2_60\PSoC4\Library\CapsenseP4Library_GCC.a(CSD_P4_SmartSense_v2_60.o)

.debug_macinfo
 *(.debug_macinfo)

.debug_ranges   0x00000000      0xc58
 *(.debug_ranges)
 .debug_ranges  0x00000000       0x48 .\CortexM0\ARM_GCC_541\Debug\main.o
 .debug_ranges  0x00000048       0x38 .\CortexM0\ARM_GCC_541\Debug\cyfitter_cfg.o
 .debug_ranges  0x00000080       0x38 .\CortexM0\ARM_GCC_541\Debug\Cm0Start.o
 .debug_ranges  0x000000b8       0x48 .\CortexM0\ARM_GCC_541\Debug\test-driverLed.a(SPI_1.o)
 .debug_ranges  0x00000100       0x50 .\CortexM0\ARM_GCC_541\Debug\test-driverLed.a(SPI_1_SPI_UART.o)
 .debug_ranges  0x00000150       0x30 .\CortexM0\ARM_GCC_541\Debug\test-driverLed.a(SPI_1_SPI.o)
 .debug_ranges  0x00000180      0x1a0 .\CortexM0\ARM_GCC_541\Debug\test-driverLed.a(CyLib.o)
 .debug_ranges  0x00000320      0x178 .\CortexM0\ARM_GCC_541\Debug\test-driverLed.a(CyLFClk.o)
 .debug_ranges  0x00000498       0x38 .\CortexM0\ARM_GCC_541\Debug\test-driverLed.a(LE.o)
 .debug_ranges  0x000004d0       0x30 .\CortexM0\ARM_GCC_541\Debug\test-driverLed.a(Clock_1.o)
 .debug_ranges  0x00000500      0x148 .\CortexM0\ARM_GCC_541\Debug\test-driverLed.a(PWM_1.o)
 .debug_ranges  0x00000648      0x140 .\CortexM0\ARM_GCC_541\Debug\test-driverLed.a(CapSense.o)
 .debug_ranges  0x00000788      0x100 .\CortexM0\ARM_GCC_541\Debug\test-driverLed.a(CapSense_CSHL.o)
 .debug_ranges  0x00000888       0x10 .\CortexM0\ARM_GCC_541\Debug\test-driverLed.a(CapSense_INT.o)
 .debug_ranges  0x00000898       0x50 .\CortexM0\ARM_GCC_541\Debug\test-driverLed.a(CapSense_SMS.o)
 .debug_ranges  0x000008e8       0x30 .\CortexM0\ARM_GCC_541\Debug\test-driverLed.a(CapSense_SampleClk.o)
 .debug_ranges  0x00000918       0x30 .\CortexM0\ARM_GCC_541\Debug\test-driverLed.a(CapSense_SenseClk.o)
 .debug_ranges  0x00000948       0x38 .\CortexM0\ARM_GCC_541\Debug\test-driverLed.a(STR.o)
 .debug_ranges  0x00000980       0x38 .\CortexM0\ARM_GCC_541\Debug\test-driverLed.a(STG.o)
 .debug_ranges  0x000009b8       0x38 .\CortexM0\ARM_GCC_541\Debug\test-driverLed.a(STB.o)
 .debug_ranges  0x000009f0       0x48 .\CortexM0\ARM_GCC_541\Debug\test-driverLed.a(UART.o)
 .debug_ranges  0x00000a38       0x80 .\CortexM0\ARM_GCC_541\Debug\test-driverLed.a(UART_UART.o)
 .debug_ranges  0x00000ab8       0x70 .\CortexM0\ARM_GCC_541\Debug\test-driverLed.a(TC_ISR.o)
 .debug_ranges  0x00000b28       0x38 .\CortexM0\ARM_GCC_541\Debug\test-driverLed.a(Pin_SW2.o)
 .debug_ranges  0x00000b60       0x70 .\CortexM0\ARM_GCC_541\Debug\test-driverLed.a(Pin_SW2_Int.o)
 .debug_ranges  0x00000bd0       0x50 .\CortexM0\ARM_GCC_541\Debug\test-driverLed.a(UART_SPI_UART.o)
 .debug_ranges  0x00000c20       0x38 C:\Program Files (x86)\Cypress\PSoC Creator\4.2\PSoC Creator\psoc\content\CyComponentLibrary\CyComponentLibrary.cylib\CapSense_CSD_P4_v2_60\PSoC4\Library\CapsenseP4Library_GCC.a(CSD_P4_SmartSense_v2_60.o)

.comment        0x00000000       0xde
 .comment       0x00000000       0x6e .\CortexM0\ARM_GCC_541\Debug\main.o
                                 0x6f (size before relaxing)
 .comment       0x0000006e       0x6f .\CortexM0\ARM_GCC_541\Debug\cyfitter_cfg.o
 .comment       0x0000006e       0x6f .\CortexM0\ARM_GCC_541\Debug\cymetadata.o
 .comment       0x0000006e       0x6f .\CortexM0\ARM_GCC_541\Debug\Cm0Start.o
 .comment       0x0000006e       0x6f .\CortexM0\ARM_GCC_541\Debug\test-driverLed.a(SPI_1.o)
 .comment       0x0000006e       0x6f .\CortexM0\ARM_GCC_541\Debug\test-driverLed.a(SPI_1_SPI_UART.o)
 .comment       0x0000006e       0x6f .\CortexM0\ARM_GCC_541\Debug\test-driverLed.a(SPI_1_SPI.o)
 .comment       0x0000006e       0x6f .\CortexM0\ARM_GCC_541\Debug\test-driverLed.a(CyLib.o)
 .comment       0x0000006e       0x6f .\CortexM0\ARM_GCC_541\Debug\test-driverLed.a(CyLFClk.o)
 .comment       0x0000006e       0x6f .\CortexM0\ARM_GCC_541\Debug\test-driverLed.a(LE.o)
 .comment       0x0000006e       0x6f .\CortexM0\ARM_GCC_541\Debug\test-driverLed.a(Clock_1.o)
 .comment       0x0000006e       0x6f .\CortexM0\ARM_GCC_541\Debug\test-driverLed.a(PWM_1.o)
 .comment       0x0000006e       0x6f .\CortexM0\ARM_GCC_541\Debug\test-driverLed.a(CapSense.o)
 .comment       0x0000006e       0x6f .\CortexM0\ARM_GCC_541\Debug\test-driverLed.a(CapSense_CSHL.o)
 .comment       0x0000006e       0x6f .\CortexM0\ARM_GCC_541\Debug\test-driverLed.a(CapSense_INT.o)
 .comment       0x0000006e       0x6f .\CortexM0\ARM_GCC_541\Debug\test-driverLed.a(CapSense_SMS.o)
 .comment       0x0000006e       0x6f .\CortexM0\ARM_GCC_541\Debug\test-driverLed.a(CapSense_SampleClk.o)
 .comment       0x0000006e       0x6f .\CortexM0\ARM_GCC_541\Debug\test-driverLed.a(CapSense_SenseClk.o)
 .comment       0x0000006e       0x6f .\CortexM0\ARM_GCC_541\Debug\test-driverLed.a(STR.o)
 .comment       0x0000006e       0x6f .\CortexM0\ARM_GCC_541\Debug\test-driverLed.a(STG.o)
 .comment       0x0000006e       0x6f .\CortexM0\ARM_GCC_541\Debug\test-driverLed.a(STB.o)
 .comment       0x0000006e       0x6f .\CortexM0\ARM_GCC_541\Debug\test-driverLed.a(UART.o)
 .comment       0x0000006e       0x6f .\CortexM0\ARM_GCC_541\Debug\test-driverLed.a(UART_UART.o)
 .comment       0x0000006e       0x6f .\CortexM0\ARM_GCC_541\Debug\test-driverLed.a(TC_ISR.o)
 .comment       0x0000006e       0x6f .\CortexM0\ARM_GCC_541\Debug\test-driverLed.a(Pin_SW2.o)
 .comment       0x0000006e       0x6f .\CortexM0\ARM_GCC_541\Debug\test-driverLed.a(Pin_SW2_Int.o)
 .comment       0x0000006e       0x6f .\CortexM0\ARM_GCC_541\Debug\test-driverLed.a(UART_SPI_UART.o)
 .comment       0x0000006e       0x70 C:\Program Files (x86)\Cypress\PSoC Creator\4.2\PSoC Creator\psoc\content\CyComponentLibrary\CyComponentLibrary.cylib\CapSense_CSD_P4_v2_60\PSoC4\Library\CapsenseP4Library_GCC.a(CSD_P4_SmartSense_v2_60.o)
                                 0x71 (size before relaxing)

.debug_weaknames
 *(.debug_weaknames)

.debug_funcnames
 *(.debug_funcnames)

.debug_typenames
 *(.debug_typenames)

.debug_varnames
 *(.debug_varnames)

.note.gnu.arm.ident
 *(.note.gnu.arm.ident)

.ARM.attributes
                0x00000000       0x28
 *(.ARM.attributes)
 .ARM.attributes
                0x00000000       0x1e c:/program files (x86)/cypress/psoc creator/4.2/psoc creator/import/gnu/arm/5.4.1/bin/../lib/gcc/arm-none-eabi/5.4.1/armv6-m/crti.o
 .ARM.attributes
                0x0000001e       0x2c c:/program files (x86)/cypress/psoc creator/4.2/psoc creator/import/gnu/arm/5.4.1/bin/../lib/gcc/arm-none-eabi/5.4.1/armv6-m/crtbegin.o
 .ARM.attributes
                0x0000004a       0x1b c:/program files (x86)/cypress/psoc creator/4.2/psoc creator/import/gnu/arm/5.4.1/bin/../lib/gcc/arm-none-eabi/5.4.1/../../../../arm-none-eabi/lib/armv6-m/crt0.o
 .ARM.attributes
                0x00000065       0x31 .\CortexM0\ARM_GCC_541\Debug\main.o
 .ARM.attributes
                0x00000096       0x31 .\CortexM0\ARM_GCC_541\Debug\cyfitter_cfg.o
 .ARM.attributes
                0x000000c7       0x31 .\CortexM0\ARM_GCC_541\Debug\cymetadata.o
 .ARM.attributes
                0x000000f8       0x31 .\CortexM0\ARM_GCC_541\Debug\Cm0Start.o
 .ARM.attributes
                0x00000129       0x31 .\CortexM0\ARM_GCC_541\Debug\test-driverLed.a(SPI_1.o)
 .ARM.attributes
                0x0000015a       0x31 .\CortexM0\ARM_GCC_541\Debug\test-driverLed.a(SPI_1_SPI_UART.o)
 .ARM.attributes
                0x0000018b       0x31 .\CortexM0\ARM_GCC_541\Debug\test-driverLed.a(SPI_1_SPI.o)
 .ARM.attributes
                0x000001bc       0x31 .\CortexM0\ARM_GCC_541\Debug\test-driverLed.a(CyLib.o)
 .ARM.attributes
                0x000001ed       0x31 .\CortexM0\ARM_GCC_541\Debug\test-driverLed.a(CyLFClk.o)
 .ARM.attributes
                0x0000021e       0x31 .\CortexM0\ARM_GCC_541\Debug\test-driverLed.a(LE.o)
 .ARM.attributes
                0x0000024f       0x31 .\CortexM0\ARM_GCC_541\Debug\test-driverLed.a(Clock_1.o)
 .ARM.attributes
                0x00000280       0x31 .\CortexM0\ARM_GCC_541\Debug\test-driverLed.a(PWM_1.o)
 .ARM.attributes
                0x000002b1       0x31 .\CortexM0\ARM_GCC_541\Debug\test-driverLed.a(CapSense.o)
 .ARM.attributes
                0x000002e2       0x31 .\CortexM0\ARM_GCC_541\Debug\test-driverLed.a(CapSense_CSHL.o)
 .ARM.attributes
                0x00000313       0x31 .\CortexM0\ARM_GCC_541\Debug\test-driverLed.a(CapSense_INT.o)
 .ARM.attributes
                0x00000344       0x31 .\CortexM0\ARM_GCC_541\Debug\test-driverLed.a(CapSense_SMS.o)
 .ARM.attributes
                0x00000375       0x31 .\CortexM0\ARM_GCC_541\Debug\test-driverLed.a(CapSense_SampleClk.o)
 .ARM.attributes
                0x000003a6       0x31 .\CortexM0\ARM_GCC_541\Debug\test-driverLed.a(CapSense_SenseClk.o)
 .ARM.attributes
                0x000003d7       0x31 .\CortexM0\ARM_GCC_541\Debug\test-driverLed.a(STR.o)
 .ARM.attributes
                0x00000408       0x31 .\CortexM0\ARM_GCC_541\Debug\test-driverLed.a(STG.o)
 .ARM.attributes
                0x00000439       0x31 .\CortexM0\ARM_GCC_541\Debug\test-driverLed.a(STB.o)
 .ARM.attributes
                0x0000046a       0x31 .\CortexM0\ARM_GCC_541\Debug\test-driverLed.a(UART.o)
 .ARM.attributes
                0x0000049b       0x31 .\CortexM0\ARM_GCC_541\Debug\test-driverLed.a(UART_UART.o)
 .ARM.attributes
                0x000004cc       0x31 .\CortexM0\ARM_GCC_541\Debug\test-driverLed.a(TC_ISR.o)
 .ARM.attributes
                0x000004fd       0x31 .\CortexM0\ARM_GCC_541\Debug\test-driverLed.a(Pin_SW2.o)
 .ARM.attributes
                0x0000052e       0x31 .\CortexM0\ARM_GCC_541\Debug\test-driverLed.a(Pin_SW2_Int.o)
 .ARM.attributes
                0x0000055f       0x21 .\CortexM0\ARM_GCC_541\Debug\test-driverLed.a(CyBootAsmGnu.o)
 .ARM.attributes
                0x00000580       0x31 .\CortexM0\ARM_GCC_541\Debug\test-driverLed.a(UART_SPI_UART.o)
 .ARM.attributes
                0x000005b1       0x31 C:\Program Files (x86)\Cypress\PSoC Creator\4.2\PSoC Creator\psoc\content\CyComponentLibrary\CyComponentLibrary.cylib\CapSense_CSD_P4_v2_60\PSoC4\Library\CapsenseP4Library_GCC.a(CSD_P4_SmartSense_v2_60.o)
 .ARM.attributes
                0x000005e2       0x1e c:/program files (x86)/cypress/psoc creator/4.2/psoc creator/import/gnu/arm/5.4.1/bin/../lib/gcc/arm-none-eabi/5.4.1/armv6-m\libgcc.a(_udivsi3.o)
 .ARM.attributes
                0x00000600       0x1e c:/program files (x86)/cypress/psoc creator/4.2/psoc creator/import/gnu/arm/5.4.1/bin/../lib/gcc/arm-none-eabi/5.4.1/armv6-m\libgcc.a(_divsi3.o)
 .ARM.attributes
                0x0000061e       0x1e c:/program files (x86)/cypress/psoc creator/4.2/psoc creator/import/gnu/arm/5.4.1/bin/../lib/gcc/arm-none-eabi/5.4.1/armv6-m\libgcc.a(_dvmd_tls.o)
 .ARM.attributes
                0x0000063c       0x2c c:/program files (x86)/cypress/psoc creator/4.2/psoc creator/import/gnu/arm/5.4.1/bin/../lib/gcc/arm-none-eabi/5.4.1/../../../../arm-none-eabi/lib/armv6-m\libg_nano.a(lib_a-errno.o)
 .ARM.attributes
                0x00000668       0x2c c:/program files (x86)/cypress/psoc creator/4.2/psoc creator/import/gnu/arm/5.4.1/bin/../lib/gcc/arm-none-eabi/5.4.1/../../../../arm-none-eabi/lib/armv6-m\libg_nano.a(lib_a-exit.o)
 .ARM.attributes
                0x00000694       0x2c c:/program files (x86)/cypress/psoc creator/4.2/psoc creator/import/gnu/arm/5.4.1/bin/../lib/gcc/arm-none-eabi/5.4.1/../../../../arm-none-eabi/lib/armv6-m\libg_nano.a(lib_a-impure.o)
 .ARM.attributes
                0x000006c0       0x2c c:/program files (x86)/cypress/psoc creator/4.2/psoc creator/import/gnu/arm/5.4.1/bin/../lib/gcc/arm-none-eabi/5.4.1/../../../../arm-none-eabi/lib/armv6-m\libg_nano.a(lib_a-init.o)
 .ARM.attributes
                0x000006ec       0x2c c:/program files (x86)/cypress/psoc creator/4.2/psoc creator/import/gnu/arm/5.4.1/bin/../lib/gcc/arm-none-eabi/5.4.1/../../../../arm-none-eabi/lib/armv6-m\libg_nano.a(lib_a-memset.o)
 .ARM.attributes
                0x00000718       0x2c c:/program files (x86)/cypress/psoc creator/4.2/psoc creator/import/gnu/arm/5.4.1/bin/../lib/gcc/arm-none-eabi/5.4.1/armv6-m/crtend.o
 .ARM.attributes
                0x00000744       0x1e c:/program files (x86)/cypress/psoc creator/4.2/psoc creator/import/gnu/arm/5.4.1/bin/../lib/gcc/arm-none-eabi/5.4.1/armv6-m/crtn.o

/DISCARD/
 *(.note.GNU-stack)
OUTPUT(D:\Users\jagumiel\Documents\PSoC Creator\LIN-Automotive\3-LIN-Internal-Light-Control\test-driverLed\test-driverLed.cydsn\CortexM0\ARM_GCC_541\Debug\test-driverLed.elf elf32-littlearm)
