Archive member included to satisfy reference by file (symbol)

.\CortexM0\ARM_GCC_541\Debug\test-driverLed.a(SPI_1.o)
                              .\CortexM0\ARM_GCC_541\Debug\main.o (SPI_1_Start)
.\CortexM0\ARM_GCC_541\Debug\test-driverLed.a(SPI_1_SPI_UART.o)
                              .\CortexM0\ARM_GCC_541\Debug\main.o (SPI_1_SpiUartWriteTxData)
.\CortexM0\ARM_GCC_541\Debug\test-driverLed.a(SPI_1_SPI.o)
                              .\CortexM0\ARM_GCC_541\Debug\test-driverLed.a(SPI_1.o) (SPI_1_SpiPostEnable)
.\CortexM0\ARM_GCC_541\Debug\test-driverLed.a(CyLib.o)
                              .\CortexM0\ARM_GCC_541\Debug\cyfitter_cfg.o (CySysClkWriteImoFreq)
.\CortexM0\ARM_GCC_541\Debug\test-driverLed.a(CyLFClk.o)
                              .\CortexM0\ARM_GCC_541\Debug\cyfitter_cfg.o (CySysClkWcoStart)
.\CortexM0\ARM_GCC_541\Debug\test-driverLed.a(LE.o)
                              .\CortexM0\ARM_GCC_541\Debug\main.o (LE_Write)
.\CortexM0\ARM_GCC_541\Debug\test-driverLed.a(Clock_1.o)
                              .\CortexM0\ARM_GCC_541\Debug\main.o (Clock_1_StartEx)
.\CortexM0\ARM_GCC_541\Debug\test-driverLed.a(PWM_1.o)
                              .\CortexM0\ARM_GCC_541\Debug\main.o (PWM_1_WriteCompare)
.\CortexM0\ARM_GCC_541\Debug\test-driverLed.a(CapSense.o)
                              .\CortexM0\ARM_GCC_541\Debug\main.o (CapSense_IsBusy)
.\CortexM0\ARM_GCC_541\Debug\test-driverLed.a(CapSense_CSHL.o)
                              .\CortexM0\ARM_GCC_541\Debug\main.o (CapSense_InitializeAllBaselines)
.\CortexM0\ARM_GCC_541\Debug\test-driverLed.a(CapSense_INT.o)
                              .\CortexM0\ARM_GCC_541\Debug\test-driverLed.a(CapSense.o) (CapSense_ISR)
.\CortexM0\ARM_GCC_541\Debug\test-driverLed.a(CapSense_SMS.o)
                              .\CortexM0\ARM_GCC_541\Debug\test-driverLed.a(CapSense_CSHL.o) (CapSense_UpdateThresholds)
.\CortexM0\ARM_GCC_541\Debug\test-driverLed.a(CapSense_SampleClk.o)
                              .\CortexM0\ARM_GCC_541\Debug\test-driverLed.a(CapSense.o) (CapSense_SampleClk_StartEx)
.\CortexM0\ARM_GCC_541\Debug\test-driverLed.a(CapSense_SenseClk.o)
                              .\CortexM0\ARM_GCC_541\Debug\test-driverLed.a(CapSense.o) (CapSense_SenseClk_StartEx)
.\CortexM0\ARM_GCC_541\Debug\test-driverLed.a(STR.o)
                              .\CortexM0\ARM_GCC_541\Debug\main.o (STR_Write)
.\CortexM0\ARM_GCC_541\Debug\test-driverLed.a(STG.o)
                              .\CortexM0\ARM_GCC_541\Debug\main.o (STG_Write)
.\CortexM0\ARM_GCC_541\Debug\test-driverLed.a(STB.o)
                              .\CortexM0\ARM_GCC_541\Debug\main.o (STB_Write)
.\CortexM0\ARM_GCC_541\Debug\test-driverLed.a(UART.o)
                              .\CortexM0\ARM_GCC_541\Debug\main.o (UART_Start)
.\CortexM0\ARM_GCC_541\Debug\test-driverLed.a(UART_UART.o)
                              .\CortexM0\ARM_GCC_541\Debug\test-driverLed.a(UART.o) (UART_UartInit)
.\CortexM0\ARM_GCC_541\Debug\test-driverLed.a(TC_ISR.o)
                              .\CortexM0\ARM_GCC_541\Debug\main.o (TC_ISR_StartEx)
.\CortexM0\ARM_GCC_541\Debug\test-driverLed.a(CyBootAsmGnu.o)
                              .\CortexM0\ARM_GCC_541\Debug\cyfitter_cfg.o (CyDelayCycles)
.\CortexM0\ARM_GCC_541\Debug\test-driverLed.a(UART_SPI_UART.o)
                              .\CortexM0\ARM_GCC_541\Debug\test-driverLed.a(UART_UART.o) (UART_SpiUartReadRxData)
C:\Program Files (x86)\Cypress\PSoC Creator\4.2\PSoC Creator\psoc\content\CyComponentLibrary\CyComponentLibrary.cylib\CapSense_CSD_P4_v2_60\PSoC4\Library\CapsenseP4Library_GCC.a(CSD_P4_SmartSense_v2_60.o)
                              .\CortexM0\ARM_GCC_541\Debug\test-driverLed.a(CapSense_SMS.o) (CalibrateSensors_P4_v2_60)
c:/program files (x86)/cypress/psoc creator/4.2/psoc creator/import/gnu/arm/5.4.1/bin/../lib/gcc/arm-none-eabi/5.4.1/armv6-m\libgcc.a(_udivsi3.o)
                              .\CortexM0\ARM_GCC_541\Debug\test-driverLed.a(CyLib.o) (__aeabi_uidiv)
c:/program files (x86)/cypress/psoc creator/4.2/psoc creator/import/gnu/arm/5.4.1/bin/../lib/gcc/arm-none-eabi/5.4.1/armv6-m\libgcc.a(_divsi3.o)
                              .\CortexM0\ARM_GCC_541\Debug\test-driverLed.a(CyLFClk.o) (__aeabi_idiv)
c:/program files (x86)/cypress/psoc creator/4.2/psoc creator/import/gnu/arm/5.4.1/bin/../lib/gcc/arm-none-eabi/5.4.1/armv6-m\libgcc.a(_dvmd_tls.o)
                              c:/program files (x86)/cypress/psoc creator/4.2/psoc creator/import/gnu/arm/5.4.1/bin/../lib/gcc/arm-none-eabi/5.4.1/armv6-m\libgcc.a(_udivsi3.o) (__aeabi_idiv0)
c:/program files (x86)/cypress/psoc creator/4.2/psoc creator/import/gnu/arm/5.4.1/bin/../lib/gcc/arm-none-eabi/5.4.1/../../../../arm-none-eabi/lib/armv6-m\libg_nano.a(lib_a-errno.o)
                              .\CortexM0\ARM_GCC_541\Debug\Cm0Start.o (__errno)
[...]
Memory Configuration

Name             Origin             Length             Attributes
rom              0x00000000         0x00020000         xr
ram              0x20000000         0x00004000         xrw
*default*        0x00000000         0xffffffff

Linker script and memory map

LOAD c:/program files (x86)/cypress/psoc creator/4.2/psoc creator/import/gnu/arm/5.4.1/bin/../lib/gcc/arm-none-eabi/5.4.1/armv6-m/crti.o
LOAD c:/program files (x86)/cypress/psoc creator/4.2/psoc creator/import/gnu/arm/5.4.1/bin/../lib/gcc/arm-none-eabi/5.4.1/armv6-m/crtbegin.o
LOAD c:/program files (x86)/cypress/psoc creator/4.2/psoc creator/import/gnu/arm/5.4.1/bin/../lib/gcc/arm-none-eabi/5.4.1/../../../../arm-none-eabi/lib/armv6-m/crt0.o
START GROUP
LOAD .\CortexM0\ARM_GCC_541\Debug\main.o
LOAD .\CortexM0\ARM_GCC_541\Debug\cyfitter_cfg.o
LOAD .\CortexM0\ARM_GCC_541\Debug\cymetadata.o
LOAD .\CortexM0\ARM_GCC_541\Debug\Cm0Start.o
LOAD .\CortexM0\ARM_GCC_541\Debug\test-driverLed.a
LOAD C:\Program Files (x86)\Cypress\PSoC Creator\4.2\PSoC Creator\psoc\content\CyComponentLibrary\CyComponentLibrary.cylib\CapSense_CSD_P4_v2_60\PSoC4\Library\CapsenseP4Library_GCC.a
END GROUP
START GROUP
LOAD c:/program files (x86)/cypress/psoc creator/4.2/psoc creator/import/gnu/arm/5.4.1/bin/../lib/gcc/arm-none-eabi/5.4.1/armv6-m\libgcc.a
LOAD c:/program files (x86)/cypress/psoc creator/4.2/psoc creator/import/gnu/arm/5.4.1/bin/../lib/gcc/arm-none-eabi/5.4.1/../../../../arm-none-eabi/lib/armv6-m\libg_nano.a
LOAD c:/program files (x86)/cypress/psoc creator/4.2/psoc creator/import/gnu/arm/5.4.1/bin/../lib/gcc/arm-none-eabi/5.4.1/../../../../arm-none-eabi/lib/armv6-m\libc_nano.a
END GROUP
START GROUP
LOAD c:/program files (x86)/cypress/psoc creator/4.2/psoc creator/import/gnu/arm/5.4.1/bin/../lib/gcc/arm-none-eabi/5.4.1/armv6-m\libgcc.a
LOAD c:/program files (x86)/cypress/psoc creator/4.2/psoc creator/import/gnu/arm/5.4.1/bin/../lib/gcc/arm-none-eabi/5.4.1/../../../../arm-none-eabi/lib/armv6-m\libc_nano.a
END GROUP
LOAD c:/program files (x86)/cypress/psoc creator/4.2/psoc creator/import/gnu/arm/5.4.1/bin/../lib/gcc/arm-none-eabi/5.4.1/armv6-m/crtend.o
LOAD c:/program files (x86)/cypress/psoc creator/4.2/psoc creator/import/gnu/arm/5.4.1/bin/../lib/gcc/arm-none-eabi/5.4.1/armv6-m/crtn.o
START GROUP
LOAD c:/program files (x86)/cypress/psoc creator/4.2/psoc creator/import/gnu/arm/5.4.1/bin/../lib/gcc/arm-none-eabi/5.4.1/armv6-m\libgcc.a
LOAD c:/program files (x86)/cypress/psoc creator/4.2/psoc creator/import/gnu/arm/5.4.1/bin/../lib/gcc/arm-none-eabi/5.4.1/../../../../arm-none-eabi/lib/armv6-m\libc.a
LOAD c:/program files (x86)/cypress/psoc creator/4.2/psoc creator/import/gnu/arm/5.4.1/bin/../lib/gcc/arm-none-eabi/5.4.1/../../../../arm-none-eabi/lib/armv6-m\libnosys.a
END GROUP
                0x00000000                CY_APPL_ORIGIN = 0x0
                0x00000080                CY_FLASH_ROW_SIZE = 0x80
                0x00000001                CY_APPL_NUM = 0x1
                0x00000001                CY_APPL_MAX = 0x1
                0x00000040                CY_METADATA_SIZE = 0x40
                0x00000000                CY_APPL_LOADABLE = 0x0
                0x00000000                CY_CHECKSUM_EXCLUDE_SIZE = ALIGN (0x0, CY_FLASH_ROW_SIZE)
                0x00000000                CY_APP_FOR_STACK_AND_COPIER = 0x0
                [!provide]                PROVIDE (__cy_heap_start, _end)
                0x00000001                PROVIDE (__cy_region_num, ((__cy_regions_end - __cy_regions) / 0x10))
                0x20004000                PROVIDE (__cy_stack, (ORIGIN (ram) + LENGTH (ram)))
                [!provide]                PROVIDE (__cy_heap_end, (__cy_stack - 0x800))

.cybootloader   0x00000000        0x0
 *(.cybootloader)
                0x00000000                appl1_start = CY_APPL_ORIGIN?CY_APPL_ORIGIN:ALIGN (CY_FLASH_ROW_SIZE)
                0x0000ff80                appl2_start = (appl1_start + ALIGN ((((LENGTH (rom) - appl1_start) - (0x2 * CY_FLASH_ROW_SIZE)) / 0x2), CY_FLASH_ROW_SIZE))
                0x00000000                appl_start = (CY_APPL_NUM == 0x1)?appl1_start:appl2_start
                0x00000001                cy_project_type_bootloader = (appl_start == 0x0)?0x1:0x0
                0x00000000                cy_project_type_app_for_stack_and_copier = (CY_APP_FOR_STACK_AND_COPIER == 0x1)?0x1:0x0

.text           0x00000000     0x1e24
 CREATE_OBJECT_SYMBOLS
                0x00000000                PROVIDE (__cy_interrupt_vector, RomVectors)
 *(.romvectors)
 .romvectors    0x00000000       0x10 .\CortexM0\ARM_GCC_541\Debug\Cm0Start.o
                0x00000000                RomVectors
                0x00000001                ASSERT ((. != __cy_interrupt_vector), No interrupt vector)
                0x00000001                ASSERT (CY_APPL_ORIGIN?(SIZEOF (.cybootloader) <= CY_APPL_ORIGIN):0x1, Wrong image location)
                0x00000010                PROVIDE (__cy_reset, Reset)
 *(.text.Reset)
 .text.Reset    0x00000010        0x8 .\CortexM0\ARM_GCC_541\Debug\Cm0Start.o
                0x00000010                Reset
                0x00000001                ASSERT ((. != __cy_reset), No reset code)
 *(.psocinit)
 .psocinit      0x00000018      0x298 .\CortexM0\ARM_GCC_541\Debug\cyfitter_cfg.o
                0x00000168                cyfitter_cfg
                0x000002b0                . = MAX (., 0x100)
 *(.text .text.* .gnu.linkonce.t.*)
 .text          0x000002b0       0x60 c:/program files (x86)/cypress/psoc creator/4.2/psoc creator/import/gnu/arm/5.4.1/bin/../lib/gcc/arm-none-eabi/5.4.1/armv6-m/crtbegin.o
 .text.writeChar
                0x00000310       0x14 .\CortexM0\ARM_GCC_541\Debug\main.o
                0x00000310                writeChar
 .text.changeCharacter
                0x00000324       0x2c .\CortexM0\ARM_GCC_541\Debug\main.o
                0x00000324                changeCharacter
 .text.changeCharacterByLetter
                0x00000350       0x34 .\CortexM0\ARM_GCC_541\Debug\main.o
                0x00000350                changeCharacterByLetter
 .text.adjustBrightness
                0x00000384       0x28 .\CortexM0\ARM_GCC_541\Debug\main.o
                0x00000384                adjustBrightness
 .text.TC_ISR_Handler
                0x000003ac       0x78 .\CortexM0\ARM_GCC_541\Debug\main.o
                0x000003ac                TC_ISR_Handler
 .text.main     0x00000424       0xac .\CortexM0\ARM_GCC_541\Debug\main.o
                0x00000424                main
 .text.cfg_write_bytes32
                0x000004d0       0x34 .\CortexM0\ARM_GCC_541\Debug\cyfitter_cfg.o
 .text.CYMEMZERO
                0x00000504        0xc .\CortexM0\ARM_GCC_541\Debug\cyfitter_cfg.o
 .text.SetAnalogRoutingPumps
                0x00000510       0x40 .\CortexM0\ARM_GCC_541\Debug\cyfitter_cfg.o
                0x00000510                SetAnalogRoutingPumps
 .text.AnalogSetDefault
                0x00000550       0x28 .\CortexM0\ARM_GCC_541\Debug\cyfitter_cfg.o
 .text.IntDefaultHandler
                0x00000578       0x10 .\CortexM0\ARM_GCC_541\Debug\Cm0Start.o
                0x00000578                IntDefaultHandler
 .text.Start_c  0x00000588       0x48 .\CortexM0\ARM_GCC_541\Debug\Cm0Start.o
                0x00000588                Start_c
 .text.initialize_psoc
                0x000005d0       0x4c .\CortexM0\ARM_GCC_541\Debug\Cm0Start.o
                0x000005d0                initialize_psoc
 .text.SPI_1_ScbModePostEnable
                0x0000061c        0x8 .\CortexM0\ARM_GCC_541\Debug\test-driverLed.a(SPI_1.o)
 .text.SPI_1_Init
                0x00000624        0x8 .\CortexM0\ARM_GCC_541\Debug\test-driverLed.a(SPI_1.o)
                0x00000624                SPI_1_Init
 .text.SPI_1_Enable
                0x0000062c       0x18 .\CortexM0\ARM_GCC_541\Debug\test-driverLed.a(SPI_1.o)
                0x0000062c                SPI_1_Enable
 .text.SPI_1_Start
                0x00000644       0x20 .\CortexM0\ARM_GCC_541\Debug\test-driverLed.a(SPI_1.o)
                0x00000644                SPI_1_Start
 .text.SPI_1_SpiUartWriteTxData
                0x00000664       0x1c .\CortexM0\ARM_GCC_541\Debug\test-driverLed.a(SPI_1_SPI_UART.o)
                0x00000664                SPI_1_SpiUartWriteTxData
 .text.SPI_1_SpiPostEnable
                0x00000680       0x14 .\CortexM0\ARM_GCC_541\Debug\test-driverLed.a(SPI_1_SPI.o)
                0x00000680                SPI_1_SpiPostEnable
 .text.SPI_1_SpiSetActiveSlaveSelect
                0x00000694       0x20 .\CortexM0\ARM_GCC_541\Debug\test-driverLed.a(SPI_1_SPI.o)
                0x00000694                SPI_1_SpiSetActiveSlaveSelect
 .text.SPI_1_SpiInit
                0x000006b4       0x8c .\CortexM0\ARM_GCC_541\Debug\test-driverLed.a(SPI_1_SPI.o)
                0x000006b4                SPI_1_SpiInit
 .text.CySysClkWriteImoFreq
                0x00000740       0x64 .\CortexM0\ARM_GCC_541\Debug\test-driverLed.a(CyLib.o)
                0x00000740                CySysClkWriteImoFreq
 .text.CySysClkEcoReadStatus
                0x000007a4       0x10 .\CortexM0\ARM_GCC_541\Debug\test-driverLed.a(CyLib.o)
                0x000007a4                CySysClkEcoReadStatus
 .text.CyIntEnable
                0x000007b4       0x14 .\CortexM0\ARM_GCC_541\Debug\test-driverLed.a(CyLib.o)
                0x000007b4                CyIntEnable
 .text.CyIntDisable
                0x000007c8       0x14 .\CortexM0\ARM_GCC_541\Debug\test-driverLed.a(CyLib.o)
                0x000007c8                CyIntDisable
 .text.CyIntClearPending
                0x000007dc       0x14 .\CortexM0\ARM_GCC_541\Debug\test-driverLed.a(CyLib.o)
                0x000007dc                CyIntClearPending
 .text.CyHalt   0x000007f0        0x4 .\CortexM0\ARM_GCC_541\Debug\test-driverLed.a(CyLib.o)
                0x000007f0                CyHalt
 .text.CyIntSetVector
                0x000007f4       0x24 .\CortexM0\ARM_GCC_541\Debug\test-driverLed.a(CyLib.o)
                0x000007f4                CyIntSetVector
 .text.CyIntSetPriority
                0x00000818       0x4c .\CortexM0\ARM_GCC_541\Debug\test-driverLed.a(CyLib.o)
                0x00000818                CyIntSetPriority
 .text.CyDelayUs
                0x00000864       0x14 .\CortexM0\ARM_GCC_541\Debug\test-driverLed.a(CyLib.o)
                0x00000864                CyDelayUs
 .text.CySysClkEcoStart
                0x00000878       0x54 .\CortexM0\ARM_GCC_541\Debug\test-driverLed.a(CyLib.o)
                0x00000878                CySysClkEcoStart
 .text.CySysWdtLocked
                0x000008cc       0x14 .\CortexM0\ARM_GCC_541\Debug\test-driverLed.a(CyLFClk.o)
 .text.CySysClkWcoStart
                0x000008e0       0x40 .\CortexM0\ARM_GCC_541\Debug\test-driverLed.a(CyLFClk.o)
                0x000008e0                CySysClkWcoStart
 .text.CySysClkWcoSetPowerMode
                0x00000920       0x80 .\CortexM0\ARM_GCC_541\Debug\test-driverLed.a(CyLFClk.o)
                0x00000920                CySysClkWcoSetPowerMode
 .text.CySysWdtLock
                0x000009a0       0x1c .\CortexM0\ARM_GCC_541\Debug\test-driverLed.a(CyLFClk.o)
                0x000009a0                CySysWdtLock
 .text.CySysWdtUnlock
                0x000009bc       0x30 .\CortexM0\ARM_GCC_541\Debug\test-driverLed.a(CyLFClk.o)
                0x000009bc                CySysWdtUnlock
 .text.CySysWdtClearInterrupt
                0x000009ec       0x4c .\CortexM0\ARM_GCC_541\Debug\test-driverLed.a(CyLFClk.o)
                0x000009ec                CySysWdtClearInterrupt
 .text.CySysWdtIsr
                0x00000a38       0xa4 .\CortexM0\ARM_GCC_541\Debug\test-driverLed.a(CyLFClk.o)
                0x00000a38                CySysWdtIsr
 .text.LE_Write
                0x00000adc       0x18 .\CortexM0\ARM_GCC_541\Debug\test-driverLed.a(LE.o)
                0x00000adc                LE_Write
 .text.Clock_1_StartEx
                0x00000af4       0x1c .\CortexM0\ARM_GCC_541\Debug\test-driverLed.a(Clock_1.o)
                0x00000af4                Clock_1_StartEx
 .text.PWM_1_WriteCounter
                0x00000b10       0x10 .\CortexM0\ARM_GCC_541\Debug\test-driverLed.a(PWM_1.o)
                0x00000b10                PWM_1_WriteCounter
 .text.PWM_1_WritePeriod
                0x00000b20       0x10 .\CortexM0\ARM_GCC_541\Debug\test-driverLed.a(PWM_1.o)
                0x00000b20                PWM_1_WritePeriod
 .text.PWM_1_WriteCompare
                0x00000b30       0x10 .\CortexM0\ARM_GCC_541\Debug\test-driverLed.a(PWM_1.o)
                0x00000b30                PWM_1_WriteCompare
 .text.PWM_1_TriggerCommand
                0x00000b40       0x1c .\CortexM0\ARM_GCC_541\Debug\test-driverLed.a(PWM_1.o)
                0x00000b40                PWM_1_TriggerCommand
 .text.PWM_1_Enable
                0x00000b5c       0x24 .\CortexM0\ARM_GCC_541\Debug\test-driverLed.a(PWM_1.o)
                0x00000b5c                PWM_1_Enable
 .text.PWM_1_SetInterruptMode
                0x00000b80        0xc .\CortexM0\ARM_GCC_541\Debug\test-driverLed.a(PWM_1.o)
                0x00000b80                PWM_1_SetInterruptMode
 .text.PWM_1_Init
                0x00000b8c       0x44 .\CortexM0\ARM_GCC_541\Debug\test-driverLed.a(PWM_1.o)
                0x00000b8c                PWM_1_Init
 .text.PWM_1_Start
                0x00000bd0       0x20 .\CortexM0\ARM_GCC_541\Debug\test-driverLed.a(PWM_1.o)
                0x00000bd0                PWM_1_Start
 .text.PWM_1_GetInterruptSource
                0x00000bf0        0xc .\CortexM0\ARM_GCC_541\Debug\test-driverLed.a(PWM_1.o)
                0x00000bf0                PWM_1_GetInterruptSource
 .text.PWM_1_ClearInterrupt
                0x00000bfc        0xc .\CortexM0\ARM_GCC_541\Debug\test-driverLed.a(PWM_1.o)
                0x00000bfc                PWM_1_ClearInterrupt
 .text.CapSense_CsdHwBlockInit
                0x00000c08       0x7c .\CortexM0\ARM_GCC_541\Debug\test-driverLed.a(CapSense.o)
                0x00000c08                CapSense_CsdHwBlockInit
 .text.CapSense_Enable
                0x00000c84       0x40 .\CortexM0\ARM_GCC_541\Debug\test-driverLed.a(CapSense.o)
                0x00000c84                CapSense_Enable
 .text.CapSense_IsBusy
                0x00000cc4       0x10 .\CortexM0\ARM_GCC_541\Debug\test-driverLed.a(CapSense.o)
                0x00000cc4                CapSense_IsBusy
 .text.CapSense_ReadSensorRaw
                0x00000cd4       0x10 .\CortexM0\ARM_GCC_541\Debug\test-driverLed.a(CapSense.o)
                0x00000cd4                CapSense_ReadSensorRaw
 .text.CapSense_EnableSensor
                0x00000ce4       0x48 .\CortexM0\ARM_GCC_541\Debug\test-driverLed.a(CapSense.o)
                0x00000ce4                CapSense_EnableSensor
 .text.CapSense_DisableSensor
                0x00000d2c       0x70 .\CortexM0\ARM_GCC_541\Debug\test-driverLed.a(CapSense.o)
                0x00000d2c                CapSense_DisableSensor
 .text.CapSense_ClearSensors
                0x00000d9c       0x14 .\CortexM0\ARM_GCC_541\Debug\test-driverLed.a(CapSense.o)
                0x00000d9c                CapSense_ClearSensors
 .text.CapSense_SetShieldDelay
                0x00000db0       0x18 .\CortexM0\ARM_GCC_541\Debug\test-driverLed.a(CapSense.o)
                0x00000db0                CapSense_SetShieldDelay
 .text.CapSense_GetBitValue
                0x00000dc8       0x18 .\CortexM0\ARM_GCC_541\Debug\test-driverLed.a(CapSense.o)
                0x00000dc8                CapSense_GetBitValue
 .text.CapSense_FindNextSensor
                0x00000de0       0x24 .\CortexM0\ARM_GCC_541\Debug\test-driverLed.a(CapSense.o)
                0x00000de0                CapSense_FindNextSensor
 .text.CapSense_PreScan
                0x00000e04      0x10c .\CortexM0\ARM_GCC_541\Debug\test-driverLed.a(CapSense.o)
                0x00000e04                CapSense_PreScan
 .text.CapSense_ScanSensor
                0x00000f10       0x1c .\CortexM0\ARM_GCC_541\Debug\test-driverLed.a(CapSense.o)
                0x00000f10                CapSense_ScanSensor
 .text.CapSense_ScanEnabledWidgets
                0x00000f2c       0x38 .\CortexM0\ARM_GCC_541\Debug\test-driverLed.a(CapSense.o)
                0x00000f2c                CapSense_ScanEnabledWidgets
 .text.CapSense_PostScan
                0x00000f64       0x90 .\CortexM0\ARM_GCC_541\Debug\test-driverLed.a(CapSense.o)
                0x00000f64                CapSense_PostScan
 .text.CapSense_SetBitValue
                0x00000ff4       0x28 .\CortexM0\ARM_GCC_541\Debug\test-driverLed.a(CapSense.o)
                0x00000ff4                CapSense_SetBitValue
 .text.CapSense_GetSensorRaw
                0x0000101c       0x2c .\CortexM0\ARM_GCC_541\Debug\test-driverLed.a(CapSense.o)
                0x0000101c                CapSense_GetSensorRaw
 .text.CapSense_SetUnscannedSensorState
                0x00001048        0xc .\CortexM0\ARM_GCC_541\Debug\test-driverLed.a(CapSense.o)
                0x00001048                CapSense_SetUnscannedSensorState
 .text.CapSense_Init
                0x00001054       0x24 .\CortexM0\ARM_GCC_541\Debug\test-driverLed.a(CapSense.o)
                0x00001054                CapSense_Init
 .text.CapSense_Start
                0x00001078       0x38 .\CortexM0\ARM_GCC_541\Debug\test-driverLed.a(CapSense.o)
                0x00001078                CapSense_Start
 .text.CapSense_BaseInit
                0x000010b0       0x34 .\CortexM0\ARM_GCC_541\Debug\test-driverLed.a(CapSense_CSHL.o)
                0x000010b0                CapSense_BaseInit
 .text.CapSense_InitializeSensorBaseline
                0x000010e4       0x18 .\CortexM0\ARM_GCC_541\Debug\test-driverLed.a(CapSense_CSHL.o)
                0x000010e4                CapSense_InitializeSensorBaseline
 .text.CapSense_InitializeAllBaselines
                0x000010fc       0x14 .\CortexM0\ARM_GCC_541\Debug\test-driverLed.a(CapSense_CSHL.o)
                0x000010fc                CapSense_InitializeAllBaselines
 .text.CapSense_UpdateBaselineNoThreshold
                0x00001110       0xfc .\CortexM0\ARM_GCC_541\Debug\test-driverLed.a(CapSense_CSHL.o)
                0x00001110                CapSense_UpdateBaselineNoThreshold
 .text.CapSense_UpdateSensorBaseline
                0x0000120c       0x10 .\CortexM0\ARM_GCC_541\Debug\test-driverLed.a(CapSense_CSHL.o)
                0x0000120c                CapSense_UpdateSensorBaseline
 .text.CapSense_UpdateEnabledBaselines
                0x0000121c       0x24 .\CortexM0\ARM_GCC_541\Debug\test-driverLed.a(CapSense_CSHL.o)
                0x0000121c                CapSense_UpdateEnabledBaselines
 .text.CapSense_CheckIsSensorActive
                0x00001240       0xa8 .\CortexM0\ARM_GCC_541\Debug\test-driverLed.a(CapSense_CSHL.o)
                0x00001240                CapSense_CheckIsSensorActive
 .text.CapSense_CheckIsWidgetActive
                0x000012e8       0x28 .\CortexM0\ARM_GCC_541\Debug\test-driverLed.a(CapSense_CSHL.o)
                0x000012e8                CapSense_CheckIsWidgetActive
 .text.CapSense_ISR
                0x00001310       0x9c .\CortexM0\ARM_GCC_541\Debug\test-driverLed.a(CapSense_INT.o)
                0x00001310                CapSense_ISR
 .text.CapSense_UpdateThresholds
                0x000013ac       0x74 .\CortexM0\ARM_GCC_541\Debug\test-driverLed.a(CapSense_SMS.o)
                0x000013ac                CapSense_UpdateThresholds
 .text.CapSense_SetAnalogSwitchesSrcDirect
                0x00001420       0x10 .\CortexM0\ARM_GCC_541\Debug\test-driverLed.a(CapSense_SMS.o)
                0x00001420                CapSense_SetAnalogSwitchesSrcDirect
 .text.CapSense_DisableBaselineIDAC
                0x00001430       0x1c .\CortexM0\ARM_GCC_541\Debug\test-driverLed.a(CapSense_SMS.o)
                0x00001430                CapSense_DisableBaselineIDAC
 .text.CapSense_EnableBaselineIDAC
                0x0000144c       0x50 .\CortexM0\ARM_GCC_541\Debug\test-driverLed.a(CapSense_SMS.o)
                0x0000144c                CapSense_EnableBaselineIDAC
 .text.CapSense_AutoTune
                0x0000149c       0xa4 .\CortexM0\ARM_GCC_541\Debug\test-driverLed.a(CapSense_SMS.o)
                0x0000149c                CapSense_AutoTune
 .text.CapSense_SampleClk_StartEx
                0x00001540       0x1c .\CortexM0\ARM_GCC_541\Debug\test-driverLed.a(CapSense_SampleClk.o)
                0x00001540                CapSense_SampleClk_StartEx
 .text.CapSense_SampleClk_Stop
                0x0000155c       0x18 .\CortexM0\ARM_GCC_541\Debug\test-driverLed.a(CapSense_SampleClk.o)
                0x0000155c                CapSense_SampleClk_Stop
 .text.CapSense_SampleClk_SetFractionalDividerRegister
                0x00001574       0x20 .\CortexM0\ARM_GCC_541\Debug\test-driverLed.a(CapSense_SampleClk.o)
                0x00001574                CapSense_SampleClk_SetFractionalDividerRegister
 .text.CapSense_SenseClk_StartEx
                0x00001594       0x1c .\CortexM0\ARM_GCC_541\Debug\test-driverLed.a(CapSense_SenseClk.o)
                0x00001594                CapSense_SenseClk_StartEx
 .text.CapSense_SenseClk_Stop
                0x000015b0       0x18 .\CortexM0\ARM_GCC_541\Debug\test-driverLed.a(CapSense_SenseClk.o)
                0x000015b0                CapSense_SenseClk_Stop
 .text.CapSense_SenseClk_SetFractionalDividerRegister
                0x000015c8       0x20 .\CortexM0\ARM_GCC_541\Debug\test-driverLed.a(CapSense_SenseClk.o)
                0x000015c8                CapSense_SenseClk_SetFractionalDividerRegister
 .text.STR_Write
                0x000015e8       0x18 .\CortexM0\ARM_GCC_541\Debug\test-driverLed.a(STR.o)
                0x000015e8                STR_Write
 .text.STR_Read
                0x00001600       0x10 .\CortexM0\ARM_GCC_541\Debug\test-driverLed.a(STR.o)
                0x00001600                STR_Read
 .text.STG_Write
                0x00001610       0x18 .\CortexM0\ARM_GCC_541\Debug\test-driverLed.a(STG.o)
                0x00001610                STG_Write
 .text.STB_Write
                0x00001628       0x18 .\CortexM0\ARM_GCC_541\Debug\test-driverLed.a(STB.o)
                0x00001628                STB_Write
 .text.UART_ScbModePostEnable
                0x00001640        0x8 .\CortexM0\ARM_GCC_541\Debug\test-driverLed.a(UART.o)
 .text.UART_Init
                0x00001648        0x8 .\CortexM0\ARM_GCC_541\Debug\test-driverLed.a(UART.o)
                0x00001648                UART_Init
 .text.UART_Enable
                0x00001650       0x18 .\CortexM0\ARM_GCC_541\Debug\test-driverLed.a(UART.o)
                0x00001650                UART_Enable
 .text.UART_Start
                0x00001668       0x20 .\CortexM0\ARM_GCC_541\Debug\test-driverLed.a(UART.o)
                0x00001668                UART_Start
 .text.UART_UartInit
                0x00001688       0xa8 .\CortexM0\ARM_GCC_541\Debug\test-driverLed.a(UART_UART.o)
                0x00001688                UART_UartInit
 .text.UART_UartPostEnable
                0x00001730       0x2c .\CortexM0\ARM_GCC_541\Debug\test-driverLed.a(UART_UART.o)
                0x00001730                UART_UartPostEnable
 .text.UART_UartPutString
                0x0000175c       0x18 .\CortexM0\ARM_GCC_541\Debug\test-driverLed.a(UART_UART.o)
                0x0000175c                UART_UartPutString
 .text.TC_ISR_SetVector
                0x00001774        0xc .\CortexM0\ARM_GCC_541\Debug\test-driverLed.a(TC_ISR.o)
                0x00001774                TC_ISR_SetVector
 .text.TC_ISR_SetPriority
                0x00001780       0x24 .\CortexM0\ARM_GCC_541\Debug\test-driverLed.a(TC_ISR.o)
                0x00001780                TC_ISR_SetPriority
 .text.TC_ISR_Enable
                0x000017a4       0x10 .\CortexM0\ARM_GCC_541\Debug\test-driverLed.a(TC_ISR.o)
                0x000017a4                TC_ISR_Enable
 .text.TC_ISR_Disable
                0x000017b4       0x10 .\CortexM0\ARM_GCC_541\Debug\test-driverLed.a(TC_ISR.o)
                0x000017b4                TC_ISR_Disable
 .text.TC_ISR_StartEx
                0x000017c4       0x1c .\CortexM0\ARM_GCC_541\Debug\test-driverLed.a(TC_ISR.o)
                0x000017c4                TC_ISR_StartEx
 .text          0x000017e0       0x20 .\CortexM0\ARM_GCC_541\Debug\test-driverLed.a(CyBootAsmGnu.o)
                0x000017e0                CyDelayCycles
                0x000017f2                CyEnterCriticalSection
                0x000017fa                CyExitCriticalSection
 .text.UART_SpiUartWriteTxData
                0x00001800       0x1c .\CortexM0\ARM_GCC_541\Debug\test-driverLed.a(UART_SPI_UART.o)
                0x00001800                UART_SpiUartWriteTxData
 .text.CalibrateOneDAC_P4_v2_60
                0x0000181c       0x40 C:\Program Files (x86)\Cypress\PSoC Creator\4.2\PSoC Creator\psoc\content\CyComponentLibrary\CyComponentLibrary.cylib\CapSense_CSD_P4_v2_60\PSoC4\Library\CapsenseP4Library_GCC.a(CSD_P4_SmartSense_v2_60.o)
                0x0000181c                CalibrateOneDAC_P4_v2_60
 .text.CalibrateSensors_P4_v2_60
                0x0000185c       0x22 C:\Program Files (x86)\Cypress\PSoC Creator\4.2\PSoC Creator\psoc\content\CyComponentLibrary\CyComponentLibrary.cylib\CapSense_CSD_P4_v2_60\PSoC4\Library\CapsenseP4Library_GCC.a(CSD_P4_SmartSense_v2_60.o)
                0x0000185c                CalibrateSensors_P4_v2_60
 .text.TunePrescalers_P4_v2_60
                0x0000187e       0x42 C:\Program Files (x86)\Cypress\PSoC Creator\4.2\PSoC Creator\psoc\content\CyComponentLibrary\CyComponentLibrary.cylib\CapSense_CSD_P4_v2_60\PSoC4\Library\CapsenseP4Library_GCC.a(CSD_P4_SmartSense_v2_60.o)
                0x0000187e                TunePrescalers_P4_v2_60
 .text.TuneSensitivity_P4_v2_60
                0x000018c0       0xdc C:\Program Files (x86)\Cypress\PSoC Creator\4.2\PSoC Creator\psoc\content\CyComponentLibrary\CyComponentLibrary.cylib\CapSense_CSD_P4_v2_60\PSoC4\Library\CapsenseP4Library_GCC.a(CSD_P4_SmartSense_v2_60.o)
                0x000018c0                TuneSensitivity_P4_v2_60
 .text.MeasureNoiseEnvelope_P4_v2_60
                0x0000199c       0xfc C:\Program Files (x86)\Cypress\PSoC Creator\4.2\PSoC Creator\psoc\content\CyComponentLibrary\CyComponentLibrary.cylib\CapSense_CSD_P4_v2_60\PSoC4\Library\CapsenseP4Library_GCC.a(CSD_P4_SmartSense_v2_60.o)
                0x0000199c                MeasureNoiseEnvelope_P4_v2_60
 .text.CalculateThresholds_P4_v2_60
                0x00001a98       0x36 C:\Program Files (x86)\Cypress\PSoC Creator\4.2\PSoC Creator\psoc\content\CyComponentLibrary\CyComponentLibrary.cylib\CapSense_CSD_P4_v2_60\PSoC4\Library\CapsenseP4Library_GCC.a(CSD_P4_SmartSense_v2_60.o)
                0x00001a98                CalculateThresholds_P4_v2_60
 *fill*         0x00001ace        0x2 
 .text          0x00001ad0      0x114 c:/program files (x86)/cypress/psoc creator/4.2/psoc creator/import/gnu/arm/5.4.1/bin/../lib/gcc/arm-none-eabi/5.4.1/armv6-m\libgcc.a(_udivsi3.o)
                0x00001ad0                __aeabi_uidiv
                0x00001ad0                __udivsi3
                0x00001bdc                __aeabi_uidivmod
 .text          0x00001be4      0x1d4 c:/program files (x86)/cypress/psoc creator/4.2/psoc creator/import/gnu/arm/5.4.1/bin/../lib/gcc/arm-none-eabi/5.4.1/armv6-m\libgcc.a(_divsi3.o)
                0x00001be4                __divsi3
                0x00001be4                __aeabi_idiv
                0x00001db0                __aeabi_idivmod
 .text          0x00001db8        0x4 c:/program files (x86)/cypress/psoc creator/4.2/psoc creator/import/gnu/arm/5.4.1/bin/../lib/gcc/arm-none-eabi/5.4.1/armv6-m\libgcc.a(_dvmd_tls.o)
                0x00001db8                __aeabi_idiv0
                0x00001db8                __aeabi_ldiv0
 .text.__errno  0x00001dbc        0xc c:/program files (x86)/cypress/psoc creator/4.2/psoc creator/import/gnu/arm/5.4.1/bin/../lib/gcc/arm-none-eabi/5.4.1/../../../../arm-none-eabi/lib/armv6-m\libg_nano.a(lib_a-errno.o)
                0x00001dbc                __errno
 .text.__libc_init_array
                0x00001dc8       0x4c c:/program files (x86)/cypress/psoc creator/4.2/psoc creator/import/gnu/arm/5.4.1/bin/../lib/gcc/arm-none-eabi/5.4.1/../../../../arm-none-eabi/lib/armv6-m\libg_nano.a(lib_a-init.o)
                0x00001dc8                __libc_init_array
 .text.memset   0x00001e14       0x10 c:/program files (x86)/cypress/psoc creator/4.2/psoc creator/import/gnu/arm/5.4.1/bin/../lib/gcc/arm-none-eabi/5.4.1/../../../../arm-none-eabi/lib/armv6-m\libg_nano.a(lib_a-memset.o)
                0x00001e14                memset
 *(.plt)
 *(.gnu.warning)
 *(.glue_7t)
 .glue_7t       0x00001e24        0x0 linker stubs
 *(.glue_7)
 .glue_7        0x00001e24        0x0 linker stubs
 *(.vfp11_veneer)
 .vfp11_veneer  0x00001e24        0x0 linker stubs
 *(.bootloader)
 *(.ARM.extab* .gnu.linkonce.armextab.*)
 *(.gcc_except_table)

.v4_bx          0x00001e24        0x0
 .v4_bx         0x00001e24        0x0 linker stubs

.iplt           0x00001e24        0x0
 .iplt          0x00001e24        0x0 c:/program files (x86)/cypress/psoc creator/4.2/psoc creator/import/gnu/arm/5.4.1/bin/../lib/gcc/arm-none-eabi/5.4.1/armv6-m/crtbegin.o

.eh_frame_hdr
 *(.eh_frame_hdr)

.eh_frame       0x00001e24        0x4
 *(.eh_frame)
 .eh_frame      0x00001e24        0x0 c:/program files (x86)/cypress/psoc creator/4.2/psoc creator/import/gnu/arm/5.4.1/bin/../lib/gcc/arm-none-eabi/5.4.1/armv6-m/crtbegin.o
 .eh_frame      0x00001e24        0x4 c:/program files (x86)/cypress/psoc creator/4.2/psoc creator/import/gnu/arm/5.4.1/bin/../lib/gcc/arm-none-eabi/5.4.1/armv6-m/crtend.o
                [!provide]                PROVIDE (__exidx_start, .)

.ARM.exidx
 *(.ARM.exidx* .gnu.linkonce.armexidx.*)
                0x00001e28                __exidx_end = .

.rodata         0x00001e28      0x2d8
 *(.rodata .rodata.* .gnu.linkonce.r.*)
 .rodata        0x00001e28      0x134 .\CortexM0\ARM_GCC_541\Debug\main.o
                0x00001e28                ALPHANUMR_CHAR_TABLE
                0x00001e90                ALPHANUMR_CHAR_MATRIX
 .rodata.str1.4
                0x00001f5c       0x20 .\CortexM0\ARM_GCC_541\Debug\main.o
                                 0x1d (size before relaxing)
 .rodata        0x00001f7c       0x3c .\CortexM0\ARM_GCC_541\Debug\cyfitter_cfg.o
 .rodata        0x00001fb8       0x2e .\CortexM0\ARM_GCC_541\Debug\test-driverLed.a(CyLib.o)
                0x00001fb8                cyImoFreqMhz2Reg
 *fill*         0x00001fe6        0x2 
 .rodata        0x00001fe8       0x68 .\CortexM0\ARM_GCC_541\Debug\test-driverLed.a(CapSense.o)
                0x00001fe8                CapSense_portTable
                0x00001fec                CapSense_pinShiftTbl
                0x00001ff0                CapSense_prtSelTbl
                0x0000200c                CapSense_prtCfgTbl
                0x00002028                CapSense_prtDRTbl
                0x00002044                CapSense_widgetNumber
                0x00002048                CapSense_maskTable
 .rodata        0x00002050        0x6 .\CortexM0\ARM_GCC_541\Debug\test-driverLed.a(CapSense_CSHL.o)
                0x00002050                CapSense_numberOfSensors
                0x00002054                CapSense_rawDataIndex
 *fill*         0x00002056        0x2 
 .rodata        0x00002058       0x6c .\CortexM0\ARM_GCC_541\Debug\test-driverLed.a(CapSense_SMS.o)
                0x00002058                CapSense_configPointers
                0x000020b4                CapSense_prescalerTable
 .rodata.str1.1
                0x000020c4        0x2 c:/program files (x86)/cypress/psoc creator/4.2/psoc creator/import/gnu/arm/5.4.1/bin/../lib/gcc/arm-none-eabi/5.4.1/../../../../arm-none-eabi/lib/armv6-m\libg_nano.a(lib_a-impure.o)
                0x000020c8                . = ALIGN (0x4)
 *fill*         0x000020c6        0x2 
 *(.init)
 .init          0x000020c8        0x4 c:/program files (x86)/cypress/psoc creator/4.2/psoc creator/import/gnu/arm/5.4.1/bin/../lib/gcc/arm-none-eabi/5.4.1/armv6-m/crti.o
                0x000020c8                _init
 .init          0x000020cc        0x8 c:/program files (x86)/cypress/psoc creator/4.2/psoc creator/import/gnu/arm/5.4.1/bin/../lib/gcc/arm-none-eabi/5.4.1/armv6-m/crtn.o
                0x000020d4                . = ALIGN (0x4)
                0x000020d4                __preinit_array_start = .
 *(.preinit_array)
                0x000020d4                __preinit_array_end = .
                0x000020d4                . = ALIGN (0x4)
                0x000020d4                __init_array_start = .
 *(SORT(.init_array.*))
 *(.init_array)
 .init_array    0x000020d4        0x4 c:/program files (x86)/cypress/psoc creator/4.2/psoc creator/import/gnu/arm/5.4.1/bin/../lib/gcc/arm-none-eabi/5.4.1/armv6-m/crtbegin.o
 .init_array    0x000020d8        0x4 .\CortexM0\ARM_GCC_541\Debug\Cm0Start.o
                0x000020dc                __init_array_end = .
                0x000020dc                . = ALIGN (0x4)
 *(.fini)
 .fini          0x000020dc        0x4 c:/program files (x86)/cypress/psoc creator/4.2/psoc creator/import/gnu/arm/5.4.1/bin/../lib/gcc/arm-none-eabi/5.4.1/armv6-m/crti.o
                0x000020dc                _fini
 .fini          0x000020e0        0x8 c:/program files (x86)/cypress/psoc creator/4.2/psoc creator/import/gnu/arm/5.4.1/bin/../lib/gcc/arm-none-eabi/5.4.1/armv6-m/crtn.o
                0x000020e8                . = ALIGN (0x4)
                0x000020e8                __fini_array_start = .
 *(.fini_array)
 .fini_array    0x000020e8        0x4 c:/program files (x86)/cypress/psoc creator/4.2/psoc creator/import/gnu/arm/5.4.1/bin/../lib/gcc/arm-none-eabi/5.4.1/armv6-m/crtbegin.o
 *(SORT(.fini_array.*))
                0x000020ec                __fini_array_end = .
                0x000020ec                . = ALIGN (0x4)
 *crtbegin.o(.ctors)
 *(EXCLUDE_FILE(*crtend.o) .ctors)
 *(SORT(.ctors.*))
 *crtend.o(.ctors)
                0x000020ec                . = ALIGN (0x4)
 *crtbegin.o(.dtors)
 *(EXCLUDE_FILE(*crtend.o) .dtors)
 *(SORT(.dtors.*))
 *crtend.o(.dtors)
                0x000020ec                . = ALIGN (0x4)
                0x000020ec                __cy_regions = .
                0x000020ec        0x4 LONG 0x2100 __cy_region_init_ram
                0x000020f0        0x4 LONG 0x200000c0 __cy_region_start_data
                0x000020f4        0x4 LONG 0xa8 __cy_region_init_size_ram
                0x000020f8        0x4 LONG 0xf8 __cy_region_zero_size_ram
                0x000020fc                __cy_regions_end = .
                0x00002100                . = ALIGN (0x8)
 *fill*         0x000020fc        0x4 
                0x00002100                _etext = .

.cy_checksum_exclude
                0x00002100        0x0
 *(.cy_checksum_exclude)

.ramvectors     0x20000000       0xc0
                0x20000000                __cy_region_start_ram = .
 *(.ramvectors)
 .ramvectors    0x20000000       0xc0 .\CortexM0\ARM_GCC_541\Debug\Cm0Start.o
                0x20000000                CyRamVectors

.noinit
 *(.noinit)

.data           0x200000c0       0xa8 load address 0x00002100
                0x200000c0                __cy_region_start_data = .
 *(.jcr)
 .jcr           0x200000c0        0x0 c:/program files (x86)/cypress/psoc creator/4.2/psoc creator/import/gnu/arm/5.4.1/bin/../lib/gcc/arm-none-eabi/5.4.1/armv6-m/crtbegin.o
 .jcr           0x200000c0        0x4 c:/program files (x86)/cypress/psoc creator/4.2/psoc creator/import/gnu/arm/5.4.1/bin/../lib/gcc/arm-none-eabi/5.4.1/armv6-m/crtend.o
 *(.got.plt)
 *(.got)
 *(.shdata)
 *(.data .data.* .gnu.linkonce.d.*)
 .data          0x200000c4        0x4 .\CortexM0\ARM_GCC_541\Debug\main.o
                0x200000c4                dutyCMP
 .data          0x200000c8       0x14 .\CortexM0\ARM_GCC_541\Debug\test-driverLed.a(CyLib.o)
                0x200000c8                CySysClkPumpConfig
                0x200000cc                cydelay32kMs
                0x200000d0                cydelayFreqKhz
                0x200000d4                cydelayFreqMhz
                0x200000d8                cydelayFreqHz
 .data          0x200000dc        0x8 .\CortexM0\ARM_GCC_541\Debug\test-driverLed.a(CyLFClk.o)
 .data          0x200000e4       0x14 .\CortexM0\ARM_GCC_541\Debug\test-driverLed.a(CapSense.o)
                0x200000e4                CapSense_widgetResolution
                0x200000ec                CapSense_sensorEnableMask
                0x200000f0                CapSense_pcTable
 .data          0x200000f8        0x6 .\CortexM0\ARM_GCC_541\Debug\test-driverLed.a(CapSense_CSHL.o)
                0x200000f8                CapSense_debounce
                0x200000fc                CapSense_lowBaselineReset
 *fill*         0x200000fe        0x2 
 .data          0x20000100        0x2 .\CortexM0\ARM_GCC_541\Debug\test-driverLed.a(CapSense_SMS.o)
                0x20000100                CapSense_sensorSensitivity
 *fill*         0x20000102        0x2 
 .data.impure_data
                0x20000104       0x60 c:/program files (x86)/cypress/psoc creator/4.2/psoc creator/import/gnu/arm/5.4.1/bin/../lib/gcc/arm-none-eabi/5.4.1/../../../../arm-none-eabi/lib/armv6-m\libg_nano.a(lib_a-impure.o)
 .data._impure_ptr
                0x20000164        0x4 c:/program files (x86)/cypress/psoc creator/4.2/psoc creator/import/gnu/arm/5.4.1/bin/../lib/gcc/arm-none-eabi/5.4.1/../../../../arm-none-eabi/lib/armv6-m\libg_nano.a(lib_a-impure.o)
                0x20000164                _impure_ptr
                0x20000168                . = ALIGN (0x8)
 *(.ram)
                0x20000168                _edata = .

.igot.plt       0x20000168        0x0 load address 0x000021a8
 .igot.plt      0x20000168        0x0 c:/program files (x86)/cypress/psoc creator/4.2/psoc creator/import/gnu/arm/5.4.1/bin/../lib/gcc/arm-none-eabi/5.4.1/armv6-m/crtbegin.o

.bss            0x20000168       0xf8 load address 0x000021a8
                0x20000168                PROVIDE (__bss_start__, .)
 *(.shbss)
 *(.bss .bss.* .gnu.linkonce.b.*)
 .bss           0x20000168       0x1c c:/program files (x86)/cypress/psoc creator/4.2/psoc creator/import/gnu/arm/5.4.1/bin/../lib/gcc/arm-none-eabi/5.4.1/armv6-m/crtbegin.o
 .bss           0x20000184       0x28 .\CortexM0\ARM_GCC_541\Debug\main.o
                0x20000184                j
                0x20000188                character
                0x2000018c                countCharChange
                0x20000190                blank
                0x20000194                msCounter
                0x20000198                brightnessCounter
                0x2000019c                buttonsVal
                0x200001a4                buttonsLastVal
 .bss           0x200001ac        0x4 .\CortexM0\ARM_GCC_541\Debug\test-driverLed.a(SPI_1.o)
                0x200001ac                SPI_1_initVar
                0x200001ae                SPI_1_IntrTxMask
 .bss           0x200001b0       0x28 .\CortexM0\ARM_GCC_541\Debug\test-driverLed.a(CyLFClk.o)
 .bss           0x200001d8        0x1 .\CortexM0\ARM_GCC_541\Debug\test-driverLed.a(PWM_1.o)
                0x200001d8                PWM_1_initVar
 *fill*         0x200001d9        0x3 
 .bss           0x200001dc        0xb .\CortexM0\ARM_GCC_541\Debug\test-driverLed.a(CapSense.o)
                0x200001dc                CapSense_csdStatusVar
                0x200001e0                CapSense_sensorRaw
                0x200001e4                CapSense_sensorIndex
                0x200001e6                CapSense_lowLevelTuningDone
 *fill*         0x200001e7        0x1 
 .bss           0x200001e8       0x11 .\CortexM0\ARM_GCC_541\Debug\test-driverLed.a(CapSense_CSHL.o)
                0x200001e8                CapSense_sensorBaseline
                0x200001ec                CapSense_sensorBaselineLow
                0x200001f0                CapSense_sensorSignal
                0x200001f8                CapSense_sensorOnMask
 .bss           0x200001f9        0x1 .\CortexM0\ARM_GCC_541\Debug\test-driverLed.a(CapSense_INT.o)
 .bss           0x200001fa        0x4 .\CortexM0\ARM_GCC_541\Debug\test-driverLed.a(UART.o)
                0x200001fa                UART_initVar
                0x200001fc                UART_IntrTxMask
 *(COMMON)
 *fill*         0x200001fe        0x2 
 COMMON         0x20000200       0x1e .\CortexM0\ARM_GCC_541\Debug\test-driverLed.a(CapSense.o)
                0x20000200                CapSense_csdTrim1
                0x20000204                CapSense_scanSpeedTbl
                0x20000208                CapSense_sensorEnableMaskBackup
                0x2000020c                CapSense_senseClkDividerVal
                0x20000210                CapSense_modulationIDAC
                0x20000214                CapSense_compensationIDAC
                0x20000218                CapSense_unscannedSnsDriveMode
                0x2000021c                CapSense_sampleClkDividerVal
 *fill*         0x2000021e        0x2 
 COMMON         0x20000220       0x12 .\CortexM0\ARM_GCC_541\Debug\test-driverLed.a(CapSense_CSHL.o)
                0x20000220                CapSense_noiseThreshold
                0x20000224                CapSense_lowBaselineResetCnt
                0x20000228                CapSense_negativeNoiseThreshold
                0x2000022c                CapSense_hysteresis
                0x20000230                CapSense_fingerThreshold
 *fill*         0x20000232        0x2 
 COMMON         0x20000234       0x26 .\CortexM0\ARM_GCC_541\Debug\test-driverLed.a(CapSense_SMS.o)
                0x20000234                CapSense_runningDifferenceTbl
                0x20000238                CapSense_signRegisterTbl
                0x2000023c                CapSense_sampleMaxTbl
                0x20000240                CapSense_noiseEnvelopeTbl
                0x20000244                CapSense_previousSampleTbl
                0x20000248                CapSense_sampleMinTbl
                0x2000024c                CapSense_config
                0x20000258                CapSense_kValueTbl
                0x20000260                . = ALIGN (0x8)
 *fill*         0x2000025a        0x6 
 *(.ram.b)
                0x20000260                _end = .
                0x20000260                __end = .
                0x20000260                PROVIDE (end, .)
                0x20000260                PROVIDE (__bss_end__, .)
                0x00002100                __cy_region_init_ram = LOADADDR (.data)
                0x000000a8                __cy_region_init_size_ram = (_edata - ADDR (.data))
                0x000000f8                __cy_region_zero_size_ram = (_end - _edata)

.heap           0x20000260       0x80 load address 0x000021a8
                0x20000260                . = _end
                0x200002e0                . = (. + 0x80)
 *fill*         0x20000260       0x80 
                0x200002e0                __cy_heap_limit = .

.stack          0x20003800      0x800
                0x20003800                __cy_stack_limit = .
                0x20004000                . = (. + 0x800)
 *fill*         0x20003800      0x800 
                0x00000001                ASSERT ((__cy_stack_limit >= __cy_heap_limit), region RAM overflowed with stack)
                0x00000000                cy_checksum_exclude_size = (CY_APPL_LOADABLE == 0x1)?SIZEOF (.cy_checksum_exclude):0x0
                0x00000001                ASSERT ((cy_checksum_exclude_size <= CY_CHECKSUM_EXCLUDE_SIZE), CY_BOOT: Section .cy_checksum_exclude size exceedes specified limit.)
                0x0001ffc0                cyloadermeta_start = (cy_project_type_bootloader || cy_project_type_app_for_stack_and_copier)?(LENGTH (rom) - CY_METADATA_SIZE):0xf0000000

.cyloadermeta
 *(.cyloadermeta)
                0x0001ffc0                cyloadablemeta_start = cy_project_type_app_for_stack_and_copier?((LENGTH (rom) - CY_FLASH_ROW_SIZE) - CY_METADATA_SIZE):((LENGTH (rom) - (CY_FLASH_ROW_SIZE * (CY_APPL_NUM - 0x1))) - CY_METADATA_SIZE)

.cyloadablemeta
 *(.cyloadablemeta)

.cyflashprotect
                0x90400000       0x80
 *(.cyflashprotect)
 .cyflashprotect
                0x90400000       0x80 .\CortexM0\ARM_GCC_541\Debug\cymetadata.o
                0x90400000                cy_meta_flashprotect

.cymeta         0x90500000        0xc
 *(.cymeta)
 .cymeta        0x90500000        0xc .\CortexM0\ARM_GCC_541\Debug\cymetadata.o
                0x90500000                cy_metadata

.cychipprotect  0x90600000        0x1
 *(.cychipprotect)
 .cychipprotect
                0x90600000        0x1 .\CortexM0\ARM_GCC_541\Debug\cymetadata.o
                0x90600000                cy_meta_chipprotect

.rel.dyn        0x000021a8        0x0 load address 0x90600004
 .rel.iplt      0x000021a8        0x0 c:/program files (x86)/cypress/psoc creator/4.2/psoc creator/import/gnu/arm/5.4.1/bin/../lib/gcc/arm-none-eabi/5.4.1/armv6-m/crtbegin.o

.stab
 *(.stab)

.stabstr
 *(.stabstr)

.debug
 *(.debug)

.line
 *(.line)

.debug_srcinfo
 *(.debug_srcinfo)

.debug_sfnames
 *(.debug_sfnames)

.debug_aranges  0x00000000      0xd68
 *(.debug_aranges)
 .debug_aranges
                0x00000000       0x48 .\CortexM0\ARM_GCC_541\Debug\main.o
 .debug_aranges
                0x00000048       0x48 .\CortexM0\ARM_GCC_541\Debug\cyfitter_cfg.o
 .debug_aranges
                0x00000090       0x18 .\CortexM0\ARM_GCC_541\Debug\cymetadata.o
 .debug_aranges
                0x000000a8       0x48 .\CortexM0\ARM_GCC_541\Debug\Cm0Start.o
 .debug_aranges
                0x000000f0       0x58 .\CortexM0\ARM_GCC_541\Debug\test-driverLed.a(SPI_1.o)
 .debug_aranges
                0x00000148       0x60 .\CortexM0\ARM_GCC_541\Debug\test-driverLed.a(SPI_1_SPI_UART.o)
 .debug_aranges
                0x000001a8       0x40 .\CortexM0\ARM_GCC_541\Debug\test-driverLed.a(SPI_1_SPI.o)
 .debug_aranges
                0x000001e8      0x1b0 .\CortexM0\ARM_GCC_541\Debug\test-driverLed.a(CyLib.o)
 .debug_aranges
                0x00000398      0x188 .\CortexM0\ARM_GCC_541\Debug\test-driverLed.a(CyLFClk.o)
 .debug_aranges
                0x00000520       0x48 .\CortexM0\ARM_GCC_541\Debug\test-driverLed.a(LE.o)
 .debug_aranges
                0x00000568       0x40 .\CortexM0\ARM_GCC_541\Debug\test-driverLed.a(Clock_1.o)
 .debug_aranges
                0x000005a8      0x158 .\CortexM0\ARM_GCC_541\Debug\test-driverLed.a(PWM_1.o)
 .debug_aranges
                0x00000700      0x150 .\CortexM0\ARM_GCC_541\Debug\test-driverLed.a(CapSense.o)
 .debug_aranges
                0x00000850      0x110 .\CortexM0\ARM_GCC_541\Debug\test-driverLed.a(CapSense_CSHL.o)
 .debug_aranges
                0x00000960       0x20 .\CortexM0\ARM_GCC_541\Debug\test-driverLed.a(CapSense_INT.o)
 .debug_aranges
                0x00000980       0x60 .\CortexM0\ARM_GCC_541\Debug\test-driverLed.a(CapSense_SMS.o)
 .debug_aranges
                0x000009e0       0x40 .\CortexM0\ARM_GCC_541\Debug\test-driverLed.a(CapSense_SampleClk.o)
 .debug_aranges
                0x00000a20       0x40 .\CortexM0\ARM_GCC_541\Debug\test-driverLed.a(CapSense_SenseClk.o)
 .debug_aranges
                0x00000a60       0x48 .\CortexM0\ARM_GCC_541\Debug\test-driverLed.a(STR.o)
 .debug_aranges
                0x00000aa8       0x48 .\CortexM0\ARM_GCC_541\Debug\test-driverLed.a(STG.o)
 .debug_aranges
                0x00000af0       0x48 .\CortexM0\ARM_GCC_541\Debug\test-driverLed.a(STB.o)
 .debug_aranges
                0x00000b38       0x58 .\CortexM0\ARM_GCC_541\Debug\test-driverLed.a(UART.o)
 .debug_aranges
                0x00000b90       0x90 .\CortexM0\ARM_GCC_541\Debug\test-driverLed.a(UART_UART.o)
 .debug_aranges
                0x00000c20       0x80 .\CortexM0\ARM_GCC_541\Debug\test-driverLed.a(TC_ISR.o)
 .debug_aranges
                0x00000ca0       0x20 .\CortexM0\ARM_GCC_541\Debug\test-driverLed.a(CyBootAsmGnu.o)
 .debug_aranges
                0x00000cc0       0x60 .\CortexM0\ARM_GCC_541\Debug\test-driverLed.a(UART_SPI_UART.o)
 .debug_aranges
                0x00000d20       0x48 C:\Program Files (x86)\Cypress\PSoC Creator\4.2\PSoC Creator\psoc\content\CyComponentLibrary\CyComponentLibrary.cylib\CapSense_CSD_P4_v2_60\PSoC4\Library\CapsenseP4Library_GCC.a(CSD_P4_SmartSense_v2_60.o)

.debug_pubnames
 *(.debug_pubnames)

.debug_info     0x00000000     0x7d20
 *(.debug_info .gnu.linkonce.wi.*)
 .debug_info    0x00000000      0x57c .\CortexM0\ARM_GCC_541\Debug\main.o
 .debug_info    0x0000057c      0x499 .\CortexM0\ARM_GCC_541\Debug\cyfitter_cfg.o
 .debug_info    0x00000a15       0xf8 .\CortexM0\ARM_GCC_541\Debug\cymetadata.o
 .debug_info    0x00000b0d      0x3a2 .\CortexM0\ARM_GCC_541\Debug\Cm0Start.o
 .debug_info    0x00000eaf      0x23a .\CortexM0\ARM_GCC_541\Debug\test-driverLed.a(SPI_1.o)
 .debug_info    0x000010e9      0x220 .\CortexM0\ARM_GCC_541\Debug\test-driverLed.a(SPI_1_SPI_UART.o)
 .debug_info    0x00001309      0x187 .\CortexM0\ARM_GCC_541\Debug\test-driverLed.a(SPI_1_SPI.o)
 .debug_info    0x00001490      0xbd0 .\CortexM0\ARM_GCC_541\Debug\test-driverLed.a(CyLib.o)
 .debug_info    0x00002060     0x1071 .\CortexM0\ARM_GCC_541\Debug\test-driverLed.a(CyLFClk.o)
 .debug_info    0x000030d1      0x19d .\CortexM0\ARM_GCC_541\Debug\test-driverLed.a(LE.o)
 .debug_info    0x0000326e      0x166 .\CortexM0\ARM_GCC_541\Debug\test-driverLed.a(Clock_1.o)
 .debug_info    0x000033d4      0x909 .\CortexM0\ARM_GCC_541\Debug\test-driverLed.a(PWM_1.o)
 .debug_info    0x00003cdd     0x107e .\CortexM0\ARM_GCC_541\Debug\test-driverLed.a(CapSense.o)
 .debug_info    0x00004d5b      0xd50 .\CortexM0\ARM_GCC_541\Debug\test-driverLed.a(CapSense_CSHL.o)
 .debug_info    0x00005aab      0x198 .\CortexM0\ARM_GCC_541\Debug\test-driverLed.a(CapSense_INT.o)
 .debug_info    0x00005c43      0x77d .\CortexM0\ARM_GCC_541\Debug\test-driverLed.a(CapSense_SMS.o)
 .debug_info    0x000063c0      0x166 .\CortexM0\ARM_GCC_541\Debug\test-driverLed.a(CapSense_SampleClk.o)
 .debug_info    0x00006526      0x166 .\CortexM0\ARM_GCC_541\Debug\test-driverLed.a(CapSense_SenseClk.o)
 .debug_info    0x0000668c      0x19d .\CortexM0\ARM_GCC_541\Debug\test-driverLed.a(STR.o)
 .debug_info    0x00006829      0x19d .\CortexM0\ARM_GCC_541\Debug\test-driverLed.a(STG.o)
 .debug_info    0x000069c6      0x19d .\CortexM0\ARM_GCC_541\Debug\test-driverLed.a(STB.o)
 .debug_info    0x00006b63      0x23a .\CortexM0\ARM_GCC_541\Debug\test-driverLed.a(UART.o)
 .debug_info    0x00006d9d      0x3b5 .\CortexM0\ARM_GCC_541\Debug\test-driverLed.a(UART_UART.o)
 .debug_info    0x00007152      0x305 .\CortexM0\ARM_GCC_541\Debug\test-driverLed.a(TC_ISR.o)
 .debug_info    0x00007457       0xc7 .\CortexM0\ARM_GCC_541\Debug\test-driverLed.a(CyBootAsmGnu.o)
 .debug_info    0x0000751e      0x220 .\CortexM0\ARM_GCC_541\Debug\test-driverLed.a(UART_SPI_UART.o)
 .debug_info    0x0000773e      0x5e2 C:\Program Files (x86)\Cypress\PSoC Creator\4.2\PSoC Creator\psoc\content\CyComponentLibrary\CyComponentLibrary.cylib\CapSense_CSD_P4_v2_60\PSoC4\Library\CapsenseP4Library_GCC.a(CSD_P4_SmartSense_v2_60.o)

.debug_abbrev   0x00000000     0x1faa
 *(.debug_abbrev)
 .debug_abbrev  0x00000000      0x16d .\CortexM0\ARM_GCC_541\Debug\main.o
 .debug_abbrev  0x0000016d      0x1cf .\CortexM0\ARM_GCC_541\Debug\cyfitter_cfg.o
 .debug_abbrev  0x0000033c       0x5d .\CortexM0\ARM_GCC_541\Debug\cymetadata.o
 .debug_abbrev  0x00000399      0x1d7 .\CortexM0\ARM_GCC_541\Debug\Cm0Start.o
 .debug_abbrev  0x00000570       0xd5 .\CortexM0\ARM_GCC_541\Debug\test-driverLed.a(SPI_1.o)
 .debug_abbrev  0x00000645      0x14f .\CortexM0\ARM_GCC_541\Debug\test-driverLed.a(SPI_1_SPI_UART.o)
 .debug_abbrev  0x00000794       0xf7 .\CortexM0\ARM_GCC_541\Debug\test-driverLed.a(SPI_1_SPI.o)
 .debug_abbrev  0x0000088b      0x1e0 .\CortexM0\ARM_GCC_541\Debug\test-driverLed.a(CyLib.o)
 .debug_abbrev  0x00000a6b      0x248 .\CortexM0\ARM_GCC_541\Debug\test-driverLed.a(CyLFClk.o)
 .debug_abbrev  0x00000cb3       0xc8 .\CortexM0\ARM_GCC_541\Debug\test-driverLed.a(LE.o)
 .debug_abbrev  0x00000d7b       0xb7 .\CortexM0\ARM_GCC_541\Debug\test-driverLed.a(Clock_1.o)
 .debug_abbrev  0x00000e32      0x119 .\CortexM0\ARM_GCC_541\Debug\test-driverLed.a(PWM_1.o)
 .debug_abbrev  0x00000f4b      0x188 .\CortexM0\ARM_GCC_541\Debug\test-driverLed.a(CapSense.o)
 .debug_abbrev  0x000010d3      0x20e .\CortexM0\ARM_GCC_541\Debug\test-driverLed.a(CapSense_CSHL.o)
 .debug_abbrev  0x000012e1       0xca .\CortexM0\ARM_GCC_541\Debug\test-driverLed.a(CapSense_INT.o)
 .debug_abbrev  0x000013ab      0x1d5 .\CortexM0\ARM_GCC_541\Debug\test-driverLed.a(CapSense_SMS.o)
 .debug_abbrev  0x00001580       0xb7 .\CortexM0\ARM_GCC_541\Debug\test-driverLed.a(CapSense_SampleClk.o)
 .debug_abbrev  0x00001637       0xb7 .\CortexM0\ARM_GCC_541\Debug\test-driverLed.a(CapSense_SenseClk.o)
 .debug_abbrev  0x000016ee       0xc8 .\CortexM0\ARM_GCC_541\Debug\test-driverLed.a(STR.o)
 .debug_abbrev  0x000017b6       0xc8 .\CortexM0\ARM_GCC_541\Debug\test-driverLed.a(STG.o)
 .debug_abbrev  0x0000187e       0xc8 .\CortexM0\ARM_GCC_541\Debug\test-driverLed.a(STB.o)
 .debug_abbrev  0x00001946       0xd5 .\CortexM0\ARM_GCC_541\Debug\test-driverLed.a(UART.o)
 .debug_abbrev  0x00001a1b      0x132 .\CortexM0\ARM_GCC_541\Debug\test-driverLed.a(UART_UART.o)
 .debug_abbrev  0x00001b4d      0x19a .\CortexM0\ARM_GCC_541\Debug\test-driverLed.a(TC_ISR.o)
 .debug_abbrev  0x00001ce7       0x14 .\CortexM0\ARM_GCC_541\Debug\test-driverLed.a(CyBootAsmGnu.o)
 .debug_abbrev  0x00001cfb      0x14f .\CortexM0\ARM_GCC_541\Debug\test-driverLed.a(UART_SPI_UART.o)
 .debug_abbrev  0x00001e4a      0x160 C:\Program Files (x86)\Cypress\PSoC Creator\4.2\PSoC Creator\psoc\content\CyComponentLibrary\CyComponentLibrary.cylib\CapSense_CSD_P4_v2_60\PSoC4\Library\CapsenseP4Library_GCC.a(CSD_P4_SmartSense_v2_60.o)

.debug_line     0x00000000     0x3053
 *(.debug_line)
 .debug_line    0x00000000      0x2a2 .\CortexM0\ARM_GCC_541\Debug\main.o
 .debug_line    0x000002a2      0x1c0 .\CortexM0\ARM_GCC_541\Debug\cyfitter_cfg.o
 .debug_line    0x00000462      0x141 .\CortexM0\ARM_GCC_541\Debug\cymetadata.o
 .debug_line    0x000005a3      0x236 .\CortexM0\ARM_GCC_541\Debug\Cm0Start.o
 .debug_line    0x000007d9      0x10c .\CortexM0\ARM_GCC_541\Debug\test-driverLed.a(SPI_1.o)
 .debug_line    0x000008e5      0x11b .\CortexM0\ARM_GCC_541\Debug\test-driverLed.a(SPI_1_SPI_UART.o)
 .debug_line    0x00000a00       0xd6 .\CortexM0\ARM_GCC_541\Debug\test-driverLed.a(SPI_1_SPI.o)
 .debug_line    0x00000ad6      0x4d0 .\CortexM0\ARM_GCC_541\Debug\test-driverLed.a(CyLib.o)
 .debug_line    0x00000fa6      0x5db .\CortexM0\ARM_GCC_541\Debug\test-driverLed.a(CyLFClk.o)
 .debug_line    0x00001581       0xba .\CortexM0\ARM_GCC_541\Debug\test-driverLed.a(LE.o)
 .debug_line    0x0000163b       0xba .\CortexM0\ARM_GCC_541\Debug\test-driverLed.a(Clock_1.o)
 .debug_line    0x000016f5      0x37e .\CortexM0\ARM_GCC_541\Debug\test-driverLed.a(PWM_1.o)
 .debug_line    0x00001a73      0x4c8 .\CortexM0\ARM_GCC_541\Debug\test-driverLed.a(CapSense.o)
 .debug_line    0x00001f3b      0x390 .\CortexM0\ARM_GCC_541\Debug\test-driverLed.a(CapSense_CSHL.o)
 .debug_line    0x000022cb       0xac .\CortexM0\ARM_GCC_541\Debug\test-driverLed.a(CapSense_INT.o)
 .debug_line    0x00002377      0x1a8 .\CortexM0\ARM_GCC_541\Debug\test-driverLed.a(CapSense_SMS.o)
 .debug_line    0x0000251f       0xc5 .\CortexM0\ARM_GCC_541\Debug\test-driverLed.a(CapSense_SampleClk.o)
 .debug_line    0x000025e4       0xc4 .\CortexM0\ARM_GCC_541\Debug\test-driverLed.a(CapSense_SenseClk.o)
 .debug_line    0x000026a8       0xbb .\CortexM0\ARM_GCC_541\Debug\test-driverLed.a(STR.o)
 .debug_line    0x00002763       0xbb .\CortexM0\ARM_GCC_541\Debug\test-driverLed.a(STG.o)
 .debug_line    0x0000281e       0xbb .\CortexM0\ARM_GCC_541\Debug\test-driverLed.a(STB.o)
 .debug_line    0x000028d9      0x108 .\CortexM0\ARM_GCC_541\Debug\test-driverLed.a(UART.o)
 .debug_line    0x000029e1      0x1cf .\CortexM0\ARM_GCC_541\Debug\test-driverLed.a(UART_UART.o)
 .debug_line    0x00002bb0      0x152 .\CortexM0\ARM_GCC_541\Debug\test-driverLed.a(TC_ISR.o)
 .debug_line    0x00002d02       0x68 .\CortexM0\ARM_GCC_541\Debug\test-driverLed.a(CyBootAsmGnu.o)
 .debug_line    0x00002d6a      0x11a .\CortexM0\ARM_GCC_541\Debug\test-driverLed.a(UART_SPI_UART.o)
 .debug_line    0x00002e84      0x1cf C:\Program Files (x86)\Cypress\PSoC Creator\4.2\PSoC Creator\psoc\content\CyComponentLibrary\CyComponentLibrary.cylib\CapSense_CSD_P4_v2_60\PSoC4\Library\CapsenseP4Library_GCC.a(CSD_P4_SmartSense_v2_60.o)

.debug_frame    0x00000000     0x20c4
 *(.debug_frame)
 .debug_frame   0x00000000       0xa4 .\CortexM0\ARM_GCC_541\Debug\main.o
 .debug_frame   0x000000a4       0xb8 .\CortexM0\ARM_GCC_541\Debug\cyfitter_cfg.o
 .debug_frame   0x0000015c       0xbc .\CortexM0\ARM_GCC_541\Debug\Cm0Start.o
 .debug_frame   0x00000218       0xd8 .\CortexM0\ARM_GCC_541\Debug\test-driverLed.a(SPI_1.o)
 .debug_frame   0x000002f0       0xb0 .\CortexM0\ARM_GCC_541\Debug\test-driverLed.a(SPI_1_SPI_UART.o)
 .debug_frame   0x000003a0       0x6c .\CortexM0\ARM_GCC_541\Debug\test-driverLed.a(SPI_1_SPI.o)
 .debug_frame   0x0000040c      0x444 .\CortexM0\ARM_GCC_541\Debug\test-driverLed.a(CyLib.o)
 .debug_frame   0x00000850      0x4a8 .\CortexM0\ARM_GCC_541\Debug\test-driverLed.a(CyLFClk.o)
 .debug_frame   0x00000cf8       0x70 .\CortexM0\ARM_GCC_541\Debug\test-driverLed.a(LE.o)
 .debug_frame   0x00000d68       0x6c .\CortexM0\ARM_GCC_541\Debug\test-driverLed.a(Clock_1.o)
 .debug_frame   0x00000dd4      0x3a0 .\CortexM0\ARM_GCC_541\Debug\test-driverLed.a(PWM_1.o)
 .debug_frame   0x00001174      0x3a8 .\CortexM0\ARM_GCC_541\Debug\test-driverLed.a(CapSense.o)
 .debug_frame   0x0000151c      0x2cc .\CortexM0\ARM_GCC_541\Debug\test-driverLed.a(CapSense_CSHL.o)
 .debug_frame   0x000017e8       0x2c .\CortexM0\ARM_GCC_541\Debug\test-driverLed.a(CapSense_INT.o)
 .debug_frame   0x00001814       0xec .\CortexM0\ARM_GCC_541\Debug\test-driverLed.a(CapSense_SMS.o)
 .debug_frame   0x00001900       0x6c .\CortexM0\ARM_GCC_541\Debug\test-driverLed.a(CapSense_SampleClk.o)
 .debug_frame   0x0000196c       0x6c .\CortexM0\ARM_GCC_541\Debug\test-driverLed.a(CapSense_SenseClk.o)
 .debug_frame   0x000019d8       0x70 .\CortexM0\ARM_GCC_541\Debug\test-driverLed.a(STR.o)
 .debug_frame   0x00001a48       0x70 .\CortexM0\ARM_GCC_541\Debug\test-driverLed.a(STG.o)
 .debug_frame   0x00001ab8       0x70 .\CortexM0\ARM_GCC_541\Debug\test-driverLed.a(STB.o)
 .debug_frame   0x00001b28       0xd8 .\CortexM0\ARM_GCC_541\Debug\test-driverLed.a(UART.o)
 .debug_frame   0x00001c00      0x144 .\CortexM0\ARM_GCC_541\Debug\test-driverLed.a(UART_UART.o)
 .debug_frame   0x00001d44      0x110 .\CortexM0\ARM_GCC_541\Debug\test-driverLed.a(TC_ISR.o)
 .debug_frame   0x00001e54       0xb0 .\CortexM0\ARM_GCC_541\Debug\test-driverLed.a(UART_SPI_UART.o)
 .debug_frame   0x00001f04       0xec C:\Program Files (x86)\Cypress\PSoC Creator\4.2\PSoC Creator\psoc\content\CyComponentLibrary\CyComponentLibrary.cylib\CapSense_CSD_P4_v2_60\PSoC4\Library\CapsenseP4Library_GCC.a(CSD_P4_SmartSense_v2_60.o)
 .debug_frame   0x00001ff0       0x20 c:/program files (x86)/cypress/psoc creator/4.2/psoc creator/import/gnu/arm/5.4.1/bin/../lib/gcc/arm-none-eabi/5.4.1/armv6-m\libgcc.a(_udivsi3.o)
 .debug_frame   0x00002010       0x20 c:/program files (x86)/cypress/psoc creator/4.2/psoc creator/import/gnu/arm/5.4.1/bin/../lib/gcc/arm-none-eabi/5.4.1/armv6-m\libgcc.a(_divsi3.o)
 .debug_frame   0x00002030       0x20 c:/program files (x86)/cypress/psoc creator/4.2/psoc creator/import/gnu/arm/5.4.1/bin/../lib/gcc/arm-none-eabi/5.4.1/../../../../arm-none-eabi/lib/armv6-m\libg_nano.a(lib_a-errno.o)
 .debug_frame   0x00002050       0x28 c:/program files (x86)/cypress/psoc creator/4.2/psoc creator/import/gnu/arm/5.4.1/bin/../lib/gcc/arm-none-eabi/5.4.1/../../../../arm-none-eabi/lib/armv6-m\libg_nano.a(lib_a-exit.o)
 .debug_frame   0x00002078       0x2c c:/program files (x86)/cypress/psoc creator/4.2/psoc creator/import/gnu/arm/5.4.1/bin/../lib/gcc/arm-none-eabi/5.4.1/../../../../arm-none-eabi/lib/armv6-m\libg_nano.a(lib_a-init.o)
 .debug_frame   0x000020a4       0x20 c:/program files (x86)/cypress/psoc creator/4.2/psoc creator/import/gnu/arm/5.4.1/bin/../lib/gcc/arm-none-eabi/5.4.1/../../../../arm-none-eabi/lib/armv6-m\libg_nano.a(lib_a-memset.o)

.debug_str      0x00000000     0x34b5
 *(.debug_str)
 .debug_str     0x00000000      0x3f3 .\CortexM0\ARM_GCC_541\Debug\main.o
                                0x43c (size before relaxing)
 .debug_str     0x000003f3      0x1aa .\CortexM0\ARM_GCC_541\Debug\cyfitter_cfg.o
                                0x386 (size before relaxing)
 .debug_str     0x0000059d       0x63 .\CortexM0\ARM_GCC_541\Debug\cymetadata.o
                                0x1ff (size before relaxing)
 .debug_str     0x00000600      0x13a .\CortexM0\ARM_GCC_541\Debug\Cm0Start.o
                                0x338 (size before relaxing)
 .debug_str     0x0000073a      0x101 .\CortexM0\ARM_GCC_541\Debug\test-driverLed.a(SPI_1.o)
                                0x2d9 (size before relaxing)
 .debug_str     0x0000083b      0x126 .\CortexM0\ARM_GCC_541\Debug\test-driverLed.a(SPI_1_SPI_UART.o)
                                0x310 (size before relaxing)
 .debug_str     0x00000961       0x89 .\CortexM0\ARM_GCC_541\Debug\test-driverLed.a(SPI_1_SPI.o)
                                0x290 (size before relaxing)
 .debug_str     0x000009ea      0x51a .\CortexM0\ARM_GCC_541\Debug\test-driverLed.a(CyLib.o)
                                0x772 (size before relaxing)
 .debug_str     0x00000f04      0x6ea .\CortexM0\ARM_GCC_541\Debug\test-driverLed.a(CyLFClk.o)
                                0x96f (size before relaxing)
 .debug_str     0x000015ee       0x8d .\CortexM0\ARM_GCC_541\Debug\test-driverLed.a(LE.o)
                                0x258 (size before relaxing)
 .debug_str     0x0000167b       0xc7 .\CortexM0\ARM_GCC_541\Debug\test-driverLed.a(Clock_1.o)
                                0x28e (size before relaxing)
 .debug_str     0x00001742      0x399 .\CortexM0\ARM_GCC_541\Debug\test-driverLed.a(PWM_1.o)
                                0x5e8 (size before relaxing)
 .debug_str     0x00001adb      0x803 .\CortexM0\ARM_GCC_541\Debug\test-driverLed.a(CapSense.o)
                                0xac6 (size before relaxing)
 .debug_str     0x000022de      0x64b .\CortexM0\ARM_GCC_541\Debug\test-driverLed.a(CapSense_CSHL.o)
                                0xa57 (size before relaxing)
 .debug_str     0x00002929       0x48 .\CortexM0\ARM_GCC_541\Debug\test-driverLed.a(CapSense_INT.o)
                                0x2c6 (size before relaxing)
 .debug_str     0x00002971      0x25a .\CortexM0\ARM_GCC_541\Debug\test-driverLed.a(CapSense_SMS.o)
                                0x802 (size before relaxing)
 .debug_str     0x00002bcb       0x82 .\CortexM0\ARM_GCC_541\Debug\test-driverLed.a(CapSense_SampleClk.o)
                                0x2d0 (size before relaxing)
 .debug_str     0x00002c4d       0x7f .\CortexM0\ARM_GCC_541\Debug\test-driverLed.a(CapSense_SenseClk.o)
                                0x2ca (size before relaxing)
 .debug_str     0x00002ccc       0x66 .\CortexM0\ARM_GCC_541\Debug\test-driverLed.a(STR.o)
                                0x25f (size before relaxing)
 .debug_str     0x00002d32       0x6f .\CortexM0\ARM_GCC_541\Debug\test-driverLed.a(STG.o)
                                0x25f (size before relaxing)
 .debug_str     0x00002da1       0x6f .\CortexM0\ARM_GCC_541\Debug\test-driverLed.a(STB.o)
                                0x25f (size before relaxing)
 .debug_str     0x00002e10       0xdb .\CortexM0\ARM_GCC_541\Debug\test-driverLed.a(UART.o)
                                0x2ce (size before relaxing)
 .debug_str     0x00002eeb      0x1c8 .\CortexM0\ARM_GCC_541\Debug\test-driverLed.a(UART_UART.o)
                                0x3ff (size before relaxing)
 .debug_str     0x000030b3       0xf4 .\CortexM0\ARM_GCC_541\Debug\test-driverLed.a(TC_ISR.o)
                                0x32f (size before relaxing)
 .debug_str     0x000031a7       0xbe .\CortexM0\ARM_GCC_541\Debug\test-driverLed.a(UART_SPI_UART.o)
                                0x305 (size before relaxing)
 .debug_str     0x00003265      0x250 C:\Program Files (x86)\Cypress\PSoC Creator\4.2\PSoC Creator\psoc\content\CyComponentLibrary\CyComponentLibrary.cylib\CapSense_CSD_P4_v2_60\PSoC4\Library\CapsenseP4Library_GCC.a(CSD_P4_SmartSense_v2_60.o)
                                0x59d (size before relaxing)

.debug_loc      0x00000000     0x3f5d
 *(.debug_loc)
 .debug_loc     0x00000000       0x74 .\CortexM0\ARM_GCC_541\Debug\main.o
 .debug_loc     0x00000074      0x14d .\CortexM0\ARM_GCC_541\Debug\cyfitter_cfg.o
 .debug_loc     0x000001c1      0x14f .\CortexM0\ARM_GCC_541\Debug\Cm0Start.o
 .debug_loc     0x00000310       0x7e .\CortexM0\ARM_GCC_541\Debug\test-driverLed.a(SPI_1.o)
 .debug_loc     0x0000038e       0x96 .\CortexM0\ARM_GCC_541\Debug\test-driverLed.a(SPI_1_SPI_UART.o)
 .debug_loc     0x00000424       0xc1 .\CortexM0\ARM_GCC_541\Debug\test-driverLed.a(SPI_1_SPI.o)
 .debug_loc     0x000004e5      0x554 .\CortexM0\ARM_GCC_541\Debug\test-driverLed.a(CyLib.o)
 .debug_loc     0x00000a39      0xdaa .\CortexM0\ARM_GCC_541\Debug\test-driverLed.a(CyLFClk.o)
 .debug_loc     0x000017e3       0xa2 .\CortexM0\ARM_GCC_541\Debug\test-driverLed.a(LE.o)
 .debug_loc     0x00001885       0x76 .\CortexM0\ARM_GCC_541\Debug\test-driverLed.a(Clock_1.o)
 .debug_loc     0x000018fb      0x547 .\CortexM0\ARM_GCC_541\Debug\test-driverLed.a(PWM_1.o)
 .debug_loc     0x00001e42      0xb10 .\CortexM0\ARM_GCC_541\Debug\test-driverLed.a(CapSense.o)
 .debug_loc     0x00002952      0x6e3 .\CortexM0\ARM_GCC_541\Debug\test-driverLed.a(CapSense_CSHL.o)
 .debug_loc     0x00003035      0x20f .\CortexM0\ARM_GCC_541\Debug\test-driverLed.a(CapSense_SMS.o)
 .debug_loc     0x00003244       0x76 .\CortexM0\ARM_GCC_541\Debug\test-driverLed.a(CapSense_SampleClk.o)
 .debug_loc     0x000032ba       0x76 .\CortexM0\ARM_GCC_541\Debug\test-driverLed.a(CapSense_SenseClk.o)
 .debug_loc     0x00003330       0xa2 .\CortexM0\ARM_GCC_541\Debug\test-driverLed.a(STR.o)
 .debug_loc     0x000033d2       0xa2 .\CortexM0\ARM_GCC_541\Debug\test-driverLed.a(STG.o)
 .debug_loc     0x00003474       0xa2 .\CortexM0\ARM_GCC_541\Debug\test-driverLed.a(STB.o)
 .debug_loc     0x00003516       0x7e .\CortexM0\ARM_GCC_541\Debug\test-driverLed.a(UART.o)
 .debug_loc     0x00003594      0x223 .\CortexM0\ARM_GCC_541\Debug\test-driverLed.a(UART_UART.o)
 .debug_loc     0x000037b7       0x82 .\CortexM0\ARM_GCC_541\Debug\test-driverLed.a(TC_ISR.o)
 .debug_loc     0x00003839       0x96 .\CortexM0\ARM_GCC_541\Debug\test-driverLed.a(UART_SPI_UART.o)
 .debug_loc     0x000038cf      0x68e C:\Program Files (x86)\Cypress\PSoC Creator\4.2\PSoC Creator\psoc\content\CyComponentLibrary\CyComponentLibrary.cylib\CapSense_CSD_P4_v2_60\PSoC4\Library\CapsenseP4Library_GCC.a(CSD_P4_SmartSense_v2_60.o)

.debug_macinfo
 *(.debug_macinfo)

.debug_ranges   0x00000000      0xba0
 *(.debug_ranges)
 .debug_ranges  0x00000000       0x38 .\CortexM0\ARM_GCC_541\Debug\main.o
 .debug_ranges  0x00000038       0x38 .\CortexM0\ARM_GCC_541\Debug\cyfitter_cfg.o
 .debug_ranges  0x00000070       0x38 .\CortexM0\ARM_GCC_541\Debug\Cm0Start.o
 .debug_ranges  0x000000a8       0x48 .\CortexM0\ARM_GCC_541\Debug\test-driverLed.a(SPI_1.o)
 .debug_ranges  0x000000f0       0x50 .\CortexM0\ARM_GCC_541\Debug\test-driverLed.a(SPI_1_SPI_UART.o)
 .debug_ranges  0x00000140       0x30 .\CortexM0\ARM_GCC_541\Debug\test-driverLed.a(SPI_1_SPI.o)
 .debug_ranges  0x00000170      0x1a0 .\CortexM0\ARM_GCC_541\Debug\test-driverLed.a(CyLib.o)
 .debug_ranges  0x00000310      0x178 .\CortexM0\ARM_GCC_541\Debug\test-driverLed.a(CyLFClk.o)
 .debug_ranges  0x00000488       0x38 .\CortexM0\ARM_GCC_541\Debug\test-driverLed.a(LE.o)
 .debug_ranges  0x000004c0       0x30 .\CortexM0\ARM_GCC_541\Debug\test-driverLed.a(Clock_1.o)
 .debug_ranges  0x000004f0      0x148 .\CortexM0\ARM_GCC_541\Debug\test-driverLed.a(PWM_1.o)
 .debug_ranges  0x00000638      0x140 .\CortexM0\ARM_GCC_541\Debug\test-driverLed.a(CapSense.o)
 .debug_ranges  0x00000778      0x100 .\CortexM0\ARM_GCC_541\Debug\test-driverLed.a(CapSense_CSHL.o)
 .debug_ranges  0x00000878       0x10 .\CortexM0\ARM_GCC_541\Debug\test-driverLed.a(CapSense_INT.o)
 .debug_ranges  0x00000888       0x50 .\CortexM0\ARM_GCC_541\Debug\test-driverLed.a(CapSense_SMS.o)
 .debug_ranges  0x000008d8       0x30 .\CortexM0\ARM_GCC_541\Debug\test-driverLed.a(CapSense_SampleClk.o)
 .debug_ranges  0x00000908       0x30 .\CortexM0\ARM_GCC_541\Debug\test-driverLed.a(CapSense_SenseClk.o)
 .debug_ranges  0x00000938       0x38 .\CortexM0\ARM_GCC_541\Debug\test-driverLed.a(STR.o)
 .debug_ranges  0x00000970       0x38 .\CortexM0\ARM_GCC_541\Debug\test-driverLed.a(STG.o)
 .debug_ranges  0x000009a8       0x38 .\CortexM0\ARM_GCC_541\Debug\test-driverLed.a(STB.o)
 .debug_ranges  0x000009e0       0x48 .\CortexM0\ARM_GCC_541\Debug\test-driverLed.a(UART.o)
 .debug_ranges  0x00000a28       0x80 .\CortexM0\ARM_GCC_541\Debug\test-driverLed.a(UART_UART.o)
 .debug_ranges  0x00000aa8       0x70 .\CortexM0\ARM_GCC_541\Debug\test-driverLed.a(TC_ISR.o)
 .debug_ranges  0x00000b18       0x50 .\CortexM0\ARM_GCC_541\Debug\test-driverLed.a(UART_SPI_UART.o)
 .debug_ranges  0x00000b68       0x38 C:\Program Files (x86)\Cypress\PSoC Creator\4.2\PSoC Creator\psoc\content\CyComponentLibrary\CyComponentLibrary.cylib\CapSense_CSD_P4_v2_60\PSoC4\Library\CapsenseP4Library_GCC.a(CSD_P4_SmartSense_v2_60.o)

.comment        0x00000000       0xde
 .comment       0x00000000       0x6e .\CortexM0\ARM_GCC_541\Debug\main.o
                                 0x6f (size before relaxing)
 .comment       0x0000006e       0x6f .\CortexM0\ARM_GCC_541\Debug\cyfitter_cfg.o
 .comment       0x0000006e       0x6f .\CortexM0\ARM_GCC_541\Debug\cymetadata.o
 .comment       0x0000006e       0x6f .\CortexM0\ARM_GCC_541\Debug\Cm0Start.o
 .comment       0x0000006e       0x6f .\CortexM0\ARM_GCC_541\Debug\test-driverLed.a(SPI_1.o)
 .comment       0x0000006e       0x6f .\CortexM0\ARM_GCC_541\Debug\test-driverLed.a(SPI_1_SPI_UART.o)
 .comment       0x0000006e       0x6f .\CortexM0\ARM_GCC_541\Debug\test-driverLed.a(SPI_1_SPI.o)
 .comment       0x0000006e       0x6f .\CortexM0\ARM_GCC_541\Debug\test-driverLed.a(CyLib.o)
 .comment       0x0000006e       0x6f .\CortexM0\ARM_GCC_541\Debug\test-driverLed.a(CyLFClk.o)
 .comment       0x0000006e       0x6f .\CortexM0\ARM_GCC_541\Debug\test-driverLed.a(LE.o)
 .comment       0x0000006e       0x6f .\CortexM0\ARM_GCC_541\Debug\test-driverLed.a(Clock_1.o)
 .comment       0x0000006e       0x6f .\CortexM0\ARM_GCC_541\Debug\test-driverLed.a(PWM_1.o)
 .comment       0x0000006e       0x6f .\CortexM0\ARM_GCC_541\Debug\test-driverLed.a(CapSense.o)
 .comment       0x0000006e       0x6f .\CortexM0\ARM_GCC_541\Debug\test-driverLed.a(CapSense_CSHL.o)
 .comment       0x0000006e       0x6f .\CortexM0\ARM_GCC_541\Debug\test-driverLed.a(CapSense_INT.o)
 .comment       0x0000006e       0x6f .\CortexM0\ARM_GCC_541\Debug\test-driverLed.a(CapSense_SMS.o)
 .comment       0x0000006e       0x6f .\CortexM0\ARM_GCC_541\Debug\test-driverLed.a(CapSense_SampleClk.o)
 .comment       0x0000006e       0x6f .\CortexM0\ARM_GCC_541\Debug\test-driverLed.a(CapSense_SenseClk.o)
 .comment       0x0000006e       0x6f .\CortexM0\ARM_GCC_541\Debug\test-driverLed.a(STR.o)
 .comment       0x0000006e       0x6f .\CortexM0\ARM_GCC_541\Debug\test-driverLed.a(STG.o)
 .comment       0x0000006e       0x6f .\CortexM0\ARM_GCC_541\Debug\test-driverLed.a(STB.o)
 .comment       0x0000006e       0x6f .\CortexM0\ARM_GCC_541\Debug\test-driverLed.a(UART.o)
 .comment       0x0000006e       0x6f .\CortexM0\ARM_GCC_541\Debug\test-driverLed.a(UART_UART.o)
 .comment       0x0000006e       0x6f .\CortexM0\ARM_GCC_541\Debug\test-driverLed.a(TC_ISR.o)
 .comment       0x0000006e       0x6f .\CortexM0\ARM_GCC_541\Debug\test-driverLed.a(UART_SPI_UART.o)
 .comment       0x0000006e       0x70 C:\Program Files (x86)\Cypress\PSoC Creator\4.2\PSoC Creator\psoc\content\CyComponentLibrary\CyComponentLibrary.cylib\CapSense_CSD_P4_v2_60\PSoC4\Library\CapsenseP4Library_GCC.a(CSD_P4_SmartSense_v2_60.o)
                                 0x71 (size before relaxing)

.debug_weaknames
 *(.debug_weaknames)

.debug_funcnames
 *(.debug_funcnames)

.debug_typenames
 *(.debug_typenames)

.debug_varnames
 *(.debug_varnames)

.note.gnu.arm.ident
 *(.note.gnu.arm.ident)

.ARM.attributes
                0x00000000       0x28
 *(.ARM.attributes)
 .ARM.attributes
                0x00000000       0x1e c:/program files (x86)/cypress/psoc creator/4.2/psoc creator/import/gnu/arm/5.4.1/bin/../lib/gcc/arm-none-eabi/5.4.1/armv6-m/crti.o
 .ARM.attributes
                0x0000001e       0x2c c:/program files (x86)/cypress/psoc creator/4.2/psoc creator/import/gnu/arm/5.4.1/bin/../lib/gcc/arm-none-eabi/5.4.1/armv6-m/crtbegin.o
 .ARM.attributes
                0x0000004a       0x1b c:/program files (x86)/cypress/psoc creator/4.2/psoc creator/import/gnu/arm/5.4.1/bin/../lib/gcc/arm-none-eabi/5.4.1/../../../../arm-none-eabi/lib/armv6-m/crt0.o
 .ARM.attributes
                0x00000065       0x31 .\CortexM0\ARM_GCC_541\Debug\main.o
 .ARM.attributes
                0x00000096       0x31 .\CortexM0\ARM_GCC_541\Debug\cyfitter_cfg.o
 .ARM.attributes
                0x000000c7       0x31 .\CortexM0\ARM_GCC_541\Debug\cymetadata.o
 .ARM.attributes
                0x000000f8       0x31 .\CortexM0\ARM_GCC_541\Debug\Cm0Start.o
 .ARM.attributes
                0x00000129       0x31 .\CortexM0\ARM_GCC_541\Debug\test-driverLed.a(SPI_1.o)
 .ARM.attributes
                0x0000015a       0x31 .\CortexM0\ARM_GCC_541\Debug\test-driverLed.a(SPI_1_SPI_UART.o)
 .ARM.attributes
                0x0000018b       0x31 .\CortexM0\ARM_GCC_541\Debug\test-driverLed.a(SPI_1_SPI.o)
 .ARM.attributes
                0x000001bc       0x31 .\CortexM0\ARM_GCC_541\Debug\test-driverLed.a(CyLib.o)
 .ARM.attributes
                0x000001ed       0x31 .\CortexM0\ARM_GCC_541\Debug\test-driverLed.a(CyLFClk.o)
 .ARM.attributes
                0x0000021e       0x31 .\CortexM0\ARM_GCC_541\Debug\test-driverLed.a(LE.o)
 .ARM.attributes
                0x0000024f       0x31 .\CortexM0\ARM_GCC_541\Debug\test-driverLed.a(Clock_1.o)
 .ARM.attributes
                0x00000280       0x31 .\CortexM0\ARM_GCC_541\Debug\test-driverLed.a(PWM_1.o)
 .ARM.attributes
                0x000002b1       0x31 .\CortexM0\ARM_GCC_541\Debug\test-driverLed.a(CapSense.o)
 .ARM.attributes
                0x000002e2       0x31 .\CortexM0\ARM_GCC_541\Debug\test-driverLed.a(CapSense_CSHL.o)
 .ARM.attributes
                0x00000313       0x31 .\CortexM0\ARM_GCC_541\Debug\test-driverLed.a(CapSense_INT.o)
 .ARM.attributes
                0x00000344       0x31 .\CortexM0\ARM_GCC_541\Debug\test-driverLed.a(CapSense_SMS.o)
 .ARM.attributes
                0x00000375       0x31 .\CortexM0\ARM_GCC_541\Debug\test-driverLed.a(CapSense_SampleClk.o)
 .ARM.attributes
                0x000003a6       0x31 .\CortexM0\ARM_GCC_541\Debug\test-driverLed.a(CapSense_SenseClk.o)
 .ARM.attributes
                0x000003d7       0x31 .\CortexM0\ARM_GCC_541\Debug\test-driverLed.a(STR.o)
 .ARM.attributes
                0x00000408       0x31 .\CortexM0\ARM_GCC_541\Debug\test-driverLed.a(STG.o)
 .ARM.attributes
                0x00000439       0x31 .\CortexM0\ARM_GCC_541\Debug\test-driverLed.a(STB.o)
 .ARM.attributes
                0x0000046a       0x31 .\CortexM0\ARM_GCC_541\Debug\test-driverLed.a(UART.o)
 .ARM.attributes
                0x0000049b       0x31 .\CortexM0\ARM_GCC_541\Debug\test-driverLed.a(UART_UART.o)
 .ARM.attributes
                0x000004cc       0x31 .\CortexM0\ARM_GCC_541\Debug\test-driverLed.a(TC_ISR.o)
 .ARM.attributes
                0x000004fd       0x21 .\CortexM0\ARM_GCC_541\Debug\test-driverLed.a(CyBootAsmGnu.o)
 .ARM.attributes
                0x0000051e       0x31 .\CortexM0\ARM_GCC_541\Debug\test-driverLed.a(UART_SPI_UART.o)
 .ARM.attributes
                0x0000054f       0x31 C:\Program Files (x86)\Cypress\PSoC Creator\4.2\PSoC Creator\psoc\content\CyComponentLibrary\CyComponentLibrary.cylib\CapSense_CSD_P4_v2_60\PSoC4\Library\CapsenseP4Library_GCC.a(CSD_P4_SmartSense_v2_60.o)
 .ARM.attributes
                0x00000580       0x1e c:/program files (x86)/cypress/psoc creator/4.2/psoc creator/import/gnu/arm/5.4.1/bin/../lib/gcc/arm-none-eabi/5.4.1/armv6-m\libgcc.a(_udivsi3.o)
 .ARM.attributes
                0x0000059e       0x1e c:/program files (x86)/cypress/psoc creator/4.2/psoc creator/import/gnu/arm/5.4.1/bin/../lib/gcc/arm-none-eabi/5.4.1/armv6-m\libgcc.a(_divsi3.o)
 .ARM.attributes
                0x000005bc       0x1e c:/program files (x86)/cypress/psoc creator/4.2/psoc creator/import/gnu/arm/5.4.1/bin/../lib/gcc/arm-none-eabi/5.4.1/armv6-m\libgcc.a(_dvmd_tls.o)
 .ARM.attributes
                0x000005da       0x2c c:/program files (x86)/cypress/psoc creator/4.2/psoc creator/import/gnu/arm/5.4.1/bin/../lib/gcc/arm-none-eabi/5.4.1/../../../../arm-none-eabi/lib/armv6-m\libg_nano.a(lib_a-errno.o)
 .ARM.attributes
                0x00000606       0x2c c:/program files (x86)/cypress/psoc creator/4.2/psoc creator/import/gnu/arm/5.4.1/bin/../lib/gcc/arm-none-eabi/5.4.1/../../../../arm-none-eabi/lib/armv6-m\libg_nano.a(lib_a-exit.o)
 .ARM.attributes
                0x00000632       0x2c c:/program files (x86)/cypress/psoc creator/4.2/psoc creator/import/gnu/arm/5.4.1/bin/../lib/gcc/arm-none-eabi/5.4.1/../../../../arm-none-eabi/lib/armv6-m\libg_nano.a(lib_a-impure.o)
 .ARM.attributes
                0x0000065e       0x2c c:/program files (x86)/cypress/psoc creator/4.2/psoc creator/import/gnu/arm/5.4.1/bin/../lib/gcc/arm-none-eabi/5.4.1/../../../../arm-none-eabi/lib/armv6-m\libg_nano.a(lib_a-init.o)
 .ARM.attributes
                0x0000068a       0x2c c:/program files (x86)/cypress/psoc creator/4.2/psoc creator/import/gnu/arm/5.4.1/bin/../lib/gcc/arm-none-eabi/5.4.1/../../../../arm-none-eabi/lib/armv6-m\libg_nano.a(lib_a-memset.o)
 .ARM.attributes
                0x000006b6       0x2c c:/program files (x86)/cypress/psoc creator/4.2/psoc creator/import/gnu/arm/5.4.1/bin/../lib/gcc/arm-none-eabi/5.4.1/armv6-m/crtend.o
 .ARM.attributes
                0x000006e2       0x1e c:/program files (x86)/cypress/psoc creator/4.2/psoc creator/import/gnu/arm/5.4.1/bin/../lib/gcc/arm-none-eabi/5.4.1/armv6-m/crtn.o

/DISCARD/
 *(.note.GNU-stack)
OUTPUT(D:\Users\jagumiel\Documents\PSoC Creator\LIN-Automotive\3-LIN-Internal-Light-Control\test-driverLed\test-driverLed.cydsn\CortexM0\ARM_GCC_541\Debug\test-driverLed.elf elf32-littlearm)
