ARM GAS  C:\Users\jagumiel\AppData\Local\Temp\ccKvSQsk.s 			page 1


   1              		.syntax unified
   2              		.cpu cortex-m0
   3              		.fpu softvfp
   4              		.eabi_attribute 20, 1
   5              		.eabi_attribute 21, 1
   6              		.eabi_attribute 23, 3
   7              		.eabi_attribute 24, 1
   8              		.eabi_attribute 25, 1
   9              		.eabi_attribute 26, 1
  10              		.eabi_attribute 30, 1
  11              		.eabi_attribute 34, 0
  12              		.eabi_attribute 18, 4
  13              		.thumb
  14              		.syntax unified
  15              		.file	"cyfitter_cfg.c"
  16              		.text
  17              	.Ltext0:
  18              		.cfi_sections	.debug_frame
  19              		.section	.text.CYMEMZERO,"ax",%progbits
  20              		.align	2
  21              		.code	16
  22              		.thumb_func
  23              		.type	CYMEMZERO, %function
  24              	CYMEMZERO:
  25              	.LFB0:
  26              		.file 1 "Generated_Source\\PSoC4\\cyfitter_cfg.c"
   1:Generated_Source\PSoC4/cyfitter_cfg.c **** 
   2:Generated_Source\PSoC4/cyfitter_cfg.c **** /*******************************************************************************
   3:Generated_Source\PSoC4/cyfitter_cfg.c **** * File Name: cyfitter_cfg.c
   4:Generated_Source\PSoC4/cyfitter_cfg.c **** * 
   5:Generated_Source\PSoC4/cyfitter_cfg.c **** * PSoC Creator  4.2
   6:Generated_Source\PSoC4/cyfitter_cfg.c **** *
   7:Generated_Source\PSoC4/cyfitter_cfg.c **** * Description:
   8:Generated_Source\PSoC4/cyfitter_cfg.c **** * This file contains device initialization code.
   9:Generated_Source\PSoC4/cyfitter_cfg.c **** * Except for the user defined sections in CyClockStartupError(), this file should not be modified.
  10:Generated_Source\PSoC4/cyfitter_cfg.c **** * This file is automatically generated by PSoC Creator.
  11:Generated_Source\PSoC4/cyfitter_cfg.c **** *
  12:Generated_Source\PSoC4/cyfitter_cfg.c **** ********************************************************************************
  13:Generated_Source\PSoC4/cyfitter_cfg.c **** * Copyright (c) 2007-2018 Cypress Semiconductor.  All rights reserved.
  14:Generated_Source\PSoC4/cyfitter_cfg.c **** * You may use this file only in accordance with the license, terms, conditions, 
  15:Generated_Source\PSoC4/cyfitter_cfg.c **** * disclaimers, and limitations in the end user license agreement accompanying 
  16:Generated_Source\PSoC4/cyfitter_cfg.c **** * the software package with which this file was provided.
  17:Generated_Source\PSoC4/cyfitter_cfg.c **** ********************************************************************************/
  18:Generated_Source\PSoC4/cyfitter_cfg.c **** 
  19:Generated_Source\PSoC4/cyfitter_cfg.c **** #include <string.h>
  20:Generated_Source\PSoC4/cyfitter_cfg.c **** #include "cytypes.h"
  21:Generated_Source\PSoC4/cyfitter_cfg.c **** #include "cydevice_trm.h"
  22:Generated_Source\PSoC4/cyfitter_cfg.c **** #include "cyfitter.h"
  23:Generated_Source\PSoC4/cyfitter_cfg.c **** #include "CyLib.h"
  24:Generated_Source\PSoC4/cyfitter_cfg.c **** #include "CyLFClk.h"
  25:Generated_Source\PSoC4/cyfitter_cfg.c **** #include "cyfitter_cfg.h"
  26:Generated_Source\PSoC4/cyfitter_cfg.c **** #include "cyapicallbacks.h"
  27:Generated_Source\PSoC4/cyfitter_cfg.c **** 
  28:Generated_Source\PSoC4/cyfitter_cfg.c **** 
  29:Generated_Source\PSoC4/cyfitter_cfg.c **** #if defined(__GNUC__) || defined(__ARMCC_VERSION)
  30:Generated_Source\PSoC4/cyfitter_cfg.c ****     #define CYPACKED 
  31:Generated_Source\PSoC4/cyfitter_cfg.c ****     #define CYPACKED_ATTR __attribute__ ((packed))
ARM GAS  C:\Users\jagumiel\AppData\Local\Temp\ccKvSQsk.s 			page 2


  32:Generated_Source\PSoC4/cyfitter_cfg.c ****     #define CYALIGNED __attribute__ ((aligned))
  33:Generated_Source\PSoC4/cyfitter_cfg.c ****     #define CY_CFG_UNUSED __attribute__ ((unused))
  34:Generated_Source\PSoC4/cyfitter_cfg.c ****     #ifndef CY_CFG_SECTION
  35:Generated_Source\PSoC4/cyfitter_cfg.c ****         #define CY_CFG_SECTION __attribute__ ((section(".psocinit")))
  36:Generated_Source\PSoC4/cyfitter_cfg.c ****     #endif
  37:Generated_Source\PSoC4/cyfitter_cfg.c ****     
  38:Generated_Source\PSoC4/cyfitter_cfg.c ****     #if defined(__ARMCC_VERSION)
  39:Generated_Source\PSoC4/cyfitter_cfg.c ****         #define CY_CFG_MEMORY_BARRIER() __memory_changed()
  40:Generated_Source\PSoC4/cyfitter_cfg.c ****     #else
  41:Generated_Source\PSoC4/cyfitter_cfg.c ****         #define CY_CFG_MEMORY_BARRIER() __sync_synchronize()
  42:Generated_Source\PSoC4/cyfitter_cfg.c ****     #endif
  43:Generated_Source\PSoC4/cyfitter_cfg.c ****     
  44:Generated_Source\PSoC4/cyfitter_cfg.c **** #elif defined(__ICCARM__)
  45:Generated_Source\PSoC4/cyfitter_cfg.c ****     #include <intrinsics.h>
  46:Generated_Source\PSoC4/cyfitter_cfg.c **** 
  47:Generated_Source\PSoC4/cyfitter_cfg.c ****     #define CYPACKED __packed
  48:Generated_Source\PSoC4/cyfitter_cfg.c ****     #define CYPACKED_ATTR 
  49:Generated_Source\PSoC4/cyfitter_cfg.c ****     #define CYALIGNED _Pragma("data_alignment=4")
  50:Generated_Source\PSoC4/cyfitter_cfg.c ****     #define CY_CFG_UNUSED _Pragma("diag_suppress=Pe177")
  51:Generated_Source\PSoC4/cyfitter_cfg.c ****     #define CY_CFG_SECTION _Pragma("location=\".psocinit\"")
  52:Generated_Source\PSoC4/cyfitter_cfg.c ****     
  53:Generated_Source\PSoC4/cyfitter_cfg.c ****     #define CY_CFG_MEMORY_BARRIER() __DMB()
  54:Generated_Source\PSoC4/cyfitter_cfg.c ****     
  55:Generated_Source\PSoC4/cyfitter_cfg.c **** #else
  56:Generated_Source\PSoC4/cyfitter_cfg.c ****     #error Unsupported toolchain
  57:Generated_Source\PSoC4/cyfitter_cfg.c **** #endif
  58:Generated_Source\PSoC4/cyfitter_cfg.c **** 
  59:Generated_Source\PSoC4/cyfitter_cfg.c **** #ifndef CYCODE
  60:Generated_Source\PSoC4/cyfitter_cfg.c ****     #define CYCODE
  61:Generated_Source\PSoC4/cyfitter_cfg.c **** #endif
  62:Generated_Source\PSoC4/cyfitter_cfg.c **** #ifndef CYDATA
  63:Generated_Source\PSoC4/cyfitter_cfg.c ****     #define CYDATA
  64:Generated_Source\PSoC4/cyfitter_cfg.c **** #endif
  65:Generated_Source\PSoC4/cyfitter_cfg.c **** #ifndef CYFAR
  66:Generated_Source\PSoC4/cyfitter_cfg.c ****     #define CYFAR
  67:Generated_Source\PSoC4/cyfitter_cfg.c **** #endif
  68:Generated_Source\PSoC4/cyfitter_cfg.c **** #ifndef CYXDATA
  69:Generated_Source\PSoC4/cyfitter_cfg.c ****     #define CYXDATA
  70:Generated_Source\PSoC4/cyfitter_cfg.c **** #endif
  71:Generated_Source\PSoC4/cyfitter_cfg.c **** 
  72:Generated_Source\PSoC4/cyfitter_cfg.c **** 
  73:Generated_Source\PSoC4/cyfitter_cfg.c **** CY_CFG_UNUSED
  74:Generated_Source\PSoC4/cyfitter_cfg.c **** static void CYMEMZERO(void *s, size_t n);
  75:Generated_Source\PSoC4/cyfitter_cfg.c **** CY_CFG_UNUSED
  76:Generated_Source\PSoC4/cyfitter_cfg.c **** static void CYMEMZERO(void *s, size_t n)
  77:Generated_Source\PSoC4/cyfitter_cfg.c **** {
  27              		.loc 1 77 0
  28              		.cfi_startproc
  29              		@ args = 0, pretend = 0, frame = 0
  30              		@ frame_needed = 0, uses_anonymous_args = 0
  31              	.LVL0:
  32 0000 10B5     		push	{r4, lr}
  33              		.cfi_def_cfa_offset 8
  34              		.cfi_offset 4, -8
  35              		.cfi_offset 14, -4
  36 0002 0A00     		movs	r2, r1
  78:Generated_Source\PSoC4/cyfitter_cfg.c **** 	(void)memset(s, 0, n);
ARM GAS  C:\Users\jagumiel\AppData\Local\Temp\ccKvSQsk.s 			page 3


  37              		.loc 1 78 0
  38 0004 0021     		movs	r1, #0
  39              	.LVL1:
  40 0006 FFF7FEFF 		bl	memset
  41              	.LVL2:
  79:Generated_Source\PSoC4/cyfitter_cfg.c **** }
  42              		.loc 1 79 0
  43              		@ sp needed
  44 000a 10BD     		pop	{r4, pc}
  45              		.cfi_endproc
  46              	.LFE0:
  47              		.size	CYMEMZERO, .-CYMEMZERO
  48              		.section	.psocinit,"ax",%progbits
  49              		.align	2
  50              		.code	16
  51              		.thumb_func
  52              		.type	ClockSetup, %function
  53              	ClockSetup:
  54              	.LFB3:
  80:Generated_Source\PSoC4/cyfitter_cfg.c **** CY_CFG_UNUSED
  81:Generated_Source\PSoC4/cyfitter_cfg.c **** static void CYCONFIGCPY(void *dest, const void *src, size_t n);
  82:Generated_Source\PSoC4/cyfitter_cfg.c **** CY_CFG_UNUSED
  83:Generated_Source\PSoC4/cyfitter_cfg.c **** static void CYCONFIGCPY(void *dest, const void *src, size_t n)
  84:Generated_Source\PSoC4/cyfitter_cfg.c **** {
  85:Generated_Source\PSoC4/cyfitter_cfg.c **** 	(void)memcpy(dest, src, n);
  86:Generated_Source\PSoC4/cyfitter_cfg.c **** }
  87:Generated_Source\PSoC4/cyfitter_cfg.c **** CY_CFG_UNUSED
  88:Generated_Source\PSoC4/cyfitter_cfg.c **** static void CYCONFIGCPYCODE(void *dest, const void *src, size_t n);
  89:Generated_Source\PSoC4/cyfitter_cfg.c **** CY_CFG_UNUSED
  90:Generated_Source\PSoC4/cyfitter_cfg.c **** static void CYCONFIGCPYCODE(void *dest, const void *src, size_t n)
  91:Generated_Source\PSoC4/cyfitter_cfg.c **** {
  92:Generated_Source\PSoC4/cyfitter_cfg.c **** 	(void)memcpy(dest, src, n);
  93:Generated_Source\PSoC4/cyfitter_cfg.c **** }
  94:Generated_Source\PSoC4/cyfitter_cfg.c **** 
  95:Generated_Source\PSoC4/cyfitter_cfg.c **** 
  96:Generated_Source\PSoC4/cyfitter_cfg.c **** 
  97:Generated_Source\PSoC4/cyfitter_cfg.c **** 
  98:Generated_Source\PSoC4/cyfitter_cfg.c **** /* Clock startup error codes                                                   */
  99:Generated_Source\PSoC4/cyfitter_cfg.c **** #define CYCLOCKSTART_NO_ERROR    0u
 100:Generated_Source\PSoC4/cyfitter_cfg.c **** #define CYCLOCKSTART_XTAL_ERROR  1u
 101:Generated_Source\PSoC4/cyfitter_cfg.c **** #define CYCLOCKSTART_32KHZ_ERROR 2u
 102:Generated_Source\PSoC4/cyfitter_cfg.c **** #define CYCLOCKSTART_PLL_ERROR   3u
 103:Generated_Source\PSoC4/cyfitter_cfg.c **** #define CYCLOCKSTART_FLL_ERROR   4u
 104:Generated_Source\PSoC4/cyfitter_cfg.c **** #define CYCLOCKSTART_WCO_ERROR   5u
 105:Generated_Source\PSoC4/cyfitter_cfg.c **** 
 106:Generated_Source\PSoC4/cyfitter_cfg.c **** 
 107:Generated_Source\PSoC4/cyfitter_cfg.c **** #ifdef CY_NEED_CYCLOCKSTARTUPERROR
 108:Generated_Source\PSoC4/cyfitter_cfg.c **** /*******************************************************************************
 109:Generated_Source\PSoC4/cyfitter_cfg.c **** * Function Name: CyClockStartupError
 110:Generated_Source\PSoC4/cyfitter_cfg.c **** ********************************************************************************
 111:Generated_Source\PSoC4/cyfitter_cfg.c **** * Summary:
 112:Generated_Source\PSoC4/cyfitter_cfg.c **** *  If an error is encountered during clock configuration (crystal startup error,
 113:Generated_Source\PSoC4/cyfitter_cfg.c **** *  PLL lock error, etc.), the system will end up here.  Unless reimplemented by
 114:Generated_Source\PSoC4/cyfitter_cfg.c **** *  the customer, this function will stop in an infinite loop.
 115:Generated_Source\PSoC4/cyfitter_cfg.c **** *
 116:Generated_Source\PSoC4/cyfitter_cfg.c **** * Parameters:
 117:Generated_Source\PSoC4/cyfitter_cfg.c **** *   void
ARM GAS  C:\Users\jagumiel\AppData\Local\Temp\ccKvSQsk.s 			page 4


 118:Generated_Source\PSoC4/cyfitter_cfg.c **** *
 119:Generated_Source\PSoC4/cyfitter_cfg.c **** * Return:
 120:Generated_Source\PSoC4/cyfitter_cfg.c **** *   void
 121:Generated_Source\PSoC4/cyfitter_cfg.c **** *
 122:Generated_Source\PSoC4/cyfitter_cfg.c **** *******************************************************************************/
 123:Generated_Source\PSoC4/cyfitter_cfg.c **** CY_CFG_UNUSED
 124:Generated_Source\PSoC4/cyfitter_cfg.c **** static void CyClockStartupError(uint8 errorCode);
 125:Generated_Source\PSoC4/cyfitter_cfg.c **** CY_CFG_UNUSED
 126:Generated_Source\PSoC4/cyfitter_cfg.c **** static void CyClockStartupError(uint8 errorCode)
 127:Generated_Source\PSoC4/cyfitter_cfg.c **** {
 128:Generated_Source\PSoC4/cyfitter_cfg.c ****     /* To remove the compiler warning if errorCode not used.                */
 129:Generated_Source\PSoC4/cyfitter_cfg.c ****     errorCode = errorCode;
 130:Generated_Source\PSoC4/cyfitter_cfg.c **** 
 131:Generated_Source\PSoC4/cyfitter_cfg.c ****     /* If we have a clock startup error (bad MHz crystal, PLL lock, etc.),  */
 132:Generated_Source\PSoC4/cyfitter_cfg.c ****     /* we will end up here to allow the customer to implement something to  */
 133:Generated_Source\PSoC4/cyfitter_cfg.c ****     /* deal with the clock condition.                                       */
 134:Generated_Source\PSoC4/cyfitter_cfg.c **** 
 135:Generated_Source\PSoC4/cyfitter_cfg.c **** #ifdef CY_CFG_CLOCK_STARTUP_ERROR_CALLBACK
 136:Generated_Source\PSoC4/cyfitter_cfg.c ****     CY_CFG_Clock_Startup_ErrorCallback();
 137:Generated_Source\PSoC4/cyfitter_cfg.c **** #else
 138:Generated_Source\PSoC4/cyfitter_cfg.c ****     /*  If not using CY_CFG_CLOCK_STARTUP_ERROR_CALLBACK, place your clock startup code here. */
 139:Generated_Source\PSoC4/cyfitter_cfg.c ****     /* `#START CyClockStartupError` */
 140:Generated_Source\PSoC4/cyfitter_cfg.c **** 
 141:Generated_Source\PSoC4/cyfitter_cfg.c **** 
 142:Generated_Source\PSoC4/cyfitter_cfg.c **** 
 143:Generated_Source\PSoC4/cyfitter_cfg.c ****     /* `#END` */
 144:Generated_Source\PSoC4/cyfitter_cfg.c **** 
 145:Generated_Source\PSoC4/cyfitter_cfg.c ****     while(1) {}
 146:Generated_Source\PSoC4/cyfitter_cfg.c **** #endif /* CY_CFG_CLOCK_STARTUP_ERROR_CALLBACK */
 147:Generated_Source\PSoC4/cyfitter_cfg.c **** }
 148:Generated_Source\PSoC4/cyfitter_cfg.c **** #endif
 149:Generated_Source\PSoC4/cyfitter_cfg.c **** 
 150:Generated_Source\PSoC4/cyfitter_cfg.c **** 
 151:Generated_Source\PSoC4/cyfitter_cfg.c **** 
 152:Generated_Source\PSoC4/cyfitter_cfg.c **** /*******************************************************************************
 153:Generated_Source\PSoC4/cyfitter_cfg.c **** * Function Name: ClockSetup
 154:Generated_Source\PSoC4/cyfitter_cfg.c **** ********************************************************************************
 155:Generated_Source\PSoC4/cyfitter_cfg.c **** *
 156:Generated_Source\PSoC4/cyfitter_cfg.c **** * Summary:
 157:Generated_Source\PSoC4/cyfitter_cfg.c **** *   Performs the initialization of all of the clocks in the device based on the
 158:Generated_Source\PSoC4/cyfitter_cfg.c **** *   settings in the Clock tab of the DWR.  This includes enabling the requested
 159:Generated_Source\PSoC4/cyfitter_cfg.c **** *   clocks and setting the necessary dividers to produce the desired frequency. 
 160:Generated_Source\PSoC4/cyfitter_cfg.c **** *
 161:Generated_Source\PSoC4/cyfitter_cfg.c **** * Parameters:
 162:Generated_Source\PSoC4/cyfitter_cfg.c **** *   void
 163:Generated_Source\PSoC4/cyfitter_cfg.c **** *
 164:Generated_Source\PSoC4/cyfitter_cfg.c **** * Return:
 165:Generated_Source\PSoC4/cyfitter_cfg.c **** *   void
 166:Generated_Source\PSoC4/cyfitter_cfg.c **** *
 167:Generated_Source\PSoC4/cyfitter_cfg.c **** *******************************************************************************/
 168:Generated_Source\PSoC4/cyfitter_cfg.c **** static void ClockSetup(void);
 169:Generated_Source\PSoC4/cyfitter_cfg.c **** CY_CFG_SECTION
 170:Generated_Source\PSoC4/cyfitter_cfg.c **** static void ClockSetup(void)
 171:Generated_Source\PSoC4/cyfitter_cfg.c **** {
  55              		.loc 1 171 0
  56              		.cfi_startproc
  57              		@ args = 0, pretend = 0, frame = 0
ARM GAS  C:\Users\jagumiel\AppData\Local\Temp\ccKvSQsk.s 			page 5


  58              		@ frame_needed = 0, uses_anonymous_args = 0
  59 0000 70B5     		push	{r4, r5, r6, lr}
  60              		.cfi_def_cfa_offset 16
  61              		.cfi_offset 4, -16
  62              		.cfi_offset 5, -12
  63              		.cfi_offset 6, -8
  64              		.cfi_offset 14, -4
 172:Generated_Source\PSoC4/cyfitter_cfg.c **** 	/* Enable HALF_EN before trimming for the flash accelerator. */
 173:Generated_Source\PSoC4/cyfitter_cfg.c **** 	CY_SET_REG32((void CYXDATA *)(CYREG_CLK_SELECT), (CY_GET_REG32((void *)CYREG_CLK_SELECT) | 0x00040
  65              		.loc 1 173 0
  66 0002 154C     		ldr	r4, .L3
  67 0004 2368     		ldr	r3, [r4]
  68 0006 8022     		movs	r2, #128
  69 0008 D202     		lsls	r2, r2, #11
  70 000a 1343     		orrs	r3, r2
  71 000c 2360     		str	r3, [r4]
 174:Generated_Source\PSoC4/cyfitter_cfg.c **** 
 175:Generated_Source\PSoC4/cyfitter_cfg.c **** 	/* Setup and trim IMO based on desired frequency. */
 176:Generated_Source\PSoC4/cyfitter_cfg.c **** 	CySysClkWriteImoFreq(24u);
  72              		.loc 1 176 0
  73 000e 1820     		movs	r0, #24
  74 0010 FFF7FEFF 		bl	CySysClkWriteImoFreq
  75              	.LVL3:
 177:Generated_Source\PSoC4/cyfitter_cfg.c **** 
 178:Generated_Source\PSoC4/cyfitter_cfg.c **** 	/* Disable HALF_EN since it is not required at this IMO frequency. */
 179:Generated_Source\PSoC4/cyfitter_cfg.c **** 	CY_SET_REG32((void CYXDATA *)(CYREG_CLK_SELECT), (CY_GET_REG32((void *)CYREG_CLK_SELECT) & 0xFFFBF
  76              		.loc 1 179 0
  77 0014 2268     		ldr	r2, [r4]
  78 0016 114B     		ldr	r3, .L3+4
  79 0018 1340     		ands	r3, r2
  80 001a 2360     		str	r3, [r4]
 180:Generated_Source\PSoC4/cyfitter_cfg.c **** 	/* CYDEV_CLK_ILO_CONFIG Starting address: CYDEV_CLK_ILO_CONFIG */
 181:Generated_Source\PSoC4/cyfitter_cfg.c **** 	CY_SET_REG32((void *)(CYREG_CLK_ILO_CONFIG), 0x80000006u);
  81              		.loc 1 181 0
  82 001c 104A     		ldr	r2, .L3+8
  83 001e 114B     		ldr	r3, .L3+12
  84 0020 1A60     		str	r2, [r3]
 182:Generated_Source\PSoC4/cyfitter_cfg.c **** 
 183:Generated_Source\PSoC4/cyfitter_cfg.c **** 
 184:Generated_Source\PSoC4/cyfitter_cfg.c **** 	/* CYDEV_CLK_SELECT00 Starting address: CYDEV_CLK_SELECT00 */
 185:Generated_Source\PSoC4/cyfitter_cfg.c **** 	CY_SET_REG32((void *)(CYREG_CLK_SELECT08), 0x00000010u);
  85              		.loc 1 185 0
  86 0022 1023     		movs	r3, #16
  87 0024 104A     		ldr	r2, .L3+16
  88 0026 1360     		str	r3, [r2]
 186:Generated_Source\PSoC4/cyfitter_cfg.c **** 	CY_SET_REG32((void *)(CYREG_CLK_SELECT09), 0x00000010u);
  89              		.loc 1 186 0
  90 0028 104A     		ldr	r2, .L3+20
  91 002a 1360     		str	r3, [r2]
 187:Generated_Source\PSoC4/cyfitter_cfg.c **** 	CY_SET_REG32((void *)(CYREG_CLK_SELECT10), 0x00000010u);
  92              		.loc 1 187 0
  93 002c 104A     		ldr	r2, .L3+24
  94 002e 1360     		str	r3, [r2]
 188:Generated_Source\PSoC4/cyfitter_cfg.c **** 
 189:Generated_Source\PSoC4/cyfitter_cfg.c **** 	/* CYDEV_CLK_IMO_CONFIG Starting address: CYDEV_CLK_IMO_CONFIG */
 190:Generated_Source\PSoC4/cyfitter_cfg.c **** 	CY_SET_REG32((void *)(CYREG_CLK_IMO_CONFIG), 0x80000000u);
  95              		.loc 1 190 0
ARM GAS  C:\Users\jagumiel\AppData\Local\Temp\ccKvSQsk.s 			page 6


  96 0030 8022     		movs	r2, #128
  97 0032 1206     		lsls	r2, r2, #24
  98 0034 0F4B     		ldr	r3, .L3+28
  99 0036 1A60     		str	r2, [r3]
 191:Generated_Source\PSoC4/cyfitter_cfg.c **** 
 192:Generated_Source\PSoC4/cyfitter_cfg.c **** 	/* CYDEV_CLK_SELECT Starting address: CYDEV_CLK_SELECT */
 193:Generated_Source\PSoC4/cyfitter_cfg.c **** 	CY_SET_REG32((void *)(CYREG_CLK_SELECT), 0x00000000u);
 100              		.loc 1 193 0
 101 0038 0025     		movs	r5, #0
 102 003a 2560     		str	r5, [r4]
 194:Generated_Source\PSoC4/cyfitter_cfg.c **** 
 195:Generated_Source\PSoC4/cyfitter_cfg.c **** 	/* CYDEV_CLK_DIVIDER_A00 Starting address: CYDEV_CLK_DIVIDER_A00 */
 196:Generated_Source\PSoC4/cyfitter_cfg.c **** 	CY_SET_REG32((void *)(CYREG_CLK_DIVIDER_A00), 0x80005DBFu);
 103              		.loc 1 196 0
 104 003c 0E4A     		ldr	r2, .L3+32
 105 003e 0F4B     		ldr	r3, .L3+36
 106 0040 1A60     		str	r2, [r3]
 197:Generated_Source\PSoC4/cyfitter_cfg.c **** 
 198:Generated_Source\PSoC4/cyfitter_cfg.c **** 	(void)CyIntSetVector(9u, &CySysWdtIsr);
 107              		.loc 1 198 0
 108 0042 0F49     		ldr	r1, .L3+40
 109 0044 0920     		movs	r0, #9
 110 0046 FFF7FEFF 		bl	CyIntSetVector
 111              	.LVL4:
 199:Generated_Source\PSoC4/cyfitter_cfg.c **** 	CyIntEnable(9u);
 112              		.loc 1 199 0
 113 004a 0920     		movs	r0, #9
 114 004c FFF7FEFF 		bl	CyIntEnable
 115              	.LVL5:
 200:Generated_Source\PSoC4/cyfitter_cfg.c **** 	CY_SET_REG32((void *)(CYREG_WDT_CONFIG), 0x00000000u);
 116              		.loc 1 200 0
 117 0050 0C4B     		ldr	r3, .L3+44
 118 0052 1D60     		str	r5, [r3]
 201:Generated_Source\PSoC4/cyfitter_cfg.c **** }
 119              		.loc 1 201 0
 120              		@ sp needed
 121 0054 70BD     		pop	{r4, r5, r6, pc}
 122              	.L4:
 123 0056 C046     		.align	2
 124              	.L3:
 125 0058 00010B40 		.word	1074462976
 126 005c FFFFFBFF 		.word	-262145
 127 0060 06000080 		.word	-2147483642
 128 0064 04010B40 		.word	1074462980
 129 0068 20020240 		.word	1073873440
 130 006c 24020240 		.word	1073873444
 131 0070 28020240 		.word	1073873448
 132 0074 08010B40 		.word	1074462984
 133 0078 BF5D0080 		.word	-2147459649
 134 007c 00000240 		.word	1073872896
 135 0080 00000000 		.word	CySysWdtIsr
 136 0084 0C020B40 		.word	1074463244
 137              		.cfi_endproc
 138              	.LFE3:
 139              		.size	ClockSetup, .-ClockSetup
 140              		.align	2
 141              		.global	cyfitter_cfg
ARM GAS  C:\Users\jagumiel\AppData\Local\Temp\ccKvSQsk.s 			page 7


 142              		.code	16
 143              		.thumb_func
 144              		.type	cyfitter_cfg, %function
 145              	cyfitter_cfg:
 146              	.LFB5:
 202:Generated_Source\PSoC4/cyfitter_cfg.c **** 
 203:Generated_Source\PSoC4/cyfitter_cfg.c **** 
 204:Generated_Source\PSoC4/cyfitter_cfg.c **** /* Analog API Functions */
 205:Generated_Source\PSoC4/cyfitter_cfg.c **** 
 206:Generated_Source\PSoC4/cyfitter_cfg.c **** 
 207:Generated_Source\PSoC4/cyfitter_cfg.c **** /*******************************************************************************
 208:Generated_Source\PSoC4/cyfitter_cfg.c **** * Function Name: AnalogSetDefault
 209:Generated_Source\PSoC4/cyfitter_cfg.c **** ********************************************************************************
 210:Generated_Source\PSoC4/cyfitter_cfg.c **** *
 211:Generated_Source\PSoC4/cyfitter_cfg.c **** * Summary:
 212:Generated_Source\PSoC4/cyfitter_cfg.c **** *  Sets up the analog portions of the chip to default values based on chip
 213:Generated_Source\PSoC4/cyfitter_cfg.c **** *  configuration options from the project.
 214:Generated_Source\PSoC4/cyfitter_cfg.c **** *
 215:Generated_Source\PSoC4/cyfitter_cfg.c **** * Parameters:
 216:Generated_Source\PSoC4/cyfitter_cfg.c **** *  void
 217:Generated_Source\PSoC4/cyfitter_cfg.c **** *
 218:Generated_Source\PSoC4/cyfitter_cfg.c **** * Return:
 219:Generated_Source\PSoC4/cyfitter_cfg.c **** *  void
 220:Generated_Source\PSoC4/cyfitter_cfg.c **** *
 221:Generated_Source\PSoC4/cyfitter_cfg.c **** *******************************************************************************/
 222:Generated_Source\PSoC4/cyfitter_cfg.c **** static void AnalogSetDefault(void);
 223:Generated_Source\PSoC4/cyfitter_cfg.c **** static void AnalogSetDefault(void)
 224:Generated_Source\PSoC4/cyfitter_cfg.c **** {
 225:Generated_Source\PSoC4/cyfitter_cfg.c **** }
 226:Generated_Source\PSoC4/cyfitter_cfg.c **** 
 227:Generated_Source\PSoC4/cyfitter_cfg.c **** 
 228:Generated_Source\PSoC4/cyfitter_cfg.c **** 
 229:Generated_Source\PSoC4/cyfitter_cfg.c **** 
 230:Generated_Source\PSoC4/cyfitter_cfg.c **** /*******************************************************************************
 231:Generated_Source\PSoC4/cyfitter_cfg.c **** * Function Name: cyfitter_cfg
 232:Generated_Source\PSoC4/cyfitter_cfg.c **** ********************************************************************************
 233:Generated_Source\PSoC4/cyfitter_cfg.c **** * Summary:
 234:Generated_Source\PSoC4/cyfitter_cfg.c **** *  This function is called by the start-up code for the selected device. It
 235:Generated_Source\PSoC4/cyfitter_cfg.c **** *  performs all of the necessary device configuration based on the design
 236:Generated_Source\PSoC4/cyfitter_cfg.c **** *  settings.  This includes settings from the Design Wide Resources (DWR) such
 237:Generated_Source\PSoC4/cyfitter_cfg.c **** *  as Clocks and Pins as well as any component configuration that is necessary.
 238:Generated_Source\PSoC4/cyfitter_cfg.c **** *
 239:Generated_Source\PSoC4/cyfitter_cfg.c **** * Parameters:
 240:Generated_Source\PSoC4/cyfitter_cfg.c **** *   void
 241:Generated_Source\PSoC4/cyfitter_cfg.c **** *
 242:Generated_Source\PSoC4/cyfitter_cfg.c **** * Return:
 243:Generated_Source\PSoC4/cyfitter_cfg.c **** *   void
 244:Generated_Source\PSoC4/cyfitter_cfg.c **** *
 245:Generated_Source\PSoC4/cyfitter_cfg.c **** *******************************************************************************/
 246:Generated_Source\PSoC4/cyfitter_cfg.c **** CY_CFG_SECTION
 247:Generated_Source\PSoC4/cyfitter_cfg.c **** void cyfitter_cfg(void)
 248:Generated_Source\PSoC4/cyfitter_cfg.c **** {
 147              		.loc 1 248 0
 148              		.cfi_startproc
 149              		@ args = 0, pretend = 0, frame = 0
 150              		@ frame_needed = 0, uses_anonymous_args = 0
 151 0088 10B5     		push	{r4, lr}
ARM GAS  C:\Users\jagumiel\AppData\Local\Temp\ccKvSQsk.s 			page 8


 152              		.cfi_def_cfa_offset 8
 153              		.cfi_offset 4, -8
 154              		.cfi_offset 14, -4
 249:Generated_Source\PSoC4/cyfitter_cfg.c **** 	/* Disable interrupts by default. Let user enable if/when they want. */
 250:Generated_Source\PSoC4/cyfitter_cfg.c **** 	CyGlobalIntDisable;
 155              		.loc 1 250 0
 156              		.syntax divided
 157              	@ 250 "Generated_Source\PSoC4\cyfitter_cfg.c" 1
 158 008a 72B6     		CPSID   i
 159              	@ 0 "" 2
 160              	.LVL6:
 161              		.thumb
 162              		.syntax unified
 163              	.LBB2:
 251:Generated_Source\PSoC4/cyfitter_cfg.c **** 
 252:Generated_Source\PSoC4/cyfitter_cfg.c **** 	{
 253:Generated_Source\PSoC4/cyfitter_cfg.c **** 
 254:Generated_Source\PSoC4/cyfitter_cfg.c **** 		CYPACKED typedef struct {
 255:Generated_Source\PSoC4/cyfitter_cfg.c **** 			void CYFAR *address;
 256:Generated_Source\PSoC4/cyfitter_cfg.c **** 			uint16 size;
 257:Generated_Source\PSoC4/cyfitter_cfg.c **** 		} CYPACKED_ATTR cfg_memset_t;
 258:Generated_Source\PSoC4/cyfitter_cfg.c **** 
 259:Generated_Source\PSoC4/cyfitter_cfg.c **** 		static const cfg_memset_t CYCODE cfg_memset_list[] = {
 260:Generated_Source\PSoC4/cyfitter_cfg.c **** 			/* address, size */
 261:Generated_Source\PSoC4/cyfitter_cfg.c **** 			{(void CYFAR *)(CYDEV_UDB_P0_U0_BASE), 1024u},
 262:Generated_Source\PSoC4/cyfitter_cfg.c **** 			{(void CYFAR *)(CYDEV_UDB_DSI0_BASE), 1024u},
 263:Generated_Source\PSoC4/cyfitter_cfg.c **** 		};
 264:Generated_Source\PSoC4/cyfitter_cfg.c **** 
 265:Generated_Source\PSoC4/cyfitter_cfg.c **** 		uint8 CYDATA i;
 266:Generated_Source\PSoC4/cyfitter_cfg.c **** 
 267:Generated_Source\PSoC4/cyfitter_cfg.c **** 		/* Zero out critical memory blocks before beginning configuration */
 268:Generated_Source\PSoC4/cyfitter_cfg.c **** 		for (i = 0u; i < (sizeof(cfg_memset_list)/sizeof(cfg_memset_list[0])); i++)
 164              		.loc 1 268 0
 165 008c 0024     		movs	r4, #0
 166 008e 0FE0     		b	.L6
 167              	.LVL7:
 168              	.L7:
 169              	.LBB3:
 269:Generated_Source\PSoC4/cyfitter_cfg.c **** 		{
 270:Generated_Source\PSoC4/cyfitter_cfg.c **** 			const cfg_memset_t CYCODE * CYDATA ms = &cfg_memset_list[i];
 271:Generated_Source\PSoC4/cyfitter_cfg.c **** 			CYMEMZERO(ms->address, (size_t)(uint32)(ms->size));
 170              		.loc 1 271 0 discriminator 3
 171 0090 2348     		ldr	r0, .L8
 172 0092 6200     		lsls	r2, r4, #1
 173 0094 1319     		adds	r3, r2, r4
 174 0096 5900     		lsls	r1, r3, #1
 175 0098 0B00     		movs	r3, r1
 176 009a 4118     		adds	r1, r0, r1
 177 009c 8988     		ldrh	r1, [r1, #4]
 178 009e 1A5A     		ldrh	r2, [r3, r0]
 179 00a0 C318     		adds	r3, r0, r3
 180 00a2 5888     		ldrh	r0, [r3, #2]
 181 00a4 0004     		lsls	r0, r0, #16
 182 00a6 1043     		orrs	r0, r2
 183 00a8 FFF7FEFF 		bl	CYMEMZERO
 184              	.LVL8:
 185              	.LBE3:
ARM GAS  C:\Users\jagumiel\AppData\Local\Temp\ccKvSQsk.s 			page 9


 268:Generated_Source\PSoC4/cyfitter_cfg.c **** 		{
 186              		.loc 1 268 0 discriminator 3
 187 00ac 0134     		adds	r4, r4, #1
 188              	.LVL9:
 189 00ae E4B2     		uxtb	r4, r4
 190              	.LVL10:
 191              	.L6:
 268:Generated_Source\PSoC4/cyfitter_cfg.c **** 		{
 192              		.loc 1 268 0 is_stmt 0 discriminator 1
 193 00b0 012C     		cmp	r4, #1
 194 00b2 EDD9     		bls	.L7
 272:Generated_Source\PSoC4/cyfitter_cfg.c **** 		}
 273:Generated_Source\PSoC4/cyfitter_cfg.c **** 
 274:Generated_Source\PSoC4/cyfitter_cfg.c **** 		/* HSIOM Starting address: CYDEV_HSIOM_BASE */
 275:Generated_Source\PSoC4/cyfitter_cfg.c **** 		CY_SET_REG32((void *)(CYREG_HSIOM_PORT_SEL1), 0x00000008u);
 195              		.loc 1 275 0 is_stmt 1
 196 00b4 0822     		movs	r2, #8
 197 00b6 1B4B     		ldr	r3, .L8+4
 198 00b8 1A60     		str	r2, [r3]
 276:Generated_Source\PSoC4/cyfitter_cfg.c **** 		CY_SET_REG32((void *)(CYREG_HSIOM_PORT_SEL2), 0x08080000u);
 199              		.loc 1 276 0
 200 00ba 1B4A     		ldr	r2, .L8+8
 201 00bc 1B4B     		ldr	r3, .L8+12
 202 00be 1A60     		str	r2, [r3]
 277:Generated_Source\PSoC4/cyfitter_cfg.c **** 		CY_SET_REG32((void *)(CYREG_HSIOM_PORT_SEL3), 0x0000EE00u);
 203              		.loc 1 277 0
 204 00c0 EE22     		movs	r2, #238
 205 00c2 1202     		lsls	r2, r2, #8
 206 00c4 1A4B     		ldr	r3, .L8+16
 207 00c6 1A60     		str	r2, [r3]
 278:Generated_Source\PSoC4/cyfitter_cfg.c **** 
 279:Generated_Source\PSoC4/cyfitter_cfg.c **** 		/* UDB_PA_0 Starting address: CYDEV_UDB_PA0_BASE */
 280:Generated_Source\PSoC4/cyfitter_cfg.c **** 		CY_SET_REG32((void *)(CYDEV_UDB_PA0_BASE), 0x00990000u);
 208              		.loc 1 280 0
 209 00c8 9923     		movs	r3, #153
 210 00ca 1B04     		lsls	r3, r3, #16
 211 00cc 194A     		ldr	r2, .L8+20
 212 00ce 1360     		str	r3, [r2]
 281:Generated_Source\PSoC4/cyfitter_cfg.c **** 
 282:Generated_Source\PSoC4/cyfitter_cfg.c **** 		/* UDB_PA_1 Starting address: CYDEV_UDB_PA1_BASE */
 283:Generated_Source\PSoC4/cyfitter_cfg.c **** 		CY_SET_REG32((void *)(CYDEV_UDB_PA1_BASE), 0x00990000u);
 213              		.loc 1 283 0
 214 00d0 194A     		ldr	r2, .L8+24
 215 00d2 1360     		str	r3, [r2]
 284:Generated_Source\PSoC4/cyfitter_cfg.c **** 
 285:Generated_Source\PSoC4/cyfitter_cfg.c **** 		/* UDB_PA_2 Starting address: CYDEV_UDB_PA2_BASE */
 286:Generated_Source\PSoC4/cyfitter_cfg.c **** 		CY_SET_REG32((void *)(CYDEV_UDB_PA2_BASE), 0x00990000u);
 216              		.loc 1 286 0
 217 00d4 194A     		ldr	r2, .L8+28
 218 00d6 1360     		str	r3, [r2]
 287:Generated_Source\PSoC4/cyfitter_cfg.c **** 
 288:Generated_Source\PSoC4/cyfitter_cfg.c **** 		/* UDB_PA_3 Starting address: CYDEV_UDB_PA3_BASE */
 289:Generated_Source\PSoC4/cyfitter_cfg.c **** 		CY_SET_REG32((void *)(CYDEV_UDB_PA3_BASE), 0x00990000u);
 219              		.loc 1 289 0
 220 00d8 194A     		ldr	r2, .L8+32
 221 00da 1360     		str	r3, [r2]
 290:Generated_Source\PSoC4/cyfitter_cfg.c **** 
ARM GAS  C:\Users\jagumiel\AppData\Local\Temp\ccKvSQsk.s 			page 10


 291:Generated_Source\PSoC4/cyfitter_cfg.c **** 		/* Enable digital routing */
 292:Generated_Source\PSoC4/cyfitter_cfg.c **** 		CY_SET_XTND_REG8((void *)CYREG_UDB_UDBIF_BANK_CTL, (uint8)(CY_GET_XTND_REG8((void *)CYREG_UDB_UDB
 222              		.loc 1 292 0
 223 00dc 194A     		ldr	r2, .L8+36
 224 00de 1178     		ldrb	r1, [r2]
 225 00e0 0623     		movs	r3, #6
 226 00e2 0B43     		orrs	r3, r1
 227 00e4 DBB2     		uxtb	r3, r3
 228 00e6 1370     		strb	r3, [r2]
 229              	.LBE2:
 293:Generated_Source\PSoC4/cyfitter_cfg.c **** 	}
 294:Generated_Source\PSoC4/cyfitter_cfg.c **** 
 295:Generated_Source\PSoC4/cyfitter_cfg.c **** 	/* Perform second pass device configuration. These items must be configured in specific order afte
 296:Generated_Source\PSoC4/cyfitter_cfg.c **** 	/* IOPINS0_0 Starting address: CYDEV_PRT0_BASE */
 297:Generated_Source\PSoC4/cyfitter_cfg.c **** 	CY_SET_REG32((void *)(CYDEV_PRT0_BASE), 0x000000B0u);
 230              		.loc 1 297 0
 231 00e8 B022     		movs	r2, #176
 232 00ea 174B     		ldr	r3, .L8+40
 233 00ec 1A60     		str	r2, [r3]
 298:Generated_Source\PSoC4/cyfitter_cfg.c **** 	CY_SET_REG32((void *)(CYREG_PRT0_PC), 0x00C36000u);
 234              		.loc 1 298 0
 235 00ee 174A     		ldr	r2, .L8+44
 236 00f0 174B     		ldr	r3, .L8+48
 237 00f2 1A60     		str	r2, [r3]
 299:Generated_Source\PSoC4/cyfitter_cfg.c **** 
 300:Generated_Source\PSoC4/cyfitter_cfg.c **** 	/* IOPINS0_1 Starting address: CYDEV_PRT1_BASE */
 301:Generated_Source\PSoC4/cyfitter_cfg.c **** 	CY_SET_REG32((void *)(CYDEV_PRT1_BASE), 0x00000001u);
 238              		.loc 1 301 0
 239 00f4 0122     		movs	r2, #1
 240 00f6 174B     		ldr	r3, .L8+52
 241 00f8 1A60     		str	r2, [r3]
 302:Generated_Source\PSoC4/cyfitter_cfg.c **** 	CY_SET_REG32((void *)(CYREG_PRT1_PC), 0x00000006u);
 242              		.loc 1 302 0
 243 00fa 174B     		ldr	r3, .L8+56
 244 00fc 0532     		adds	r2, r2, #5
 245 00fe 1A60     		str	r2, [r3]
 303:Generated_Source\PSoC4/cyfitter_cfg.c **** 
 304:Generated_Source\PSoC4/cyfitter_cfg.c **** 	/* IOPINS0_2 Starting address: CYDEV_PRT2_BASE */
 305:Generated_Source\PSoC4/cyfitter_cfg.c **** 	CY_SET_REG32((void *)(CYDEV_PRT2_BASE), 0x00000050u);
 246              		.loc 1 305 0
 247 0100 4A32     		adds	r2, r2, #74
 248 0102 164B     		ldr	r3, .L8+60
 249 0104 1A60     		str	r2, [r3]
 306:Generated_Source\PSoC4/cyfitter_cfg.c **** 	CY_SET_REG32((void *)(CYREG_PRT2_PC), 0x00186000u);
 250              		.loc 1 306 0
 251 0106 C322     		movs	r2, #195
 252 0108 5203     		lsls	r2, r2, #13
 253 010a 154B     		ldr	r3, .L8+64
 254 010c 1A60     		str	r2, [r3]
 307:Generated_Source\PSoC4/cyfitter_cfg.c **** 
 308:Generated_Source\PSoC4/cyfitter_cfg.c **** 	/* IOPINS0_3 Starting address: CYDEV_PRT3_BASE */
 309:Generated_Source\PSoC4/cyfitter_cfg.c **** 	CY_SET_REG32((void *)(CYDEV_PRT3_BASE), 0x00000080u);
 255              		.loc 1 309 0
 256 010e 8022     		movs	r2, #128
 257 0110 144B     		ldr	r3, .L8+68
 258 0112 1A60     		str	r2, [r3]
 310:Generated_Source\PSoC4/cyfitter_cfg.c **** 	CY_SET_REG32((void *)(CYREG_PRT3_PC), 0x00C00D80u);
ARM GAS  C:\Users\jagumiel\AppData\Local\Temp\ccKvSQsk.s 			page 11


 259              		.loc 1 310 0
 260 0114 144A     		ldr	r2, .L8+72
 261 0116 154B     		ldr	r3, .L8+76
 262 0118 1A60     		str	r2, [r3]
 311:Generated_Source\PSoC4/cyfitter_cfg.c **** 
 312:Generated_Source\PSoC4/cyfitter_cfg.c **** 
 313:Generated_Source\PSoC4/cyfitter_cfg.c **** 	/* Setup clocks based on selections from Clock DWR */
 314:Generated_Source\PSoC4/cyfitter_cfg.c **** 	ClockSetup();
 263              		.loc 1 314 0
 264 011a FFF771FF 		bl	ClockSetup
 265              	.LVL11:
 315:Generated_Source\PSoC4/cyfitter_cfg.c **** 
 316:Generated_Source\PSoC4/cyfitter_cfg.c **** 	/* Perform basic analog initialization to defaults */
 317:Generated_Source\PSoC4/cyfitter_cfg.c **** 	AnalogSetDefault();
 318:Generated_Source\PSoC4/cyfitter_cfg.c **** 
 319:Generated_Source\PSoC4/cyfitter_cfg.c **** }
 266              		.loc 1 319 0
 267              		@ sp needed
 268              	.LVL12:
 269 011e 10BD     		pop	{r4, pc}
 270              	.L9:
 271              		.align	2
 272              	.L8:
 273 0120 00000000 		.word	.LANCHOR0
 274 0124 04000140 		.word	1073807364
 275 0128 00000808 		.word	134742016
 276 012c 08000140 		.word	1073807368
 277 0130 0C000140 		.word	1073807372
 278 0134 00500F40 		.word	1074745344
 279 0138 10500F40 		.word	1074745360
 280 013c 20500F40 		.word	1074745376
 281 0140 30500F40 		.word	1074745392
 282 0144 00700F40 		.word	1074753536
 283 0148 00000440 		.word	1074003968
 284 014c 0060C300 		.word	12804096
 285 0150 08000440 		.word	1074003976
 286 0154 00010440 		.word	1074004224
 287 0158 08010440 		.word	1074004232
 288 015c 00020440 		.word	1074004480
 289 0160 08020440 		.word	1074004488
 290 0164 00030440 		.word	1074004736
 291 0168 800DC000 		.word	12586368
 292 016c 08030440 		.word	1074004744
 293              		.cfi_endproc
 294              	.LFE5:
 295              		.size	cyfitter_cfg, .-cyfitter_cfg
 296              		.section	.rodata
 297              		.align	2
 298              		.set	.LANCHOR0,. + 0
 299              		.type	cfg_memset_list.4847, %object
 300              		.size	cfg_memset_list.4847, 12
 301              	cfg_memset_list.4847:
 302 0000 00300F40 		.word	1074737152
 303 0004 0004     		.short	1024
 304 0006 00400F40 		.4byte	1074741248
 305 000a 0004     		.short	1024
 306              		.text
ARM GAS  C:\Users\jagumiel\AppData\Local\Temp\ccKvSQsk.s 			page 12


 307              	.Letext0:
 308              		.file 2 "c:\\program files (x86)\\cypress\\psoc creator\\4.2\\psoc creator\\import\\gnu\\arm\\5.4.
 309              		.file 3 "Generated_Source\\PSoC4\\cytypes.h"
 310              		.file 4 "Generated_Source\\PSoC4\\CyLib.h"
 311              		.section	.debug_info,"",%progbits
 312              	.Ldebug_info0:
 313 0000 77020000 		.4byte	0x277
 314 0004 0400     		.2byte	0x4
 315 0006 00000000 		.4byte	.Ldebug_abbrev0
 316 000a 04       		.byte	0x4
 317 000b 01       		.uleb128 0x1
 318 000c EB000000 		.4byte	.LASF29
 319 0010 0C       		.byte	0xc
 320 0011 E2010000 		.4byte	.LASF30
 321 0015 08020000 		.4byte	.LASF31
 322 0019 00000000 		.4byte	.Ldebug_ranges0+0
 323 001d 00000000 		.4byte	0
 324 0021 00000000 		.4byte	.Ldebug_line0
 325 0025 02       		.uleb128 0x2
 326 0026 04       		.byte	0x4
 327 0027 05       		.byte	0x5
 328 0028 696E7400 		.ascii	"int\000"
 329 002c 03       		.uleb128 0x3
 330 002d 06000000 		.4byte	.LASF12
 331 0031 02       		.byte	0x2
 332 0032 D8       		.byte	0xd8
 333 0033 37000000 		.4byte	0x37
 334 0037 04       		.uleb128 0x4
 335 0038 04       		.byte	0x4
 336 0039 07       		.byte	0x7
 337 003a B2000000 		.4byte	.LASF0
 338 003e 04       		.uleb128 0x4
 339 003f 08       		.byte	0x8
 340 0040 05       		.byte	0x5
 341 0041 8F010000 		.4byte	.LASF1
 342 0045 04       		.uleb128 0x4
 343 0046 08       		.byte	0x8
 344 0047 04       		.byte	0x4
 345 0048 CA010000 		.4byte	.LASF2
 346 004c 04       		.uleb128 0x4
 347 004d 01       		.byte	0x1
 348 004e 06       		.byte	0x6
 349 004f D6010000 		.4byte	.LASF3
 350 0053 04       		.uleb128 0x4
 351 0054 01       		.byte	0x1
 352 0055 08       		.byte	0x8
 353 0056 7C000000 		.4byte	.LASF4
 354 005a 04       		.uleb128 0x4
 355 005b 02       		.byte	0x2
 356 005c 05       		.byte	0x5
 357 005d A2010000 		.4byte	.LASF5
 358 0061 04       		.uleb128 0x4
 359 0062 02       		.byte	0x2
 360 0063 07       		.byte	0x7
 361 0064 37000000 		.4byte	.LASF6
 362 0068 04       		.uleb128 0x4
 363 0069 04       		.byte	0x4
ARM GAS  C:\Users\jagumiel\AppData\Local\Temp\ccKvSQsk.s 			page 13


 364 006a 05       		.byte	0x5
 365 006b C1010000 		.4byte	.LASF7
 366 006f 04       		.uleb128 0x4
 367 0070 04       		.byte	0x4
 368 0071 07       		.byte	0x7
 369 0072 5A000000 		.4byte	.LASF8
 370 0076 04       		.uleb128 0x4
 371 0077 08       		.byte	0x8
 372 0078 07       		.byte	0x7
 373 0079 D4000000 		.4byte	.LASF9
 374 007d 04       		.uleb128 0x4
 375 007e 04       		.byte	0x4
 376 007f 07       		.byte	0x7
 377 0080 86010000 		.4byte	.LASF10
 378 0084 05       		.uleb128 0x5
 379 0085 04       		.byte	0x4
 380 0086 04       		.uleb128 0x4
 381 0087 01       		.byte	0x1
 382 0088 08       		.byte	0x8
 383 0089 9D010000 		.4byte	.LASF11
 384 008d 06       		.uleb128 0x6
 385 008e 6C000000 		.4byte	.LASF13
 386 0092 03       		.byte	0x3
 387 0093 E401     		.2byte	0x1e4
 388 0095 53000000 		.4byte	0x53
 389 0099 06       		.uleb128 0x6
 390 009a A4000000 		.4byte	.LASF14
 391 009e 03       		.byte	0x3
 392 009f E501     		.2byte	0x1e5
 393 00a1 61000000 		.4byte	0x61
 394 00a5 06       		.uleb128 0x6
 395 00a6 AB000000 		.4byte	.LASF15
 396 00aa 03       		.byte	0x3
 397 00ab E601     		.2byte	0x1e6
 398 00ad 6F000000 		.4byte	0x6f
 399 00b1 04       		.uleb128 0x4
 400 00b2 04       		.byte	0x4
 401 00b3 04       		.byte	0x4
 402 00b4 4A000000 		.4byte	.LASF16
 403 00b8 04       		.uleb128 0x4
 404 00b9 08       		.byte	0x8
 405 00ba 04       		.byte	0x4
 406 00bb 91000000 		.4byte	.LASF17
 407 00bf 06       		.uleb128 0x6
 408 00c0 55000000 		.4byte	.LASF18
 409 00c4 03       		.byte	0x3
 410 00c5 8E02     		.2byte	0x28e
 411 00c7 CB000000 		.4byte	0xcb
 412 00cb 07       		.uleb128 0x7
 413 00cc 8D000000 		.4byte	0x8d
 414 00d0 06       		.uleb128 0x6
 415 00d1 00000000 		.4byte	.LASF19
 416 00d5 03       		.byte	0x3
 417 00d6 9002     		.2byte	0x290
 418 00d8 DC000000 		.4byte	0xdc
 419 00dc 07       		.uleb128 0x7
 420 00dd A5000000 		.4byte	0xa5
ARM GAS  C:\Users\jagumiel\AppData\Local\Temp\ccKvSQsk.s 			page 14


 421 00e1 08       		.uleb128 0x8
 422 00e2 72000000 		.4byte	.LASF20
 423 00e6 01       		.byte	0x1
 424 00e7 4C       		.byte	0x4c
 425 00e8 00000000 		.4byte	.LFB0
 426 00ec 0C000000 		.4byte	.LFE0-.LFB0
 427 00f0 01       		.uleb128 0x1
 428 00f1 9C       		.byte	0x9c
 429 00f2 2E010000 		.4byte	0x12e
 430 00f6 09       		.uleb128 0x9
 431 00f7 7300     		.ascii	"s\000"
 432 00f9 01       		.byte	0x1
 433 00fa 4C       		.byte	0x4c
 434 00fb 84000000 		.4byte	0x84
 435 00ff 00000000 		.4byte	.LLST0
 436 0103 09       		.uleb128 0x9
 437 0104 6E00     		.ascii	"n\000"
 438 0106 01       		.byte	0x1
 439 0107 4C       		.byte	0x4c
 440 0108 2C000000 		.4byte	0x2c
 441 010c 21000000 		.4byte	.LLST1
 442 0110 0A       		.uleb128 0xa
 443 0111 0A000000 		.4byte	.LVL2
 444 0115 50020000 		.4byte	0x250
 445 0119 0B       		.uleb128 0xb
 446 011a 01       		.uleb128 0x1
 447 011b 50       		.byte	0x50
 448 011c 03       		.uleb128 0x3
 449 011d F3       		.byte	0xf3
 450 011e 01       		.uleb128 0x1
 451 011f 50       		.byte	0x50
 452 0120 0B       		.uleb128 0xb
 453 0121 01       		.uleb128 0x1
 454 0122 51       		.byte	0x51
 455 0123 01       		.uleb128 0x1
 456 0124 30       		.byte	0x30
 457 0125 0B       		.uleb128 0xb
 458 0126 01       		.uleb128 0x1
 459 0127 52       		.byte	0x52
 460 0128 03       		.uleb128 0x3
 461 0129 F3       		.byte	0xf3
 462 012a 01       		.uleb128 0x1
 463 012b 51       		.byte	0x51
 464 012c 00       		.byte	0
 465 012d 00       		.byte	0
 466 012e 08       		.uleb128 0x8
 467 012f 2C000000 		.4byte	.LASF21
 468 0133 01       		.byte	0x1
 469 0134 AA       		.byte	0xaa
 470 0135 00000000 		.4byte	.LFB3
 471 0139 88000000 		.4byte	.LFE3-.LFB3
 472 013d 01       		.uleb128 0x1
 473 013e 9C       		.byte	0x9c
 474 013f 79010000 		.4byte	0x179
 475 0143 0C       		.uleb128 0xc
 476 0144 14000000 		.4byte	.LVL3
 477 0148 59020000 		.4byte	0x259
ARM GAS  C:\Users\jagumiel\AppData\Local\Temp\ccKvSQsk.s 			page 15


 478 014c 56010000 		.4byte	0x156
 479 0150 0B       		.uleb128 0xb
 480 0151 01       		.uleb128 0x1
 481 0152 50       		.byte	0x50
 482 0153 01       		.uleb128 0x1
 483 0154 48       		.byte	0x48
 484 0155 00       		.byte	0
 485 0156 0C       		.uleb128 0xc
 486 0157 4A000000 		.4byte	.LVL4
 487 015b 64020000 		.4byte	0x264
 488 015f 69010000 		.4byte	0x169
 489 0163 0B       		.uleb128 0xb
 490 0164 01       		.uleb128 0x1
 491 0165 50       		.byte	0x50
 492 0166 01       		.uleb128 0x1
 493 0167 39       		.byte	0x39
 494 0168 00       		.byte	0
 495 0169 0A       		.uleb128 0xa
 496 016a 50000000 		.4byte	.LVL5
 497 016e 6F020000 		.4byte	0x26f
 498 0172 0B       		.uleb128 0xb
 499 0173 01       		.uleb128 0x1
 500 0174 50       		.byte	0x50
 501 0175 01       		.uleb128 0x1
 502 0176 39       		.byte	0x39
 503 0177 00       		.byte	0
 504 0178 00       		.byte	0
 505 0179 0D       		.uleb128 0xd
 506 017a BF000000 		.4byte	.LASF32
 507 017e 01       		.byte	0x1
 508 017f F7       		.byte	0xf7
 509 0180 88000000 		.4byte	.LFB5
 510 0184 E8000000 		.4byte	.LFE5-.LFB5
 511 0188 01       		.uleb128 0x1
 512 0189 9C       		.byte	0x9c
 513 018a 50020000 		.4byte	0x250
 514 018e 0E       		.uleb128 0xe
 515 018f 8C000000 		.4byte	.LBB2
 516 0193 5C000000 		.4byte	.LBE2-.LBB2
 517 0197 46020000 		.4byte	0x246
 518 019b 0F       		.uleb128 0xf
 519 019c 06       		.byte	0x6
 520 019d 01       		.byte	0x1
 521 019e FE       		.byte	0xfe
 522 019f BD010000 		.4byte	0x1bd
 523 01a3 10       		.uleb128 0x10
 524 01a4 CC000000 		.4byte	.LASF22
 525 01a8 01       		.byte	0x1
 526 01a9 FF       		.byte	0xff
 527 01aa 84000000 		.4byte	0x84
 528 01ae 00       		.byte	0
 529 01af 11       		.uleb128 0x11
 530 01b0 50000000 		.4byte	.LASF23
 531 01b4 01       		.byte	0x1
 532 01b5 0001     		.2byte	0x100
 533 01b7 99000000 		.4byte	0x99
 534 01bb 04       		.byte	0x4
ARM GAS  C:\Users\jagumiel\AppData\Local\Temp\ccKvSQsk.s 			page 16


 535 01bc 00       		.byte	0
 536 01bd 06       		.uleb128 0x6
 537 01be 79010000 		.4byte	.LASF24
 538 01c2 01       		.byte	0x1
 539 01c3 0101     		.2byte	0x101
 540 01c5 9B010000 		.4byte	0x19b
 541 01c9 12       		.uleb128 0x12
 542 01ca D9010000 		.4byte	0x1d9
 543 01ce D9010000 		.4byte	0x1d9
 544 01d2 13       		.uleb128 0x13
 545 01d3 7D000000 		.4byte	0x7d
 546 01d7 01       		.byte	0x1
 547 01d8 00       		.byte	0
 548 01d9 14       		.uleb128 0x14
 549 01da BD010000 		.4byte	0x1bd
 550 01de 15       		.uleb128 0x15
 551 01df 1C000000 		.4byte	.LASF25
 552 01e3 01       		.byte	0x1
 553 01e4 0301     		.2byte	0x103
 554 01e6 F0010000 		.4byte	0x1f0
 555 01ea 05       		.uleb128 0x5
 556 01eb 03       		.byte	0x3
 557 01ec 00000000 		.4byte	cfg_memset_list.4847
 558 01f0 14       		.uleb128 0x14
 559 01f1 C9010000 		.4byte	0x1c9
 560 01f5 16       		.uleb128 0x16
 561 01f6 6900     		.ascii	"i\000"
 562 01f8 01       		.byte	0x1
 563 01f9 0901     		.2byte	0x109
 564 01fb 8D000000 		.4byte	0x8d
 565 01ff 4D000000 		.4byte	.LLST2
 566 0203 17       		.uleb128 0x17
 567 0204 90000000 		.4byte	.LBB3
 568 0208 1C000000 		.4byte	.LBE3-.LBB3
 569 020c 16       		.uleb128 0x16
 570 020d 6D7300   		.ascii	"ms\000"
 571 0210 01       		.byte	0x1
 572 0211 0E01     		.2byte	0x10e
 573 0213 1B020000 		.4byte	0x21b
 574 0217 77000000 		.4byte	.LLST3
 575 021b 18       		.uleb128 0x18
 576 021c 04       		.byte	0x4
 577 021d D9010000 		.4byte	0x1d9
 578 0221 0A       		.uleb128 0xa
 579 0222 AC000000 		.4byte	.LVL8
 580 0226 E1000000 		.4byte	0xe1
 581 022a 0B       		.uleb128 0xb
 582 022b 01       		.uleb128 0x1
 583 022c 51       		.byte	0x51
 584 022d 15       		.uleb128 0x15
 585 022e 74       		.byte	0x74
 586 022f 00       		.sleb128 0
 587 0230 31       		.byte	0x31
 588 0231 24       		.byte	0x24
 589 0232 74       		.byte	0x74
 590 0233 00       		.sleb128 0
 591 0234 22       		.byte	0x22
ARM GAS  C:\Users\jagumiel\AppData\Local\Temp\ccKvSQsk.s 			page 17


 592 0235 31       		.byte	0x31
 593 0236 24       		.byte	0x24
 594 0237 03       		.byte	0x3
 595 0238 04000000 		.4byte	.LANCHOR0+4
 596 023c 22       		.byte	0x22
 597 023d 94       		.byte	0x94
 598 023e 02       		.byte	0x2
 599 023f 0A       		.byte	0xa
 600 0240 FFFF     		.2byte	0xffff
 601 0242 1A       		.byte	0x1a
 602 0243 00       		.byte	0
 603 0244 00       		.byte	0
 604 0245 00       		.byte	0
 605 0246 19       		.uleb128 0x19
 606 0247 1E010000 		.4byte	.LVL11
 607 024b 2E010000 		.4byte	0x12e
 608 024f 00       		.byte	0
 609 0250 1A       		.uleb128 0x1a
 610 0251 8A000000 		.4byte	.LASF33
 611 0255 8A000000 		.4byte	.LASF33
 612 0259 1B       		.uleb128 0x1b
 613 025a AC010000 		.4byte	.LASF26
 614 025e AC010000 		.4byte	.LASF26
 615 0262 04       		.byte	0x4
 616 0263 6C       		.byte	0x6c
 617 0264 1B       		.uleb128 0x1b
 618 0265 0D000000 		.4byte	.LASF27
 619 0269 0D000000 		.4byte	.LASF27
 620 026d 04       		.byte	0x4
 621 026e BD       		.byte	0xbd
 622 026f 1B       		.uleb128 0x1b
 623 0270 98000000 		.4byte	.LASF28
 624 0274 98000000 		.4byte	.LASF28
 625 0278 04       		.byte	0x4
 626 0279 C3       		.byte	0xc3
 627 027a 00       		.byte	0
 628              		.section	.debug_abbrev,"",%progbits
 629              	.Ldebug_abbrev0:
 630 0000 01       		.uleb128 0x1
 631 0001 11       		.uleb128 0x11
 632 0002 01       		.byte	0x1
 633 0003 25       		.uleb128 0x25
 634 0004 0E       		.uleb128 0xe
 635 0005 13       		.uleb128 0x13
 636 0006 0B       		.uleb128 0xb
 637 0007 03       		.uleb128 0x3
 638 0008 0E       		.uleb128 0xe
 639 0009 1B       		.uleb128 0x1b
 640 000a 0E       		.uleb128 0xe
 641 000b 55       		.uleb128 0x55
 642 000c 17       		.uleb128 0x17
 643 000d 11       		.uleb128 0x11
 644 000e 01       		.uleb128 0x1
 645 000f 10       		.uleb128 0x10
 646 0010 17       		.uleb128 0x17
 647 0011 00       		.byte	0
 648 0012 00       		.byte	0
ARM GAS  C:\Users\jagumiel\AppData\Local\Temp\ccKvSQsk.s 			page 18


 649 0013 02       		.uleb128 0x2
 650 0014 24       		.uleb128 0x24
 651 0015 00       		.byte	0
 652 0016 0B       		.uleb128 0xb
 653 0017 0B       		.uleb128 0xb
 654 0018 3E       		.uleb128 0x3e
 655 0019 0B       		.uleb128 0xb
 656 001a 03       		.uleb128 0x3
 657 001b 08       		.uleb128 0x8
 658 001c 00       		.byte	0
 659 001d 00       		.byte	0
 660 001e 03       		.uleb128 0x3
 661 001f 16       		.uleb128 0x16
 662 0020 00       		.byte	0
 663 0021 03       		.uleb128 0x3
 664 0022 0E       		.uleb128 0xe
 665 0023 3A       		.uleb128 0x3a
 666 0024 0B       		.uleb128 0xb
 667 0025 3B       		.uleb128 0x3b
 668 0026 0B       		.uleb128 0xb
 669 0027 49       		.uleb128 0x49
 670 0028 13       		.uleb128 0x13
 671 0029 00       		.byte	0
 672 002a 00       		.byte	0
 673 002b 04       		.uleb128 0x4
 674 002c 24       		.uleb128 0x24
 675 002d 00       		.byte	0
 676 002e 0B       		.uleb128 0xb
 677 002f 0B       		.uleb128 0xb
 678 0030 3E       		.uleb128 0x3e
 679 0031 0B       		.uleb128 0xb
 680 0032 03       		.uleb128 0x3
 681 0033 0E       		.uleb128 0xe
 682 0034 00       		.byte	0
 683 0035 00       		.byte	0
 684 0036 05       		.uleb128 0x5
 685 0037 0F       		.uleb128 0xf
 686 0038 00       		.byte	0
 687 0039 0B       		.uleb128 0xb
 688 003a 0B       		.uleb128 0xb
 689 003b 00       		.byte	0
 690 003c 00       		.byte	0
 691 003d 06       		.uleb128 0x6
 692 003e 16       		.uleb128 0x16
 693 003f 00       		.byte	0
 694 0040 03       		.uleb128 0x3
 695 0041 0E       		.uleb128 0xe
 696 0042 3A       		.uleb128 0x3a
 697 0043 0B       		.uleb128 0xb
 698 0044 3B       		.uleb128 0x3b
 699 0045 05       		.uleb128 0x5
 700 0046 49       		.uleb128 0x49
 701 0047 13       		.uleb128 0x13
 702 0048 00       		.byte	0
 703 0049 00       		.byte	0
 704 004a 07       		.uleb128 0x7
 705 004b 35       		.uleb128 0x35
ARM GAS  C:\Users\jagumiel\AppData\Local\Temp\ccKvSQsk.s 			page 19


 706 004c 00       		.byte	0
 707 004d 49       		.uleb128 0x49
 708 004e 13       		.uleb128 0x13
 709 004f 00       		.byte	0
 710 0050 00       		.byte	0
 711 0051 08       		.uleb128 0x8
 712 0052 2E       		.uleb128 0x2e
 713 0053 01       		.byte	0x1
 714 0054 03       		.uleb128 0x3
 715 0055 0E       		.uleb128 0xe
 716 0056 3A       		.uleb128 0x3a
 717 0057 0B       		.uleb128 0xb
 718 0058 3B       		.uleb128 0x3b
 719 0059 0B       		.uleb128 0xb
 720 005a 27       		.uleb128 0x27
 721 005b 19       		.uleb128 0x19
 722 005c 11       		.uleb128 0x11
 723 005d 01       		.uleb128 0x1
 724 005e 12       		.uleb128 0x12
 725 005f 06       		.uleb128 0x6
 726 0060 40       		.uleb128 0x40
 727 0061 18       		.uleb128 0x18
 728 0062 9742     		.uleb128 0x2117
 729 0064 19       		.uleb128 0x19
 730 0065 01       		.uleb128 0x1
 731 0066 13       		.uleb128 0x13
 732 0067 00       		.byte	0
 733 0068 00       		.byte	0
 734 0069 09       		.uleb128 0x9
 735 006a 05       		.uleb128 0x5
 736 006b 00       		.byte	0
 737 006c 03       		.uleb128 0x3
 738 006d 08       		.uleb128 0x8
 739 006e 3A       		.uleb128 0x3a
 740 006f 0B       		.uleb128 0xb
 741 0070 3B       		.uleb128 0x3b
 742 0071 0B       		.uleb128 0xb
 743 0072 49       		.uleb128 0x49
 744 0073 13       		.uleb128 0x13
 745 0074 02       		.uleb128 0x2
 746 0075 17       		.uleb128 0x17
 747 0076 00       		.byte	0
 748 0077 00       		.byte	0
 749 0078 0A       		.uleb128 0xa
 750 0079 898201   		.uleb128 0x4109
 751 007c 01       		.byte	0x1
 752 007d 11       		.uleb128 0x11
 753 007e 01       		.uleb128 0x1
 754 007f 31       		.uleb128 0x31
 755 0080 13       		.uleb128 0x13
 756 0081 00       		.byte	0
 757 0082 00       		.byte	0
 758 0083 0B       		.uleb128 0xb
 759 0084 8A8201   		.uleb128 0x410a
 760 0087 00       		.byte	0
 761 0088 02       		.uleb128 0x2
 762 0089 18       		.uleb128 0x18
ARM GAS  C:\Users\jagumiel\AppData\Local\Temp\ccKvSQsk.s 			page 20


 763 008a 9142     		.uleb128 0x2111
 764 008c 18       		.uleb128 0x18
 765 008d 00       		.byte	0
 766 008e 00       		.byte	0
 767 008f 0C       		.uleb128 0xc
 768 0090 898201   		.uleb128 0x4109
 769 0093 01       		.byte	0x1
 770 0094 11       		.uleb128 0x11
 771 0095 01       		.uleb128 0x1
 772 0096 31       		.uleb128 0x31
 773 0097 13       		.uleb128 0x13
 774 0098 01       		.uleb128 0x1
 775 0099 13       		.uleb128 0x13
 776 009a 00       		.byte	0
 777 009b 00       		.byte	0
 778 009c 0D       		.uleb128 0xd
 779 009d 2E       		.uleb128 0x2e
 780 009e 01       		.byte	0x1
 781 009f 3F       		.uleb128 0x3f
 782 00a0 19       		.uleb128 0x19
 783 00a1 03       		.uleb128 0x3
 784 00a2 0E       		.uleb128 0xe
 785 00a3 3A       		.uleb128 0x3a
 786 00a4 0B       		.uleb128 0xb
 787 00a5 3B       		.uleb128 0x3b
 788 00a6 0B       		.uleb128 0xb
 789 00a7 27       		.uleb128 0x27
 790 00a8 19       		.uleb128 0x19
 791 00a9 11       		.uleb128 0x11
 792 00aa 01       		.uleb128 0x1
 793 00ab 12       		.uleb128 0x12
 794 00ac 06       		.uleb128 0x6
 795 00ad 40       		.uleb128 0x40
 796 00ae 18       		.uleb128 0x18
 797 00af 9742     		.uleb128 0x2117
 798 00b1 19       		.uleb128 0x19
 799 00b2 01       		.uleb128 0x1
 800 00b3 13       		.uleb128 0x13
 801 00b4 00       		.byte	0
 802 00b5 00       		.byte	0
 803 00b6 0E       		.uleb128 0xe
 804 00b7 0B       		.uleb128 0xb
 805 00b8 01       		.byte	0x1
 806 00b9 11       		.uleb128 0x11
 807 00ba 01       		.uleb128 0x1
 808 00bb 12       		.uleb128 0x12
 809 00bc 06       		.uleb128 0x6
 810 00bd 01       		.uleb128 0x1
 811 00be 13       		.uleb128 0x13
 812 00bf 00       		.byte	0
 813 00c0 00       		.byte	0
 814 00c1 0F       		.uleb128 0xf
 815 00c2 13       		.uleb128 0x13
 816 00c3 01       		.byte	0x1
 817 00c4 0B       		.uleb128 0xb
 818 00c5 0B       		.uleb128 0xb
 819 00c6 3A       		.uleb128 0x3a
ARM GAS  C:\Users\jagumiel\AppData\Local\Temp\ccKvSQsk.s 			page 21


 820 00c7 0B       		.uleb128 0xb
 821 00c8 3B       		.uleb128 0x3b
 822 00c9 0B       		.uleb128 0xb
 823 00ca 01       		.uleb128 0x1
 824 00cb 13       		.uleb128 0x13
 825 00cc 00       		.byte	0
 826 00cd 00       		.byte	0
 827 00ce 10       		.uleb128 0x10
 828 00cf 0D       		.uleb128 0xd
 829 00d0 00       		.byte	0
 830 00d1 03       		.uleb128 0x3
 831 00d2 0E       		.uleb128 0xe
 832 00d3 3A       		.uleb128 0x3a
 833 00d4 0B       		.uleb128 0xb
 834 00d5 3B       		.uleb128 0x3b
 835 00d6 0B       		.uleb128 0xb
 836 00d7 49       		.uleb128 0x49
 837 00d8 13       		.uleb128 0x13
 838 00d9 38       		.uleb128 0x38
 839 00da 0B       		.uleb128 0xb
 840 00db 00       		.byte	0
 841 00dc 00       		.byte	0
 842 00dd 11       		.uleb128 0x11
 843 00de 0D       		.uleb128 0xd
 844 00df 00       		.byte	0
 845 00e0 03       		.uleb128 0x3
 846 00e1 0E       		.uleb128 0xe
 847 00e2 3A       		.uleb128 0x3a
 848 00e3 0B       		.uleb128 0xb
 849 00e4 3B       		.uleb128 0x3b
 850 00e5 05       		.uleb128 0x5
 851 00e6 49       		.uleb128 0x49
 852 00e7 13       		.uleb128 0x13
 853 00e8 38       		.uleb128 0x38
 854 00e9 0B       		.uleb128 0xb
 855 00ea 00       		.byte	0
 856 00eb 00       		.byte	0
 857 00ec 12       		.uleb128 0x12
 858 00ed 01       		.uleb128 0x1
 859 00ee 01       		.byte	0x1
 860 00ef 49       		.uleb128 0x49
 861 00f0 13       		.uleb128 0x13
 862 00f1 01       		.uleb128 0x1
 863 00f2 13       		.uleb128 0x13
 864 00f3 00       		.byte	0
 865 00f4 00       		.byte	0
 866 00f5 13       		.uleb128 0x13
 867 00f6 21       		.uleb128 0x21
 868 00f7 00       		.byte	0
 869 00f8 49       		.uleb128 0x49
 870 00f9 13       		.uleb128 0x13
 871 00fa 2F       		.uleb128 0x2f
 872 00fb 0B       		.uleb128 0xb
 873 00fc 00       		.byte	0
 874 00fd 00       		.byte	0
 875 00fe 14       		.uleb128 0x14
 876 00ff 26       		.uleb128 0x26
ARM GAS  C:\Users\jagumiel\AppData\Local\Temp\ccKvSQsk.s 			page 22


 877 0100 00       		.byte	0
 878 0101 49       		.uleb128 0x49
 879 0102 13       		.uleb128 0x13
 880 0103 00       		.byte	0
 881 0104 00       		.byte	0
 882 0105 15       		.uleb128 0x15
 883 0106 34       		.uleb128 0x34
 884 0107 00       		.byte	0
 885 0108 03       		.uleb128 0x3
 886 0109 0E       		.uleb128 0xe
 887 010a 3A       		.uleb128 0x3a
 888 010b 0B       		.uleb128 0xb
 889 010c 3B       		.uleb128 0x3b
 890 010d 05       		.uleb128 0x5
 891 010e 49       		.uleb128 0x49
 892 010f 13       		.uleb128 0x13
 893 0110 02       		.uleb128 0x2
 894 0111 18       		.uleb128 0x18
 895 0112 00       		.byte	0
 896 0113 00       		.byte	0
 897 0114 16       		.uleb128 0x16
 898 0115 34       		.uleb128 0x34
 899 0116 00       		.byte	0
 900 0117 03       		.uleb128 0x3
 901 0118 08       		.uleb128 0x8
 902 0119 3A       		.uleb128 0x3a
 903 011a 0B       		.uleb128 0xb
 904 011b 3B       		.uleb128 0x3b
 905 011c 05       		.uleb128 0x5
 906 011d 49       		.uleb128 0x49
 907 011e 13       		.uleb128 0x13
 908 011f 02       		.uleb128 0x2
 909 0120 17       		.uleb128 0x17
 910 0121 00       		.byte	0
 911 0122 00       		.byte	0
 912 0123 17       		.uleb128 0x17
 913 0124 0B       		.uleb128 0xb
 914 0125 01       		.byte	0x1
 915 0126 11       		.uleb128 0x11
 916 0127 01       		.uleb128 0x1
 917 0128 12       		.uleb128 0x12
 918 0129 06       		.uleb128 0x6
 919 012a 00       		.byte	0
 920 012b 00       		.byte	0
 921 012c 18       		.uleb128 0x18
 922 012d 0F       		.uleb128 0xf
 923 012e 00       		.byte	0
 924 012f 0B       		.uleb128 0xb
 925 0130 0B       		.uleb128 0xb
 926 0131 49       		.uleb128 0x49
 927 0132 13       		.uleb128 0x13
 928 0133 00       		.byte	0
 929 0134 00       		.byte	0
 930 0135 19       		.uleb128 0x19
 931 0136 898201   		.uleb128 0x4109
 932 0139 00       		.byte	0
 933 013a 11       		.uleb128 0x11
ARM GAS  C:\Users\jagumiel\AppData\Local\Temp\ccKvSQsk.s 			page 23


 934 013b 01       		.uleb128 0x1
 935 013c 31       		.uleb128 0x31
 936 013d 13       		.uleb128 0x13
 937 013e 00       		.byte	0
 938 013f 00       		.byte	0
 939 0140 1A       		.uleb128 0x1a
 940 0141 2E       		.uleb128 0x2e
 941 0142 00       		.byte	0
 942 0143 3F       		.uleb128 0x3f
 943 0144 19       		.uleb128 0x19
 944 0145 3C       		.uleb128 0x3c
 945 0146 19       		.uleb128 0x19
 946 0147 6E       		.uleb128 0x6e
 947 0148 0E       		.uleb128 0xe
 948 0149 03       		.uleb128 0x3
 949 014a 0E       		.uleb128 0xe
 950 014b 00       		.byte	0
 951 014c 00       		.byte	0
 952 014d 1B       		.uleb128 0x1b
 953 014e 2E       		.uleb128 0x2e
 954 014f 00       		.byte	0
 955 0150 3F       		.uleb128 0x3f
 956 0151 19       		.uleb128 0x19
 957 0152 3C       		.uleb128 0x3c
 958 0153 19       		.uleb128 0x19
 959 0154 6E       		.uleb128 0x6e
 960 0155 0E       		.uleb128 0xe
 961 0156 03       		.uleb128 0x3
 962 0157 0E       		.uleb128 0xe
 963 0158 3A       		.uleb128 0x3a
 964 0159 0B       		.uleb128 0xb
 965 015a 3B       		.uleb128 0x3b
 966 015b 0B       		.uleb128 0xb
 967 015c 00       		.byte	0
 968 015d 00       		.byte	0
 969 015e 00       		.byte	0
 970              		.section	.debug_loc,"",%progbits
 971              	.Ldebug_loc0:
 972              	.LLST0:
 973 0000 00000000 		.4byte	.LVL0
 974 0004 09000000 		.4byte	.LVL2-1
 975 0008 0100     		.2byte	0x1
 976 000a 50       		.byte	0x50
 977 000b 09000000 		.4byte	.LVL2-1
 978 000f 0C000000 		.4byte	.LFE0
 979 0013 0400     		.2byte	0x4
 980 0015 F3       		.byte	0xf3
 981 0016 01       		.uleb128 0x1
 982 0017 50       		.byte	0x50
 983 0018 9F       		.byte	0x9f
 984 0019 00000000 		.4byte	0
 985 001d 00000000 		.4byte	0
 986              	.LLST1:
 987 0021 00000000 		.4byte	.LVL0
 988 0025 06000000 		.4byte	.LVL1
 989 0029 0100     		.2byte	0x1
 990 002b 51       		.byte	0x51
ARM GAS  C:\Users\jagumiel\AppData\Local\Temp\ccKvSQsk.s 			page 24


 991 002c 06000000 		.4byte	.LVL1
 992 0030 09000000 		.4byte	.LVL2-1
 993 0034 0100     		.2byte	0x1
 994 0036 52       		.byte	0x52
 995 0037 09000000 		.4byte	.LVL2-1
 996 003b 0C000000 		.4byte	.LFE0
 997 003f 0400     		.2byte	0x4
 998 0041 F3       		.byte	0xf3
 999 0042 01       		.uleb128 0x1
 1000 0043 51       		.byte	0x51
 1001 0044 9F       		.byte	0x9f
 1002 0045 00000000 		.4byte	0
 1003 0049 00000000 		.4byte	0
 1004              	.LLST2:
 1005 004d 8C000000 		.4byte	.LVL6
 1006 0051 90000000 		.4byte	.LVL7
 1007 0055 0200     		.2byte	0x2
 1008 0057 30       		.byte	0x30
 1009 0058 9F       		.byte	0x9f
 1010 0059 90000000 		.4byte	.LVL7
 1011 005d AE000000 		.4byte	.LVL9
 1012 0061 0100     		.2byte	0x1
 1013 0063 54       		.byte	0x54
 1014 0064 B0000000 		.4byte	.LVL10
 1015 0068 1E010000 		.4byte	.LVL12
 1016 006c 0100     		.2byte	0x1
 1017 006e 54       		.byte	0x54
 1018 006f 00000000 		.4byte	0
 1019 0073 00000000 		.4byte	0
 1020              	.LLST3:
 1021 0077 90000000 		.4byte	.LVL7
 1022 007b AE000000 		.4byte	.LVL9
 1023 007f 0B00     		.2byte	0xb
 1024 0081 74       		.byte	0x74
 1025 0082 00       		.sleb128 0
 1026 0083 36       		.byte	0x36
 1027 0084 1E       		.byte	0x1e
 1028 0085 03       		.byte	0x3
 1029 0086 00000000 		.4byte	cfg_memset_list.4847
 1030 008a 22       		.byte	0x22
 1031 008b 9F       		.byte	0x9f
 1032 008c AE000000 		.4byte	.LVL9
 1033 0090 B0000000 		.4byte	.LVL10
 1034 0094 0B00     		.2byte	0xb
 1035 0096 74       		.byte	0x74
 1036 0097 7F       		.sleb128 -1
 1037 0098 36       		.byte	0x36
 1038 0099 1E       		.byte	0x1e
 1039 009a 03       		.byte	0x3
 1040 009b 00000000 		.4byte	cfg_memset_list.4847
 1041 009f 22       		.byte	0x22
 1042 00a0 9F       		.byte	0x9f
 1043 00a1 00000000 		.4byte	0
 1044 00a5 00000000 		.4byte	0
 1045              		.section	.debug_aranges,"",%progbits
 1046 0000 2C000000 		.4byte	0x2c
 1047 0004 0200     		.2byte	0x2
ARM GAS  C:\Users\jagumiel\AppData\Local\Temp\ccKvSQsk.s 			page 25


 1048 0006 00000000 		.4byte	.Ldebug_info0
 1049 000a 04       		.byte	0x4
 1050 000b 00       		.byte	0
 1051 000c 0000     		.2byte	0
 1052 000e 0000     		.2byte	0
 1053 0010 00000000 		.4byte	.LFB0
 1054 0014 0C000000 		.4byte	.LFE0-.LFB0
 1055 0018 00000000 		.4byte	.LFB3
 1056 001c 88000000 		.4byte	.LFE3-.LFB3
 1057 0020 88000000 		.4byte	.LFB5
 1058 0024 E8000000 		.4byte	.LFE5-.LFB5
 1059 0028 00000000 		.4byte	0
 1060 002c 00000000 		.4byte	0
 1061              		.section	.debug_ranges,"",%progbits
 1062              	.Ldebug_ranges0:
 1063 0000 00000000 		.4byte	.LFB0
 1064 0004 0C000000 		.4byte	.LFE0
 1065 0008 00000000 		.4byte	.LFB3
 1066 000c 88000000 		.4byte	.LFE3
 1067 0010 88000000 		.4byte	.LFB5
 1068 0014 70010000 		.4byte	.LFE5
 1069 0018 00000000 		.4byte	0
 1070 001c 00000000 		.4byte	0
 1071              		.section	.debug_line,"",%progbits
 1072              	.Ldebug_line0:
 1073 0000 37010000 		.section	.debug_str,"MS",%progbits,1
 1073      0200D600 
 1073      00000201 
 1073      FB0E0D00 
 1073      01010101 
 1074              	.LASF19:
 1075 0000 72656733 		.ascii	"reg32\000"
 1075      3200
 1076              	.LASF12:
 1077 0006 73697A65 		.ascii	"size_t\000"
 1077      5F7400
 1078              	.LASF27:
 1079 000d 4379496E 		.ascii	"CyIntSetVector\000"
 1079      74536574 
 1079      56656374 
 1079      6F7200
 1080              	.LASF25:
 1081 001c 6366675F 		.ascii	"cfg_memset_list\000"
 1081      6D656D73 
 1081      65745F6C 
 1081      69737400 
 1082              	.LASF21:
 1083 002c 436C6F63 		.ascii	"ClockSetup\000"
 1083      6B536574 
 1083      757000
 1084              	.LASF6:
 1085 0037 73686F72 		.ascii	"short unsigned int\000"
 1085      7420756E 
 1085      7369676E 
 1085      65642069 
 1085      6E7400
 1086              	.LASF16:
ARM GAS  C:\Users\jagumiel\AppData\Local\Temp\ccKvSQsk.s 			page 26


 1087 004a 666C6F61 		.ascii	"float\000"
 1087      7400
 1088              	.LASF23:
 1089 0050 73697A65 		.ascii	"size\000"
 1089      00
 1090              	.LASF18:
 1091 0055 72656738 		.ascii	"reg8\000"
 1091      00
 1092              	.LASF8:
 1093 005a 6C6F6E67 		.ascii	"long unsigned int\000"
 1093      20756E73 
 1093      69676E65 
 1093      6420696E 
 1093      7400
 1094              	.LASF13:
 1095 006c 75696E74 		.ascii	"uint8\000"
 1095      3800
 1096              	.LASF20:
 1097 0072 43594D45 		.ascii	"CYMEMZERO\000"
 1097      4D5A4552 
 1097      4F00
 1098              	.LASF4:
 1099 007c 756E7369 		.ascii	"unsigned char\000"
 1099      676E6564 
 1099      20636861 
 1099      7200
 1100              	.LASF33:
 1101 008a 6D656D73 		.ascii	"memset\000"
 1101      657400
 1102              	.LASF17:
 1103 0091 646F7562 		.ascii	"double\000"
 1103      6C6500
 1104              	.LASF28:
 1105 0098 4379496E 		.ascii	"CyIntEnable\000"
 1105      74456E61 
 1105      626C6500 
 1106              	.LASF14:
 1107 00a4 75696E74 		.ascii	"uint16\000"
 1107      313600
 1108              	.LASF15:
 1109 00ab 75696E74 		.ascii	"uint32\000"
 1109      333200
 1110              	.LASF0:
 1111 00b2 756E7369 		.ascii	"unsigned int\000"
 1111      676E6564 
 1111      20696E74 
 1111      00
 1112              	.LASF32:
 1113 00bf 63796669 		.ascii	"cyfitter_cfg\000"
 1113      74746572 
 1113      5F636667 
 1113      00
 1114              	.LASF22:
 1115 00cc 61646472 		.ascii	"address\000"
 1115      65737300 
 1116              	.LASF9:
 1117 00d4 6C6F6E67 		.ascii	"long long unsigned int\000"
ARM GAS  C:\Users\jagumiel\AppData\Local\Temp\ccKvSQsk.s 			page 27


 1117      206C6F6E 
 1117      6720756E 
 1117      7369676E 
 1117      65642069 
 1118              	.LASF29:
 1119 00eb 474E5520 		.ascii	"GNU C11 5.4.1 20160609 (release) [ARM/embedded-5-br"
 1119      43313120 
 1119      352E342E 
 1119      31203230 
 1119      31363036 
 1120 011e 616E6368 		.ascii	"anch revision 237715] -mcpu=cortex-m0 -mthumb -g -O"
 1120      20726576 
 1120      6973696F 
 1120      6E203233 
 1120      37373135 
 1121 0151 67202D66 		.ascii	"g -ffunction-sections -ffat-lto-objects\000"
 1121      66756E63 
 1121      74696F6E 
 1121      2D736563 
 1121      74696F6E 
 1122              	.LASF24:
 1123 0179 6366675F 		.ascii	"cfg_memset_t\000"
 1123      6D656D73 
 1123      65745F74 
 1123      00
 1124              	.LASF10:
 1125 0186 73697A65 		.ascii	"sizetype\000"
 1125      74797065 
 1125      00
 1126              	.LASF1:
 1127 018f 6C6F6E67 		.ascii	"long long int\000"
 1127      206C6F6E 
 1127      6720696E 
 1127      7400
 1128              	.LASF11:
 1129 019d 63686172 		.ascii	"char\000"
 1129      00
 1130              	.LASF5:
 1131 01a2 73686F72 		.ascii	"short int\000"
 1131      7420696E 
 1131      7400
 1132              	.LASF26:
 1133 01ac 43795379 		.ascii	"CySysClkWriteImoFreq\000"
 1133      73436C6B 
 1133      57726974 
 1133      65496D6F 
 1133      46726571 
 1134              	.LASF7:
 1135 01c1 6C6F6E67 		.ascii	"long int\000"
 1135      20696E74 
 1135      00
 1136              	.LASF2:
 1137 01ca 6C6F6E67 		.ascii	"long double\000"
 1137      20646F75 
 1137      626C6500 
 1138              	.LASF3:
 1139 01d6 7369676E 		.ascii	"signed char\000"
ARM GAS  C:\Users\jagumiel\AppData\Local\Temp\ccKvSQsk.s 			page 28


 1139      65642063 
 1139      68617200 
 1140              	.LASF30:
 1141 01e2 47656E65 		.ascii	"Generated_Source\\PSoC4\\cyfitter_cfg.c\000"
 1141      72617465 
 1141      645F536F 
 1141      75726365 
 1141      5C50536F 
 1142              	.LASF31:
 1143 0208 443A5C55 		.ascii	"D:\\Users\\jagumiel\\Documents\\PSoC Creator\\PSoC-"
 1143      73657273 
 1143      5C6A6167 
 1143      756D6965 
 1143      6C5C446F 
 1144 0236 3130315C 		.ascii	"101\\PSoC-101\\TrainingProjects\\KITT.cydsn\000"
 1144      50536F43 
 1144      2D313031 
 1144      5C547261 
 1144      696E696E 
 1145              		.ident	"GCC: (GNU Tools for ARM Embedded Processors) 5.4.1 20160609 (release) [ARM/embedded-5-bran
