Archive member included to satisfy reference by file (symbol)

.\ARM_GCC_541\Debug\ADC-PWM-UART.a(UART.o)
                              .\ARM_GCC_541\Debug\main.o (UART_Start)
.\ARM_GCC_541\Debug\ADC-PWM-UART.a(UART_SPI_UART.o)
                              .\ARM_GCC_541\Debug\main.o (UART_SpiUartWriteTxData)
.\ARM_GCC_541\Debug\ADC-PWM-UART.a(UART_UART.o)
                              .\ARM_GCC_541\Debug\ADC-PWM-UART.a(UART.o) (UART_UartInit)
.\ARM_GCC_541\Debug\ADC-PWM-UART.a(ADC.o)
                              .\ARM_GCC_541\Debug\main.o (ADC_Start)
.\ARM_GCC_541\Debug\ADC-PWM-UART.a(ADC_INT.o)
                              .\ARM_GCC_541\Debug\ADC-PWM-UART.a(ADC.o) (ADC_ISR)
.\ARM_GCC_541\Debug\ADC-PWM-UART.a(ADC_IRQ.o)
                              .\ARM_GCC_541\Debug\main.o (ADC_IRQ_StartEx)
.\ARM_GCC_541\Debug\ADC-PWM-UART.a(CyLib.o)
                              .\ARM_GCC_541\Debug\cyfitter_cfg.o (CySysClkWriteImoFreq)
.\ARM_GCC_541\Debug\ADC-PWM-UART.a(PWM.o)
                              .\ARM_GCC_541\Debug\main.o (PWM_Start)
.\ARM_GCC_541\Debug\ADC-PWM-UART.a(CyBootAsmGnu.o)
                              .\ARM_GCC_541\Debug\ADC-PWM-UART.a(CyLib.o) (CyDelayCycles)
c:/program files (x86)/cypress/psoc creator/4.2/psoc creator/import/gnu/arm/5.4.1/bin/../lib/gcc/arm-none-eabi/5.4.1/armv6-m\libgcc.a(_udivsi3.o)
                              .\ARM_GCC_541\Debug\main.o (__aeabi_uidiv)
c:/program files (x86)/cypress/psoc creator/4.2/psoc creator/import/gnu/arm/5.4.1/bin/../lib/gcc/arm-none-eabi/5.4.1/armv6-m\libgcc.a(_divsi3.o)
                              .\ARM_GCC_541\Debug\main.o (__aeabi_idiv)
c:/program files (x86)/cypress/psoc creator/4.2/psoc creator/import/gnu/arm/5.4.1/bin/../lib/gcc/arm-none-eabi/5.4.1/armv6-m\libgcc.a(_dvmd_tls.o)
                              c:/program files (x86)/cypress/psoc creator/4.2/psoc creator/import/gnu/arm/5.4.1/bin/../lib/gcc/arm-none-eabi/5.4.1/armv6-m\libgcc.a(_udivsi3.o) (__aeabi_idiv0)
c:/program files (x86)/cypress/psoc creator/4.2/psoc creator/import/gnu/arm/5.4.1/bin/../lib/gcc/arm-none-eabi/5.4.1/armv6-m\libgcc.a(_aeabi_ldivmod.o)
                              .\ARM_GCC_541\Debug\ADC-PWM-UART.a(ADC.o) (__aeabi_ldivmod)
c:/program files (x86)/cypress/psoc creator/4.2/psoc creator/import/gnu/arm/5.4.1/bin/../lib/gcc/arm-none-eabi/5.4.1/armv6-m\libgcc.a(_muldi3.o)
                              .\ARM_GCC_541\Debug\ADC-PWM-UART.a(ADC.o) (__aeabi_lmul)
c:/program files (x86)/cypress/psoc creator/4.2/psoc creator/import/gnu/arm/5.4.1/bin/../lib/gcc/arm-none-eabi/5.4.1/armv6-m\libgcc.a(bpabi.o)
                              c:/program files (x86)/cypress/psoc creator/4.2/psoc creator/import/gnu/arm/5.4.1/bin/../lib/gcc/arm-none-eabi/5.4.1/armv6-m\libgcc.a(_aeabi_ldivmod.o) (__gnu_ldivmod_helper)
c:/program files (x86)/cypress/psoc creator/4.2/psoc creator/import/gnu/arm/5.4.1/bin/../lib/gcc/arm-none-eabi/5.4.1/armv6-m\libgcc.a(divsf3.o)
                              .\ARM_GCC_541\Debug\ADC-PWM-UART.a(ADC.o) (__aeabi_fdiv)
c:/program files (x86)/cypress/psoc creator/4.2/psoc creator/import/gnu/arm/5.4.1/bin/../lib/gcc/arm-none-eabi/5.4.1/armv6-m\libgcc.a(mulsf3.o)
                              .\ARM_GCC_541\Debug\ADC-PWM-UART.a(ADC.o) (__aeabi_fmul)
c:/program files (x86)/cypress/psoc creator/4.2/psoc creator/import/gnu/arm/5.4.1/bin/../lib/gcc/arm-none-eabi/5.4.1/armv6-m\libgcc.a(floatsisf.o)
                              .\ARM_GCC_541\Debug\ADC-PWM-UART.a(ADC.o) (__aeabi_i2f)
c:/program files (x86)/cypress/psoc creator/4.2/psoc creator/import/gnu/arm/5.4.1/bin/../lib/gcc/arm-none-eabi/5.4.1/armv6-m\libgcc.a(_clzsi2.o)
                              c:/program files (x86)/cypress/psoc creator/4.2/psoc creator/import/gnu/arm/5.4.1/bin/../lib/gcc/arm-none-eabi/5.4.1/armv6-m\libgcc.a(divsf3.o) (__clzsi2)
c:/program files (x86)/cypress/psoc creator/4.2/psoc creator/import/gnu/arm/5.4.1/bin/../lib/gcc/arm-none-eabi/5.4.1/armv6-m\libgcc.a(_divdi3.o)
                              c:/program files (x86)/cypress/psoc creator/4.2/psoc creator/import/gnu/arm/5.4.1/bin/../lib/gcc/arm-none-eabi/5.4.1/armv6-m\libgcc.a(bpabi.o) (__divdi3)
c:/program files (x86)/cypress/psoc creator/4.2/psoc creator/import/gnu/arm/5.4.1/bin/../lib/gcc/arm-none-eabi/5.4.1/armv6-m\libgcc.a(_clzdi2.o)
                              c:/program files (x86)/cypress/psoc creator/4.2/psoc creator/import/gnu/arm/5.4.1/bin/../lib/gcc/arm-none-eabi/5.4.1/armv6-m\libgcc.a(_divdi3.o) (__clzdi2)
c:/program files (x86)/cypress/psoc creator/4.2/psoc creator/import/gnu/arm/5.4.1/bin/../lib/gcc/arm-none-eabi/5.4.1/../../../../arm-none-eabi/lib/armv6-m\libg_nano.a(lib_a-errno.o)
                              .\ARM_GCC_541\Debug\Cm0Start.o (__errno)
c:/program files (x86)/cypress/psoc creator/4.2/psoc creator/import/gnu/arm/5.4.1/bin/../lib/gcc/arm-none-eabi/5.4.1/../../../../arm-none-eabi/lib/armv6-m\libg_nano.a(lib_a-exit.o)
                              c:/program files (x86)/cypress/psoc creator/4.2/psoc creator/import/gnu/arm/5.4.1/bin/../lib/gcc/arm-none-eabi/5.4.1/../../../../arm-none-eabi/lib/armv6-m/crt0.o (exit)
c:/program files (x86)/cypress/psoc creator/4.2/psoc creator/import/gnu/arm/5.4.1/bin/../lib/gcc/arm-none-eabi/5.4.1/../../../../arm-none-eabi/lib/armv6-m\libg_nano.a(lib_a-impure.o)
                              c:/program files (x86)/cypress/psoc creator/4.2/psoc creator/import/gnu/arm/5.4.1/bin/../lib/gcc/arm-none-eabi/5.4.1/../../../../arm-none-eabi/lib/armv6-m\libg_nano.a(lib_a-exit.o) (_global_impure_ptr)
c:/program files (x86)/cypress/psoc creator/4.2/psoc creator/import/gnu/arm/5.4.1/bin/../lib/gcc/arm-none-eabi/5.4.1/../../../../arm-none-eabi/lib/armv6-m\libg_nano.a(lib_a-init.o)
                              c:/program files (x86)/cypress/psoc creator/4.2/psoc creator/import/gnu/arm/5.4.1/bin/../lib/gcc/arm-none-eabi/5.4.1/../../../../arm-none-eabi/lib/armv6-m/crt0.o (__libc_init_array)
c:/program files (x86)/cypress/psoc creator/4.2/psoc creator/import/gnu/arm/5.4.1/bin/../lib/gcc/arm-none-eabi/5.4.1/../../../../arm-none-eabi/lib/armv6-m\libg_nano.a(lib_a-memcpy-stub.o)
                              .\ARM_GCC_541\Debug\cyfitter_cfg.o (memcpy)
c:/program files (x86)/cypress/psoc creator/4.2/psoc creator/import/gnu/arm/5.4.1/bin/../lib/gcc/arm-none-eabi/5.4.1/../../../../arm-none-eabi/lib/armv6-m\libg_nano.a(lib_a-memset.o)
                              c:/program files (x86)/cypress/psoc creator/4.2/psoc creator/import/gnu/arm/5.4.1/bin/../lib/gcc/arm-none-eabi/5.4.1/../../../../arm-none-eabi/lib/armv6-m/crt0.o (memset)

Allocating common symbols
Common symbol       size              file

ADC_countsPer10Volt
                    0x4               .\ARM_GCC_541\Debug\ADC-PWM-UART.a(ADC.o)
ADC_offset          0x2               .\ARM_GCC_541\Debug\ADC-PWM-UART.a(ADC.o)

Discarded input sections

 .text          0x00000000        0x0 c:/program files (x86)/cypress/psoc creator/4.2/psoc creator/import/gnu/arm/5.4.1/bin/../lib/gcc/arm-none-eabi/5.4.1/armv6-m/crti.o
 .data          0x00000000        0x0 c:/program files (x86)/cypress/psoc creator/4.2/psoc creator/import/gnu/arm/5.4.1/bin/../lib/gcc/arm-none-eabi/5.4.1/armv6-m/crti.o
 .bss           0x00000000        0x0 c:/program files (x86)/cypress/psoc creator/4.2/psoc creator/import/gnu/arm/5.4.1/bin/../lib/gcc/arm-none-eabi/5.4.1/armv6-m/crti.o
 .data          0x00000000        0x4 c:/program files (x86)/cypress/psoc creator/4.2/psoc creator/import/gnu/arm/5.4.1/bin/../lib/gcc/arm-none-eabi/5.4.1/armv6-m/crtbegin.o
 .text          0x00000000       0x78 c:/program files (x86)/cypress/psoc creator/4.2/psoc creator/import/gnu/arm/5.4.1/bin/../lib/gcc/arm-none-eabi/5.4.1/../../../../arm-none-eabi/lib/armv6-m/crt0.o
 .data          0x00000000        0x0 c:/program files (x86)/cypress/psoc creator/4.2/psoc creator/import/gnu/arm/5.4.1/bin/../lib/gcc/arm-none-eabi/5.4.1/../../../../arm-none-eabi/lib/armv6-m/crt0.o
 .bss           0x00000000        0x0 c:/program files (x86)/cypress/psoc creator/4.2/psoc creator/import/gnu/arm/5.4.1/bin/../lib/gcc/arm-none-eabi/5.4.1/../../../../arm-none-eabi/lib/armv6-m/crt0.o
 .ARM.extab     0x00000000        0x0 c:/program files (x86)/cypress/psoc creator/4.2/psoc creator/import/gnu/arm/5.4.1/bin/../lib/gcc/arm-none-eabi/5.4.1/../../../../arm-none-eabi/lib/armv6-m/crt0.o
 .ARM.exidx     0x00000000        0x8 c:/program files (x86)/cypress/psoc creator/4.2/psoc creator/import/gnu/arm/5.4.1/bin/../lib/gcc/arm-none-eabi/5.4.1/../../../../arm-none-eabi/lib/armv6-m/crt0.o
 .text          0x00000000        0x0 .\ARM_GCC_541\Debug\main.o
 .data          0x00000000        0x0 .\ARM_GCC_541\Debug\main.o
 .text          0x00000000        0x0 .\ARM_GCC_541\Debug\cyfitter_cfg.o
 .data          0x00000000        0x0 .\ARM_GCC_541\Debug\cyfitter_cfg.o
 .bss           0x00000000        0x0 .\ARM_GCC_541\Debug\cyfitter_cfg.o
 .text.CYCONFIGCPY
                0x00000000       0x20 .\ARM_GCC_541\Debug\cyfitter_cfg.o
 .text.CYCONFIGCPYCODE
                0x00000000       0x20 .\ARM_GCC_541\Debug\cyfitter_cfg.o
 .text          0x00000000        0x0 .\ARM_GCC_541\Debug\cymetadata.o
 .data          0x00000000        0x0 .\ARM_GCC_541\Debug\cymetadata.o
 .bss           0x00000000        0x0 .\ARM_GCC_541\Debug\cymetadata.o
 .text          0x00000000        0x0 .\ARM_GCC_541\Debug\Cm0Start.o
 .data          0x00000000        0x4 .\ARM_GCC_541\Debug\Cm0Start.o
 .bss           0x00000000        0x0 .\ARM_GCC_541\Debug\Cm0Start.o
 .text._exit    0x00000000       0x14 .\ARM_GCC_541\Debug\Cm0Start.o
 .text._sbrk    0x00000000       0x54 .\ARM_GCC_541\Debug\Cm0Start.o
 .text          0x00000000        0x0 .\ARM_GCC_541\Debug\ADC-PWM-UART.a(UART.o)
 .data          0x00000000        0x0 .\ARM_GCC_541\Debug\ADC-PWM-UART.a(UART.o)
 .text.UART_Stop
                0x00000000       0x28 .\ARM_GCC_541\Debug\ADC-PWM-UART.a(UART.o)
 .text.UART_SetRxFifoLevel
                0x00000000       0x34 .\ARM_GCC_541\Debug\ADC-PWM-UART.a(UART.o)
 .text.UART_SetTxFifoLevel
                0x00000000       0x34 .\ARM_GCC_541\Debug\ADC-PWM-UART.a(UART.o)
 .text.UART_ScbModeStop
                0x00000000       0x10 .\ARM_GCC_541\Debug\ADC-PWM-UART.a(UART.o)
 .text.UART_I2CSlaveNackGeneration
                0x00000000       0x54 .\ARM_GCC_541\Debug\ADC-PWM-UART.a(UART.o)
 .text          0x00000000        0x0 .\ARM_GCC_541\Debug\ADC-PWM-UART.a(UART_SPI_UART.o)
 .data          0x00000000        0x0 .\ARM_GCC_541\Debug\ADC-PWM-UART.a(UART_SPI_UART.o)
 .bss           0x00000000        0x0 .\ARM_GCC_541\Debug\ADC-PWM-UART.a(UART_SPI_UART.o)
 .text.UART_SpiUartPutArray
                0x00000000       0x34 .\ARM_GCC_541\Debug\ADC-PWM-UART.a(UART_SPI_UART.o)
 .text.UART_SpiUartGetTxBufferSize
                0x00000000       0x20 .\ARM_GCC_541\Debug\ADC-PWM-UART.a(UART_SPI_UART.o)
 .text.UART_SpiUartClearTxBuffer
                0x00000000       0x2c .\ARM_GCC_541\Debug\ADC-PWM-UART.a(UART_SPI_UART.o)
 .text.UART_SpiUartDisableIntRx
                0x00000000       0x20 .\ARM_GCC_541\Debug\ADC-PWM-UART.a(UART_SPI_UART.o)
 .text.UART_SpiUartDisableIntTx
                0x00000000       0x20 .\ARM_GCC_541\Debug\ADC-PWM-UART.a(UART_SPI_UART.o)
 .text          0x00000000        0x0 .\ARM_GCC_541\Debug\ADC-PWM-UART.a(UART_UART.o)
 .data          0x00000000        0x0 .\ARM_GCC_541\Debug\ADC-PWM-UART.a(UART_UART.o)
 .bss           0x00000000        0x0 .\ARM_GCC_541\Debug\ADC-PWM-UART.a(UART_UART.o)
 .text.UART_UartStop
                0x00000000       0x34 .\ARM_GCC_541\Debug\ADC-PWM-UART.a(UART_UART.o)
 .text.UART_UartSetRxAddress
                0x00000000       0x34 .\ARM_GCC_541\Debug\ADC-PWM-UART.a(UART_UART.o)
 .text.UART_UartSetRxAddressMask
                0x00000000       0x38 .\ARM_GCC_541\Debug\ADC-PWM-UART.a(UART_UART.o)
 .text.UART_UartSendBreakBlocking
                0x00000000       0x7c .\ARM_GCC_541\Debug\ADC-PWM-UART.a(UART_UART.o)
 .text          0x00000000        0x0 .\ARM_GCC_541\Debug\ADC-PWM-UART.a(ADC.o)
 .data          0x00000000        0x0 .\ARM_GCC_541\Debug\ADC-PWM-UART.a(ADC.o)
 .rodata        0x00000000        0x4 .\ARM_GCC_541\Debug\ADC-PWM-UART.a(ADC.o)
 .text.ADC_Stop
                0x00000000       0x1c .\ARM_GCC_541\Debug\ADC-PWM-UART.a(ADC.o)
 .text.ADC_StopConvert
                0x00000000       0x20 .\ARM_GCC_541\Debug\ADC-PWM-UART.a(ADC.o)
 .text.ADC_IsEndConversion
                0x00000000       0x48 .\ARM_GCC_541\Debug\ADC-PWM-UART.a(ADC.o)
 .text.ADC_SetChanMask
                0x00000000       0x20 .\ARM_GCC_541\Debug\ADC-PWM-UART.a(ADC.o)
 .text.ADC_SetLowLimit
                0x00000000       0x30 .\ARM_GCC_541\Debug\ADC-PWM-UART.a(ADC.o)
 .text.ADC_SetHighLimit
                0x00000000       0x30 .\ARM_GCC_541\Debug\ADC-PWM-UART.a(ADC.o)
 .text.ADC_SetLimitMask
                0x00000000       0x20 .\ARM_GCC_541\Debug\ADC-PWM-UART.a(ADC.o)
 .text.ADC_SetSatMask
                0x00000000       0x20 .\ARM_GCC_541\Debug\ADC-PWM-UART.a(ADC.o)
 .text.ADC_SetOffset
                0x00000000       0x34 .\ARM_GCC_541\Debug\ADC-PWM-UART.a(ADC.o)
 .text.ADC_SetGain
                0x00000000       0x2c .\ARM_GCC_541\Debug\ADC-PWM-UART.a(ADC.o)
 .text.ADC_CountsTo_uVolts
                0x00000000       0x90 .\ARM_GCC_541\Debug\ADC-PWM-UART.a(ADC.o)
 .text.ADC_CountsTo_Volts
                0x00000000       0x80 .\ARM_GCC_541\Debug\ADC-PWM-UART.a(ADC.o)
 .text          0x00000000        0x0 .\ARM_GCC_541\Debug\ADC-PWM-UART.a(ADC_INT.o)
 .data          0x00000000        0x0 .\ARM_GCC_541\Debug\ADC-PWM-UART.a(ADC_INT.o)
 .bss           0x00000000        0x0 .\ARM_GCC_541\Debug\ADC-PWM-UART.a(ADC_INT.o)
 .text          0x00000000        0x0 .\ARM_GCC_541\Debug\ADC-PWM-UART.a(ADC_IRQ.o)
 .data          0x00000000        0x0 .\ARM_GCC_541\Debug\ADC-PWM-UART.a(ADC_IRQ.o)
 .bss           0x00000000        0x0 .\ARM_GCC_541\Debug\ADC-PWM-UART.a(ADC_IRQ.o)
 .text.ADC_IRQ_Start
                0x00000000       0x24 .\ARM_GCC_541\Debug\ADC-PWM-UART.a(ADC_IRQ.o)
 .text.ADC_IRQ_Stop
                0x00000000       0x1c .\ARM_GCC_541\Debug\ADC-PWM-UART.a(ADC_IRQ.o)
 .text.ADC_IRQ_Interrupt
                0x00000000        0xc .\ARM_GCC_541\Debug\ADC-PWM-UART.a(ADC_IRQ.o)
 .text.ADC_IRQ_GetVector
                0x00000000       0x14 .\ARM_GCC_541\Debug\ADC-PWM-UART.a(ADC_IRQ.o)
 .text.ADC_IRQ_GetPriority
                0x00000000       0x2c .\ARM_GCC_541\Debug\ADC-PWM-UART.a(ADC_IRQ.o)
 .text.ADC_IRQ_GetState
                0x00000000       0x20 .\ARM_GCC_541\Debug\ADC-PWM-UART.a(ADC_IRQ.o)
 .text.ADC_IRQ_SetPending
                0x00000000       0x18 .\ARM_GCC_541\Debug\ADC-PWM-UART.a(ADC_IRQ.o)
 .text.ADC_IRQ_ClearPending
                0x00000000       0x18 .\ARM_GCC_541\Debug\ADC-PWM-UART.a(ADC_IRQ.o)
 .text          0x00000000        0x0 .\ARM_GCC_541\Debug\ADC-PWM-UART.a(CyLib.o)
 .bss           0x00000000       0x18 .\ARM_GCC_541\Debug\ADC-PWM-UART.a(CyLib.o)
 .text.CySysClkImoStart
                0x00000000       0x1c .\ARM_GCC_541\Debug\ADC-PWM-UART.a(CyLib.o)
 .text.CySysClkImoStop
                0x00000000       0x1c .\ARM_GCC_541\Debug\ADC-PWM-UART.a(CyLib.o)
 .text.CySysClkWriteHfclkDirect
                0x00000000       0x48 .\ARM_GCC_541\Debug\ADC-PWM-UART.a(CyLib.o)
 .text.CySysEnablePumpClock
                0x00000000       0x50 .\ARM_GCC_541\Debug\ADC-PWM-UART.a(CyLib.o)
 .text.CySysClkGetSysclkSource
                0x00000000       0x34 .\ARM_GCC_541\Debug\ADC-PWM-UART.a(CyLib.o)
 .text.CySysClkWriteSysclkDiv
                0x00000000       0x48 .\ARM_GCC_541\Debug\ADC-PWM-UART.a(CyLib.o)
 .text.CySysLvdEnable
                0x00000000       0x64 .\ARM_GCC_541\Debug\ADC-PWM-UART.a(CyLib.o)
 .text.CySysLvdDisable
                0x00000000       0x2c .\ARM_GCC_541\Debug\ADC-PWM-UART.a(CyLib.o)
 .text.CySysLvdGetInterruptSource
                0x00000000       0x18 .\ARM_GCC_541\Debug\ADC-PWM-UART.a(CyLib.o)
 .text.CySysLvdClearInterrupt
                0x00000000       0x14 .\ARM_GCC_541\Debug\ADC-PWM-UART.a(CyLib.o)
 .text.CySysGetResetReason
                0x00000000       0x30 .\ARM_GCC_541\Debug\ADC-PWM-UART.a(CyLib.o)
 .text.CyDisableInts
                0x00000000       0x24 .\ARM_GCC_541\Debug\ADC-PWM-UART.a(CyLib.o)
 .text.CyEnableInts
                0x00000000       0x1c .\ARM_GCC_541\Debug\ADC-PWM-UART.a(CyLib.o)
 .text.CyIntSetSysVector
                0x00000000       0x48 .\ARM_GCC_541\Debug\ADC-PWM-UART.a(CyLib.o)
 .text.CyIntGetSysVector
                0x00000000       0x34 .\ARM_GCC_541\Debug\ADC-PWM-UART.a(CyLib.o)
 .text.CyIntGetVector
                0x00000000       0x38 .\ARM_GCC_541\Debug\ADC-PWM-UART.a(CyLib.o)
 .text.CyIntGetPriority
                0x00000000       0x58 .\ARM_GCC_541\Debug\ADC-PWM-UART.a(CyLib.o)
 .text.CyIntEnable
                0x00000000       0x2c .\ARM_GCC_541\Debug\ADC-PWM-UART.a(CyLib.o)
 .text.CyIntGetState
                0x00000000       0x30 .\ARM_GCC_541\Debug\ADC-PWM-UART.a(CyLib.o)
 .text.CyIntDisable
                0x00000000       0x2c .\ARM_GCC_541\Debug\ADC-PWM-UART.a(CyLib.o)
 .text.CyIntSetPending
                0x00000000       0x2c .\ARM_GCC_541\Debug\ADC-PWM-UART.a(CyLib.o)
 .text.CyIntClearPending
                0x00000000       0x2c .\ARM_GCC_541\Debug\ADC-PWM-UART.a(CyLib.o)
 .text.CySoftwareReset
                0x00000000       0x24 .\ARM_GCC_541\Debug\ADC-PWM-UART.a(CyLib.o)
 .text.CyDelay  0x00000000       0x4c .\ARM_GCC_541\Debug\ADC-PWM-UART.a(CyLib.o)
 .text.CyDelayFreq
                0x00000000       0x84 .\ARM_GCC_541\Debug\ADC-PWM-UART.a(CyLib.o)
 .text.CySysTickStart
                0x00000000       0x24 .\ARM_GCC_541\Debug\ADC-PWM-UART.a(CyLib.o)
 .text.CySysTickInit
                0x00000000       0x5c .\ARM_GCC_541\Debug\ADC-PWM-UART.a(CyLib.o)
 .text.CySysTickEnable
                0x00000000       0x20 .\ARM_GCC_541\Debug\ADC-PWM-UART.a(CyLib.o)
 .text.CySysTickStop
                0x00000000       0x1c .\ARM_GCC_541\Debug\ADC-PWM-UART.a(CyLib.o)
 .text.CySysTickEnableInterrupt
                0x00000000       0x1c .\ARM_GCC_541\Debug\ADC-PWM-UART.a(CyLib.o)
 .text.CySysTickDisableInterrupt
                0x00000000       0x1c .\ARM_GCC_541\Debug\ADC-PWM-UART.a(CyLib.o)
 .text.CySysTickSetReload
                0x00000000       0x20 .\ARM_GCC_541\Debug\ADC-PWM-UART.a(CyLib.o)
 .text.CySysTickGetReload
                0x00000000       0x18 .\ARM_GCC_541\Debug\ADC-PWM-UART.a(CyLib.o)
 .text.CySysTickGetValue
                0x00000000       0x18 .\ARM_GCC_541\Debug\ADC-PWM-UART.a(CyLib.o)
 .text.CySysTickGetCountFlag
                0x00000000       0x18 .\ARM_GCC_541\Debug\ADC-PWM-UART.a(CyLib.o)
 .text.CySysTickClear
                0x00000000       0x14 .\ARM_GCC_541\Debug\ADC-PWM-UART.a(CyLib.o)
 .text.CySysTickSetCallback
                0x00000000       0x2c .\ARM_GCC_541\Debug\ADC-PWM-UART.a(CyLib.o)
 .text.CySysTickGetCallback
                0x00000000       0x1c .\ARM_GCC_541\Debug\ADC-PWM-UART.a(CyLib.o)
 .text.CySysTickServiceCallbacks
                0x00000000       0x44 .\ARM_GCC_541\Debug\ADC-PWM-UART.a(CyLib.o)
 .text.CyGetUniqueId
                0x00000000       0xc0 .\ARM_GCC_541\Debug\ADC-PWM-UART.a(CyLib.o)
 .text          0x00000000        0x0 .\ARM_GCC_541\Debug\ADC-PWM-UART.a(PWM.o)
 .data          0x00000000        0x0 .\ARM_GCC_541\Debug\ADC-PWM-UART.a(PWM.o)
 .text.PWM_Stop
                0x00000000       0x20 .\ARM_GCC_541\Debug\ADC-PWM-UART.a(PWM.o)
 .text.PWM_ReadCounter
                0x00000000       0x1c .\ARM_GCC_541\Debug\ADC-PWM-UART.a(PWM.o)
 .text.PWM_ReadControlRegister
                0x00000000       0x20 .\ARM_GCC_541\Debug\ADC-PWM-UART.a(PWM.o)
 .text.PWM_WriteControlRegister
                0x00000000       0x20 .\ARM_GCC_541\Debug\ADC-PWM-UART.a(PWM.o)
 .text.PWM_ReadCompare
                0x00000000       0x14 .\ARM_GCC_541\Debug\ADC-PWM-UART.a(PWM.o)
 .text.PWM_ReadPeriod
                0x00000000       0x14 .\ARM_GCC_541\Debug\ADC-PWM-UART.a(PWM.o)
 .data          0x00000000        0x0 .\ARM_GCC_541\Debug\ADC-PWM-UART.a(CyBootAsmGnu.o)
 .bss           0x00000000        0x0 .\ARM_GCC_541\Debug\ADC-PWM-UART.a(CyBootAsmGnu.o)
 .data          0x00000000        0x0 c:/program files (x86)/cypress/psoc creator/4.2/psoc creator/import/gnu/arm/5.4.1/bin/../lib/gcc/arm-none-eabi/5.4.1/armv6-m\libgcc.a(_udivsi3.o)
 .bss           0x00000000        0x0 c:/program files (x86)/cypress/psoc creator/4.2/psoc creator/import/gnu/arm/5.4.1/bin/../lib/gcc/arm-none-eabi/5.4.1/armv6-m\libgcc.a(_udivsi3.o)
 .data          0x00000000        0x0 c:/program files (x86)/cypress/psoc creator/4.2/psoc creator/import/gnu/arm/5.4.1/bin/../lib/gcc/arm-none-eabi/5.4.1/armv6-m\libgcc.a(_divsi3.o)
 .bss           0x00000000        0x0 c:/program files (x86)/cypress/psoc creator/4.2/psoc creator/import/gnu/arm/5.4.1/bin/../lib/gcc/arm-none-eabi/5.4.1/armv6-m\libgcc.a(_divsi3.o)
 .data          0x00000000        0x0 c:/program files (x86)/cypress/psoc creator/4.2/psoc creator/import/gnu/arm/5.4.1/bin/../lib/gcc/arm-none-eabi/5.4.1/armv6-m\libgcc.a(_dvmd_tls.o)
 .bss           0x00000000        0x0 c:/program files (x86)/cypress/psoc creator/4.2/psoc creator/import/gnu/arm/5.4.1/bin/../lib/gcc/arm-none-eabi/5.4.1/armv6-m\libgcc.a(_dvmd_tls.o)
 .text          0x00000000       0x48 c:/program files (x86)/cypress/psoc creator/4.2/psoc creator/import/gnu/arm/5.4.1/bin/../lib/gcc/arm-none-eabi/5.4.1/armv6-m\libgcc.a(_aeabi_ldivmod.o)
 .data          0x00000000        0x0 c:/program files (x86)/cypress/psoc creator/4.2/psoc creator/import/gnu/arm/5.4.1/bin/../lib/gcc/arm-none-eabi/5.4.1/armv6-m\libgcc.a(_aeabi_ldivmod.o)
 .bss           0x00000000        0x0 c:/program files (x86)/cypress/psoc creator/4.2/psoc creator/import/gnu/arm/5.4.1/bin/../lib/gcc/arm-none-eabi/5.4.1/armv6-m\libgcc.a(_aeabi_ldivmod.o)
 .text          0x00000000       0x58 c:/program files (x86)/cypress/psoc creator/4.2/psoc creator/import/gnu/arm/5.4.1/bin/../lib/gcc/arm-none-eabi/5.4.1/armv6-m\libgcc.a(_muldi3.o)
 .data          0x00000000        0x0 c:/program files (x86)/cypress/psoc creator/4.2/psoc creator/import/gnu/arm/5.4.1/bin/../lib/gcc/arm-none-eabi/5.4.1/armv6-m\libgcc.a(_muldi3.o)
 .bss           0x00000000        0x0 c:/program files (x86)/cypress/psoc creator/4.2/psoc creator/import/gnu/arm/5.4.1/bin/../lib/gcc/arm-none-eabi/5.4.1/armv6-m\libgcc.a(_muldi3.o)
 .text          0x00000000       0x38 c:/program files (x86)/cypress/psoc creator/4.2/psoc creator/import/gnu/arm/5.4.1/bin/../lib/gcc/arm-none-eabi/5.4.1/armv6-m\libgcc.a(bpabi.o)
 .data          0x00000000        0x0 c:/program files (x86)/cypress/psoc creator/4.2/psoc creator/import/gnu/arm/5.4.1/bin/../lib/gcc/arm-none-eabi/5.4.1/armv6-m\libgcc.a(bpabi.o)
 .bss           0x00000000        0x0 c:/program files (x86)/cypress/psoc creator/4.2/psoc creator/import/gnu/arm/5.4.1/bin/../lib/gcc/arm-none-eabi/5.4.1/armv6-m\libgcc.a(bpabi.o)
 .text          0x00000000      0x234 c:/program files (x86)/cypress/psoc creator/4.2/psoc creator/import/gnu/arm/5.4.1/bin/../lib/gcc/arm-none-eabi/5.4.1/armv6-m\libgcc.a(divsf3.o)
 .data          0x00000000        0x0 c:/program files (x86)/cypress/psoc creator/4.2/psoc creator/import/gnu/arm/5.4.1/bin/../lib/gcc/arm-none-eabi/5.4.1/armv6-m\libgcc.a(divsf3.o)
 .bss           0x00000000        0x0 c:/program files (x86)/cypress/psoc creator/4.2/psoc creator/import/gnu/arm/5.4.1/bin/../lib/gcc/arm-none-eabi/5.4.1/armv6-m\libgcc.a(divsf3.o)
 .rodata        0x00000000       0x80 c:/program files (x86)/cypress/psoc creator/4.2/psoc creator/import/gnu/arm/5.4.1/bin/../lib/gcc/arm-none-eabi/5.4.1/armv6-m\libgcc.a(divsf3.o)
 .text          0x00000000      0x228 c:/program files (x86)/cypress/psoc creator/4.2/psoc creator/import/gnu/arm/5.4.1/bin/../lib/gcc/arm-none-eabi/5.4.1/armv6-m\libgcc.a(mulsf3.o)
 .data          0x00000000        0x0 c:/program files (x86)/cypress/psoc creator/4.2/psoc creator/import/gnu/arm/5.4.1/bin/../lib/gcc/arm-none-eabi/5.4.1/armv6-m\libgcc.a(mulsf3.o)
 .bss           0x00000000        0x0 c:/program files (x86)/cypress/psoc creator/4.2/psoc creator/import/gnu/arm/5.4.1/bin/../lib/gcc/arm-none-eabi/5.4.1/armv6-m\libgcc.a(mulsf3.o)
 .rodata        0x00000000       0x40 c:/program files (x86)/cypress/psoc creator/4.2/psoc creator/import/gnu/arm/5.4.1/bin/../lib/gcc/arm-none-eabi/5.4.1/armv6-m\libgcc.a(mulsf3.o)
 .text          0x00000000       0x90 c:/program files (x86)/cypress/psoc creator/4.2/psoc creator/import/gnu/arm/5.4.1/bin/../lib/gcc/arm-none-eabi/5.4.1/armv6-m\libgcc.a(floatsisf.o)
 .data          0x00000000        0x0 c:/program files (x86)/cypress/psoc creator/4.2/psoc creator/import/gnu/arm/5.4.1/bin/../lib/gcc/arm-none-eabi/5.4.1/armv6-m\libgcc.a(floatsisf.o)
 .bss           0x00000000        0x0 c:/program files (x86)/cypress/psoc creator/4.2/psoc creator/import/gnu/arm/5.4.1/bin/../lib/gcc/arm-none-eabi/5.4.1/armv6-m\libgcc.a(floatsisf.o)
 .text          0x00000000       0x3c c:/program files (x86)/cypress/psoc creator/4.2/psoc creator/import/gnu/arm/5.4.1/bin/../lib/gcc/arm-none-eabi/5.4.1/armv6-m\libgcc.a(_clzsi2.o)
 .data          0x00000000        0x0 c:/program files (x86)/cypress/psoc creator/4.2/psoc creator/import/gnu/arm/5.4.1/bin/../lib/gcc/arm-none-eabi/5.4.1/armv6-m\libgcc.a(_clzsi2.o)
 .bss           0x00000000        0x0 c:/program files (x86)/cypress/psoc creator/4.2/psoc creator/import/gnu/arm/5.4.1/bin/../lib/gcc/arm-none-eabi/5.4.1/armv6-m\libgcc.a(_clzsi2.o)
 .text          0x00000000      0x1bc c:/program files (x86)/cypress/psoc creator/4.2/psoc creator/import/gnu/arm/5.4.1/bin/../lib/gcc/arm-none-eabi/5.4.1/armv6-m\libgcc.a(_divdi3.o)
 .data          0x00000000        0x0 c:/program files (x86)/cypress/psoc creator/4.2/psoc creator/import/gnu/arm/5.4.1/bin/../lib/gcc/arm-none-eabi/5.4.1/armv6-m\libgcc.a(_divdi3.o)
 .bss           0x00000000        0x0 c:/program files (x86)/cypress/psoc creator/4.2/psoc creator/import/gnu/arm/5.4.1/bin/../lib/gcc/arm-none-eabi/5.4.1/armv6-m\libgcc.a(_divdi3.o)
 .ARM.extab     0x00000000        0x0 c:/program files (x86)/cypress/psoc creator/4.2/psoc creator/import/gnu/arm/5.4.1/bin/../lib/gcc/arm-none-eabi/5.4.1/armv6-m\libgcc.a(_divdi3.o)
 .ARM.exidx     0x00000000        0x8 c:/program files (x86)/cypress/psoc creator/4.2/psoc creator/import/gnu/arm/5.4.1/bin/../lib/gcc/arm-none-eabi/5.4.1/armv6-m\libgcc.a(_divdi3.o)
 .text          0x00000000       0x18 c:/program files (x86)/cypress/psoc creator/4.2/psoc creator/import/gnu/arm/5.4.1/bin/../lib/gcc/arm-none-eabi/5.4.1/armv6-m\libgcc.a(_clzdi2.o)
 .data          0x00000000        0x0 c:/program files (x86)/cypress/psoc creator/4.2/psoc creator/import/gnu/arm/5.4.1/bin/../lib/gcc/arm-none-eabi/5.4.1/armv6-m\libgcc.a(_clzdi2.o)
 .bss           0x00000000        0x0 c:/program files (x86)/cypress/psoc creator/4.2/psoc creator/import/gnu/arm/5.4.1/bin/../lib/gcc/arm-none-eabi/5.4.1/armv6-m\libgcc.a(_clzdi2.o)
 .text          0x00000000        0x0 c:/program files (x86)/cypress/psoc creator/4.2/psoc creator/import/gnu/arm/5.4.1/bin/../lib/gcc/arm-none-eabi/5.4.1/../../../../arm-none-eabi/lib/armv6-m\libg_nano.a(lib_a-errno.o)
 .data          0x00000000        0x0 c:/program files (x86)/cypress/psoc creator/4.2/psoc creator/import/gnu/arm/5.4.1/bin/../lib/gcc/arm-none-eabi/5.4.1/../../../../arm-none-eabi/lib/armv6-m\libg_nano.a(lib_a-errno.o)
 .bss           0x00000000        0x0 c:/program files (x86)/cypress/psoc creator/4.2/psoc creator/import/gnu/arm/5.4.1/bin/../lib/gcc/arm-none-eabi/5.4.1/../../../../arm-none-eabi/lib/armv6-m\libg_nano.a(lib_a-errno.o)
 .text          0x00000000        0x0 c:/program files (x86)/cypress/psoc creator/4.2/psoc creator/import/gnu/arm/5.4.1/bin/../lib/gcc/arm-none-eabi/5.4.1/../../../../arm-none-eabi/lib/armv6-m\libg_nano.a(lib_a-exit.o)
 .data          0x00000000        0x0 c:/program files (x86)/cypress/psoc creator/4.2/psoc creator/import/gnu/arm/5.4.1/bin/../lib/gcc/arm-none-eabi/5.4.1/../../../../arm-none-eabi/lib/armv6-m\libg_nano.a(lib_a-exit.o)
 .bss           0x00000000        0x0 c:/program files (x86)/cypress/psoc creator/4.2/psoc creator/import/gnu/arm/5.4.1/bin/../lib/gcc/arm-none-eabi/5.4.1/../../../../arm-none-eabi/lib/armv6-m\libg_nano.a(lib_a-exit.o)
 .text.exit     0x00000000       0x2c c:/program files (x86)/cypress/psoc creator/4.2/psoc creator/import/gnu/arm/5.4.1/bin/../lib/gcc/arm-none-eabi/5.4.1/../../../../arm-none-eabi/lib/armv6-m\libg_nano.a(lib_a-exit.o)
 .text          0x00000000        0x0 c:/program files (x86)/cypress/psoc creator/4.2/psoc creator/import/gnu/arm/5.4.1/bin/../lib/gcc/arm-none-eabi/5.4.1/../../../../arm-none-eabi/lib/armv6-m\libg_nano.a(lib_a-impure.o)
 .data          0x00000000        0x0 c:/program files (x86)/cypress/psoc creator/4.2/psoc creator/import/gnu/arm/5.4.1/bin/../lib/gcc/arm-none-eabi/5.4.1/../../../../arm-none-eabi/lib/armv6-m\libg_nano.a(lib_a-impure.o)
 .bss           0x00000000        0x0 c:/program files (x86)/cypress/psoc creator/4.2/psoc creator/import/gnu/arm/5.4.1/bin/../lib/gcc/arm-none-eabi/5.4.1/../../../../arm-none-eabi/lib/armv6-m\libg_nano.a(lib_a-impure.o)
 .rodata._global_impure_ptr
                0x00000000        0x4 c:/program files (x86)/cypress/psoc creator/4.2/psoc creator/import/gnu/arm/5.4.1/bin/../lib/gcc/arm-none-eabi/5.4.1/../../../../arm-none-eabi/lib/armv6-m\libg_nano.a(lib_a-impure.o)
 .text          0x00000000        0x0 c:/program files (x86)/cypress/psoc creator/4.2/psoc creator/import/gnu/arm/5.4.1/bin/../lib/gcc/arm-none-eabi/5.4.1/../../../../arm-none-eabi/lib/armv6-m\libg_nano.a(lib_a-init.o)
 .data          0x00000000        0x0 c:/program files (x86)/cypress/psoc creator/4.2/psoc creator/import/gnu/arm/5.4.1/bin/../lib/gcc/arm-none-eabi/5.4.1/../../../../arm-none-eabi/lib/armv6-m\libg_nano.a(lib_a-init.o)
 .bss           0x00000000        0x0 c:/program files (x86)/cypress/psoc creator/4.2/psoc creator/import/gnu/arm/5.4.1/bin/../lib/gcc/arm-none-eabi/5.4.1/../../../../arm-none-eabi/lib/armv6-m\libg_nano.a(lib_a-init.o)
 .text          0x00000000        0x0 c:/program files (x86)/cypress/psoc creator/4.2/psoc creator/import/gnu/arm/5.4.1/bin/../lib/gcc/arm-none-eabi/5.4.1/../../../../arm-none-eabi/lib/armv6-m\libg_nano.a(lib_a-memcpy-stub.o)
 .data          0x00000000        0x0 c:/program files (x86)/cypress/psoc creator/4.2/psoc creator/import/gnu/arm/5.4.1/bin/../lib/gcc/arm-none-eabi/5.4.1/../../../../arm-none-eabi/lib/armv6-m\libg_nano.a(lib_a-memcpy-stub.o)
 .bss           0x00000000        0x0 c:/program files (x86)/cypress/psoc creator/4.2/psoc creator/import/gnu/arm/5.4.1/bin/../lib/gcc/arm-none-eabi/5.4.1/../../../../arm-none-eabi/lib/armv6-m\libg_nano.a(lib_a-memcpy-stub.o)
 .text.memcpy   0x00000000       0x12 c:/program files (x86)/cypress/psoc creator/4.2/psoc creator/import/gnu/arm/5.4.1/bin/../lib/gcc/arm-none-eabi/5.4.1/../../../../arm-none-eabi/lib/armv6-m\libg_nano.a(lib_a-memcpy-stub.o)
 .text          0x00000000        0x0 c:/program files (x86)/cypress/psoc creator/4.2/psoc creator/import/gnu/arm/5.4.1/bin/../lib/gcc/arm-none-eabi/5.4.1/../../../../arm-none-eabi/lib/armv6-m\libg_nano.a(lib_a-memset.o)
 .data          0x00000000        0x0 c:/program files (x86)/cypress/psoc creator/4.2/psoc creator/import/gnu/arm/5.4.1/bin/../lib/gcc/arm-none-eabi/5.4.1/../../../../arm-none-eabi/lib/armv6-m\libg_nano.a(lib_a-memset.o)
 .bss           0x00000000        0x0 c:/program files (x86)/cypress/psoc creator/4.2/psoc creator/import/gnu/arm/5.4.1/bin/../lib/gcc/arm-none-eabi/5.4.1/../../../../arm-none-eabi/lib/armv6-m\libg_nano.a(lib_a-memset.o)
 .text          0x00000000        0x0 c:/program files (x86)/cypress/psoc creator/4.2/psoc creator/import/gnu/arm/5.4.1/bin/../lib/gcc/arm-none-eabi/5.4.1/armv6-m/crtend.o
 .data          0x00000000        0x0 c:/program files (x86)/cypress/psoc creator/4.2/psoc creator/import/gnu/arm/5.4.1/bin/../lib/gcc/arm-none-eabi/5.4.1/armv6-m/crtend.o
 .bss           0x00000000        0x0 c:/program files (x86)/cypress/psoc creator/4.2/psoc creator/import/gnu/arm/5.4.1/bin/../lib/gcc/arm-none-eabi/5.4.1/armv6-m/crtend.o
 .text          0x00000000        0x0 c:/program files (x86)/cypress/psoc creator/4.2/psoc creator/import/gnu/arm/5.4.1/bin/../lib/gcc/arm-none-eabi/5.4.1/armv6-m/crtn.o
 .data          0x00000000        0x0 c:/program files (x86)/cypress/psoc creator/4.2/psoc creator/import/gnu/arm/5.4.1/bin/../lib/gcc/arm-none-eabi/5.4.1/armv6-m/crtn.o
 .bss           0x00000000        0x0 c:/program files (x86)/cypress/psoc creator/4.2/psoc creator/import/gnu/arm/5.4.1/bin/../lib/gcc/arm-none-eabi/5.4.1/armv6-m/crtn.o

Memory Configuration

Name             Origin             Length             Attributes
rom              0x00000000         0x00008000         xr
ram              0x20000000         0x00001000         xrw
*default*        0x00000000         0xffffffff

Linker script and memory map

LOAD c:/program files (x86)/cypress/psoc creator/4.2/psoc creator/import/gnu/arm/5.4.1/bin/../lib/gcc/arm-none-eabi/5.4.1/armv6-m/crti.o
LOAD c:/program files (x86)/cypress/psoc creator/4.2/psoc creator/import/gnu/arm/5.4.1/bin/../lib/gcc/arm-none-eabi/5.4.1/armv6-m/crtbegin.o
LOAD c:/program files (x86)/cypress/psoc creator/4.2/psoc creator/import/gnu/arm/5.4.1/bin/../lib/gcc/arm-none-eabi/5.4.1/../../../../arm-none-eabi/lib/armv6-m/crt0.o
START GROUP
LOAD .\ARM_GCC_541\Debug\main.o
LOAD .\ARM_GCC_541\Debug\cyfitter_cfg.o
LOAD .\ARM_GCC_541\Debug\cymetadata.o
LOAD .\ARM_GCC_541\Debug\Cm0Start.o
LOAD .\ARM_GCC_541\Debug\ADC-PWM-UART.a
END GROUP
START GROUP
LOAD c:/program files (x86)/cypress/psoc creator/4.2/psoc creator/import/gnu/arm/5.4.1/bin/../lib/gcc/arm-none-eabi/5.4.1/armv6-m\libgcc.a
LOAD c:/program files (x86)/cypress/psoc creator/4.2/psoc creator/import/gnu/arm/5.4.1/bin/../lib/gcc/arm-none-eabi/5.4.1/../../../../arm-none-eabi/lib/armv6-m\libg_nano.a
LOAD c:/program files (x86)/cypress/psoc creator/4.2/psoc creator/import/gnu/arm/5.4.1/bin/../lib/gcc/arm-none-eabi/5.4.1/../../../../arm-none-eabi/lib/armv6-m\libc_nano.a
END GROUP
START GROUP
LOAD c:/program files (x86)/cypress/psoc creator/4.2/psoc creator/import/gnu/arm/5.4.1/bin/../lib/gcc/arm-none-eabi/5.4.1/armv6-m\libgcc.a
LOAD c:/program files (x86)/cypress/psoc creator/4.2/psoc creator/import/gnu/arm/5.4.1/bin/../lib/gcc/arm-none-eabi/5.4.1/../../../../arm-none-eabi/lib/armv6-m\libc_nano.a
END GROUP
LOAD c:/program files (x86)/cypress/psoc creator/4.2/psoc creator/import/gnu/arm/5.4.1/bin/../lib/gcc/arm-none-eabi/5.4.1/armv6-m/crtend.o
LOAD c:/program files (x86)/cypress/psoc creator/4.2/psoc creator/import/gnu/arm/5.4.1/bin/../lib/gcc/arm-none-eabi/5.4.1/armv6-m/crtn.o
START GROUP
LOAD c:/program files (x86)/cypress/psoc creator/4.2/psoc creator/import/gnu/arm/5.4.1/bin/../lib/gcc/arm-none-eabi/5.4.1/armv6-m\libgcc.a
LOAD c:/program files (x86)/cypress/psoc creator/4.2/psoc creator/import/gnu/arm/5.4.1/bin/../lib/gcc/arm-none-eabi/5.4.1/../../../../arm-none-eabi/lib/armv6-m\libc.a
LOAD c:/program files (x86)/cypress/psoc creator/4.2/psoc creator/import/gnu/arm/5.4.1/bin/../lib/gcc/arm-none-eabi/5.4.1/../../../../arm-none-eabi/lib/armv6-m\libnosys.a
END GROUP
                0x00000000                CY_APPL_ORIGIN = 0x0
                0x00000080                CY_FLASH_ROW_SIZE = 0x80
                0x00000001                CY_APPL_NUM = 0x1
                0x00000001                CY_APPL_MAX = 0x1
                0x00000040                CY_METADATA_SIZE = 0x40
                0x00000000                CY_APPL_LOADABLE = 0x0
                0x00000000                CY_CHECKSUM_EXCLUDE_SIZE = ALIGN (0x0, CY_FLASH_ROW_SIZE)
                0x00000000                CY_APP_FOR_STACK_AND_COPIER = 0x0
                [!provide]                PROVIDE (__cy_heap_start, _end)
                0x00000001                PROVIDE (__cy_region_num, ((__cy_regions_end - __cy_regions) / 0x10))
                0x20001000                PROVIDE (__cy_stack, (ORIGIN (ram) + LENGTH (ram)))
                [!provide]                PROVIDE (__cy_heap_end, (__cy_stack - 0x400))

.cybootloader   0x00000000        0x0
 *(.cybootloader)
                0x00000000                appl1_start = CY_APPL_ORIGIN?CY_APPL_ORIGIN:ALIGN (CY_FLASH_ROW_SIZE)
                0x00003f80                appl2_start = (appl1_start + ALIGN ((((LENGTH (rom) - appl1_start) - (0x2 * CY_FLASH_ROW_SIZE)) / 0x2), CY_FLASH_ROW_SIZE))
                0x00000000                appl_start = (CY_APPL_NUM == 0x1)?appl1_start:appl2_start
                0x00000001                cy_project_type_bootloader = (appl_start == 0x0)?0x1:0x0
                0x00000000                cy_project_type_app_for_stack_and_copier = (CY_APP_FOR_STACK_AND_COPIER == 0x1)?0x1:0x0

.text           0x00000000     0x14b8
 CREATE_OBJECT_SYMBOLS
                0x00000000                PROVIDE (__cy_interrupt_vector, RomVectors)
 *(.romvectors)
 .romvectors    0x00000000       0x10 .\ARM_GCC_541\Debug\Cm0Start.o
                0x00000000                RomVectors
                0x00000001                ASSERT ((. != __cy_interrupt_vector), No interrupt vector)
                0x00000001                ASSERT (CY_APPL_ORIGIN?(SIZEOF (.cybootloader) <= CY_APPL_ORIGIN):0x1, Wrong image location)
                0x00000010                PROVIDE (__cy_reset, Reset)
 *(.text.Reset)
 .text.Reset    0x00000010        0x8 .\ARM_GCC_541\Debug\Cm0Start.o
                0x00000010                Reset
                0x00000001                ASSERT ((. != __cy_reset), No reset code)
 *(.psocinit)
 .psocinit      0x00000018      0x200 .\ARM_GCC_541\Debug\cyfitter_cfg.o
                0x000000bc                cyfitter_cfg
                0x00000218                . = MAX (., 0x100)
 *(.text .text.* .gnu.linkonce.t.*)
 .text          0x00000218       0x60 c:/program files (x86)/cypress/psoc creator/4.2/psoc creator/import/gnu/arm/5.4.1/bin/../lib/gcc/arm-none-eabi/5.4.1/armv6-m/crtbegin.o
 .text.main     0x00000278       0xe8 .\ARM_GCC_541\Debug\main.o
                0x00000278                main
 .text.SendChannelVoltage
                0x00000360      0x128 .\ARM_GCC_541\Debug\main.o
 .text.ADC_ISR_Handler
                0x00000488       0x50 .\ARM_GCC_541\Debug\main.o
                0x00000488                ADC_ISR_Handler
 .text.CYMEMZERO
                0x000004d8       0x20 .\ARM_GCC_541\Debug\cyfitter_cfg.o
 .text.cfg_write_bytes32
                0x000004f8       0x84 .\ARM_GCC_541\Debug\cyfitter_cfg.o
 .text.AnalogSetDefault
                0x0000057c       0x14 .\ARM_GCC_541\Debug\cyfitter_cfg.o
 .text.IntDefaultHandler
                0x00000590       0x14 .\ARM_GCC_541\Debug\Cm0Start.o
                0x00000590                IntDefaultHandler
 .text.Start_c  0x000005a4       0x98 .\ARM_GCC_541\Debug\Cm0Start.o
                0x000005a4                Start_c
 .text.initialize_psoc
                0x0000063c       0x64 .\ARM_GCC_541\Debug\Cm0Start.o
                0x0000063c                initialize_psoc
 .text.UART_Init
                0x000006a0       0x10 .\ARM_GCC_541\Debug\ADC-PWM-UART.a(UART.o)
                0x000006a0                UART_Init
 .text.UART_Enable
                0x000006b0       0x24 .\ARM_GCC_541\Debug\ADC-PWM-UART.a(UART.o)
                0x000006b0                UART_Enable
 .text.UART_Start
                0x000006d4       0x24 .\ARM_GCC_541\Debug\ADC-PWM-UART.a(UART.o)
                0x000006d4                UART_Start
 .text.UART_ScbEnableIntr
                0x000006f8        0xc .\ARM_GCC_541\Debug\ADC-PWM-UART.a(UART.o)
 .text.UART_ScbModePostEnable
                0x00000704       0x10 .\ARM_GCC_541\Debug\ADC-PWM-UART.a(UART.o)
 .text.UART_SpiUartWriteTxData
                0x00000714       0x2c .\ARM_GCC_541\Debug\ADC-PWM-UART.a(UART_SPI_UART.o)
                0x00000714                UART_SpiUartWriteTxData
 .text.UART_UartInit
                0x00000740       0xbc .\ARM_GCC_541\Debug\ADC-PWM-UART.a(UART_UART.o)
                0x00000740                UART_UartInit
 .text.UART_UartPostEnable
                0x000007fc       0x30 .\ARM_GCC_541\Debug\ADC-PWM-UART.a(UART_UART.o)
                0x000007fc                UART_UartPostEnable
 .text.UART_UartPutString
                0x0000082c       0x38 .\ARM_GCC_541\Debug\ADC-PWM-UART.a(UART_UART.o)
                0x0000082c                UART_UartPutString
 .text.UART_UartPutCRLF
                0x00000864       0x24 .\ARM_GCC_541\Debug\ADC-PWM-UART.a(UART_UART.o)
                0x00000864                UART_UartPutCRLF
 .text.ADC_Start
                0x00000888       0x24 .\ARM_GCC_541\Debug\ADC-PWM-UART.a(ADC.o)
                0x00000888                ADC_Start
 .text.ADC_Init
                0x000008ac      0x1d8 .\ARM_GCC_541\Debug\ADC-PWM-UART.a(ADC.o)
                0x000008ac                ADC_Init
 .text.ADC_Enable
                0x00000a84       0x2c .\ARM_GCC_541\Debug\ADC-PWM-UART.a(ADC.o)
                0x00000a84                ADC_Enable
 .text.ADC_StartConvert
                0x00000ab0       0x1c .\ARM_GCC_541\Debug\ADC-PWM-UART.a(ADC.o)
                0x00000ab0                ADC_StartConvert
 .text.ADC_GetResult16
                0x00000acc       0x44 .\ARM_GCC_541\Debug\ADC-PWM-UART.a(ADC.o)
                0x00000acc                ADC_GetResult16
 .text.ADC_CountsTo_mVolts
                0x00000b10       0xa0 .\ARM_GCC_541\Debug\ADC-PWM-UART.a(ADC.o)
                0x00000b10                ADC_CountsTo_mVolts
 .text.ADC_ISR  0x00000bb0       0x20 .\ARM_GCC_541\Debug\ADC-PWM-UART.a(ADC_INT.o)
                0x00000bb0                ADC_ISR
 .text.ADC_IRQ_StartEx
                0x00000bd0       0x28 .\ARM_GCC_541\Debug\ADC-PWM-UART.a(ADC_IRQ.o)
                0x00000bd0                ADC_IRQ_StartEx
 .text.ADC_IRQ_SetVector
                0x00000bf8       0x1c .\ARM_GCC_541\Debug\ADC-PWM-UART.a(ADC_IRQ.o)
                0x00000bf8                ADC_IRQ_SetVector
 .text.ADC_IRQ_SetPriority
                0x00000c14       0x50 .\ARM_GCC_541\Debug\ADC-PWM-UART.a(ADC_IRQ.o)
                0x00000c14                ADC_IRQ_SetPriority
 .text.ADC_IRQ_Enable
                0x00000c64       0x18 .\ARM_GCC_541\Debug\ADC-PWM-UART.a(ADC_IRQ.o)
                0x00000c64                ADC_IRQ_Enable
 .text.ADC_IRQ_Disable
                0x00000c7c       0x18 .\ARM_GCC_541\Debug\ADC-PWM-UART.a(ADC_IRQ.o)
                0x00000c7c                ADC_IRQ_Disable
 .text.CySysClkWriteImoFreq
                0x00000c94      0x1e4 .\ARM_GCC_541\Debug\ADC-PWM-UART.a(CyLib.o)
                0x00000c94                CySysClkWriteImoFreq
 .text.CyIntSetVector
                0x00000e78       0x4c .\ARM_GCC_541\Debug\ADC-PWM-UART.a(CyLib.o)
                0x00000e78                CyIntSetVector
 .text.CyIntSetPriority
                0x00000ec4       0xa8 .\ARM_GCC_541\Debug\ADC-PWM-UART.a(CyLib.o)
                0x00000ec4                CyIntSetPriority
 .text.CyHalt   0x00000f6c       0x18 .\ARM_GCC_541\Debug\ADC-PWM-UART.a(CyLib.o)
                0x00000f6c                CyHalt
 .text.CyDelayUs
                0x00000f84       0x28 .\ARM_GCC_541\Debug\ADC-PWM-UART.a(CyLib.o)
                0x00000f84                CyDelayUs
 .text.PWM_Start
                0x00000fac       0x24 .\ARM_GCC_541\Debug\ADC-PWM-UART.a(PWM.o)
                0x00000fac                PWM_Start
 .text.PWM_Init
                0x00000fd0       0x84 .\ARM_GCC_541\Debug\ADC-PWM-UART.a(PWM.o)
                0x00000fd0                PWM_Init
 .text.PWM_Enable
                0x00001054       0x20 .\ARM_GCC_541\Debug\ADC-PWM-UART.a(PWM.o)
                0x00001054                PWM_Enable
 .text.PWM_WriteCounter
                0x00001074       0x20 .\ARM_GCC_541\Debug\ADC-PWM-UART.a(PWM.o)
                0x00001074                PWM_WriteCounter
 .text.PWM_ClearFIFO
                0x00001094       0x20 .\ARM_GCC_541\Debug\ADC-PWM-UART.a(PWM.o)
                0x00001094                PWM_ClearFIFO
 .text.PWM_WritePeriod
                0x000010b4       0x20 .\ARM_GCC_541\Debug\ADC-PWM-UART.a(PWM.o)
                0x000010b4                PWM_WritePeriod
 .text.PWM_WriteCompare
                0x000010d4       0x20 .\ARM_GCC_541\Debug\ADC-PWM-UART.a(PWM.o)
                0x000010d4                PWM_WriteCompare
 .text.PWM_SetInterruptMode
                0x000010f4       0x20 .\ARM_GCC_541\Debug\ADC-PWM-UART.a(PWM.o)
                0x000010f4                PWM_SetInterruptMode
 .text.PWM_ReadStatusRegister
                0x00001114       0x14 .\ARM_GCC_541\Debug\ADC-PWM-UART.a(PWM.o)
                0x00001114                PWM_ReadStatusRegister
 .text.PWM_ReadCapture
                0x00001128       0x14 .\ARM_GCC_541\Debug\ADC-PWM-UART.a(PWM.o)
                0x00001128                PWM_ReadCapture
 *fill*         0x0000113c        0x4 
 .text          0x00001140       0x24 .\ARM_GCC_541\Debug\ADC-PWM-UART.a(CyBootAsmGnu.o)
                0x00001140                CyDelayCycles
                0x00001154                CyEnterCriticalSection
                0x0000115c                CyExitCriticalSection
 .text          0x00001164      0x114 c:/program files (x86)/cypress/psoc creator/4.2/psoc creator/import/gnu/arm/5.4.1/bin/../lib/gcc/arm-none-eabi/5.4.1/armv6-m\libgcc.a(_udivsi3.o)
                0x00001164                __aeabi_uidiv
                0x00001164                __udivsi3
                0x00001270                __aeabi_uidivmod
 .text          0x00001278      0x1d4 c:/program files (x86)/cypress/psoc creator/4.2/psoc creator/import/gnu/arm/5.4.1/bin/../lib/gcc/arm-none-eabi/5.4.1/armv6-m\libgcc.a(_divsi3.o)
                0x00001278                __divsi3
                0x00001278                __aeabi_idiv
                0x00001444                __aeabi_idivmod
 .text          0x0000144c        0x4 c:/program files (x86)/cypress/psoc creator/4.2/psoc creator/import/gnu/arm/5.4.1/bin/../lib/gcc/arm-none-eabi/5.4.1/armv6-m\libgcc.a(_dvmd_tls.o)
                0x0000144c                __aeabi_idiv0
                0x0000144c                __aeabi_ldiv0
 .text.__errno  0x00001450        0xc c:/program files (x86)/cypress/psoc creator/4.2/psoc creator/import/gnu/arm/5.4.1/bin/../lib/gcc/arm-none-eabi/5.4.1/../../../../arm-none-eabi/lib/armv6-m\libg_nano.a(lib_a-errno.o)
                0x00001450                __errno
 .text.__libc_init_array
                0x0000145c       0x4c c:/program files (x86)/cypress/psoc creator/4.2/psoc creator/import/gnu/arm/5.4.1/bin/../lib/gcc/arm-none-eabi/5.4.1/../../../../arm-none-eabi/lib/armv6-m\libg_nano.a(lib_a-init.o)
                0x0000145c                __libc_init_array
 .text.memset   0x000014a8       0x10 c:/program files (x86)/cypress/psoc creator/4.2/psoc creator/import/gnu/arm/5.4.1/bin/../lib/gcc/arm-none-eabi/5.4.1/../../../../arm-none-eabi/lib/armv6-m\libg_nano.a(lib_a-memset.o)
                0x000014a8                memset
 *(.plt)
 *(.gnu.warning)
 *(.glue_7t)
 .glue_7t       0x000014b8        0x0 linker stubs
 *(.glue_7)
 .glue_7        0x000014b8        0x0 linker stubs
 *(.vfp11_veneer)
 .vfp11_veneer  0x000014b8        0x0 linker stubs
 *(.bootloader)
 *(.ARM.extab* .gnu.linkonce.armextab.*)
 *(.gcc_except_table)

.v4_bx          0x000014b8        0x0
 .v4_bx         0x000014b8        0x0 linker stubs

.iplt           0x000014b8        0x0
 .iplt          0x000014b8        0x0 c:/program files (x86)/cypress/psoc creator/4.2/psoc creator/import/gnu/arm/5.4.1/bin/../lib/gcc/arm-none-eabi/5.4.1/armv6-m/crtbegin.o

.eh_frame_hdr
 *(.eh_frame_hdr)

.eh_frame       0x000014b8        0x4
 *(.eh_frame)
 .eh_frame      0x000014b8        0x0 c:/program files (x86)/cypress/psoc creator/4.2/psoc creator/import/gnu/arm/5.4.1/bin/../lib/gcc/arm-none-eabi/5.4.1/armv6-m/crtbegin.o
 .eh_frame      0x000014b8        0x4 c:/program files (x86)/cypress/psoc creator/4.2/psoc creator/import/gnu/arm/5.4.1/bin/../lib/gcc/arm-none-eabi/5.4.1/armv6-m/crtend.o
                [!provide]                PROVIDE (__exidx_start, .)

.ARM.exidx
 *(.ARM.exidx* .gnu.linkonce.armexidx.*)
                0x000014bc                __exidx_end = .

.rodata         0x000014bc      0x12c
 *(.rodata .rodata.* .gnu.linkonce.r.*)
 .rodata        0x000014bc       0x18 .\ARM_GCC_541\Debug\main.o
 .rodata        0x000014d4       0xb0 .\ARM_GCC_541\Debug\cyfitter_cfg.o
 .rodata        0x00001584       0x2e .\ARM_GCC_541\Debug\ADC-PWM-UART.a(CyLib.o)
                0x00001584                cyImoFreqMhz2Reg
 .rodata.str1.1
                0x000015b2        0x2 c:/program files (x86)/cypress/psoc creator/4.2/psoc creator/import/gnu/arm/5.4.1/bin/../lib/gcc/arm-none-eabi/5.4.1/../../../../arm-none-eabi/lib/armv6-m\libg_nano.a(lib_a-impure.o)
                0x000015b4                . = ALIGN (0x4)
 *(.init)
 .init          0x000015b4        0x4 c:/program files (x86)/cypress/psoc creator/4.2/psoc creator/import/gnu/arm/5.4.1/bin/../lib/gcc/arm-none-eabi/5.4.1/armv6-m/crti.o
                0x000015b4                _init
 .init          0x000015b8        0x8 c:/program files (x86)/cypress/psoc creator/4.2/psoc creator/import/gnu/arm/5.4.1/bin/../lib/gcc/arm-none-eabi/5.4.1/armv6-m/crtn.o
                0x000015c0                . = ALIGN (0x4)
                0x000015c0                __preinit_array_start = .
 *(.preinit_array)
                0x000015c0                __preinit_array_end = .
                0x000015c0                . = ALIGN (0x4)
                0x000015c0                __init_array_start = .
 *(SORT(.init_array.*))
 *(.init_array)
 .init_array    0x000015c0        0x4 c:/program files (x86)/cypress/psoc creator/4.2/psoc creator/import/gnu/arm/5.4.1/bin/../lib/gcc/arm-none-eabi/5.4.1/armv6-m/crtbegin.o
 .init_array    0x000015c4        0x4 .\ARM_GCC_541\Debug\Cm0Start.o
                0x000015c8                __init_array_end = .
                0x000015c8                . = ALIGN (0x4)
 *(.fini)
 .fini          0x000015c8        0x4 c:/program files (x86)/cypress/psoc creator/4.2/psoc creator/import/gnu/arm/5.4.1/bin/../lib/gcc/arm-none-eabi/5.4.1/armv6-m/crti.o
                0x000015c8                _fini
 .fini          0x000015cc        0x8 c:/program files (x86)/cypress/psoc creator/4.2/psoc creator/import/gnu/arm/5.4.1/bin/../lib/gcc/arm-none-eabi/5.4.1/armv6-m/crtn.o
                0x000015d4                . = ALIGN (0x4)
                0x000015d4                __fini_array_start = .
 *(.fini_array)
 .fini_array    0x000015d4        0x4 c:/program files (x86)/cypress/psoc creator/4.2/psoc creator/import/gnu/arm/5.4.1/bin/../lib/gcc/arm-none-eabi/5.4.1/armv6-m/crtbegin.o
 *(SORT(.fini_array.*))
                0x000015d8                __fini_array_end = .
                0x000015d8                . = ALIGN (0x4)
 *crtbegin.o(.ctors)
 *(EXCLUDE_FILE(*crtend.o) .ctors)
 *(SORT(.ctors.*))
 *crtend.o(.ctors)
                0x000015d8                . = ALIGN (0x4)
 *crtbegin.o(.dtors)
 *(EXCLUDE_FILE(*crtend.o) .dtors)
 *(SORT(.dtors.*))
 *crtend.o(.dtors)
                0x000015d8                . = ALIGN (0x4)
                0x000015d8                __cy_regions = .
                0x000015d8        0x4 LONG 0x15e8 __cy_region_init_ram
                0x000015dc        0x4 LONG 0x200000c8 __cy_region_start_data
                0x000015e0        0x4 LONG 0x80 __cy_region_init_size_ram
                0x000015e4        0x4 LONG 0x30 __cy_region_zero_size_ram
                0x000015e8                __cy_regions_end = .
                0x000015e8                . = ALIGN (0x8)
                0x000015e8                _etext = .

.cy_checksum_exclude
                0x000015e8        0x0
 *(.cy_checksum_exclude)

.ramvectors     0x20000000       0xc0
                0x20000000                __cy_region_start_ram = .
 *(.ramvectors)
 .ramvectors    0x20000000       0xc0 .\ARM_GCC_541\Debug\Cm0Start.o
                0x20000000                CyRamVectors

.noinit         0x200000c0        0x4
 *(.noinit)
 .noinit        0x200000c0        0x4 .\ARM_GCC_541\Debug\Cm0Start.o

.data           0x200000c8       0x80 load address 0x000015e8
                0x200000c8                __cy_region_start_data = .
 *(.jcr)
 .jcr           0x200000c8        0x0 c:/program files (x86)/cypress/psoc creator/4.2/psoc creator/import/gnu/arm/5.4.1/bin/../lib/gcc/arm-none-eabi/5.4.1/armv6-m/crtbegin.o
 .jcr           0x200000c8        0x4 c:/program files (x86)/cypress/psoc creator/4.2/psoc creator/import/gnu/arm/5.4.1/bin/../lib/gcc/arm-none-eabi/5.4.1/armv6-m/crtend.o
 *(.got.plt)
 *(.got)
 *(.shdata)
 *(.data .data.* .gnu.linkonce.d.*)
 .data          0x200000cc       0x14 .\ARM_GCC_541\Debug\ADC-PWM-UART.a(CyLib.o)
                0x200000cc                cydelayFreqHz
                0x200000d0                cydelayFreqKhz
                0x200000d4                cydelayFreqMhz
                0x200000d8                cydelay32kMs
                0x200000dc                CySysClkPumpConfig
 .data.impure_data
                0x200000e0       0x60 c:/program files (x86)/cypress/psoc creator/4.2/psoc creator/import/gnu/arm/5.4.1/bin/../lib/gcc/arm-none-eabi/5.4.1/../../../../arm-none-eabi/lib/armv6-m\libg_nano.a(lib_a-impure.o)
 .data._impure_ptr
                0x20000140        0x4 c:/program files (x86)/cypress/psoc creator/4.2/psoc creator/import/gnu/arm/5.4.1/bin/../lib/gcc/arm-none-eabi/5.4.1/../../../../arm-none-eabi/lib/armv6-m\libg_nano.a(lib_a-impure.o)
                0x20000140                _impure_ptr
                0x20000148                . = ALIGN (0x8)
 *fill*         0x20000144        0x4 
 *(.ram)
                0x20000148                _edata = .

.igot.plt       0x20000148        0x0 load address 0x00001668
 .igot.plt      0x20000148        0x0 c:/program files (x86)/cypress/psoc creator/4.2/psoc creator/import/gnu/arm/5.4.1/bin/../lib/gcc/arm-none-eabi/5.4.1/armv6-m/crtbegin.o

.bss            0x20000148       0x30 load address 0x00001668
                0x20000148                PROVIDE (__bss_start__, .)
 *(.shbss)
 *(.bss .bss.* .gnu.linkonce.b.*)
 .bss           0x20000148       0x1c c:/program files (x86)/cypress/psoc creator/4.2/psoc creator/import/gnu/arm/5.4.1/bin/../lib/gcc/arm-none-eabi/5.4.1/armv6-m/crtbegin.o
 .bss           0x20000164        0x6 .\ARM_GCC_541\Debug\main.o
                0x20000164                windowFlag
                0x20000168                dataReady
                0x20000169                channelFlag
 .bss           0x2000016a        0x4 .\ARM_GCC_541\Debug\ADC-PWM-UART.a(UART.o)
                0x2000016a                UART_initVar
                0x2000016c                UART_IntrTxMask
 .bss           0x2000016e        0x1 .\ARM_GCC_541\Debug\ADC-PWM-UART.a(ADC.o)
                0x2000016e                ADC_initVar
 .bss           0x2000016f        0x1 .\ARM_GCC_541\Debug\ADC-PWM-UART.a(PWM.o)
                0x2000016f                PWM_initVar
 *(COMMON)
 COMMON         0x20000170        0x6 .\ARM_GCC_541\Debug\ADC-PWM-UART.a(ADC.o)
                0x20000170                ADC_countsPer10Volt
                0x20000174                ADC_offset
                0x20000178                . = ALIGN (0x8)
 *fill*         0x20000176        0x2 
 *(.ram.b)
                0x20000178                _end = .
                0x20000178                __end = .
                0x20000178                PROVIDE (end, .)
                0x20000178                PROVIDE (__bss_end__, .)
                0x000015e8                __cy_region_init_ram = LOADADDR (.data)
                0x00000080                __cy_region_init_size_ram = (_edata - ADDR (.data))
                0x00000030                __cy_region_zero_size_ram = (_end - _edata)

.heap           0x20000178      0x100 load address 0x00001668
                0x20000178                . = _end
                0x20000278                . = (. + 0x100)
 *fill*         0x20000178      0x100 
                0x20000278                __cy_heap_limit = .

.stack          0x20000c00      0x400
                0x20000c00                __cy_stack_limit = .
                0x20001000                . = (. + 0x400)
 *fill*         0x20000c00      0x400 
                0x00000001                ASSERT ((__cy_stack_limit >= __cy_heap_limit), region RAM overflowed with stack)
                0x00000000                cy_checksum_exclude_size = (CY_APPL_LOADABLE == 0x1)?SIZEOF (.cy_checksum_exclude):0x0
                0x00000001                ASSERT ((cy_checksum_exclude_size <= CY_CHECKSUM_EXCLUDE_SIZE), CY_BOOT: Section .cy_checksum_exclude size exceedes specified limit.)
                0x00007fc0                cyloadermeta_start = (cy_project_type_bootloader || cy_project_type_app_for_stack_and_copier)?(LENGTH (rom) - CY_METADATA_SIZE):0xf0000000

.cyloadermeta
 *(.cyloadermeta)
                0x00007fc0                cyloadablemeta_start = cy_project_type_app_for_stack_and_copier?((LENGTH (rom) - CY_FLASH_ROW_SIZE) - CY_METADATA_SIZE):((LENGTH (rom) - (CY_FLASH_ROW_SIZE * (CY_APPL_NUM - 0x1))) - CY_METADATA_SIZE)

.cyloadablemeta
 *(.cyloadablemeta)

.cyflashprotect
                0x90400000       0x20
 *(.cyflashprotect)
 .cyflashprotect
                0x90400000       0x20 .\ARM_GCC_541\Debug\cymetadata.o
                0x90400000                cy_meta_flashprotect

.cymeta         0x90500000        0xc
 *(.cymeta)
 .cymeta        0x90500000        0xc .\ARM_GCC_541\Debug\cymetadata.o
                0x90500000                cy_metadata

.cychipprotect  0x90600000        0x1
 *(.cychipprotect)
 .cychipprotect
                0x90600000        0x1 .\ARM_GCC_541\Debug\cymetadata.o
                0x90600000                cy_meta_chipprotect

.rel.dyn        0x00001668        0x0 load address 0x90600004
 .rel.iplt      0x00001668        0x0 c:/program files (x86)/cypress/psoc creator/4.2/psoc creator/import/gnu/arm/5.4.1/bin/../lib/gcc/arm-none-eabi/5.4.1/armv6-m/crtbegin.o

.stab
 *(.stab)

.stabstr
 *(.stabstr)

.debug
 *(.debug)

.line
 *(.line)

.debug_srcinfo
 *(.debug_srcinfo)

.debug_sfnames
 *(.debug_sfnames)

.debug_aranges  0x00000000      0x568
 *(.debug_aranges)
 .debug_aranges
                0x00000000       0x30 .\ARM_GCC_541\Debug\main.o
 .debug_aranges
                0x00000030       0x50 .\ARM_GCC_541\Debug\cyfitter_cfg.o
 .debug_aranges
                0x00000080       0x18 .\ARM_GCC_541\Debug\cymetadata.o
 .debug_aranges
                0x00000098       0x48 .\ARM_GCC_541\Debug\Cm0Start.o
 .debug_aranges
                0x000000e0       0x68 .\ARM_GCC_541\Debug\ADC-PWM-UART.a(UART.o)
 .debug_aranges
                0x00000148       0x48 .\ARM_GCC_541\Debug\ADC-PWM-UART.a(UART_SPI_UART.o)
 .debug_aranges
                0x00000190       0x58 .\ARM_GCC_541\Debug\ADC-PWM-UART.a(UART_UART.o)
 .debug_aranges
                0x000001e8       0xa8 .\ARM_GCC_541\Debug\ADC-PWM-UART.a(ADC.o)
 .debug_aranges
                0x00000290       0x20 .\ARM_GCC_541\Debug\ADC-PWM-UART.a(ADC_INT.o)
 .debug_aranges
                0x000002b0       0x80 .\ARM_GCC_541\Debug\ADC-PWM-UART.a(ADC_IRQ.o)
 .debug_aranges
                0x00000330      0x180 .\ARM_GCC_541\Debug\ADC-PWM-UART.a(CyLib.o)
 .debug_aranges
                0x000004b0       0x98 .\ARM_GCC_541\Debug\ADC-PWM-UART.a(PWM.o)
 .debug_aranges
                0x00000548       0x20 .\ARM_GCC_541\Debug\ADC-PWM-UART.a(CyBootAsmGnu.o)

.debug_pubnames
 *(.debug_pubnames)

.debug_info     0x00000000     0x2288
 *(.debug_info .gnu.linkonce.wi.*)
 .debug_info    0x00000000      0x1b4 .\ARM_GCC_541\Debug\main.o
 .debug_info    0x000001b4      0x35e .\ARM_GCC_541\Debug\cyfitter_cfg.o
 .debug_info    0x00000512       0xf8 .\ARM_GCC_541\Debug\cymetadata.o
 .debug_info    0x0000060a      0x312 .\ARM_GCC_541\Debug\Cm0Start.o
 .debug_info    0x0000091c      0x1dc .\ARM_GCC_541\Debug\ADC-PWM-UART.a(UART.o)
 .debug_info    0x00000af8      0x1b7 .\ARM_GCC_541\Debug\ADC-PWM-UART.a(UART_SPI_UART.o)
 .debug_info    0x00000caf      0x218 .\ARM_GCC_541\Debug\ADC-PWM-UART.a(UART_UART.o)
 .debug_info    0x00000ec7      0x491 .\ARM_GCC_541\Debug\ADC-PWM-UART.a(ADC.o)
 .debug_info    0x00001358       0xcc .\ARM_GCC_541\Debug\ADC-PWM-UART.a(ADC_INT.o)
 .debug_info    0x00001424      0x24d .\ARM_GCC_541\Debug\ADC-PWM-UART.a(ADC_IRQ.o)
 .debug_info    0x00001671      0x8e0 .\ARM_GCC_541\Debug\ADC-PWM-UART.a(CyLib.o)
 .debug_info    0x00001f51      0x28a .\ARM_GCC_541\Debug\ADC-PWM-UART.a(PWM.o)
 .debug_info    0x000021db       0xad .\ARM_GCC_541\Debug\ADC-PWM-UART.a(CyBootAsmGnu.o)

.debug_abbrev   0x00000000      0xd56
 *(.debug_abbrev)
 .debug_abbrev  0x00000000       0xcb .\ARM_GCC_541\Debug\main.o
 .debug_abbrev  0x000000cb      0x18a .\ARM_GCC_541\Debug\cyfitter_cfg.o
 .debug_abbrev  0x00000255       0x5d .\ARM_GCC_541\Debug\cymetadata.o
 .debug_abbrev  0x000002b2      0x1c8 .\ARM_GCC_541\Debug\Cm0Start.o
 .debug_abbrev  0x0000047a       0xe3 .\ARM_GCC_541\Debug\ADC-PWM-UART.a(UART.o)
 .debug_abbrev  0x0000055d       0xfd .\ARM_GCC_541\Debug\ADC-PWM-UART.a(UART_SPI_UART.o)
 .debug_abbrev  0x0000065a       0xe1 .\ARM_GCC_541\Debug\ADC-PWM-UART.a(UART_UART.o)
 .debug_abbrev  0x0000073b      0x163 .\ARM_GCC_541\Debug\ADC-PWM-UART.a(ADC.o)
 .debug_abbrev  0x0000089e       0x65 .\ARM_GCC_541\Debug\ADC-PWM-UART.a(ADC_INT.o)
 .debug_abbrev  0x00000903      0x16a .\ARM_GCC_541\Debug\ADC-PWM-UART.a(ADC_IRQ.o)
 .debug_abbrev  0x00000a6d      0x1a7 .\ARM_GCC_541\Debug\ADC-PWM-UART.a(CyLib.o)
 .debug_abbrev  0x00000c14      0x12e .\ARM_GCC_541\Debug\ADC-PWM-UART.a(PWM.o)
 .debug_abbrev  0x00000d42       0x14 .\ARM_GCC_541\Debug\ADC-PWM-UART.a(CyBootAsmGnu.o)

.debug_line     0x00000000     0x1343
 *(.debug_line)
 .debug_line    0x00000000       0xb5 .\ARM_GCC_541\Debug\main.o
 .debug_line    0x000000b5      0x199 .\ARM_GCC_541\Debug\cyfitter_cfg.o
 .debug_line    0x0000024e      0x141 .\ARM_GCC_541\Debug\cymetadata.o
 .debug_line    0x0000038f      0x1cf .\ARM_GCC_541\Debug\Cm0Start.o
 .debug_line    0x0000055e      0x124 .\ARM_GCC_541\Debug\ADC-PWM-UART.a(UART.o)
 .debug_line    0x00000682       0xe4 .\ARM_GCC_541\Debug\ADC-PWM-UART.a(UART_SPI_UART.o)
 .debug_line    0x00000766      0x129 .\ARM_GCC_541\Debug\ADC-PWM-UART.a(UART_UART.o)
 .debug_line    0x0000088f      0x294 .\ARM_GCC_541\Debug\ADC-PWM-UART.a(ADC.o)
 .debug_line    0x00000b23       0x62 .\ARM_GCC_541\Debug\ADC-PWM-UART.a(ADC_INT.o)
 .debug_line    0x00000b85      0x156 .\ARM_GCC_541\Debug\ADC-PWM-UART.a(ADC_IRQ.o)
 .debug_line    0x00000cdb      0x47b .\ARM_GCC_541\Debug\ADC-PWM-UART.a(CyLib.o)
 .debug_line    0x00001156      0x184 .\ARM_GCC_541\Debug\ADC-PWM-UART.a(PWM.o)
 .debug_line    0x000012da       0x69 .\ARM_GCC_541\Debug\ADC-PWM-UART.a(CyBootAsmGnu.o)

.debug_frame    0x00000000     0x12e0
 *(.debug_frame)
 .debug_frame   0x00000000       0x74 .\ARM_GCC_541\Debug\main.o
 .debug_frame   0x00000074       0xe8 .\ARM_GCC_541\Debug\cyfitter_cfg.o
 .debug_frame   0x0000015c       0xc8 .\ARM_GCC_541\Debug\Cm0Start.o
 .debug_frame   0x00000224      0x130 .\ARM_GCC_541\Debug\ADC-PWM-UART.a(UART.o)
 .debug_frame   0x00000354       0xcc .\ARM_GCC_541\Debug\ADC-PWM-UART.a(UART_SPI_UART.o)
 .debug_frame   0x00000420      0x104 .\ARM_GCC_541\Debug\ADC-PWM-UART.a(UART_UART.o)
 .debug_frame   0x00000524      0x248 .\ARM_GCC_541\Debug\ADC-PWM-UART.a(ADC.o)
 .debug_frame   0x0000076c       0x30 .\ARM_GCC_541\Debug\ADC-PWM-UART.a(ADC_INT.o)
 .debug_frame   0x0000079c      0x190 .\ARM_GCC_541\Debug\ADC-PWM-UART.a(ADC_IRQ.o)
 .debug_frame   0x0000092c      0x588 .\ARM_GCC_541\Debug\ADC-PWM-UART.a(CyLib.o)
 .debug_frame   0x00000eb4      0x1f0 .\ARM_GCC_541\Debug\ADC-PWM-UART.a(PWM.o)
 .debug_frame   0x000010a4       0x20 c:/program files (x86)/cypress/psoc creator/4.2/psoc creator/import/gnu/arm/5.4.1/bin/../lib/gcc/arm-none-eabi/5.4.1/armv6-m\libgcc.a(_udivsi3.o)
 .debug_frame   0x000010c4       0x20 c:/program files (x86)/cypress/psoc creator/4.2/psoc creator/import/gnu/arm/5.4.1/bin/../lib/gcc/arm-none-eabi/5.4.1/armv6-m\libgcc.a(_divsi3.o)
 .debug_frame   0x000010e4       0x34 c:/program files (x86)/cypress/psoc creator/4.2/psoc creator/import/gnu/arm/5.4.1/bin/../lib/gcc/arm-none-eabi/5.4.1/armv6-m\libgcc.a(_muldi3.o)
 .debug_frame   0x00001118       0x30 c:/program files (x86)/cypress/psoc creator/4.2/psoc creator/import/gnu/arm/5.4.1/bin/../lib/gcc/arm-none-eabi/5.4.1/armv6-m\libgcc.a(bpabi.o)
 .debug_frame   0x00001148       0x3c c:/program files (x86)/cypress/psoc creator/4.2/psoc creator/import/gnu/arm/5.4.1/bin/../lib/gcc/arm-none-eabi/5.4.1/armv6-m\libgcc.a(divsf3.o)
 .debug_frame   0x00001184       0x38 c:/program files (x86)/cypress/psoc creator/4.2/psoc creator/import/gnu/arm/5.4.1/bin/../lib/gcc/arm-none-eabi/5.4.1/armv6-m\libgcc.a(mulsf3.o)
 .debug_frame   0x000011bc       0x2c c:/program files (x86)/cypress/psoc creator/4.2/psoc creator/import/gnu/arm/5.4.1/bin/../lib/gcc/arm-none-eabi/5.4.1/armv6-m\libgcc.a(floatsisf.o)
 .debug_frame   0x000011e8       0x3c c:/program files (x86)/cypress/psoc creator/4.2/psoc creator/import/gnu/arm/5.4.1/bin/../lib/gcc/arm-none-eabi/5.4.1/armv6-m\libgcc.a(_divdi3.o)
 .debug_frame   0x00001224       0x20 c:/program files (x86)/cypress/psoc creator/4.2/psoc creator/import/gnu/arm/5.4.1/bin/../lib/gcc/arm-none-eabi/5.4.1/../../../../arm-none-eabi/lib/armv6-m\libg_nano.a(lib_a-errno.o)
 .debug_frame   0x00001244       0x28 c:/program files (x86)/cypress/psoc creator/4.2/psoc creator/import/gnu/arm/5.4.1/bin/../lib/gcc/arm-none-eabi/5.4.1/../../../../arm-none-eabi/lib/armv6-m\libg_nano.a(lib_a-exit.o)
 .debug_frame   0x0000126c       0x2c c:/program files (x86)/cypress/psoc creator/4.2/psoc creator/import/gnu/arm/5.4.1/bin/../lib/gcc/arm-none-eabi/5.4.1/../../../../arm-none-eabi/lib/armv6-m\libg_nano.a(lib_a-init.o)
 .debug_frame   0x00001298       0x28 c:/program files (x86)/cypress/psoc creator/4.2/psoc creator/import/gnu/arm/5.4.1/bin/../lib/gcc/arm-none-eabi/5.4.1/../../../../arm-none-eabi/lib/armv6-m\libg_nano.a(lib_a-memcpy-stub.o)
 .debug_frame   0x000012c0       0x20 c:/program files (x86)/cypress/psoc creator/4.2/psoc creator/import/gnu/arm/5.4.1/bin/../lib/gcc/arm-none-eabi/5.4.1/../../../../arm-none-eabi/lib/armv6-m\libg_nano.a(lib_a-memset.o)

.debug_str      0x00000000     0x1134
 *(.debug_str)
 .debug_str     0x00000000      0x1e4 .\ARM_GCC_541\Debug\main.o
                                0x231 (size before relaxing)
 .debug_str     0x000001e4      0x108 .\ARM_GCC_541\Debug\cyfitter_cfg.o
                                0x2dd (size before relaxing)
 .debug_str     0x000002ec      0x103 .\ARM_GCC_541\Debug\cymetadata.o
                                0x226 (size before relaxing)
 .debug_str     0x000003ef      0x119 .\ARM_GCC_541\Debug\Cm0Start.o
                                0x2eb (size before relaxing)
 .debug_str     0x00000508      0x101 .\ARM_GCC_541\Debug\ADC-PWM-UART.a(UART.o)
                                0x2b3 (size before relaxing)
 .debug_str     0x00000609       0xe1 .\ARM_GCC_541\Debug\ADC-PWM-UART.a(UART_SPI_UART.o)
                                0x297 (size before relaxing)
 .debug_str     0x000006ea      0x117 .\ARM_GCC_541\Debug\ADC-PWM-UART.a(UART_UART.o)
                                0x2db (size before relaxing)
 .debug_str     0x00000801      0x1d6 .\ARM_GCC_541\Debug\ADC-PWM-UART.a(ADC.o)
                                0x3b0 (size before relaxing)
 .debug_str     0x000009d7       0x29 .\ARM_GCC_541\Debug\ADC-PWM-UART.a(ADC_INT.o)
                                0x1da (size before relaxing)
 .debug_str     0x00000a00      0x11a .\ARM_GCC_541\Debug\ADC-PWM-UART.a(ADC_IRQ.o)
                                0x2f6 (size before relaxing)
 .debug_str     0x00000b1a      0x4a9 .\ARM_GCC_541\Debug\ADC-PWM-UART.a(CyLib.o)
                                0x698 (size before relaxing)
 .debug_str     0x00000fc3      0x171 .\ARM_GCC_541\Debug\ADC-PWM-UART.a(PWM.o)
                                0x31b (size before relaxing)

.debug_loc
 *(.debug_loc)

.debug_macinfo
 *(.debug_macinfo)

.debug_ranges   0x00000000      0x480
 *(.debug_ranges)
 .debug_ranges  0x00000000       0x20 .\ARM_GCC_541\Debug\main.o
 .debug_ranges  0x00000020       0x40 .\ARM_GCC_541\Debug\cyfitter_cfg.o
 .debug_ranges  0x00000060       0x38 .\ARM_GCC_541\Debug\Cm0Start.o
 .debug_ranges  0x00000098       0x58 .\ARM_GCC_541\Debug\ADC-PWM-UART.a(UART.o)
 .debug_ranges  0x000000f0       0x38 .\ARM_GCC_541\Debug\ADC-PWM-UART.a(UART_SPI_UART.o)
 .debug_ranges  0x00000128       0x48 .\ARM_GCC_541\Debug\ADC-PWM-UART.a(UART_UART.o)
 .debug_ranges  0x00000170       0x98 .\ARM_GCC_541\Debug\ADC-PWM-UART.a(ADC.o)
 .debug_ranges  0x00000208       0x10 .\ARM_GCC_541\Debug\ADC-PWM-UART.a(ADC_INT.o)
 .debug_ranges  0x00000218       0x70 .\ARM_GCC_541\Debug\ADC-PWM-UART.a(ADC_IRQ.o)
 .debug_ranges  0x00000288      0x170 .\ARM_GCC_541\Debug\ADC-PWM-UART.a(CyLib.o)
 .debug_ranges  0x000003f8       0x88 .\ARM_GCC_541\Debug\ADC-PWM-UART.a(PWM.o)

.comment        0x00000000       0x6e
 .comment       0x00000000       0x6e .\ARM_GCC_541\Debug\main.o
                                 0x6f (size before relaxing)
 .comment       0x0000006e       0x6f .\ARM_GCC_541\Debug\cyfitter_cfg.o
 .comment       0x0000006e       0x6f .\ARM_GCC_541\Debug\cymetadata.o
 .comment       0x0000006e       0x6f .\ARM_GCC_541\Debug\Cm0Start.o
 .comment       0x0000006e       0x6f .\ARM_GCC_541\Debug\ADC-PWM-UART.a(UART.o)
 .comment       0x0000006e       0x6f .\ARM_GCC_541\Debug\ADC-PWM-UART.a(UART_SPI_UART.o)
 .comment       0x0000006e       0x6f .\ARM_GCC_541\Debug\ADC-PWM-UART.a(UART_UART.o)
 .comment       0x0000006e       0x6f .\ARM_GCC_541\Debug\ADC-PWM-UART.a(ADC.o)
 .comment       0x0000006e       0x6f .\ARM_GCC_541\Debug\ADC-PWM-UART.a(ADC_INT.o)
 .comment       0x0000006e       0x6f .\ARM_GCC_541\Debug\ADC-PWM-UART.a(ADC_IRQ.o)
 .comment       0x0000006e       0x6f .\ARM_GCC_541\Debug\ADC-PWM-UART.a(CyLib.o)
 .comment       0x0000006e       0x6f .\ARM_GCC_541\Debug\ADC-PWM-UART.a(PWM.o)

.debug_weaknames
 *(.debug_weaknames)

.debug_funcnames
 *(.debug_funcnames)

.debug_typenames
 *(.debug_typenames)

.debug_varnames
 *(.debug_varnames)

.note.gnu.arm.ident
 *(.note.gnu.arm.ident)

.ARM.attributes
                0x00000000       0x28
 *(.ARM.attributes)
 .ARM.attributes
                0x00000000       0x1e c:/program files (x86)/cypress/psoc creator/4.2/psoc creator/import/gnu/arm/5.4.1/bin/../lib/gcc/arm-none-eabi/5.4.1/armv6-m/crti.o
 .ARM.attributes
                0x0000001e       0x2c c:/program files (x86)/cypress/psoc creator/4.2/psoc creator/import/gnu/arm/5.4.1/bin/../lib/gcc/arm-none-eabi/5.4.1/armv6-m/crtbegin.o
 .ARM.attributes
                0x0000004a       0x1b c:/program files (x86)/cypress/psoc creator/4.2/psoc creator/import/gnu/arm/5.4.1/bin/../lib/gcc/arm-none-eabi/5.4.1/../../../../arm-none-eabi/lib/armv6-m/crt0.o
 .ARM.attributes
                0x00000065       0x31 .\ARM_GCC_541\Debug\main.o
 .ARM.attributes
                0x00000096       0x31 .\ARM_GCC_541\Debug\cyfitter_cfg.o
 .ARM.attributes
                0x000000c7       0x31 .\ARM_GCC_541\Debug\cymetadata.o
 .ARM.attributes
                0x000000f8       0x31 .\ARM_GCC_541\Debug\Cm0Start.o
 .ARM.attributes
                0x00000129       0x31 .\ARM_GCC_541\Debug\ADC-PWM-UART.a(UART.o)
 .ARM.attributes
                0x0000015a       0x31 .\ARM_GCC_541\Debug\ADC-PWM-UART.a(UART_SPI_UART.o)
 .ARM.attributes
                0x0000018b       0x31 .\ARM_GCC_541\Debug\ADC-PWM-UART.a(UART_UART.o)
 .ARM.attributes
                0x000001bc       0x31 .\ARM_GCC_541\Debug\ADC-PWM-UART.a(ADC.o)
 .ARM.attributes
                0x000001ed       0x31 .\ARM_GCC_541\Debug\ADC-PWM-UART.a(ADC_INT.o)
 .ARM.attributes
                0x0000021e       0x31 .\ARM_GCC_541\Debug\ADC-PWM-UART.a(ADC_IRQ.o)
 .ARM.attributes
                0x0000024f       0x31 .\ARM_GCC_541\Debug\ADC-PWM-UART.a(CyLib.o)
 .ARM.attributes
                0x00000280       0x31 .\ARM_GCC_541\Debug\ADC-PWM-UART.a(PWM.o)
 .ARM.attributes
                0x000002b1       0x21 .\ARM_GCC_541\Debug\ADC-PWM-UART.a(CyBootAsmGnu.o)
 .ARM.attributes
                0x000002d2       0x1e c:/program files (x86)/cypress/psoc creator/4.2/psoc creator/import/gnu/arm/5.4.1/bin/../lib/gcc/arm-none-eabi/5.4.1/armv6-m\libgcc.a(_udivsi3.o)
 .ARM.attributes
                0x000002f0       0x1e c:/program files (x86)/cypress/psoc creator/4.2/psoc creator/import/gnu/arm/5.4.1/bin/../lib/gcc/arm-none-eabi/5.4.1/armv6-m\libgcc.a(_divsi3.o)
 .ARM.attributes
                0x0000030e       0x1e c:/program files (x86)/cypress/psoc creator/4.2/psoc creator/import/gnu/arm/5.4.1/bin/../lib/gcc/arm-none-eabi/5.4.1/armv6-m\libgcc.a(_dvmd_tls.o)
 .ARM.attributes
                0x0000032c       0x1e c:/program files (x86)/cypress/psoc creator/4.2/psoc creator/import/gnu/arm/5.4.1/bin/../lib/gcc/arm-none-eabi/5.4.1/armv6-m\libgcc.a(_aeabi_ldivmod.o)
 .ARM.attributes
                0x0000034a       0x2c c:/program files (x86)/cypress/psoc creator/4.2/psoc creator/import/gnu/arm/5.4.1/bin/../lib/gcc/arm-none-eabi/5.4.1/armv6-m\libgcc.a(_muldi3.o)
 .ARM.attributes
                0x00000376       0x2c c:/program files (x86)/cypress/psoc creator/4.2/psoc creator/import/gnu/arm/5.4.1/bin/../lib/gcc/arm-none-eabi/5.4.1/armv6-m\libgcc.a(bpabi.o)
 .ARM.attributes
                0x000003a2       0x2c c:/program files (x86)/cypress/psoc creator/4.2/psoc creator/import/gnu/arm/5.4.1/bin/../lib/gcc/arm-none-eabi/5.4.1/armv6-m\libgcc.a(divsf3.o)
 .ARM.attributes
                0x000003ce       0x2c c:/program files (x86)/cypress/psoc creator/4.2/psoc creator/import/gnu/arm/5.4.1/bin/../lib/gcc/arm-none-eabi/5.4.1/armv6-m\libgcc.a(mulsf3.o)
 .ARM.attributes
                0x000003fa       0x2c c:/program files (x86)/cypress/psoc creator/4.2/psoc creator/import/gnu/arm/5.4.1/bin/../lib/gcc/arm-none-eabi/5.4.1/armv6-m\libgcc.a(floatsisf.o)
 .ARM.attributes
                0x00000426       0x1e c:/program files (x86)/cypress/psoc creator/4.2/psoc creator/import/gnu/arm/5.4.1/bin/../lib/gcc/arm-none-eabi/5.4.1/armv6-m\libgcc.a(_clzsi2.o)
 .ARM.attributes
                0x00000444       0x2c c:/program files (x86)/cypress/psoc creator/4.2/psoc creator/import/gnu/arm/5.4.1/bin/../lib/gcc/arm-none-eabi/5.4.1/armv6-m\libgcc.a(_divdi3.o)
 .ARM.attributes
                0x00000470       0x1e c:/program files (x86)/cypress/psoc creator/4.2/psoc creator/import/gnu/arm/5.4.1/bin/../lib/gcc/arm-none-eabi/5.4.1/armv6-m\libgcc.a(_clzdi2.o)
 .ARM.attributes
                0x0000048e       0x2c c:/program files (x86)/cypress/psoc creator/4.2/psoc creator/import/gnu/arm/5.4.1/bin/../lib/gcc/arm-none-eabi/5.4.1/../../../../arm-none-eabi/lib/armv6-m\libg_nano.a(lib_a-errno.o)
 .ARM.attributes
                0x000004ba       0x2c c:/program files (x86)/cypress/psoc creator/4.2/psoc creator/import/gnu/arm/5.4.1/bin/../lib/gcc/arm-none-eabi/5.4.1/../../../../arm-none-eabi/lib/armv6-m\libg_nano.a(lib_a-exit.o)
 .ARM.attributes
                0x000004e6       0x2c c:/program files (x86)/cypress/psoc creator/4.2/psoc creator/import/gnu/arm/5.4.1/bin/../lib/gcc/arm-none-eabi/5.4.1/../../../../arm-none-eabi/lib/armv6-m\libg_nano.a(lib_a-impure.o)
 .ARM.attributes
                0x00000512       0x2c c:/program files (x86)/cypress/psoc creator/4.2/psoc creator/import/gnu/arm/5.4.1/bin/../lib/gcc/arm-none-eabi/5.4.1/../../../../arm-none-eabi/lib/armv6-m\libg_nano.a(lib_a-init.o)
 .ARM.attributes
                0x0000053e       0x2c c:/program files (x86)/cypress/psoc creator/4.2/psoc creator/import/gnu/arm/5.4.1/bin/../lib/gcc/arm-none-eabi/5.4.1/../../../../arm-none-eabi/lib/armv6-m\libg_nano.a(lib_a-memcpy-stub.o)
 .ARM.attributes
                0x0000056a       0x2c c:/program files (x86)/cypress/psoc creator/4.2/psoc creator/import/gnu/arm/5.4.1/bin/../lib/gcc/arm-none-eabi/5.4.1/../../../../arm-none-eabi/lib/armv6-m\libg_nano.a(lib_a-memset.o)
 .ARM.attributes
                0x00000596       0x2c c:/program files (x86)/cypress/psoc creator/4.2/psoc creator/import/gnu/arm/5.4.1/bin/../lib/gcc/arm-none-eabi/5.4.1/armv6-m/crtend.o
 .ARM.attributes
                0x000005c2       0x1e c:/program files (x86)/cypress/psoc creator/4.2/psoc creator/import/gnu/arm/5.4.1/bin/../lib/gcc/arm-none-eabi/5.4.1/armv6-m/crtn.o

/DISCARD/
 *(.note.GNU-stack)
OUTPUT(D:\Users\jagumiel\Documents\PSoC Creator\PSoC-101\PSoC-101\TrainingProjects\ADC-PWM-UART.cydsn\ARM_GCC_541\Debug\ADC-PWM-UART.elf elf32-littlearm)
