Archive member included to satisfy reference by file (symbol)

.\ARM_GCC_541\Debug\Buttons-Leds-UART.a(UART.o)
                              .\ARM_GCC_541\Debug\main.o (UART_Start)
.\ARM_GCC_541\Debug\Buttons-Leds-UART.a(UART_UART.o)
                              .\ARM_GCC_541\Debug\Buttons-Leds-UART.a(UART.o) (UART_UartInit)
.\ARM_GCC_541\Debug\Buttons-Leds-UART.a(CyLib.o)
                              .\ARM_GCC_541\Debug\cyfitter_cfg.o (CySysClkWriteImoFreq)
.\ARM_GCC_541\Debug\Buttons-Leds-UART.a(Button_Right.o)
                              .\ARM_GCC_541\Debug\main.o (Button_Right_Read)
.\ARM_GCC_541\Debug\Buttons-Leds-UART.a(Button_Left.o)
                              .\ARM_GCC_541\Debug\main.o (Button_Left_Read)
.\ARM_GCC_541\Debug\Buttons-Leds-UART.a(Button_Left_ISR.o)
                              .\ARM_GCC_541\Debug\main.o (Button_Left_ISR_StartEx)
.\ARM_GCC_541\Debug\Buttons-Leds-UART.a(Button_Right_ISR.o)
                              .\ARM_GCC_541\Debug\main.o (Button_Right_ISR_StartEx)
.\ARM_GCC_541\Debug\Buttons-Leds-UART.a(PWM_Left.o)
                              .\ARM_GCC_541\Debug\main.o (PWM_Left_Start)
.\ARM_GCC_541\Debug\Buttons-Leds-UART.a(PWM_Right.o)
                              .\ARM_GCC_541\Debug\main.o (PWM_Right_Start)
.\ARM_GCC_541\Debug\Buttons-Leds-UART.a(CyBootAsmGnu.o)
                              .\ARM_GCC_541\Debug\Buttons-Leds-UART.a(CyLib.o) (CyDelayCycles)
.\ARM_GCC_541\Debug\Buttons-Leds-UART.a(UART_SPI_UART.o)
                              .\ARM_GCC_541\Debug\Buttons-Leds-UART.a(UART_UART.o) (UART_SpiUartWriteTxData)
c:/program files (x86)/cypress/psoc creator/4.2/psoc creator/import/gnu/arm/5.4.1/bin/../lib/gcc/arm-none-eabi/5.4.1/armv6-m\libgcc.a(_udivsi3.o)
                              .\ARM_GCC_541\Debug\Buttons-Leds-UART.a(CyLib.o) (__aeabi_uidiv)
c:/program files (x86)/cypress/psoc creator/4.2/psoc creator/import/gnu/arm/5.4.1/bin/../lib/gcc/arm-none-eabi/5.4.1/armv6-m\libgcc.a(_dvmd_tls.o)
                              c:/program files (x86)/cypress/psoc creator/4.2/psoc creator/import/gnu/arm/5.4.1/bin/../lib/gcc/arm-none-eabi/5.4.1/armv6-m\libgcc.a(_udivsi3.o) (__aeabi_idiv0)
c:/program files (x86)/cypress/psoc creator/4.2/psoc creator/import/gnu/arm/5.4.1/bin/../lib/gcc/arm-none-eabi/5.4.1/../../../../arm-none-eabi/lib/armv6-m\libg_nano.a(lib_a-errno.o)
                              .\ARM_GCC_541\Debug\Cm0Start.o (__errno)
c:/program files (x86)/cypress/psoc creator/4.2/psoc creator/import/gnu/arm/5.4.1/bin/../lib/gcc/arm-none-eabi/5.4.1/../../../../arm-none-eabi/lib/armv6-m\libg_nano.a(lib_a-exit.o)
                              c:/program files (x86)/cypress/psoc creator/4.2/psoc creator/import/gnu/arm/5.4.1/bin/../lib/gcc/arm-none-eabi/5.4.1/../../../../arm-none-eabi/lib/armv6-m/crt0.o (exit)
c:/program files (x86)/cypress/psoc creator/4.2/psoc creator/import/gnu/arm/5.4.1/bin/../lib/gcc/arm-none-eabi/5.4.1/../../../../arm-none-eabi/lib/armv6-m\libg_nano.a(lib_a-impure.o)
                              c:/program files (x86)/cypress/psoc creator/4.2/psoc creator/import/gnu/arm/5.4.1/bin/../lib/gcc/arm-none-eabi/5.4.1/../../../../arm-none-eabi/lib/armv6-m\libg_nano.a(lib_a-exit.o) (_global_impure_ptr)
c:/program files (x86)/cypress/psoc creator/4.2/psoc creator/import/gnu/arm/5.4.1/bin/../lib/gcc/arm-none-eabi/5.4.1/../../../../arm-none-eabi/lib/armv6-m\libg_nano.a(lib_a-init.o)
                              c:/program files (x86)/cypress/psoc creator/4.2/psoc creator/import/gnu/arm/5.4.1/bin/../lib/gcc/arm-none-eabi/5.4.1/../../../../arm-none-eabi/lib/armv6-m/crt0.o (__libc_init_array)
c:/program files (x86)/cypress/psoc creator/4.2/psoc creator/import/gnu/arm/5.4.1/bin/../lib/gcc/arm-none-eabi/5.4.1/../../../../arm-none-eabi/lib/armv6-m\libg_nano.a(lib_a-memcpy-stub.o)
                              .\ARM_GCC_541\Debug\cyfitter_cfg.o (memcpy)
c:/program files (x86)/cypress/psoc creator/4.2/psoc creator/import/gnu/arm/5.4.1/bin/../lib/gcc/arm-none-eabi/5.4.1/../../../../arm-none-eabi/lib/armv6-m\libg_nano.a(lib_a-memset.o)
                              c:/program files (x86)/cypress/psoc creator/4.2/psoc creator/import/gnu/arm/5.4.1/bin/../lib/gcc/arm-none-eabi/5.4.1/../../../../arm-none-eabi/lib/armv6-m/crt0.o (memset)

Discarded input sections

 .text          0x00000000        0x0 c:/program files (x86)/cypress/psoc creator/4.2/psoc creator/import/gnu/arm/5.4.1/bin/../lib/gcc/arm-none-eabi/5.4.1/armv6-m/crti.o
 .data          0x00000000        0x0 c:/program files (x86)/cypress/psoc creator/4.2/psoc creator/import/gnu/arm/5.4.1/bin/../lib/gcc/arm-none-eabi/5.4.1/armv6-m/crti.o
 .bss           0x00000000        0x0 c:/program files (x86)/cypress/psoc creator/4.2/psoc creator/import/gnu/arm/5.4.1/bin/../lib/gcc/arm-none-eabi/5.4.1/armv6-m/crti.o
 .data          0x00000000        0x4 c:/program files (x86)/cypress/psoc creator/4.2/psoc creator/import/gnu/arm/5.4.1/bin/../lib/gcc/arm-none-eabi/5.4.1/armv6-m/crtbegin.o
 .text          0x00000000       0x78 c:/program files (x86)/cypress/psoc creator/4.2/psoc creator/import/gnu/arm/5.4.1/bin/../lib/gcc/arm-none-eabi/5.4.1/../../../../arm-none-eabi/lib/armv6-m/crt0.o
 .data          0x00000000        0x0 c:/program files (x86)/cypress/psoc creator/4.2/psoc creator/import/gnu/arm/5.4.1/bin/../lib/gcc/arm-none-eabi/5.4.1/../../../../arm-none-eabi/lib/armv6-m/crt0.o
 .bss           0x00000000        0x0 c:/program files (x86)/cypress/psoc creator/4.2/psoc creator/import/gnu/arm/5.4.1/bin/../lib/gcc/arm-none-eabi/5.4.1/../../../../arm-none-eabi/lib/armv6-m/crt0.o
 .ARM.extab     0x00000000        0x0 c:/program files (x86)/cypress/psoc creator/4.2/psoc creator/import/gnu/arm/5.4.1/bin/../lib/gcc/arm-none-eabi/5.4.1/../../../../arm-none-eabi/lib/armv6-m/crt0.o
 .ARM.exidx     0x00000000        0x8 c:/program files (x86)/cypress/psoc creator/4.2/psoc creator/import/gnu/arm/5.4.1/bin/../lib/gcc/arm-none-eabi/5.4.1/../../../../arm-none-eabi/lib/armv6-m/crt0.o
 .text          0x00000000        0x0 .\ARM_GCC_541\Debug\main.o
 .data          0x00000000        0x0 .\ARM_GCC_541\Debug\main.o
 .bss           0x00000000        0x0 .\ARM_GCC_541\Debug\main.o
 .text          0x00000000        0x0 .\ARM_GCC_541\Debug\cyfitter_cfg.o
 .data          0x00000000        0x0 .\ARM_GCC_541\Debug\cyfitter_cfg.o
 .bss           0x00000000        0x0 .\ARM_GCC_541\Debug\cyfitter_cfg.o
 .text.CYCONFIGCPY
                0x00000000       0x20 .\ARM_GCC_541\Debug\cyfitter_cfg.o
 .text.CYCONFIGCPYCODE
                0x00000000       0x20 .\ARM_GCC_541\Debug\cyfitter_cfg.o
 .text          0x00000000        0x0 .\ARM_GCC_541\Debug\cymetadata.o
 .data          0x00000000        0x0 .\ARM_GCC_541\Debug\cymetadata.o
 .bss           0x00000000        0x0 .\ARM_GCC_541\Debug\cymetadata.o
 .text          0x00000000        0x0 .\ARM_GCC_541\Debug\Cm0Start.o
 .data          0x00000000        0x4 .\ARM_GCC_541\Debug\Cm0Start.o
 .bss           0x00000000        0x0 .\ARM_GCC_541\Debug\Cm0Start.o
 .text._exit    0x00000000       0x14 .\ARM_GCC_541\Debug\Cm0Start.o
 .text._sbrk    0x00000000       0x54 .\ARM_GCC_541\Debug\Cm0Start.o
 .text          0x00000000        0x0 .\ARM_GCC_541\Debug\Buttons-Leds-UART.a(UART.o)
 .data          0x00000000        0x0 .\ARM_GCC_541\Debug\Buttons-Leds-UART.a(UART.o)
 .text.UART_Stop
                0x00000000       0x28 .\ARM_GCC_541\Debug\Buttons-Leds-UART.a(UART.o)
 .text.UART_SetRxFifoLevel
                0x00000000       0x34 .\ARM_GCC_541\Debug\Buttons-Leds-UART.a(UART.o)
 .text.UART_SetTxFifoLevel
                0x00000000       0x34 .\ARM_GCC_541\Debug\Buttons-Leds-UART.a(UART.o)
 .text.UART_ScbModeStop
                0x00000000       0x10 .\ARM_GCC_541\Debug\Buttons-Leds-UART.a(UART.o)
 .text.UART_I2CSlaveNackGeneration
                0x00000000       0x54 .\ARM_GCC_541\Debug\Buttons-Leds-UART.a(UART.o)
 .text          0x00000000        0x0 .\ARM_GCC_541\Debug\Buttons-Leds-UART.a(UART_UART.o)
 .data          0x00000000        0x0 .\ARM_GCC_541\Debug\Buttons-Leds-UART.a(UART_UART.o)
 .bss           0x00000000        0x0 .\ARM_GCC_541\Debug\Buttons-Leds-UART.a(UART_UART.o)
 .text.UART_UartStop
                0x00000000       0x34 .\ARM_GCC_541\Debug\Buttons-Leds-UART.a(UART_UART.o)
 .text.UART_UartSetRxAddress
                0x00000000       0x34 .\ARM_GCC_541\Debug\Buttons-Leds-UART.a(UART_UART.o)
 .text.UART_UartSetRxAddressMask
                0x00000000       0x38 .\ARM_GCC_541\Debug\Buttons-Leds-UART.a(UART_UART.o)
 .text.UART_UartPutCRLF
                0x00000000       0x24 .\ARM_GCC_541\Debug\Buttons-Leds-UART.a(UART_UART.o)
 .text.UART_UartSendBreakBlocking
                0x00000000       0x7c .\ARM_GCC_541\Debug\Buttons-Leds-UART.a(UART_UART.o)
 .text          0x00000000        0x0 .\ARM_GCC_541\Debug\Buttons-Leds-UART.a(CyLib.o)
 .bss           0x00000000       0x18 .\ARM_GCC_541\Debug\Buttons-Leds-UART.a(CyLib.o)
 .text.CySysClkImoStart
                0x00000000       0x1c .\ARM_GCC_541\Debug\Buttons-Leds-UART.a(CyLib.o)
 .text.CySysClkImoStop
                0x00000000       0x1c .\ARM_GCC_541\Debug\Buttons-Leds-UART.a(CyLib.o)
 .text.CySysClkWriteHfclkDirect
                0x00000000       0x48 .\ARM_GCC_541\Debug\Buttons-Leds-UART.a(CyLib.o)
 .text.CySysEnablePumpClock
                0x00000000       0x50 .\ARM_GCC_541\Debug\Buttons-Leds-UART.a(CyLib.o)
 .text.CySysClkGetSysclkSource
                0x00000000       0x34 .\ARM_GCC_541\Debug\Buttons-Leds-UART.a(CyLib.o)
 .text.CySysClkWriteSysclkDiv
                0x00000000       0x48 .\ARM_GCC_541\Debug\Buttons-Leds-UART.a(CyLib.o)
 .text.CySysLvdEnable
                0x00000000       0x64 .\ARM_GCC_541\Debug\Buttons-Leds-UART.a(CyLib.o)
 .text.CySysLvdDisable
                0x00000000       0x2c .\ARM_GCC_541\Debug\Buttons-Leds-UART.a(CyLib.o)
 .text.CySysLvdGetInterruptSource
                0x00000000       0x18 .\ARM_GCC_541\Debug\Buttons-Leds-UART.a(CyLib.o)
 .text.CySysLvdClearInterrupt
                0x00000000       0x14 .\ARM_GCC_541\Debug\Buttons-Leds-UART.a(CyLib.o)
 .text.CySysGetResetReason
                0x00000000       0x30 .\ARM_GCC_541\Debug\Buttons-Leds-UART.a(CyLib.o)
 .text.CyDisableInts
                0x00000000       0x24 .\ARM_GCC_541\Debug\Buttons-Leds-UART.a(CyLib.o)
 .text.CyEnableInts
                0x00000000       0x1c .\ARM_GCC_541\Debug\Buttons-Leds-UART.a(CyLib.o)
 .text.CyIntSetSysVector
                0x00000000       0x48 .\ARM_GCC_541\Debug\Buttons-Leds-UART.a(CyLib.o)
 .text.CyIntGetSysVector
                0x00000000       0x34 .\ARM_GCC_541\Debug\Buttons-Leds-UART.a(CyLib.o)
 .text.CyIntSetVector
                0x00000000       0x4c .\ARM_GCC_541\Debug\Buttons-Leds-UART.a(CyLib.o)
 .text.CyIntGetVector
                0x00000000       0x38 .\ARM_GCC_541\Debug\Buttons-Leds-UART.a(CyLib.o)
 .text.CyIntSetPriority
                0x00000000       0xa8 .\ARM_GCC_541\Debug\Buttons-Leds-UART.a(CyLib.o)
 .text.CyIntGetPriority
                0x00000000       0x58 .\ARM_GCC_541\Debug\Buttons-Leds-UART.a(CyLib.o)
 .text.CyIntEnable
                0x00000000       0x2c .\ARM_GCC_541\Debug\Buttons-Leds-UART.a(CyLib.o)
 .text.CyIntGetState
                0x00000000       0x30 .\ARM_GCC_541\Debug\Buttons-Leds-UART.a(CyLib.o)
 .text.CyIntDisable
                0x00000000       0x2c .\ARM_GCC_541\Debug\Buttons-Leds-UART.a(CyLib.o)
 .text.CyIntSetPending
                0x00000000       0x2c .\ARM_GCC_541\Debug\Buttons-Leds-UART.a(CyLib.o)
 .text.CyIntClearPending
                0x00000000       0x2c .\ARM_GCC_541\Debug\Buttons-Leds-UART.a(CyLib.o)
 .text.CySoftwareReset
                0x00000000       0x24 .\ARM_GCC_541\Debug\Buttons-Leds-UART.a(CyLib.o)
 .text.CyDelayFreq
                0x00000000       0x84 .\ARM_GCC_541\Debug\Buttons-Leds-UART.a(CyLib.o)
 .text.CySysTickStart
                0x00000000       0x24 .\ARM_GCC_541\Debug\Buttons-Leds-UART.a(CyLib.o)
 .text.CySysTickInit
                0x00000000       0x5c .\ARM_GCC_541\Debug\Buttons-Leds-UART.a(CyLib.o)
 .text.CySysTickEnable
                0x00000000       0x20 .\ARM_GCC_541\Debug\Buttons-Leds-UART.a(CyLib.o)
 .text.CySysTickStop
                0x00000000       0x1c .\ARM_GCC_541\Debug\Buttons-Leds-UART.a(CyLib.o)
 .text.CySysTickEnableInterrupt
                0x00000000       0x1c .\ARM_GCC_541\Debug\Buttons-Leds-UART.a(CyLib.o)
 .text.CySysTickDisableInterrupt
                0x00000000       0x1c .\ARM_GCC_541\Debug\Buttons-Leds-UART.a(CyLib.o)
 .text.CySysTickSetReload
                0x00000000       0x20 .\ARM_GCC_541\Debug\Buttons-Leds-UART.a(CyLib.o)
 .text.CySysTickGetReload
                0x00000000       0x18 .\ARM_GCC_541\Debug\Buttons-Leds-UART.a(CyLib.o)
 .text.CySysTickGetValue
                0x00000000       0x18 .\ARM_GCC_541\Debug\Buttons-Leds-UART.a(CyLib.o)
 .text.CySysTickGetCountFlag
                0x00000000       0x18 .\ARM_GCC_541\Debug\Buttons-Leds-UART.a(CyLib.o)
 .text.CySysTickClear
                0x00000000       0x14 .\ARM_GCC_541\Debug\Buttons-Leds-UART.a(CyLib.o)
 .text.CySysTickSetCallback
                0x00000000       0x2c .\ARM_GCC_541\Debug\Buttons-Leds-UART.a(CyLib.o)
 .text.CySysTickGetCallback
                0x00000000       0x1c .\ARM_GCC_541\Debug\Buttons-Leds-UART.a(CyLib.o)
 .text.CySysTickServiceCallbacks
                0x00000000       0x44 .\ARM_GCC_541\Debug\Buttons-Leds-UART.a(CyLib.o)
 .text.CyGetUniqueId
                0x00000000       0xc0 .\ARM_GCC_541\Debug\Buttons-Leds-UART.a(CyLib.o)
 .text          0x00000000        0x0 .\ARM_GCC_541\Debug\Buttons-Leds-UART.a(Button_Right.o)
 .data          0x00000000        0x0 .\ARM_GCC_541\Debug\Buttons-Leds-UART.a(Button_Right.o)
 .bss           0x00000000        0x0 .\ARM_GCC_541\Debug\Buttons-Leds-UART.a(Button_Right.o)
 .text.Button_Right_SetDriveMode
                0x00000000       0x30 .\ARM_GCC_541\Debug\Buttons-Leds-UART.a(Button_Right.o)
 .text.Button_Right_Write
                0x00000000       0x50 .\ARM_GCC_541\Debug\Buttons-Leds-UART.a(Button_Right.o)
 .text.Button_Right_ReadDataReg
                0x00000000       0x1c .\ARM_GCC_541\Debug\Buttons-Leds-UART.a(Button_Right.o)
 .text.Button_Right_SetInterruptMode
                0x00000000       0x44 .\ARM_GCC_541\Debug\Buttons-Leds-UART.a(Button_Right.o)
 .text          0x00000000        0x0 .\ARM_GCC_541\Debug\Buttons-Leds-UART.a(Button_Left.o)
 .data          0x00000000        0x0 .\ARM_GCC_541\Debug\Buttons-Leds-UART.a(Button_Left.o)
 .bss           0x00000000        0x0 .\ARM_GCC_541\Debug\Buttons-Leds-UART.a(Button_Left.o)
 .text.Button_Left_SetDriveMode
                0x00000000       0x30 .\ARM_GCC_541\Debug\Buttons-Leds-UART.a(Button_Left.o)
 .text.Button_Left_Write
                0x00000000       0x48 .\ARM_GCC_541\Debug\Buttons-Leds-UART.a(Button_Left.o)
 .text.Button_Left_ReadDataReg
                0x00000000       0x1c .\ARM_GCC_541\Debug\Buttons-Leds-UART.a(Button_Left.o)
 .text.Button_Left_SetInterruptMode
                0x00000000       0x44 .\ARM_GCC_541\Debug\Buttons-Leds-UART.a(Button_Left.o)
 .text          0x00000000        0x0 .\ARM_GCC_541\Debug\Buttons-Leds-UART.a(Button_Left_ISR.o)
 .data          0x00000000        0x0 .\ARM_GCC_541\Debug\Buttons-Leds-UART.a(Button_Left_ISR.o)
 .bss           0x00000000        0x0 .\ARM_GCC_541\Debug\Buttons-Leds-UART.a(Button_Left_ISR.o)
 .text.Button_Left_ISR_Start
                0x00000000       0x24 .\ARM_GCC_541\Debug\Buttons-Leds-UART.a(Button_Left_ISR.o)
 .text.Button_Left_ISR_Stop
                0x00000000       0x1c .\ARM_GCC_541\Debug\Buttons-Leds-UART.a(Button_Left_ISR.o)
 .text.Button_Left_ISR_Interrupt
                0x00000000        0xc .\ARM_GCC_541\Debug\Buttons-Leds-UART.a(Button_Left_ISR.o)
 .text.Button_Left_ISR_GetVector
                0x00000000       0x14 .\ARM_GCC_541\Debug\Buttons-Leds-UART.a(Button_Left_ISR.o)
 .text.Button_Left_ISR_GetPriority
                0x00000000       0x2c .\ARM_GCC_541\Debug\Buttons-Leds-UART.a(Button_Left_ISR.o)
 .text.Button_Left_ISR_GetState
                0x00000000       0x20 .\ARM_GCC_541\Debug\Buttons-Leds-UART.a(Button_Left_ISR.o)
 .text.Button_Left_ISR_SetPending
                0x00000000       0x14 .\ARM_GCC_541\Debug\Buttons-Leds-UART.a(Button_Left_ISR.o)
 .text.Button_Left_ISR_ClearPending
                0x00000000       0x14 .\ARM_GCC_541\Debug\Buttons-Leds-UART.a(Button_Left_ISR.o)
 .text          0x00000000        0x0 .\ARM_GCC_541\Debug\Buttons-Leds-UART.a(Button_Right_ISR.o)
 .data          0x00000000        0x0 .\ARM_GCC_541\Debug\Buttons-Leds-UART.a(Button_Right_ISR.o)
 .bss           0x00000000        0x0 .\ARM_GCC_541\Debug\Buttons-Leds-UART.a(Button_Right_ISR.o)
 .text.Button_Right_ISR_Start
                0x00000000       0x24 .\ARM_GCC_541\Debug\Buttons-Leds-UART.a(Button_Right_ISR.o)
 .text.Button_Right_ISR_Stop
                0x00000000       0x1c .\ARM_GCC_541\Debug\Buttons-Leds-UART.a(Button_Right_ISR.o)
 .text.Button_Right_ISR_Interrupt
                0x00000000        0xc .\ARM_GCC_541\Debug\Buttons-Leds-UART.a(Button_Right_ISR.o)
 .text.Button_Right_ISR_GetVector
                0x00000000       0x14 .\ARM_GCC_541\Debug\Buttons-Leds-UART.a(Button_Right_ISR.o)
 .text.Button_Right_ISR_GetPriority
                0x00000000       0x2c .\ARM_GCC_541\Debug\Buttons-Leds-UART.a(Button_Right_ISR.o)
 .text.Button_Right_ISR_GetState
                0x00000000       0x1c .\ARM_GCC_541\Debug\Buttons-Leds-UART.a(Button_Right_ISR.o)
 .text.Button_Right_ISR_SetPending
                0x00000000       0x14 .\ARM_GCC_541\Debug\Buttons-Leds-UART.a(Button_Right_ISR.o)
 .text.Button_Right_ISR_ClearPending
                0x00000000       0x14 .\ARM_GCC_541\Debug\Buttons-Leds-UART.a(Button_Right_ISR.o)
 .text          0x00000000        0x0 .\ARM_GCC_541\Debug\Buttons-Leds-UART.a(PWM_Left.o)
 .data          0x00000000        0x0 .\ARM_GCC_541\Debug\Buttons-Leds-UART.a(PWM_Left.o)
 .text.PWM_Left_Stop
                0x00000000       0x20 .\ARM_GCC_541\Debug\Buttons-Leds-UART.a(PWM_Left.o)
 .text.PWM_Left_ReadCounter
                0x00000000       0x1c .\ARM_GCC_541\Debug\Buttons-Leds-UART.a(PWM_Left.o)
 .text.PWM_Left_ReadControlRegister
                0x00000000       0x20 .\ARM_GCC_541\Debug\Buttons-Leds-UART.a(PWM_Left.o)
 .text.PWM_Left_WriteControlRegister
                0x00000000       0x20 .\ARM_GCC_541\Debug\Buttons-Leds-UART.a(PWM_Left.o)
 .text.PWM_Left_ReadCompare
                0x00000000       0x14 .\ARM_GCC_541\Debug\Buttons-Leds-UART.a(PWM_Left.o)
 .text.PWM_Left_ReadPeriod
                0x00000000       0x14 .\ARM_GCC_541\Debug\Buttons-Leds-UART.a(PWM_Left.o)
 .text          0x00000000        0x0 .\ARM_GCC_541\Debug\Buttons-Leds-UART.a(PWM_Right.o)
 .data          0x00000000        0x0 .\ARM_GCC_541\Debug\Buttons-Leds-UART.a(PWM_Right.o)
 .text.PWM_Right_Stop
                0x00000000       0x20 .\ARM_GCC_541\Debug\Buttons-Leds-UART.a(PWM_Right.o)
 .text.PWM_Right_ReadCounter
                0x00000000       0x1c .\ARM_GCC_541\Debug\Buttons-Leds-UART.a(PWM_Right.o)
 .text.PWM_Right_ReadControlRegister
                0x00000000       0x20 .\ARM_GCC_541\Debug\Buttons-Leds-UART.a(PWM_Right.o)
 .text.PWM_Right_WriteControlRegister
                0x00000000       0x20 .\ARM_GCC_541\Debug\Buttons-Leds-UART.a(PWM_Right.o)
 .text.PWM_Right_ReadCompare
                0x00000000       0x14 .\ARM_GCC_541\Debug\Buttons-Leds-UART.a(PWM_Right.o)
 .text.PWM_Right_ReadPeriod
                0x00000000       0x14 .\ARM_GCC_541\Debug\Buttons-Leds-UART.a(PWM_Right.o)
 .data          0x00000000        0x0 .\ARM_GCC_541\Debug\Buttons-Leds-UART.a(CyBootAsmGnu.o)
 .bss           0x00000000        0x0 .\ARM_GCC_541\Debug\Buttons-Leds-UART.a(CyBootAsmGnu.o)
 .text          0x00000000        0x0 .\ARM_GCC_541\Debug\Buttons-Leds-UART.a(UART_SPI_UART.o)
 .data          0x00000000        0x0 .\ARM_GCC_541\Debug\Buttons-Leds-UART.a(UART_SPI_UART.o)
 .bss           0x00000000        0x0 .\ARM_GCC_541\Debug\Buttons-Leds-UART.a(UART_SPI_UART.o)
 .text.UART_SpiUartPutArray
                0x00000000       0x34 .\ARM_GCC_541\Debug\Buttons-Leds-UART.a(UART_SPI_UART.o)
 .text.UART_SpiUartGetTxBufferSize
                0x00000000       0x20 .\ARM_GCC_541\Debug\Buttons-Leds-UART.a(UART_SPI_UART.o)
 .text.UART_SpiUartClearTxBuffer
                0x00000000       0x2c .\ARM_GCC_541\Debug\Buttons-Leds-UART.a(UART_SPI_UART.o)
 .text.UART_SpiUartDisableIntRx
                0x00000000       0x20 .\ARM_GCC_541\Debug\Buttons-Leds-UART.a(UART_SPI_UART.o)
 .text.UART_SpiUartDisableIntTx
                0x00000000       0x20 .\ARM_GCC_541\Debug\Buttons-Leds-UART.a(UART_SPI_UART.o)
 .text          0x00000000      0x114 c:/program files (x86)/cypress/psoc creator/4.2/psoc creator/import/gnu/arm/5.4.1/bin/../lib/gcc/arm-none-eabi/5.4.1/armv6-m\libgcc.a(_udivsi3.o)
 .data          0x00000000        0x0 c:/program files (x86)/cypress/psoc creator/4.2/psoc creator/import/gnu/arm/5.4.1/bin/../lib/gcc/arm-none-eabi/5.4.1/armv6-m\libgcc.a(_udivsi3.o)
 .bss           0x00000000        0x0 c:/program files (x86)/cypress/psoc creator/4.2/psoc creator/import/gnu/arm/5.4.1/bin/../lib/gcc/arm-none-eabi/5.4.1/armv6-m\libgcc.a(_udivsi3.o)
 .text          0x00000000        0x4 c:/program files (x86)/cypress/psoc creator/4.2/psoc creator/import/gnu/arm/5.4.1/bin/../lib/gcc/arm-none-eabi/5.4.1/armv6-m\libgcc.a(_dvmd_tls.o)
 .data          0x00000000        0x0 c:/program files (x86)/cypress/psoc creator/4.2/psoc creator/import/gnu/arm/5.4.1/bin/../lib/gcc/arm-none-eabi/5.4.1/armv6-m\libgcc.a(_dvmd_tls.o)
 .bss           0x00000000        0x0 c:/program files (x86)/cypress/psoc creator/4.2/psoc creator/import/gnu/arm/5.4.1/bin/../lib/gcc/arm-none-eabi/5.4.1/armv6-m\libgcc.a(_dvmd_tls.o)
 .text          0x00000000        0x0 c:/program files (x86)/cypress/psoc creator/4.2/psoc creator/import/gnu/arm/5.4.1/bin/../lib/gcc/arm-none-eabi/5.4.1/../../../../arm-none-eabi/lib/armv6-m\libg_nano.a(lib_a-errno.o)
 .data          0x00000000        0x0 c:/program files (x86)/cypress/psoc creator/4.2/psoc creator/import/gnu/arm/5.4.1/bin/../lib/gcc/arm-none-eabi/5.4.1/../../../../arm-none-eabi/lib/armv6-m\libg_nano.a(lib_a-errno.o)
 .bss           0x00000000        0x0 c:/program files (x86)/cypress/psoc creator/4.2/psoc creator/import/gnu/arm/5.4.1/bin/../lib/gcc/arm-none-eabi/5.4.1/../../../../arm-none-eabi/lib/armv6-m\libg_nano.a(lib_a-errno.o)
 .text          0x00000000        0x0 c:/program files (x86)/cypress/psoc creator/4.2/psoc creator/import/gnu/arm/5.4.1/bin/../lib/gcc/arm-none-eabi/5.4.1/../../../../arm-none-eabi/lib/armv6-m\libg_nano.a(lib_a-exit.o)
 .data          0x00000000        0x0 c:/program files (x86)/cypress/psoc creator/4.2/psoc creator/import/gnu/arm/5.4.1/bin/../lib/gcc/arm-none-eabi/5.4.1/../../../../arm-none-eabi/lib/armv6-m\libg_nano.a(lib_a-exit.o)
 .bss           0x00000000        0x0 c:/program files (x86)/cypress/psoc creator/4.2/psoc creator/import/gnu/arm/5.4.1/bin/../lib/gcc/arm-none-eabi/5.4.1/../../../../arm-none-eabi/lib/armv6-m\libg_nano.a(lib_a-exit.o)
 .text.exit     0x00000000       0x2c c:/program files (x86)/cypress/psoc creator/4.2/psoc creator/import/gnu/arm/5.4.1/bin/../lib/gcc/arm-none-eabi/5.4.1/../../../../arm-none-eabi/lib/armv6-m\libg_nano.a(lib_a-exit.o)
 .text          0x00000000        0x0 c:/program files (x86)/cypress/psoc creator/4.2/psoc creator/import/gnu/arm/5.4.1/bin/../lib/gcc/arm-none-eabi/5.4.1/../../../../arm-none-eabi/lib/armv6-m\libg_nano.a(lib_a-impure.o)
 .data          0x00000000        0x0 c:/program files (x86)/cypress/psoc creator/4.2/psoc creator/import/gnu/arm/5.4.1/bin/../lib/gcc/arm-none-eabi/5.4.1/../../../../arm-none-eabi/lib/armv6-m\libg_nano.a(lib_a-impure.o)
 .bss           0x00000000        0x0 c:/program files (x86)/cypress/psoc creator/4.2/psoc creator/import/gnu/arm/5.4.1/bin/../lib/gcc/arm-none-eabi/5.4.1/../../../../arm-none-eabi/lib/armv6-m\libg_nano.a(lib_a-impure.o)
 .rodata._global_impure_ptr
                0x00000000        0x4 c:/program files (x86)/cypress/psoc creator/4.2/psoc creator/import/gnu/arm/5.4.1/bin/../lib/gcc/arm-none-eabi/5.4.1/../../../../arm-none-eabi/lib/armv6-m\libg_nano.a(lib_a-impure.o)
 .text          0x00000000        0x0 c:/program files (x86)/cypress/psoc creator/4.2/psoc creator/import/gnu/arm/5.4.1/bin/../lib/gcc/arm-none-eabi/5.4.1/../../../../arm-none-eabi/lib/armv6-m\libg_nano.a(lib_a-init.o)
 .data          0x00000000        0x0 c:/program files (x86)/cypress/psoc creator/4.2/psoc creator/import/gnu/arm/5.4.1/bin/../lib/gcc/arm-none-eabi/5.4.1/../../../../arm-none-eabi/lib/armv6-m\libg_nano.a(lib_a-init.o)
 .bss           0x00000000        0x0 c:/program files (x86)/cypress/psoc creator/4.2/psoc creator/import/gnu/arm/5.4.1/bin/../lib/gcc/arm-none-eabi/5.4.1/../../../../arm-none-eabi/lib/armv6-m\libg_nano.a(lib_a-init.o)
 .text          0x00000000        0x0 c:/program files (x86)/cypress/psoc creator/4.2/psoc creator/import/gnu/arm/5.4.1/bin/../lib/gcc/arm-none-eabi/5.4.1/../../../../arm-none-eabi/lib/armv6-m\libg_nano.a(lib_a-memcpy-stub.o)
 .data          0x00000000        0x0 c:/program files (x86)/cypress/psoc creator/4.2/psoc creator/import/gnu/arm/5.4.1/bin/../lib/gcc/arm-none-eabi/5.4.1/../../../../arm-none-eabi/lib/armv6-m\libg_nano.a(lib_a-memcpy-stub.o)
 .bss           0x00000000        0x0 c:/program files (x86)/cypress/psoc creator/4.2/psoc creator/import/gnu/arm/5.4.1/bin/../lib/gcc/arm-none-eabi/5.4.1/../../../../arm-none-eabi/lib/armv6-m\libg_nano.a(lib_a-memcpy-stub.o)
 .text.memcpy   0x00000000       0x12 c:/program files (x86)/cypress/psoc creator/4.2/psoc creator/import/gnu/arm/5.4.1/bin/../lib/gcc/arm-none-eabi/5.4.1/../../../../arm-none-eabi/lib/armv6-m\libg_nano.a(lib_a-memcpy-stub.o)
 .text          0x00000000        0x0 c:/program files (x86)/cypress/psoc creator/4.2/psoc creator/import/gnu/arm/5.4.1/bin/../lib/gcc/arm-none-eabi/5.4.1/../../../../arm-none-eabi/lib/armv6-m\libg_nano.a(lib_a-memset.o)
 .data          0x00000000        0x0 c:/program files (x86)/cypress/psoc creator/4.2/psoc creator/import/gnu/arm/5.4.1/bin/../lib/gcc/arm-none-eabi/5.4.1/../../../../arm-none-eabi/lib/armv6-m\libg_nano.a(lib_a-memset.o)
 .bss           0x00000000        0x0 c:/program files (x86)/cypress/psoc creator/4.2/psoc creator/import/gnu/arm/5.4.1/bin/../lib/gcc/arm-none-eabi/5.4.1/../../../../arm-none-eabi/lib/armv6-m\libg_nano.a(lib_a-memset.o)
 .text          0x00000000        0x0 c:/program files (x86)/cypress/psoc creator/4.2/psoc creator/import/gnu/arm/5.4.1/bin/../lib/gcc/arm-none-eabi/5.4.1/armv6-m/crtend.o
 .data          0x00000000        0x0 c:/program files (x86)/cypress/psoc creator/4.2/psoc creator/import/gnu/arm/5.4.1/bin/../lib/gcc/arm-none-eabi/5.4.1/armv6-m/crtend.o
 .bss           0x00000000        0x0 c:/program files (x86)/cypress/psoc creator/4.2/psoc creator/import/gnu/arm/5.4.1/bin/../lib/gcc/arm-none-eabi/5.4.1/armv6-m/crtend.o
 .text          0x00000000        0x0 c:/program files (x86)/cypress/psoc creator/4.2/psoc creator/import/gnu/arm/5.4.1/bin/../lib/gcc/arm-none-eabi/5.4.1/armv6-m/crtn.o
 .data          0x00000000        0x0 c:/program files (x86)/cypress/psoc creator/4.2/psoc creator/import/gnu/arm/5.4.1/bin/../lib/gcc/arm-none-eabi/5.4.1/armv6-m/crtn.o
 .bss           0x00000000        0x0 c:/program files (x86)/cypress/psoc creator/4.2/psoc creator/import/gnu/arm/5.4.1/bin/../lib/gcc/arm-none-eabi/5.4.1/armv6-m/crtn.o

Memory Configuration

Name             Origin             Length             Attributes
rom              0x00000000         0x00008000         xr
ram              0x20000000         0x00001000         xrw
*default*        0x00000000         0xffffffff

Linker script and memory map

LOAD c:/program files (x86)/cypress/psoc creator/4.2/psoc creator/import/gnu/arm/5.4.1/bin/../lib/gcc/arm-none-eabi/5.4.1/armv6-m/crti.o
LOAD c:/program files (x86)/cypress/psoc creator/4.2/psoc creator/import/gnu/arm/5.4.1/bin/../lib/gcc/arm-none-eabi/5.4.1/armv6-m/crtbegin.o
LOAD c:/program files (x86)/cypress/psoc creator/4.2/psoc creator/import/gnu/arm/5.4.1/bin/../lib/gcc/arm-none-eabi/5.4.1/../../../../arm-none-eabi/lib/armv6-m/crt0.o
START GROUP
LOAD .\ARM_GCC_541\Debug\main.o
LOAD .\ARM_GCC_541\Debug\cyfitter_cfg.o
LOAD .\ARM_GCC_541\Debug\cymetadata.o
LOAD .\ARM_GCC_541\Debug\Cm0Start.o
LOAD .\ARM_GCC_541\Debug\Buttons-Leds-UART.a
END GROUP
START GROUP
LOAD c:/program files (x86)/cypress/psoc creator/4.2/psoc creator/import/gnu/arm/5.4.1/bin/../lib/gcc/arm-none-eabi/5.4.1/armv6-m\libgcc.a
LOAD c:/program files (x86)/cypress/psoc creator/4.2/psoc creator/import/gnu/arm/5.4.1/bin/../lib/gcc/arm-none-eabi/5.4.1/../../../../arm-none-eabi/lib/armv6-m\libg_nano.a
LOAD c:/program files (x86)/cypress/psoc creator/4.2/psoc creator/import/gnu/arm/5.4.1/bin/../lib/gcc/arm-none-eabi/5.4.1/../../../../arm-none-eabi/lib/armv6-m\libc_nano.a
END GROUP
START GROUP
LOAD c:/program files (x86)/cypress/psoc creator/4.2/psoc creator/import/gnu/arm/5.4.1/bin/../lib/gcc/arm-none-eabi/5.4.1/armv6-m\libgcc.a
LOAD c:/program files (x86)/cypress/psoc creator/4.2/psoc creator/import/gnu/arm/5.4.1/bin/../lib/gcc/arm-none-eabi/5.4.1/../../../../arm-none-eabi/lib/armv6-m\libc_nano.a
END GROUP
LOAD c:/program files (x86)/cypress/psoc creator/4.2/psoc creator/import/gnu/arm/5.4.1/bin/../lib/gcc/arm-none-eabi/5.4.1/armv6-m/crtend.o
LOAD c:/program files (x86)/cypress/psoc creator/4.2/psoc creator/import/gnu/arm/5.4.1/bin/../lib/gcc/arm-none-eabi/5.4.1/armv6-m/crtn.o
START GROUP
LOAD c:/program files (x86)/cypress/psoc creator/4.2/psoc creator/import/gnu/arm/5.4.1/bin/../lib/gcc/arm-none-eabi/5.4.1/armv6-m\libgcc.a
LOAD c:/program files (x86)/cypress/psoc creator/4.2/psoc creator/import/gnu/arm/5.4.1/bin/../lib/gcc/arm-none-eabi/5.4.1/../../../../arm-none-eabi/lib/armv6-m\libc.a
LOAD c:/program files (x86)/cypress/psoc creator/4.2/psoc creator/import/gnu/arm/5.4.1/bin/../lib/gcc/arm-none-eabi/5.4.1/../../../../arm-none-eabi/lib/armv6-m\libnosys.a
END GROUP
                0x00000000                CY_APPL_ORIGIN = 0x0
                0x00000080                CY_FLASH_ROW_SIZE = 0x80
                0x00000001                CY_APPL_NUM = 0x1
                0x00000001                CY_APPL_MAX = 0x1
                0x00000040                CY_METADATA_SIZE = 0x40
                0x00000000                CY_APPL_LOADABLE = 0x0
                0x00000000                CY_CHECKSUM_EXCLUDE_SIZE = ALIGN (0x0, CY_FLASH_ROW_SIZE)
                0x00000000                CY_APP_FOR_STACK_AND_COPIER = 0x0
                [!provide]                PROVIDE (__cy_heap_start, _end)
                0x00000001                PROVIDE (__cy_region_num, ((__cy_regions_end - __cy_regions) / 0x10))
                0x20001000                PROVIDE (__cy_stack, (ORIGIN (ram) + LENGTH (ram)))
                [!provide]                PROVIDE (__cy_heap_end, (__cy_stack - 0x400))

.cybootloader   0x00000000        0x0
 *(.cybootloader)
                0x00000000                appl1_start = CY_APPL_ORIGIN?CY_APPL_ORIGIN:ALIGN (CY_FLASH_ROW_SIZE)
                0x00003f80                appl2_start = (appl1_start + ALIGN ((((LENGTH (rom) - appl1_start) - (0x2 * CY_FLASH_ROW_SIZE)) / 0x2), CY_FLASH_ROW_SIZE))
                0x00000000                appl_start = (CY_APPL_NUM == 0x1)?appl1_start:appl2_start
                0x00000001                cy_project_type_bootloader = (appl_start == 0x0)?0x1:0x0
                0x00000000                cy_project_type_app_for_stack_and_copier = (CY_APP_FOR_STACK_AND_COPIER == 0x1)?0x1:0x0

.text           0x00000000      0xf88
 CREATE_OBJECT_SYMBOLS
                0x00000000                PROVIDE (__cy_interrupt_vector, RomVectors)
 *(.romvectors)
 .romvectors    0x00000000       0x10 .\ARM_GCC_541\Debug\Cm0Start.o
                0x00000000                RomVectors
                0x00000001                ASSERT ((. != __cy_interrupt_vector), No interrupt vector)
                0x00000001                ASSERT (CY_APPL_ORIGIN?(SIZEOF (.cybootloader) <= CY_APPL_ORIGIN):0x1, Wrong image location)
                0x00000010                PROVIDE (__cy_reset, Reset)
 *(.text.Reset)
 .text.Reset    0x00000010        0x8 .\ARM_GCC_541\Debug\Cm0Start.o
                0x00000010                Reset
                0x00000001                ASSERT ((. != __cy_reset), No reset code)
 *(.psocinit)
 .psocinit      0x00000018      0x21c .\ARM_GCC_541\Debug\cyfitter_cfg.o
                0x000000a4                cyfitter_cfg
                0x00000234                . = MAX (., 0x100)
 *(.text .text.* .gnu.linkonce.t.*)
 .text          0x00000234       0x60 c:/program files (x86)/cypress/psoc creator/4.2/psoc creator/import/gnu/arm/5.4.1/bin/../lib/gcc/arm-none-eabi/5.4.1/armv6-m/crtbegin.o
 .text.leftDoorOpened
                0x00000294       0x78 .\ARM_GCC_541\Debug\main.o
                0x00000294                leftDoorOpened
 .text.rightDoorOpened
                0x0000030c       0x78 .\ARM_GCC_541\Debug\main.o
                0x0000030c                rightDoorOpened
 .text.Button_Left_ISR_Handler
                0x00000384       0x14 .\ARM_GCC_541\Debug\main.o
                0x00000384                Button_Left_ISR_Handler
 .text.Button_Right_ISR_Handler
                0x00000398       0x14 .\ARM_GCC_541\Debug\main.o
                0x00000398                Button_Right_ISR_Handler
 .text.main     0x000003ac       0x2c .\ARM_GCC_541\Debug\main.o
                0x000003ac                main
 .text.CYMEMZERO
                0x000003d8       0x20 .\ARM_GCC_541\Debug\cyfitter_cfg.o
 .text.cfg_write_bytes32
                0x000003f8       0x84 .\ARM_GCC_541\Debug\cyfitter_cfg.o
 .text.AnalogSetDefault
                0x0000047c        0xc .\ARM_GCC_541\Debug\cyfitter_cfg.o
 .text.IntDefaultHandler
                0x00000488       0x14 .\ARM_GCC_541\Debug\Cm0Start.o
                0x00000488                IntDefaultHandler
 .text.Start_c  0x0000049c       0x98 .\ARM_GCC_541\Debug\Cm0Start.o
                0x0000049c                Start_c
 .text.initialize_psoc
                0x00000534       0x64 .\ARM_GCC_541\Debug\Cm0Start.o
                0x00000534                initialize_psoc
 .text.UART_Init
                0x00000598       0x10 .\ARM_GCC_541\Debug\Buttons-Leds-UART.a(UART.o)
                0x00000598                UART_Init
 .text.UART_Enable
                0x000005a8       0x24 .\ARM_GCC_541\Debug\Buttons-Leds-UART.a(UART.o)
                0x000005a8                UART_Enable
 .text.UART_Start
                0x000005cc       0x24 .\ARM_GCC_541\Debug\Buttons-Leds-UART.a(UART.o)
                0x000005cc                UART_Start
 .text.UART_ScbEnableIntr
                0x000005f0        0xc .\ARM_GCC_541\Debug\Buttons-Leds-UART.a(UART.o)
 .text.UART_ScbModePostEnable
                0x000005fc       0x10 .\ARM_GCC_541\Debug\Buttons-Leds-UART.a(UART.o)
 .text.UART_UartInit
                0x0000060c       0xbc .\ARM_GCC_541\Debug\Buttons-Leds-UART.a(UART_UART.o)
                0x0000060c                UART_UartInit
 .text.UART_UartPostEnable
                0x000006c8       0x30 .\ARM_GCC_541\Debug\Buttons-Leds-UART.a(UART_UART.o)
                0x000006c8                UART_UartPostEnable
 .text.UART_UartPutString
                0x000006f8       0x38 .\ARM_GCC_541\Debug\Buttons-Leds-UART.a(UART_UART.o)
                0x000006f8                UART_UartPutString
 .text.CySysClkWriteImoFreq
                0x00000730      0x1e4 .\ARM_GCC_541\Debug\Buttons-Leds-UART.a(CyLib.o)
                0x00000730                CySysClkWriteImoFreq
 .text.CyHalt   0x00000914       0x18 .\ARM_GCC_541\Debug\Buttons-Leds-UART.a(CyLib.o)
                0x00000914                CyHalt
 .text.CyDelay  0x0000092c       0x4c .\ARM_GCC_541\Debug\Buttons-Leds-UART.a(CyLib.o)
                0x0000092c                CyDelay
 .text.CyDelayUs
                0x00000978       0x28 .\ARM_GCC_541\Debug\Buttons-Leds-UART.a(CyLib.o)
                0x00000978                CyDelayUs
 .text.Button_Right_Read
                0x000009a0       0x1c .\ARM_GCC_541\Debug\Buttons-Leds-UART.a(Button_Right.o)
                0x000009a0                Button_Right_Read
 .text.Button_Right_ClearInterrupt
                0x000009bc       0x30 .\ARM_GCC_541\Debug\Buttons-Leds-UART.a(Button_Right.o)
                0x000009bc                Button_Right_ClearInterrupt
 .text.Button_Left_Read
                0x000009ec       0x1c .\ARM_GCC_541\Debug\Buttons-Leds-UART.a(Button_Left.o)
                0x000009ec                Button_Left_Read
 .text.Button_Left_ClearInterrupt
                0x00000a08       0x30 .\ARM_GCC_541\Debug\Buttons-Leds-UART.a(Button_Left.o)
                0x00000a08                Button_Left_ClearInterrupt
 .text.Button_Left_ISR_StartEx
                0x00000a38       0x28 .\ARM_GCC_541\Debug\Buttons-Leds-UART.a(Button_Left_ISR.o)
                0x00000a38                Button_Left_ISR_StartEx
 .text.Button_Left_ISR_SetVector
                0x00000a60       0x1c .\ARM_GCC_541\Debug\Buttons-Leds-UART.a(Button_Left_ISR.o)
                0x00000a60                Button_Left_ISR_SetVector
 .text.Button_Left_ISR_SetPriority
                0x00000a7c       0x50 .\ARM_GCC_541\Debug\Buttons-Leds-UART.a(Button_Left_ISR.o)
                0x00000a7c                Button_Left_ISR_SetPriority
 .text.Button_Left_ISR_Enable
                0x00000acc       0x14 .\ARM_GCC_541\Debug\Buttons-Leds-UART.a(Button_Left_ISR.o)
                0x00000acc                Button_Left_ISR_Enable
 .text.Button_Left_ISR_Disable
                0x00000ae0       0x14 .\ARM_GCC_541\Debug\Buttons-Leds-UART.a(Button_Left_ISR.o)
                0x00000ae0                Button_Left_ISR_Disable
 .text.Button_Right_ISR_StartEx
                0x00000af4       0x28 .\ARM_GCC_541\Debug\Buttons-Leds-UART.a(Button_Right_ISR.o)
                0x00000af4                Button_Right_ISR_StartEx
 .text.Button_Right_ISR_SetVector
                0x00000b1c       0x1c .\ARM_GCC_541\Debug\Buttons-Leds-UART.a(Button_Right_ISR.o)
                0x00000b1c                Button_Right_ISR_SetVector
 .text.Button_Right_ISR_SetPriority
                0x00000b38       0x50 .\ARM_GCC_541\Debug\Buttons-Leds-UART.a(Button_Right_ISR.o)
                0x00000b38                Button_Right_ISR_SetPriority
 .text.Button_Right_ISR_Enable
                0x00000b88       0x14 .\ARM_GCC_541\Debug\Buttons-Leds-UART.a(Button_Right_ISR.o)
                0x00000b88                Button_Right_ISR_Enable
 .text.Button_Right_ISR_Disable
                0x00000b9c       0x14 .\ARM_GCC_541\Debug\Buttons-Leds-UART.a(Button_Right_ISR.o)
                0x00000b9c                Button_Right_ISR_Disable
 .text.PWM_Left_Start
                0x00000bb0       0x24 .\ARM_GCC_541\Debug\Buttons-Leds-UART.a(PWM_Left.o)
                0x00000bb0                PWM_Left_Start
 .text.PWM_Left_Init
                0x00000bd4       0x84 .\ARM_GCC_541\Debug\Buttons-Leds-UART.a(PWM_Left.o)
                0x00000bd4                PWM_Left_Init
 .text.PWM_Left_Enable
                0x00000c58       0x20 .\ARM_GCC_541\Debug\Buttons-Leds-UART.a(PWM_Left.o)
                0x00000c58                PWM_Left_Enable
 .text.PWM_Left_WriteCounter
                0x00000c78       0x20 .\ARM_GCC_541\Debug\Buttons-Leds-UART.a(PWM_Left.o)
                0x00000c78                PWM_Left_WriteCounter
 .text.PWM_Left_ClearFIFO
                0x00000c98       0x20 .\ARM_GCC_541\Debug\Buttons-Leds-UART.a(PWM_Left.o)
                0x00000c98                PWM_Left_ClearFIFO
 .text.PWM_Left_WritePeriod
                0x00000cb8       0x20 .\ARM_GCC_541\Debug\Buttons-Leds-UART.a(PWM_Left.o)
                0x00000cb8                PWM_Left_WritePeriod
 .text.PWM_Left_WriteCompare
                0x00000cd8       0x20 .\ARM_GCC_541\Debug\Buttons-Leds-UART.a(PWM_Left.o)
                0x00000cd8                PWM_Left_WriteCompare
 .text.PWM_Left_SetInterruptMode
                0x00000cf8       0x20 .\ARM_GCC_541\Debug\Buttons-Leds-UART.a(PWM_Left.o)
                0x00000cf8                PWM_Left_SetInterruptMode
 .text.PWM_Left_ReadStatusRegister
                0x00000d18       0x14 .\ARM_GCC_541\Debug\Buttons-Leds-UART.a(PWM_Left.o)
                0x00000d18                PWM_Left_ReadStatusRegister
 .text.PWM_Left_ReadCapture
                0x00000d2c       0x14 .\ARM_GCC_541\Debug\Buttons-Leds-UART.a(PWM_Left.o)
                0x00000d2c                PWM_Left_ReadCapture
 .text.PWM_Right_Start
                0x00000d40       0x24 .\ARM_GCC_541\Debug\Buttons-Leds-UART.a(PWM_Right.o)
                0x00000d40                PWM_Right_Start
 .text.PWM_Right_Init
                0x00000d64       0x84 .\ARM_GCC_541\Debug\Buttons-Leds-UART.a(PWM_Right.o)
                0x00000d64                PWM_Right_Init
 .text.PWM_Right_Enable
                0x00000de8       0x20 .\ARM_GCC_541\Debug\Buttons-Leds-UART.a(PWM_Right.o)
                0x00000de8                PWM_Right_Enable
 .text.PWM_Right_WriteCounter
                0x00000e08       0x20 .\ARM_GCC_541\Debug\Buttons-Leds-UART.a(PWM_Right.o)
                0x00000e08                PWM_Right_WriteCounter
 .text.PWM_Right_ClearFIFO
                0x00000e28       0x20 .\ARM_GCC_541\Debug\Buttons-Leds-UART.a(PWM_Right.o)
                0x00000e28                PWM_Right_ClearFIFO
 .text.PWM_Right_WritePeriod
                0x00000e48       0x20 .\ARM_GCC_541\Debug\Buttons-Leds-UART.a(PWM_Right.o)
                0x00000e48                PWM_Right_WritePeriod
 .text.PWM_Right_WriteCompare
                0x00000e68       0x20 .\ARM_GCC_541\Debug\Buttons-Leds-UART.a(PWM_Right.o)
                0x00000e68                PWM_Right_WriteCompare
 .text.PWM_Right_SetInterruptMode
                0x00000e88       0x20 .\ARM_GCC_541\Debug\Buttons-Leds-UART.a(PWM_Right.o)
                0x00000e88                PWM_Right_SetInterruptMode
 .text.PWM_Right_ReadStatusRegister
                0x00000ea8       0x14 .\ARM_GCC_541\Debug\Buttons-Leds-UART.a(PWM_Right.o)
                0x00000ea8                PWM_Right_ReadStatusRegister
 .text.PWM_Right_ReadCapture
                0x00000ebc       0x14 .\ARM_GCC_541\Debug\Buttons-Leds-UART.a(PWM_Right.o)
                0x00000ebc                PWM_Right_ReadCapture
 .text          0x00000ed0       0x24 .\ARM_GCC_541\Debug\Buttons-Leds-UART.a(CyBootAsmGnu.o)
                0x00000ed0                CyDelayCycles
                0x00000ee4                CyEnterCriticalSection
                0x00000eec                CyExitCriticalSection
 .text.UART_SpiUartWriteTxData
                0x00000ef4       0x2c .\ARM_GCC_541\Debug\Buttons-Leds-UART.a(UART_SPI_UART.o)
                0x00000ef4                UART_SpiUartWriteTxData
 .text.__errno  0x00000f20        0xc c:/program files (x86)/cypress/psoc creator/4.2/psoc creator/import/gnu/arm/5.4.1/bin/../lib/gcc/arm-none-eabi/5.4.1/../../../../arm-none-eabi/lib/armv6-m\libg_nano.a(lib_a-errno.o)
                0x00000f20                __errno
 .text.__libc_init_array
                0x00000f2c       0x4c c:/program files (x86)/cypress/psoc creator/4.2/psoc creator/import/gnu/arm/5.4.1/bin/../lib/gcc/arm-none-eabi/5.4.1/../../../../arm-none-eabi/lib/armv6-m\libg_nano.a(lib_a-init.o)
                0x00000f2c                __libc_init_array
 .text.memset   0x00000f78       0x10 c:/program files (x86)/cypress/psoc creator/4.2/psoc creator/import/gnu/arm/5.4.1/bin/../lib/gcc/arm-none-eabi/5.4.1/../../../../arm-none-eabi/lib/armv6-m\libg_nano.a(lib_a-memset.o)
                0x00000f78                memset
 *(.plt)
 *(.gnu.warning)
 *(.glue_7t)
 .glue_7t       0x00000f88        0x0 linker stubs
 *(.glue_7)
 .glue_7        0x00000f88        0x0 linker stubs
 *(.vfp11_veneer)
 .vfp11_veneer  0x00000f88        0x0 linker stubs
 *(.bootloader)
 *(.ARM.extab* .gnu.linkonce.armextab.*)
 *(.gcc_except_table)

.v4_bx          0x00000f88        0x0
 .v4_bx         0x00000f88        0x0 linker stubs

.iplt           0x00000f88        0x0
 .iplt          0x00000f88        0x0 c:/program files (x86)/cypress/psoc creator/4.2/psoc creator/import/gnu/arm/5.4.1/bin/../lib/gcc/arm-none-eabi/5.4.1/armv6-m/crtbegin.o

.eh_frame_hdr
 *(.eh_frame_hdr)

.eh_frame       0x00000f88        0x4
 *(.eh_frame)
 .eh_frame      0x00000f88        0x0 c:/program files (x86)/cypress/psoc creator/4.2/psoc creator/import/gnu/arm/5.4.1/bin/../lib/gcc/arm-none-eabi/5.4.1/armv6-m/crtbegin.o
 .eh_frame      0x00000f88        0x4 c:/program files (x86)/cypress/psoc creator/4.2/psoc creator/import/gnu/arm/5.4.1/bin/../lib/gcc/arm-none-eabi/5.4.1/armv6-m/crtend.o
                [!provide]                PROVIDE (__exidx_start, .)

.ARM.exidx
 *(.ARM.exidx* .gnu.linkonce.armexidx.*)
                0x00000f8c                __exidx_end = .

.rodata         0x00000f8c      0x1f4
 *(.rodata .rodata.* .gnu.linkonce.r.*)
 .rodata        0x00000f8c       0x55 .\ARM_GCC_541\Debug\main.o
 *fill*         0x00000fe1        0x3 
 .rodata        0x00000fe4      0x134 .\ARM_GCC_541\Debug\cyfitter_cfg.o
 .rodata        0x00001118       0x2e .\ARM_GCC_541\Debug\Buttons-Leds-UART.a(CyLib.o)
                0x00001118                cyImoFreqMhz2Reg
 .rodata.str1.1
                0x00001146        0x2 c:/program files (x86)/cypress/psoc creator/4.2/psoc creator/import/gnu/arm/5.4.1/bin/../lib/gcc/arm-none-eabi/5.4.1/../../../../arm-none-eabi/lib/armv6-m\libg_nano.a(lib_a-impure.o)
                0x00001148                . = ALIGN (0x4)
 *(.init)
 .init          0x00001148        0x4 c:/program files (x86)/cypress/psoc creator/4.2/psoc creator/import/gnu/arm/5.4.1/bin/../lib/gcc/arm-none-eabi/5.4.1/armv6-m/crti.o
                0x00001148                _init
 .init          0x0000114c        0x8 c:/program files (x86)/cypress/psoc creator/4.2/psoc creator/import/gnu/arm/5.4.1/bin/../lib/gcc/arm-none-eabi/5.4.1/armv6-m/crtn.o
                0x00001154                . = ALIGN (0x4)
                0x00001154                __preinit_array_start = .
 *(.preinit_array)
                0x00001154                __preinit_array_end = .
                0x00001154                . = ALIGN (0x4)
                0x00001154                __init_array_start = .
 *(SORT(.init_array.*))
 *(.init_array)
 .init_array    0x00001154        0x4 c:/program files (x86)/cypress/psoc creator/4.2/psoc creator/import/gnu/arm/5.4.1/bin/../lib/gcc/arm-none-eabi/5.4.1/armv6-m/crtbegin.o
 .init_array    0x00001158        0x4 .\ARM_GCC_541\Debug\Cm0Start.o
                0x0000115c                __init_array_end = .
                0x0000115c                . = ALIGN (0x4)
 *(.fini)
 .fini          0x0000115c        0x4 c:/program files (x86)/cypress/psoc creator/4.2/psoc creator/import/gnu/arm/5.4.1/bin/../lib/gcc/arm-none-eabi/5.4.1/armv6-m/crti.o
                0x0000115c                _fini
 .fini          0x00001160        0x8 c:/program files (x86)/cypress/psoc creator/4.2/psoc creator/import/gnu/arm/5.4.1/bin/../lib/gcc/arm-none-eabi/5.4.1/armv6-m/crtn.o
                0x00001168                . = ALIGN (0x4)
                0x00001168                __fini_array_start = .
 *(.fini_array)
 .fini_array    0x00001168        0x4 c:/program files (x86)/cypress/psoc creator/4.2/psoc creator/import/gnu/arm/5.4.1/bin/../lib/gcc/arm-none-eabi/5.4.1/armv6-m/crtbegin.o
 *(SORT(.fini_array.*))
                0x0000116c                __fini_array_end = .
                0x0000116c                . = ALIGN (0x4)
 *crtbegin.o(.ctors)
 *(EXCLUDE_FILE(*crtend.o) .ctors)
 *(SORT(.ctors.*))
 *crtend.o(.ctors)
                0x0000116c                . = ALIGN (0x4)
 *crtbegin.o(.dtors)
 *(EXCLUDE_FILE(*crtend.o) .dtors)
 *(SORT(.dtors.*))
 *crtend.o(.dtors)
                0x0000116c                . = ALIGN (0x4)
                0x0000116c                __cy_regions = .
                0x0000116c        0x4 LONG 0x1180 __cy_region_init_ram
                0x00001170        0x4 LONG 0x200000c8 __cy_region_start_data
                0x00001174        0x4 LONG 0x80 __cy_region_init_size_ram
                0x00001178        0x4 LONG 0x28 __cy_region_zero_size_ram
                0x0000117c                __cy_regions_end = .
                0x00001180                . = ALIGN (0x8)
 *fill*         0x0000117c        0x4 
                0x00001180                _etext = .

.cy_checksum_exclude
                0x00001180        0x0
 *(.cy_checksum_exclude)

.ramvectors     0x20000000       0xc0
                0x20000000                __cy_region_start_ram = .
 *(.ramvectors)
 .ramvectors    0x20000000       0xc0 .\ARM_GCC_541\Debug\Cm0Start.o
                0x20000000                CyRamVectors

.noinit         0x200000c0        0x4
 *(.noinit)
 .noinit        0x200000c0        0x4 .\ARM_GCC_541\Debug\Cm0Start.o

.data           0x200000c8       0x80 load address 0x00001180
                0x200000c8                __cy_region_start_data = .
 *(.jcr)
 .jcr           0x200000c8        0x0 c:/program files (x86)/cypress/psoc creator/4.2/psoc creator/import/gnu/arm/5.4.1/bin/../lib/gcc/arm-none-eabi/5.4.1/armv6-m/crtbegin.o
 .jcr           0x200000c8        0x4 c:/program files (x86)/cypress/psoc creator/4.2/psoc creator/import/gnu/arm/5.4.1/bin/../lib/gcc/arm-none-eabi/5.4.1/armv6-m/crtend.o
 *(.got.plt)
 *(.got)
 *(.shdata)
 *(.data .data.* .gnu.linkonce.d.*)
 .data          0x200000cc       0x14 .\ARM_GCC_541\Debug\Buttons-Leds-UART.a(CyLib.o)
                0x200000cc                cydelayFreqHz
                0x200000d0                cydelayFreqKhz
                0x200000d4                cydelayFreqMhz
                0x200000d8                cydelay32kMs
                0x200000dc                CySysClkPumpConfig
 .data.impure_data
                0x200000e0       0x60 c:/program files (x86)/cypress/psoc creator/4.2/psoc creator/import/gnu/arm/5.4.1/bin/../lib/gcc/arm-none-eabi/5.4.1/../../../../arm-none-eabi/lib/armv6-m\libg_nano.a(lib_a-impure.o)
 .data._impure_ptr
                0x20000140        0x4 c:/program files (x86)/cypress/psoc creator/4.2/psoc creator/import/gnu/arm/5.4.1/bin/../lib/gcc/arm-none-eabi/5.4.1/../../../../arm-none-eabi/lib/armv6-m\libg_nano.a(lib_a-impure.o)
                0x20000140                _impure_ptr
                0x20000148                . = ALIGN (0x8)
 *fill*         0x20000144        0x4 
 *(.ram)
                0x20000148                _edata = .

.igot.plt       0x20000148        0x0 load address 0x00001200
 .igot.plt      0x20000148        0x0 c:/program files (x86)/cypress/psoc creator/4.2/psoc creator/import/gnu/arm/5.4.1/bin/../lib/gcc/arm-none-eabi/5.4.1/armv6-m/crtbegin.o

.bss            0x20000148       0x28 load address 0x00001200
                0x20000148                PROVIDE (__bss_start__, .)
 *(.shbss)
 *(.bss .bss.* .gnu.linkonce.b.*)
 .bss           0x20000148       0x1c c:/program files (x86)/cypress/psoc creator/4.2/psoc creator/import/gnu/arm/5.4.1/bin/../lib/gcc/arm-none-eabi/5.4.1/armv6-m/crtbegin.o
 .bss           0x20000164        0x4 .\ARM_GCC_541\Debug\Buttons-Leds-UART.a(UART.o)
                0x20000164                UART_initVar
                0x20000166                UART_IntrTxMask
 .bss           0x20000168        0x1 .\ARM_GCC_541\Debug\Buttons-Leds-UART.a(PWM_Left.o)
                0x20000168                PWM_Left_initVar
 .bss           0x20000169        0x1 .\ARM_GCC_541\Debug\Buttons-Leds-UART.a(PWM_Right.o)
                0x20000169                PWM_Right_initVar
 *(COMMON)
                0x20000170                . = ALIGN (0x8)
 *fill*         0x2000016a        0x6 
 *(.ram.b)
                0x20000170                _end = .
                0x20000170                __end = .
                0x20000170                PROVIDE (end, .)
                0x20000170                PROVIDE (__bss_end__, .)
                0x00001180                __cy_region_init_ram = LOADADDR (.data)
                0x00000080                __cy_region_init_size_ram = (_edata - ADDR (.data))
                0x00000028                __cy_region_zero_size_ram = (_end - _edata)

.heap           0x20000170      0x100 load address 0x00001200
                0x20000170                . = _end
                0x20000270                . = (. + 0x100)
 *fill*         0x20000170      0x100 
                0x20000270                __cy_heap_limit = .

.stack          0x20000c00      0x400
                0x20000c00                __cy_stack_limit = .
                0x20001000                . = (. + 0x400)
 *fill*         0x20000c00      0x400 
                0x00000001                ASSERT ((__cy_stack_limit >= __cy_heap_limit), region RAM overflowed with stack)
                0x00000000                cy_checksum_exclude_size = (CY_APPL_LOADABLE == 0x1)?SIZEOF (.cy_checksum_exclude):0x0
                0x00000001                ASSERT ((cy_checksum_exclude_size <= CY_CHECKSUM_EXCLUDE_SIZE), CY_BOOT: Section .cy_checksum_exclude size exceedes specified limit.)
                0x00007fc0                cyloadermeta_start = (cy_project_type_bootloader || cy_project_type_app_for_stack_and_copier)?(LENGTH (rom) - CY_METADATA_SIZE):0xf0000000

.cyloadermeta
 *(.cyloadermeta)
                0x00007fc0                cyloadablemeta_start = cy_project_type_app_for_stack_and_copier?((LENGTH (rom) - CY_FLASH_ROW_SIZE) - CY_METADATA_SIZE):((LENGTH (rom) - (CY_FLASH_ROW_SIZE * (CY_APPL_NUM - 0x1))) - CY_METADATA_SIZE)

.cyloadablemeta
 *(.cyloadablemeta)

.cyflashprotect
                0x90400000       0x20
 *(.cyflashprotect)
 .cyflashprotect
                0x90400000       0x20 .\ARM_GCC_541\Debug\cymetadata.o
                0x90400000                cy_meta_flashprotect

.cymeta         0x90500000        0xc
 *(.cymeta)
 .cymeta        0x90500000        0xc .\ARM_GCC_541\Debug\cymetadata.o
                0x90500000                cy_metadata

.cychipprotect  0x90600000        0x1
 *(.cychipprotect)
 .cychipprotect
                0x90600000        0x1 .\ARM_GCC_541\Debug\cymetadata.o
                0x90600000                cy_meta_chipprotect

.rel.dyn        0x00001200        0x0 load address 0x90600004
 .rel.iplt      0x00001200        0x0 c:/program files (x86)/cypress/psoc creator/4.2/psoc creator/import/gnu/arm/5.4.1/bin/../lib/gcc/arm-none-eabi/5.4.1/armv6-m/crtbegin.o

.stab
 *(.stab)

.stabstr
 *(.stabstr)

.debug
 *(.debug)

.line
 *(.line)

.debug_srcinfo
 *(.debug_srcinfo)

.debug_sfnames
 *(.debug_sfnames)

.debug_aranges  0x00000000      0x658
 *(.debug_aranges)
 .debug_aranges
                0x00000000       0x40 .\ARM_GCC_541\Debug\main.o
 .debug_aranges
                0x00000040       0x50 .\ARM_GCC_541\Debug\cyfitter_cfg.o
 .debug_aranges
                0x00000090       0x18 .\ARM_GCC_541\Debug\cymetadata.o
 .debug_aranges
                0x000000a8       0x48 .\ARM_GCC_541\Debug\Cm0Start.o
 .debug_aranges
                0x000000f0       0x68 .\ARM_GCC_541\Debug\Buttons-Leds-UART.a(UART.o)
 .debug_aranges
                0x00000158       0x58 .\ARM_GCC_541\Debug\Buttons-Leds-UART.a(UART_UART.o)
 .debug_aranges
                0x000001b0      0x180 .\ARM_GCC_541\Debug\Buttons-Leds-UART.a(CyLib.o)
 .debug_aranges
                0x00000330       0x48 .\ARM_GCC_541\Debug\Buttons-Leds-UART.a(Button_Right.o)
 .debug_aranges
                0x00000378       0x48 .\ARM_GCC_541\Debug\Buttons-Leds-UART.a(Button_Left.o)
 .debug_aranges
                0x000003c0       0x80 .\ARM_GCC_541\Debug\Buttons-Leds-UART.a(Button_Left_ISR.o)
 .debug_aranges
                0x00000440       0x80 .\ARM_GCC_541\Debug\Buttons-Leds-UART.a(Button_Right_ISR.o)
 .debug_aranges
                0x000004c0       0x98 .\ARM_GCC_541\Debug\Buttons-Leds-UART.a(PWM_Left.o)
 .debug_aranges
                0x00000558       0x98 .\ARM_GCC_541\Debug\Buttons-Leds-UART.a(PWM_Right.o)
 .debug_aranges
                0x000005f0       0x20 .\ARM_GCC_541\Debug\Buttons-Leds-UART.a(CyBootAsmGnu.o)
 .debug_aranges
                0x00000610       0x48 .\ARM_GCC_541\Debug\Buttons-Leds-UART.a(UART_SPI_UART.o)

.debug_pubnames
 *(.debug_pubnames)

.debug_info     0x00000000     0x24d9
 *(.debug_info .gnu.linkonce.wi.*)
 .debug_info    0x00000000      0x152 .\ARM_GCC_541\Debug\main.o
 .debug_info    0x00000152      0x35e .\ARM_GCC_541\Debug\cyfitter_cfg.o
 .debug_info    0x000004b0       0xf8 .\ARM_GCC_541\Debug\cymetadata.o
 .debug_info    0x000005a8      0x312 .\ARM_GCC_541\Debug\Cm0Start.o
 .debug_info    0x000008ba      0x1dc .\ARM_GCC_541\Debug\Buttons-Leds-UART.a(UART.o)
 .debug_info    0x00000a96      0x218 .\ARM_GCC_541\Debug\Buttons-Leds-UART.a(UART_UART.o)
 .debug_info    0x00000cae      0x8e0 .\ARM_GCC_541\Debug\Buttons-Leds-UART.a(CyLib.o)
 .debug_info    0x0000158e      0x19a .\ARM_GCC_541\Debug\Buttons-Leds-UART.a(Button_Right.o)
 .debug_info    0x00001728      0x19a .\ARM_GCC_541\Debug\Buttons-Leds-UART.a(Button_Left.o)
 .debug_info    0x000018c2      0x24d .\ARM_GCC_541\Debug\Buttons-Leds-UART.a(Button_Left_ISR.o)
 .debug_info    0x00001b0f      0x24d .\ARM_GCC_541\Debug\Buttons-Leds-UART.a(Button_Right_ISR.o)
 .debug_info    0x00001d5c      0x28a .\ARM_GCC_541\Debug\Buttons-Leds-UART.a(PWM_Left.o)
 .debug_info    0x00001fe6      0x28a .\ARM_GCC_541\Debug\Buttons-Leds-UART.a(PWM_Right.o)
 .debug_info    0x00002270       0xb2 .\ARM_GCC_541\Debug\Buttons-Leds-UART.a(CyBootAsmGnu.o)
 .debug_info    0x00002322      0x1b7 .\ARM_GCC_541\Debug\Buttons-Leds-UART.a(UART_SPI_UART.o)

.debug_abbrev   0x00000000      0xf44
 *(.debug_abbrev)
 .debug_abbrev  0x00000000       0x95 .\ARM_GCC_541\Debug\main.o
 .debug_abbrev  0x00000095      0x18a .\ARM_GCC_541\Debug\cyfitter_cfg.o
 .debug_abbrev  0x0000021f       0x5d .\ARM_GCC_541\Debug\cymetadata.o
 .debug_abbrev  0x0000027c      0x1c8 .\ARM_GCC_541\Debug\Cm0Start.o
 .debug_abbrev  0x00000444       0xe3 .\ARM_GCC_541\Debug\Buttons-Leds-UART.a(UART.o)
 .debug_abbrev  0x00000527       0xe1 .\ARM_GCC_541\Debug\Buttons-Leds-UART.a(UART_UART.o)
 .debug_abbrev  0x00000608      0x1a7 .\ARM_GCC_541\Debug\Buttons-Leds-UART.a(CyLib.o)
 .debug_abbrev  0x000007af       0xaa .\ARM_GCC_541\Debug\Buttons-Leds-UART.a(Button_Right.o)
 .debug_abbrev  0x00000859       0xaa .\ARM_GCC_541\Debug\Buttons-Leds-UART.a(Button_Left.o)
 .debug_abbrev  0x00000903      0x16a .\ARM_GCC_541\Debug\Buttons-Leds-UART.a(Button_Left_ISR.o)
 .debug_abbrev  0x00000a6d      0x16a .\ARM_GCC_541\Debug\Buttons-Leds-UART.a(Button_Right_ISR.o)
 .debug_abbrev  0x00000bd7      0x12e .\ARM_GCC_541\Debug\Buttons-Leds-UART.a(PWM_Left.o)
 .debug_abbrev  0x00000d05      0x12e .\ARM_GCC_541\Debug\Buttons-Leds-UART.a(PWM_Right.o)
 .debug_abbrev  0x00000e33       0x14 .\ARM_GCC_541\Debug\Buttons-Leds-UART.a(CyBootAsmGnu.o)
 .debug_abbrev  0x00000e47       0xfd .\ARM_GCC_541\Debug\Buttons-Leds-UART.a(UART_SPI_UART.o)

.debug_line     0x00000000     0x14f9
 *(.debug_line)
 .debug_line    0x00000000       0xf3 .\ARM_GCC_541\Debug\main.o
 .debug_line    0x000000f3      0x19a .\ARM_GCC_541\Debug\cyfitter_cfg.o
 .debug_line    0x0000028d      0x141 .\ARM_GCC_541\Debug\cymetadata.o
 .debug_line    0x000003ce      0x1cf .\ARM_GCC_541\Debug\Cm0Start.o
 .debug_line    0x0000059d      0x124 .\ARM_GCC_541\Debug\Buttons-Leds-UART.a(UART.o)
 .debug_line    0x000006c1      0x129 .\ARM_GCC_541\Debug\Buttons-Leds-UART.a(UART_UART.o)
 .debug_line    0x000007ea      0x47b .\ARM_GCC_541\Debug\Buttons-Leds-UART.a(CyLib.o)
 .debug_line    0x00000c65       0xc4 .\ARM_GCC_541\Debug\Buttons-Leds-UART.a(Button_Right.o)
 .debug_line    0x00000d29       0xc3 .\ARM_GCC_541\Debug\Buttons-Leds-UART.a(Button_Left.o)
 .debug_line    0x00000dec      0x15e .\ARM_GCC_541\Debug\Buttons-Leds-UART.a(Button_Left_ISR.o)
 .debug_line    0x00000f4a      0x14f .\ARM_GCC_541\Debug\Buttons-Leds-UART.a(Button_Right_ISR.o)
 .debug_line    0x00001099      0x189 .\ARM_GCC_541\Debug\Buttons-Leds-UART.a(PWM_Left.o)
 .debug_line    0x00001222      0x18a .\ARM_GCC_541\Debug\Buttons-Leds-UART.a(PWM_Right.o)
 .debug_line    0x000013ac       0x69 .\ARM_GCC_541\Debug\Buttons-Leds-UART.a(CyBootAsmGnu.o)
 .debug_line    0x00001415       0xe4 .\ARM_GCC_541\Debug\Buttons-Leds-UART.a(UART_SPI_UART.o)

.debug_frame    0x00000000     0x1448
 *(.debug_frame)
 .debug_frame   0x00000000       0xa4 .\ARM_GCC_541\Debug\main.o
 .debug_frame   0x000000a4       0xe8 .\ARM_GCC_541\Debug\cyfitter_cfg.o
 .debug_frame   0x0000018c       0xc8 .\ARM_GCC_541\Debug\Cm0Start.o
 .debug_frame   0x00000254      0x130 .\ARM_GCC_541\Debug\Buttons-Leds-UART.a(UART.o)
 .debug_frame   0x00000384      0x104 .\ARM_GCC_541\Debug\Buttons-Leds-UART.a(UART_UART.o)
 .debug_frame   0x00000488      0x588 .\ARM_GCC_541\Debug\Buttons-Leds-UART.a(CyLib.o)
 .debug_frame   0x00000a10       0xc8 .\ARM_GCC_541\Debug\Buttons-Leds-UART.a(Button_Right.o)
 .debug_frame   0x00000ad8       0xc8 .\ARM_GCC_541\Debug\Buttons-Leds-UART.a(Button_Left.o)
 .debug_frame   0x00000ba0      0x190 .\ARM_GCC_541\Debug\Buttons-Leds-UART.a(Button_Left_ISR.o)
 .debug_frame   0x00000d30      0x190 .\ARM_GCC_541\Debug\Buttons-Leds-UART.a(Button_Right_ISR.o)
 .debug_frame   0x00000ec0      0x1f0 .\ARM_GCC_541\Debug\Buttons-Leds-UART.a(PWM_Left.o)
 .debug_frame   0x000010b0      0x1f0 .\ARM_GCC_541\Debug\Buttons-Leds-UART.a(PWM_Right.o)
 .debug_frame   0x000012a0       0xcc .\ARM_GCC_541\Debug\Buttons-Leds-UART.a(UART_SPI_UART.o)
 .debug_frame   0x0000136c       0x20 c:/program files (x86)/cypress/psoc creator/4.2/psoc creator/import/gnu/arm/5.4.1/bin/../lib/gcc/arm-none-eabi/5.4.1/armv6-m\libgcc.a(_udivsi3.o)
 .debug_frame   0x0000138c       0x20 c:/program files (x86)/cypress/psoc creator/4.2/psoc creator/import/gnu/arm/5.4.1/bin/../lib/gcc/arm-none-eabi/5.4.1/../../../../arm-none-eabi/lib/armv6-m\libg_nano.a(lib_a-errno.o)
 .debug_frame   0x000013ac       0x28 c:/program files (x86)/cypress/psoc creator/4.2/psoc creator/import/gnu/arm/5.4.1/bin/../lib/gcc/arm-none-eabi/5.4.1/../../../../arm-none-eabi/lib/armv6-m\libg_nano.a(lib_a-exit.o)
 .debug_frame   0x000013d4       0x2c c:/program files (x86)/cypress/psoc creator/4.2/psoc creator/import/gnu/arm/5.4.1/bin/../lib/gcc/arm-none-eabi/5.4.1/../../../../arm-none-eabi/lib/armv6-m\libg_nano.a(lib_a-init.o)
 .debug_frame   0x00001400       0x28 c:/program files (x86)/cypress/psoc creator/4.2/psoc creator/import/gnu/arm/5.4.1/bin/../lib/gcc/arm-none-eabi/5.4.1/../../../../arm-none-eabi/lib/armv6-m\libg_nano.a(lib_a-memcpy-stub.o)
 .debug_frame   0x00001428       0x20 c:/program files (x86)/cypress/psoc creator/4.2/psoc creator/import/gnu/arm/5.4.1/bin/../lib/gcc/arm-none-eabi/5.4.1/../../../../arm-none-eabi/lib/armv6-m\libg_nano.a(lib_a-memset.o)

.debug_str      0x00000000     0x14c9
 *(.debug_str)
 .debug_str     0x00000000      0x1b9 .\ARM_GCC_541\Debug\main.o
                                0x1f9 (size before relaxing)
 .debug_str     0x000001b9      0x122 .\ARM_GCC_541\Debug\cyfitter_cfg.o
                                0x2e2 (size before relaxing)
 .debug_str     0x000002db      0x103 .\ARM_GCC_541\Debug\cymetadata.o
                                0x226 (size before relaxing)
 .debug_str     0x000003de      0x120 .\ARM_GCC_541\Debug\Cm0Start.o
                                0x2f0 (size before relaxing)
 .debug_str     0x000004fe      0x101 .\ARM_GCC_541\Debug\Buttons-Leds-UART.a(UART.o)
                                0x2b8 (size before relaxing)
 .debug_str     0x000005ff      0x117 .\ARM_GCC_541\Debug\Buttons-Leds-UART.a(UART_UART.o)
                                0x2e0 (size before relaxing)
 .debug_str     0x00000716      0x4b7 .\ARM_GCC_541\Debug\Buttons-Leds-UART.a(CyLib.o)
                                0x69d (size before relaxing)
 .debug_str     0x00000bcd       0xe1 .\ARM_GCC_541\Debug\Buttons-Leds-UART.a(Button_Right.o)
                                0x289 (size before relaxing)
 .debug_str     0x00000cae       0xb1 .\ARM_GCC_541\Debug\Buttons-Leds-UART.a(Button_Left.o)
                                0x282 (size before relaxing)
 .debug_str     0x00000d5f      0x181 .\ARM_GCC_541\Debug\Buttons-Leds-UART.a(Button_Left_ISR.o)
                                0x36b (size before relaxing)
 .debug_str     0x00000ee0      0x180 .\ARM_GCC_541\Debug\Buttons-Leds-UART.a(Button_Right_ISR.o)
                                0x379 (size before relaxing)
 .debug_str     0x00001060      0x1d7 .\ARM_GCC_541\Debug\Buttons-Leds-UART.a(PWM_Left.o)
                                0x37f (size before relaxing)
 .debug_str     0x00001237      0x1b1 .\ARM_GCC_541\Debug\Buttons-Leds-UART.a(PWM_Right.o)
                                0x392 (size before relaxing)
 .debug_str     0x000013e8       0xe1 .\ARM_GCC_541\Debug\Buttons-Leds-UART.a(UART_SPI_UART.o)
                                0x29c (size before relaxing)

.debug_loc
 *(.debug_loc)

.debug_macinfo
 *(.debug_macinfo)

.debug_ranges   0x00000000      0x550
 *(.debug_ranges)
 .debug_ranges  0x00000000       0x30 .\ARM_GCC_541\Debug\main.o
 .debug_ranges  0x00000030       0x40 .\ARM_GCC_541\Debug\cyfitter_cfg.o
 .debug_ranges  0x00000070       0x38 .\ARM_GCC_541\Debug\Cm0Start.o
 .debug_ranges  0x000000a8       0x58 .\ARM_GCC_541\Debug\Buttons-Leds-UART.a(UART.o)
 .debug_ranges  0x00000100       0x48 .\ARM_GCC_541\Debug\Buttons-Leds-UART.a(UART_UART.o)
 .debug_ranges  0x00000148      0x170 .\ARM_GCC_541\Debug\Buttons-Leds-UART.a(CyLib.o)
 .debug_ranges  0x000002b8       0x38 .\ARM_GCC_541\Debug\Buttons-Leds-UART.a(Button_Right.o)
 .debug_ranges  0x000002f0       0x38 .\ARM_GCC_541\Debug\Buttons-Leds-UART.a(Button_Left.o)
 .debug_ranges  0x00000328       0x70 .\ARM_GCC_541\Debug\Buttons-Leds-UART.a(Button_Left_ISR.o)
 .debug_ranges  0x00000398       0x70 .\ARM_GCC_541\Debug\Buttons-Leds-UART.a(Button_Right_ISR.o)
 .debug_ranges  0x00000408       0x88 .\ARM_GCC_541\Debug\Buttons-Leds-UART.a(PWM_Left.o)
 .debug_ranges  0x00000490       0x88 .\ARM_GCC_541\Debug\Buttons-Leds-UART.a(PWM_Right.o)
 .debug_ranges  0x00000518       0x38 .\ARM_GCC_541\Debug\Buttons-Leds-UART.a(UART_SPI_UART.o)

.comment        0x00000000       0x6e
 .comment       0x00000000       0x6e .\ARM_GCC_541\Debug\main.o
                                 0x6f (size before relaxing)
 .comment       0x0000006e       0x6f .\ARM_GCC_541\Debug\cyfitter_cfg.o
 .comment       0x0000006e       0x6f .\ARM_GCC_541\Debug\cymetadata.o
 .comment       0x0000006e       0x6f .\ARM_GCC_541\Debug\Cm0Start.o
 .comment       0x0000006e       0x6f .\ARM_GCC_541\Debug\Buttons-Leds-UART.a(UART.o)
 .comment       0x0000006e       0x6f .\ARM_GCC_541\Debug\Buttons-Leds-UART.a(UART_UART.o)
 .comment       0x0000006e       0x6f .\ARM_GCC_541\Debug\Buttons-Leds-UART.a(CyLib.o)
 .comment       0x0000006e       0x6f .\ARM_GCC_541\Debug\Buttons-Leds-UART.a(Button_Right.o)
 .comment       0x0000006e       0x6f .\ARM_GCC_541\Debug\Buttons-Leds-UART.a(Button_Left.o)
 .comment       0x0000006e       0x6f .\ARM_GCC_541\Debug\Buttons-Leds-UART.a(Button_Left_ISR.o)
 .comment       0x0000006e       0x6f .\ARM_GCC_541\Debug\Buttons-Leds-UART.a(Button_Right_ISR.o)
 .comment       0x0000006e       0x6f .\ARM_GCC_541\Debug\Buttons-Leds-UART.a(PWM_Left.o)
 .comment       0x0000006e       0x6f .\ARM_GCC_541\Debug\Buttons-Leds-UART.a(PWM_Right.o)
 .comment       0x0000006e       0x6f .\ARM_GCC_541\Debug\Buttons-Leds-UART.a(UART_SPI_UART.o)

.debug_weaknames
 *(.debug_weaknames)

.debug_funcnames
 *(.debug_funcnames)

.debug_typenames
 *(.debug_typenames)

.debug_varnames
 *(.debug_varnames)

.note.gnu.arm.ident
 *(.note.gnu.arm.ident)

.ARM.attributes
                0x00000000       0x28
 *(.ARM.attributes)
 .ARM.attributes
                0x00000000       0x1e c:/program files (x86)/cypress/psoc creator/4.2/psoc creator/import/gnu/arm/5.4.1/bin/../lib/gcc/arm-none-eabi/5.4.1/armv6-m/crti.o
 .ARM.attributes
                0x0000001e       0x2c c:/program files (x86)/cypress/psoc creator/4.2/psoc creator/import/gnu/arm/5.4.1/bin/../lib/gcc/arm-none-eabi/5.4.1/armv6-m/crtbegin.o
 .ARM.attributes
                0x0000004a       0x1b c:/program files (x86)/cypress/psoc creator/4.2/psoc creator/import/gnu/arm/5.4.1/bin/../lib/gcc/arm-none-eabi/5.4.1/../../../../arm-none-eabi/lib/armv6-m/crt0.o
 .ARM.attributes
                0x00000065       0x31 .\ARM_GCC_541\Debug\main.o
 .ARM.attributes
                0x00000096       0x31 .\ARM_GCC_541\Debug\cyfitter_cfg.o
 .ARM.attributes
                0x000000c7       0x31 .\ARM_GCC_541\Debug\cymetadata.o
 .ARM.attributes
                0x000000f8       0x31 .\ARM_GCC_541\Debug\Cm0Start.o
 .ARM.attributes
                0x00000129       0x31 .\ARM_GCC_541\Debug\Buttons-Leds-UART.a(UART.o)
 .ARM.attributes
                0x0000015a       0x31 .\ARM_GCC_541\Debug\Buttons-Leds-UART.a(UART_UART.o)
 .ARM.attributes
                0x0000018b       0x31 .\ARM_GCC_541\Debug\Buttons-Leds-UART.a(CyLib.o)
 .ARM.attributes
                0x000001bc       0x31 .\ARM_GCC_541\Debug\Buttons-Leds-UART.a(Button_Right.o)
 .ARM.attributes
                0x000001ed       0x31 .\ARM_GCC_541\Debug\Buttons-Leds-UART.a(Button_Left.o)
 .ARM.attributes
                0x0000021e       0x31 .\ARM_GCC_541\Debug\Buttons-Leds-UART.a(Button_Left_ISR.o)
 .ARM.attributes
                0x0000024f       0x31 .\ARM_GCC_541\Debug\Buttons-Leds-UART.a(Button_Right_ISR.o)
 .ARM.attributes
                0x00000280       0x31 .\ARM_GCC_541\Debug\Buttons-Leds-UART.a(PWM_Left.o)
 .ARM.attributes
                0x000002b1       0x31 .\ARM_GCC_541\Debug\Buttons-Leds-UART.a(PWM_Right.o)
 .ARM.attributes
                0x000002e2       0x21 .\ARM_GCC_541\Debug\Buttons-Leds-UART.a(CyBootAsmGnu.o)
 .ARM.attributes
                0x00000303       0x31 .\ARM_GCC_541\Debug\Buttons-Leds-UART.a(UART_SPI_UART.o)
 .ARM.attributes
                0x00000334       0x1e c:/program files (x86)/cypress/psoc creator/4.2/psoc creator/import/gnu/arm/5.4.1/bin/../lib/gcc/arm-none-eabi/5.4.1/armv6-m\libgcc.a(_udivsi3.o)
 .ARM.attributes
                0x00000352       0x1e c:/program files (x86)/cypress/psoc creator/4.2/psoc creator/import/gnu/arm/5.4.1/bin/../lib/gcc/arm-none-eabi/5.4.1/armv6-m\libgcc.a(_dvmd_tls.o)
 .ARM.attributes
                0x00000370       0x2c c:/program files (x86)/cypress/psoc creator/4.2/psoc creator/import/gnu/arm/5.4.1/bin/../lib/gcc/arm-none-eabi/5.4.1/../../../../arm-none-eabi/lib/armv6-m\libg_nano.a(lib_a-errno.o)
 .ARM.attributes
                0x0000039c       0x2c c:/program files (x86)/cypress/psoc creator/4.2/psoc creator/import/gnu/arm/5.4.1/bin/../lib/gcc/arm-none-eabi/5.4.1/../../../../arm-none-eabi/lib/armv6-m\libg_nano.a(lib_a-exit.o)
 .ARM.attributes
                0x000003c8       0x2c c:/program files (x86)/cypress/psoc creator/4.2/psoc creator/import/gnu/arm/5.4.1/bin/../lib/gcc/arm-none-eabi/5.4.1/../../../../arm-none-eabi/lib/armv6-m\libg_nano.a(lib_a-impure.o)
 .ARM.attributes
                0x000003f4       0x2c c:/program files (x86)/cypress/psoc creator/4.2/psoc creator/import/gnu/arm/5.4.1/bin/../lib/gcc/arm-none-eabi/5.4.1/../../../../arm-none-eabi/lib/armv6-m\libg_nano.a(lib_a-init.o)
 .ARM.attributes
                0x00000420       0x2c c:/program files (x86)/cypress/psoc creator/4.2/psoc creator/import/gnu/arm/5.4.1/bin/../lib/gcc/arm-none-eabi/5.4.1/../../../../arm-none-eabi/lib/armv6-m\libg_nano.a(lib_a-memcpy-stub.o)
 .ARM.attributes
                0x0000044c       0x2c c:/program files (x86)/cypress/psoc creator/4.2/psoc creator/import/gnu/arm/5.4.1/bin/../lib/gcc/arm-none-eabi/5.4.1/../../../../arm-none-eabi/lib/armv6-m\libg_nano.a(lib_a-memset.o)
 .ARM.attributes
                0x00000478       0x2c c:/program files (x86)/cypress/psoc creator/4.2/psoc creator/import/gnu/arm/5.4.1/bin/../lib/gcc/arm-none-eabi/5.4.1/armv6-m/crtend.o
 .ARM.attributes
                0x000004a4       0x1e c:/program files (x86)/cypress/psoc creator/4.2/psoc creator/import/gnu/arm/5.4.1/bin/../lib/gcc/arm-none-eabi/5.4.1/armv6-m/crtn.o

/DISCARD/
 *(.note.GNU-stack)
OUTPUT(D:\Users\jagumiel\Documents\PSoC Creator\PSoC-101\PSoC-101\TrainingProjects\Buttons-Leds-UART.cydsn\ARM_GCC_541\Debug\Buttons-Leds-UART.elf elf32-littlearm)
