ARM GAS  C:\Users\jagumiel\AppData\Local\Temp\ccIM9HC2.s 			page 1


   1              		.syntax unified
   2              		.cpu cortex-m0
   3              		.fpu softvfp
   4              		.eabi_attribute 20, 1
   5              		.eabi_attribute 21, 1
   6              		.eabi_attribute 23, 3
   7              		.eabi_attribute 24, 1
   8              		.eabi_attribute 25, 1
   9              		.eabi_attribute 26, 1
  10              		.eabi_attribute 30, 6
  11              		.eabi_attribute 34, 0
  12              		.eabi_attribute 18, 4
  13              		.thumb
  14              		.syntax unified
  15              		.file	"PWM_Left_PM.c"
  16              		.text
  17              	.Ltext0:
  18              		.cfi_sections	.debug_frame
  19              		.bss
  20              		.align	2
  21              	PWM_Left_backup:
  22 0000 00000000 		.space	5
  22      00
  23              		.section	.text.PWM_Left_SaveConfig,"ax",%progbits
  24              		.align	2
  25              		.global	PWM_Left_SaveConfig
  26              		.code	16
  27              		.thumb_func
  28              		.type	PWM_Left_SaveConfig, %function
  29              	PWM_Left_SaveConfig:
  30              	.LFB0:
  31              		.file 1 "Generated_Source\\PSoC4\\PWM_Left_PM.c"
   1:Generated_Source\PSoC4/PWM_Left_PM.c **** /*******************************************************************************
   2:Generated_Source\PSoC4/PWM_Left_PM.c **** * File Name: PWM_Left_PM.c
   3:Generated_Source\PSoC4/PWM_Left_PM.c **** * Version 3.30
   4:Generated_Source\PSoC4/PWM_Left_PM.c **** *
   5:Generated_Source\PSoC4/PWM_Left_PM.c **** * Description:
   6:Generated_Source\PSoC4/PWM_Left_PM.c **** *  This file provides the power management source code to API for the
   7:Generated_Source\PSoC4/PWM_Left_PM.c **** *  PWM.
   8:Generated_Source\PSoC4/PWM_Left_PM.c **** *
   9:Generated_Source\PSoC4/PWM_Left_PM.c **** * Note:
  10:Generated_Source\PSoC4/PWM_Left_PM.c **** *
  11:Generated_Source\PSoC4/PWM_Left_PM.c **** ********************************************************************************
  12:Generated_Source\PSoC4/PWM_Left_PM.c **** * Copyright 2008-2014, Cypress Semiconductor Corporation.  All rights reserved.
  13:Generated_Source\PSoC4/PWM_Left_PM.c **** * You may use this file only in accordance with the license, terms, conditions,
  14:Generated_Source\PSoC4/PWM_Left_PM.c **** * disclaimers, and limitations in the end user license agreement accompanying
  15:Generated_Source\PSoC4/PWM_Left_PM.c **** * the software package with which this file was provided.
  16:Generated_Source\PSoC4/PWM_Left_PM.c **** *******************************************************************************/
  17:Generated_Source\PSoC4/PWM_Left_PM.c **** 
  18:Generated_Source\PSoC4/PWM_Left_PM.c **** #include "PWM_Left.h"
  19:Generated_Source\PSoC4/PWM_Left_PM.c **** 
  20:Generated_Source\PSoC4/PWM_Left_PM.c **** static PWM_Left_backupStruct PWM_Left_backup;
  21:Generated_Source\PSoC4/PWM_Left_PM.c **** 
  22:Generated_Source\PSoC4/PWM_Left_PM.c **** 
  23:Generated_Source\PSoC4/PWM_Left_PM.c **** /*******************************************************************************
  24:Generated_Source\PSoC4/PWM_Left_PM.c **** * Function Name: PWM_Left_SaveConfig
  25:Generated_Source\PSoC4/PWM_Left_PM.c **** ********************************************************************************
ARM GAS  C:\Users\jagumiel\AppData\Local\Temp\ccIM9HC2.s 			page 2


  26:Generated_Source\PSoC4/PWM_Left_PM.c **** *
  27:Generated_Source\PSoC4/PWM_Left_PM.c **** * Summary:
  28:Generated_Source\PSoC4/PWM_Left_PM.c **** *  Saves the current user configuration of the component.
  29:Generated_Source\PSoC4/PWM_Left_PM.c **** *
  30:Generated_Source\PSoC4/PWM_Left_PM.c **** * Parameters:
  31:Generated_Source\PSoC4/PWM_Left_PM.c **** *  None
  32:Generated_Source\PSoC4/PWM_Left_PM.c **** *
  33:Generated_Source\PSoC4/PWM_Left_PM.c **** * Return:
  34:Generated_Source\PSoC4/PWM_Left_PM.c **** *  None
  35:Generated_Source\PSoC4/PWM_Left_PM.c **** *
  36:Generated_Source\PSoC4/PWM_Left_PM.c **** * Global variables:
  37:Generated_Source\PSoC4/PWM_Left_PM.c **** *  PWM_Left_backup:  Variables of this global structure are modified to
  38:Generated_Source\PSoC4/PWM_Left_PM.c **** *  store the values of non retention configuration registers when Sleep() API is
  39:Generated_Source\PSoC4/PWM_Left_PM.c **** *  called.
  40:Generated_Source\PSoC4/PWM_Left_PM.c **** *
  41:Generated_Source\PSoC4/PWM_Left_PM.c **** *******************************************************************************/
  42:Generated_Source\PSoC4/PWM_Left_PM.c **** void PWM_Left_SaveConfig(void) 
  43:Generated_Source\PSoC4/PWM_Left_PM.c **** {
  32              		.loc 1 43 0
  33              		.cfi_startproc
  34              		@ args = 0, pretend = 0, frame = 0
  35              		@ frame_needed = 1, uses_anonymous_args = 0
  36 0000 80B5     		push	{r7, lr}
  37              		.cfi_def_cfa_offset 8
  38              		.cfi_offset 7, -8
  39              		.cfi_offset 14, -4
  40 0002 00AF     		add	r7, sp, #0
  41              		.cfi_def_cfa_register 7
  44:Generated_Source\PSoC4/PWM_Left_PM.c **** 
  45:Generated_Source\PSoC4/PWM_Left_PM.c ****     #if(!PWM_Left_UsingFixedFunction)
  46:Generated_Source\PSoC4/PWM_Left_PM.c ****         #if(!PWM_Left_PWMModeIsCenterAligned)
  47:Generated_Source\PSoC4/PWM_Left_PM.c ****             PWM_Left_backup.PWMPeriod = PWM_Left_ReadPeriod();
  42              		.loc 1 47 0
  43 0004 FFF7FEFF 		bl	PWM_Left_ReadPeriod
  44 0008 0300     		movs	r3, r0
  45 000a 1A00     		movs	r2, r3
  46 000c 0A4B     		ldr	r3, .L2
  47 000e 9A70     		strb	r2, [r3, #2]
  48:Generated_Source\PSoC4/PWM_Left_PM.c ****         #endif /* (!PWM_Left_PWMModeIsCenterAligned) */
  49:Generated_Source\PSoC4/PWM_Left_PM.c ****         PWM_Left_backup.PWMUdb = PWM_Left_ReadCounter();
  48              		.loc 1 49 0
  49 0010 FFF7FEFF 		bl	PWM_Left_ReadCounter
  50 0014 0300     		movs	r3, r0
  51 0016 1A00     		movs	r2, r3
  52 0018 074B     		ldr	r3, .L2
  53 001a 5A70     		strb	r2, [r3, #1]
  50:Generated_Source\PSoC4/PWM_Left_PM.c ****         #if (PWM_Left_UseStatus)
  51:Generated_Source\PSoC4/PWM_Left_PM.c ****             PWM_Left_backup.InterruptMaskValue = PWM_Left_STATUS_MASK;
  54              		.loc 1 51 0
  55 001c 074B     		ldr	r3, .L2+4
  56 001e 1B78     		ldrb	r3, [r3]
  57 0020 DAB2     		uxtb	r2, r3
  58 0022 054B     		ldr	r3, .L2
  59 0024 DA70     		strb	r2, [r3, #3]
  52:Generated_Source\PSoC4/PWM_Left_PM.c ****         #endif /* (PWM_Left_UseStatus) */
  53:Generated_Source\PSoC4/PWM_Left_PM.c **** 
  54:Generated_Source\PSoC4/PWM_Left_PM.c ****         #if(PWM_Left_DeadBandMode == PWM_Left__B_PWM__DBM_256_CLOCKS || \
ARM GAS  C:\Users\jagumiel\AppData\Local\Temp\ccIM9HC2.s 			page 3


  55:Generated_Source\PSoC4/PWM_Left_PM.c ****             PWM_Left_DeadBandMode == PWM_Left__B_PWM__DBM_2_4_CLOCKS)
  56:Generated_Source\PSoC4/PWM_Left_PM.c ****             PWM_Left_backup.PWMdeadBandValue = PWM_Left_ReadDeadTime();
  57:Generated_Source\PSoC4/PWM_Left_PM.c ****         #endif /*  deadband count is either 2-4 clocks or 256 clocks */
  58:Generated_Source\PSoC4/PWM_Left_PM.c **** 
  59:Generated_Source\PSoC4/PWM_Left_PM.c ****         #if(PWM_Left_KillModeMinTime)
  60:Generated_Source\PSoC4/PWM_Left_PM.c ****              PWM_Left_backup.PWMKillCounterPeriod = PWM_Left_ReadKillTime();
  61:Generated_Source\PSoC4/PWM_Left_PM.c ****         #endif /* (PWM_Left_KillModeMinTime) */
  62:Generated_Source\PSoC4/PWM_Left_PM.c **** 
  63:Generated_Source\PSoC4/PWM_Left_PM.c ****         #if(PWM_Left_UseControl)
  64:Generated_Source\PSoC4/PWM_Left_PM.c ****             PWM_Left_backup.PWMControlRegister = PWM_Left_ReadControlRegister();
  60              		.loc 1 64 0
  61 0026 FFF7FEFF 		bl	PWM_Left_ReadControlRegister
  62 002a 0300     		movs	r3, r0
  63 002c 1A00     		movs	r2, r3
  64 002e 024B     		ldr	r3, .L2
  65 0030 1A71     		strb	r2, [r3, #4]
  65:Generated_Source\PSoC4/PWM_Left_PM.c ****         #endif /* (PWM_Left_UseControl) */
  66:Generated_Source\PSoC4/PWM_Left_PM.c ****     #endif  /* (!PWM_Left_UsingFixedFunction) */
  67:Generated_Source\PSoC4/PWM_Left_PM.c **** }
  66              		.loc 1 67 0
  67 0032 C046     		nop
  68 0034 BD46     		mov	sp, r7
  69              		@ sp needed
  70 0036 80BD     		pop	{r7, pc}
  71              	.L3:
  72              		.align	2
  73              	.L2:
  74 0038 00000000 		.word	PWM_Left_backup
  75 003c 82000F40 		.word	1074724994
  76              		.cfi_endproc
  77              	.LFE0:
  78              		.size	PWM_Left_SaveConfig, .-PWM_Left_SaveConfig
  79              		.section	.text.PWM_Left_RestoreConfig,"ax",%progbits
  80              		.align	2
  81              		.global	PWM_Left_RestoreConfig
  82              		.code	16
  83              		.thumb_func
  84              		.type	PWM_Left_RestoreConfig, %function
  85              	PWM_Left_RestoreConfig:
  86              	.LFB1:
  68:Generated_Source\PSoC4/PWM_Left_PM.c **** 
  69:Generated_Source\PSoC4/PWM_Left_PM.c **** 
  70:Generated_Source\PSoC4/PWM_Left_PM.c **** /*******************************************************************************
  71:Generated_Source\PSoC4/PWM_Left_PM.c **** * Function Name: PWM_Left_RestoreConfig
  72:Generated_Source\PSoC4/PWM_Left_PM.c **** ********************************************************************************
  73:Generated_Source\PSoC4/PWM_Left_PM.c **** *
  74:Generated_Source\PSoC4/PWM_Left_PM.c **** * Summary:
  75:Generated_Source\PSoC4/PWM_Left_PM.c **** *  Restores the current user configuration of the component.
  76:Generated_Source\PSoC4/PWM_Left_PM.c **** *
  77:Generated_Source\PSoC4/PWM_Left_PM.c **** * Parameters:
  78:Generated_Source\PSoC4/PWM_Left_PM.c **** *  None
  79:Generated_Source\PSoC4/PWM_Left_PM.c **** *
  80:Generated_Source\PSoC4/PWM_Left_PM.c **** * Return:
  81:Generated_Source\PSoC4/PWM_Left_PM.c **** *  None
  82:Generated_Source\PSoC4/PWM_Left_PM.c **** *
  83:Generated_Source\PSoC4/PWM_Left_PM.c **** * Global variables:
  84:Generated_Source\PSoC4/PWM_Left_PM.c **** *  PWM_Left_backup:  Variables of this global structure are used to
ARM GAS  C:\Users\jagumiel\AppData\Local\Temp\ccIM9HC2.s 			page 4


  85:Generated_Source\PSoC4/PWM_Left_PM.c **** *  restore the values of non retention registers on wakeup from sleep mode.
  86:Generated_Source\PSoC4/PWM_Left_PM.c **** *
  87:Generated_Source\PSoC4/PWM_Left_PM.c **** *******************************************************************************/
  88:Generated_Source\PSoC4/PWM_Left_PM.c **** void PWM_Left_RestoreConfig(void) 
  89:Generated_Source\PSoC4/PWM_Left_PM.c **** {
  87              		.loc 1 89 0
  88              		.cfi_startproc
  89              		@ args = 0, pretend = 0, frame = 0
  90              		@ frame_needed = 1, uses_anonymous_args = 0
  91 0000 80B5     		push	{r7, lr}
  92              		.cfi_def_cfa_offset 8
  93              		.cfi_offset 7, -8
  94              		.cfi_offset 14, -4
  95 0002 00AF     		add	r7, sp, #0
  96              		.cfi_def_cfa_register 7
  90:Generated_Source\PSoC4/PWM_Left_PM.c ****         #if(!PWM_Left_UsingFixedFunction)
  91:Generated_Source\PSoC4/PWM_Left_PM.c ****             #if(!PWM_Left_PWMModeIsCenterAligned)
  92:Generated_Source\PSoC4/PWM_Left_PM.c ****                 PWM_Left_WritePeriod(PWM_Left_backup.PWMPeriod);
  97              		.loc 1 92 0
  98 0004 0A4B     		ldr	r3, .L5
  99 0006 9B78     		ldrb	r3, [r3, #2]
 100 0008 1800     		movs	r0, r3
 101 000a FFF7FEFF 		bl	PWM_Left_WritePeriod
  93:Generated_Source\PSoC4/PWM_Left_PM.c ****             #endif /* (!PWM_Left_PWMModeIsCenterAligned) */
  94:Generated_Source\PSoC4/PWM_Left_PM.c **** 
  95:Generated_Source\PSoC4/PWM_Left_PM.c ****             PWM_Left_WriteCounter(PWM_Left_backup.PWMUdb);
 102              		.loc 1 95 0
 103 000e 084B     		ldr	r3, .L5
 104 0010 5B78     		ldrb	r3, [r3, #1]
 105 0012 1800     		movs	r0, r3
 106 0014 FFF7FEFF 		bl	PWM_Left_WriteCounter
  96:Generated_Source\PSoC4/PWM_Left_PM.c **** 
  97:Generated_Source\PSoC4/PWM_Left_PM.c ****             #if (PWM_Left_UseStatus)
  98:Generated_Source\PSoC4/PWM_Left_PM.c ****                 PWM_Left_STATUS_MASK = PWM_Left_backup.InterruptMaskValue;
 107              		.loc 1 98 0
 108 0018 064A     		ldr	r2, .L5+4
 109 001a 054B     		ldr	r3, .L5
 110 001c DB78     		ldrb	r3, [r3, #3]
 111 001e 1370     		strb	r3, [r2]
  99:Generated_Source\PSoC4/PWM_Left_PM.c ****             #endif /* (PWM_Left_UseStatus) */
 100:Generated_Source\PSoC4/PWM_Left_PM.c **** 
 101:Generated_Source\PSoC4/PWM_Left_PM.c ****             #if(PWM_Left_DeadBandMode == PWM_Left__B_PWM__DBM_256_CLOCKS || \
 102:Generated_Source\PSoC4/PWM_Left_PM.c ****                 PWM_Left_DeadBandMode == PWM_Left__B_PWM__DBM_2_4_CLOCKS)
 103:Generated_Source\PSoC4/PWM_Left_PM.c ****                 PWM_Left_WriteDeadTime(PWM_Left_backup.PWMdeadBandValue);
 104:Generated_Source\PSoC4/PWM_Left_PM.c ****             #endif /* deadband count is either 2-4 clocks or 256 clocks */
 105:Generated_Source\PSoC4/PWM_Left_PM.c **** 
 106:Generated_Source\PSoC4/PWM_Left_PM.c ****             #if(PWM_Left_KillModeMinTime)
 107:Generated_Source\PSoC4/PWM_Left_PM.c ****                 PWM_Left_WriteKillTime(PWM_Left_backup.PWMKillCounterPeriod);
 108:Generated_Source\PSoC4/PWM_Left_PM.c ****             #endif /* (PWM_Left_KillModeMinTime) */
 109:Generated_Source\PSoC4/PWM_Left_PM.c **** 
 110:Generated_Source\PSoC4/PWM_Left_PM.c ****             #if(PWM_Left_UseControl)
 111:Generated_Source\PSoC4/PWM_Left_PM.c ****                 PWM_Left_WriteControlRegister(PWM_Left_backup.PWMControlRegister);
 112              		.loc 1 111 0
 113 0020 034B     		ldr	r3, .L5
 114 0022 1B79     		ldrb	r3, [r3, #4]
 115 0024 1800     		movs	r0, r3
 116 0026 FFF7FEFF 		bl	PWM_Left_WriteControlRegister
ARM GAS  C:\Users\jagumiel\AppData\Local\Temp\ccIM9HC2.s 			page 5


 112:Generated_Source\PSoC4/PWM_Left_PM.c ****             #endif /* (PWM_Left_UseControl) */
 113:Generated_Source\PSoC4/PWM_Left_PM.c ****         #endif  /* (!PWM_Left_UsingFixedFunction) */
 114:Generated_Source\PSoC4/PWM_Left_PM.c ****     }
 117              		.loc 1 114 0
 118 002a C046     		nop
 119 002c BD46     		mov	sp, r7
 120              		@ sp needed
 121 002e 80BD     		pop	{r7, pc}
 122              	.L6:
 123              		.align	2
 124              	.L5:
 125 0030 00000000 		.word	PWM_Left_backup
 126 0034 82000F40 		.word	1074724994
 127              		.cfi_endproc
 128              	.LFE1:
 129              		.size	PWM_Left_RestoreConfig, .-PWM_Left_RestoreConfig
 130              		.section	.text.PWM_Left_Sleep,"ax",%progbits
 131              		.align	2
 132              		.global	PWM_Left_Sleep
 133              		.code	16
 134              		.thumb_func
 135              		.type	PWM_Left_Sleep, %function
 136              	PWM_Left_Sleep:
 137              	.LFB2:
 115:Generated_Source\PSoC4/PWM_Left_PM.c **** 
 116:Generated_Source\PSoC4/PWM_Left_PM.c **** 
 117:Generated_Source\PSoC4/PWM_Left_PM.c **** /*******************************************************************************
 118:Generated_Source\PSoC4/PWM_Left_PM.c **** * Function Name: PWM_Left_Sleep
 119:Generated_Source\PSoC4/PWM_Left_PM.c **** ********************************************************************************
 120:Generated_Source\PSoC4/PWM_Left_PM.c **** *
 121:Generated_Source\PSoC4/PWM_Left_PM.c **** * Summary:
 122:Generated_Source\PSoC4/PWM_Left_PM.c **** *  Disables block's operation and saves the user configuration. Should be called
 123:Generated_Source\PSoC4/PWM_Left_PM.c **** *  just prior to entering sleep.
 124:Generated_Source\PSoC4/PWM_Left_PM.c **** *
 125:Generated_Source\PSoC4/PWM_Left_PM.c **** * Parameters:
 126:Generated_Source\PSoC4/PWM_Left_PM.c **** *  None
 127:Generated_Source\PSoC4/PWM_Left_PM.c **** *
 128:Generated_Source\PSoC4/PWM_Left_PM.c **** * Return:
 129:Generated_Source\PSoC4/PWM_Left_PM.c **** *  None
 130:Generated_Source\PSoC4/PWM_Left_PM.c **** *
 131:Generated_Source\PSoC4/PWM_Left_PM.c **** * Global variables:
 132:Generated_Source\PSoC4/PWM_Left_PM.c **** *  PWM_Left_backup.PWMEnableState:  Is modified depending on the enable
 133:Generated_Source\PSoC4/PWM_Left_PM.c **** *  state of the block before entering sleep mode.
 134:Generated_Source\PSoC4/PWM_Left_PM.c **** *
 135:Generated_Source\PSoC4/PWM_Left_PM.c **** *******************************************************************************/
 136:Generated_Source\PSoC4/PWM_Left_PM.c **** void PWM_Left_Sleep(void) 
 137:Generated_Source\PSoC4/PWM_Left_PM.c **** {
 138              		.loc 1 137 0
 139              		.cfi_startproc
 140              		@ args = 0, pretend = 0, frame = 0
 141              		@ frame_needed = 1, uses_anonymous_args = 0
 142 0000 80B5     		push	{r7, lr}
 143              		.cfi_def_cfa_offset 8
 144              		.cfi_offset 7, -8
 145              		.cfi_offset 14, -4
 146 0002 00AF     		add	r7, sp, #0
 147              		.cfi_def_cfa_register 7
ARM GAS  C:\Users\jagumiel\AppData\Local\Temp\ccIM9HC2.s 			page 6


 138:Generated_Source\PSoC4/PWM_Left_PM.c ****     #if(PWM_Left_UseControl)
 139:Generated_Source\PSoC4/PWM_Left_PM.c ****         if(PWM_Left_CTRL_ENABLE == (PWM_Left_CONTROL & PWM_Left_CTRL_ENABLE))
 148              		.loc 1 139 0
 149 0004 094B     		ldr	r3, .L10
 150 0006 1B78     		ldrb	r3, [r3]
 151 0008 DBB2     		uxtb	r3, r3
 152 000a 5BB2     		sxtb	r3, r3
 153 000c 002B     		cmp	r3, #0
 154 000e 03DA     		bge	.L8
 140:Generated_Source\PSoC4/PWM_Left_PM.c ****         {
 141:Generated_Source\PSoC4/PWM_Left_PM.c ****             /*Component is enabled */
 142:Generated_Source\PSoC4/PWM_Left_PM.c ****             PWM_Left_backup.PWMEnableState = 1u;
 155              		.loc 1 142 0
 156 0010 074B     		ldr	r3, .L10+4
 157 0012 0122     		movs	r2, #1
 158 0014 1A70     		strb	r2, [r3]
 159 0016 02E0     		b	.L9
 160              	.L8:
 143:Generated_Source\PSoC4/PWM_Left_PM.c ****         }
 144:Generated_Source\PSoC4/PWM_Left_PM.c ****         else
 145:Generated_Source\PSoC4/PWM_Left_PM.c ****         {
 146:Generated_Source\PSoC4/PWM_Left_PM.c ****             /* Component is disabled */
 147:Generated_Source\PSoC4/PWM_Left_PM.c ****             PWM_Left_backup.PWMEnableState = 0u;
 161              		.loc 1 147 0
 162 0018 054B     		ldr	r3, .L10+4
 163 001a 0022     		movs	r2, #0
 164 001c 1A70     		strb	r2, [r3]
 165              	.L9:
 148:Generated_Source\PSoC4/PWM_Left_PM.c ****         }
 149:Generated_Source\PSoC4/PWM_Left_PM.c ****     #endif /* (PWM_Left_UseControl) */
 150:Generated_Source\PSoC4/PWM_Left_PM.c **** 
 151:Generated_Source\PSoC4/PWM_Left_PM.c ****     /* Stop component */
 152:Generated_Source\PSoC4/PWM_Left_PM.c ****     PWM_Left_Stop();
 166              		.loc 1 152 0
 167 001e FFF7FEFF 		bl	PWM_Left_Stop
 153:Generated_Source\PSoC4/PWM_Left_PM.c **** 
 154:Generated_Source\PSoC4/PWM_Left_PM.c ****     /* Save registers configuration */
 155:Generated_Source\PSoC4/PWM_Left_PM.c ****     PWM_Left_SaveConfig();
 168              		.loc 1 155 0
 169 0022 FFF7FEFF 		bl	PWM_Left_SaveConfig
 156:Generated_Source\PSoC4/PWM_Left_PM.c **** }
 170              		.loc 1 156 0
 171 0026 C046     		nop
 172 0028 BD46     		mov	sp, r7
 173              		@ sp needed
 174 002a 80BD     		pop	{r7, pc}
 175              	.L11:
 176              		.align	2
 177              	.L10:
 178 002c 72000F40 		.word	1074724978
 179 0030 00000000 		.word	PWM_Left_backup
 180              		.cfi_endproc
 181              	.LFE2:
 182              		.size	PWM_Left_Sleep, .-PWM_Left_Sleep
 183              		.section	.text.PWM_Left_Wakeup,"ax",%progbits
 184              		.align	2
 185              		.global	PWM_Left_Wakeup
ARM GAS  C:\Users\jagumiel\AppData\Local\Temp\ccIM9HC2.s 			page 7


 186              		.code	16
 187              		.thumb_func
 188              		.type	PWM_Left_Wakeup, %function
 189              	PWM_Left_Wakeup:
 190              	.LFB3:
 157:Generated_Source\PSoC4/PWM_Left_PM.c **** 
 158:Generated_Source\PSoC4/PWM_Left_PM.c **** 
 159:Generated_Source\PSoC4/PWM_Left_PM.c **** /*******************************************************************************
 160:Generated_Source\PSoC4/PWM_Left_PM.c **** * Function Name: PWM_Left_Wakeup
 161:Generated_Source\PSoC4/PWM_Left_PM.c **** ********************************************************************************
 162:Generated_Source\PSoC4/PWM_Left_PM.c **** *
 163:Generated_Source\PSoC4/PWM_Left_PM.c **** * Summary:
 164:Generated_Source\PSoC4/PWM_Left_PM.c **** *  Restores and enables the user configuration. Should be called just after
 165:Generated_Source\PSoC4/PWM_Left_PM.c **** *  awaking from sleep.
 166:Generated_Source\PSoC4/PWM_Left_PM.c **** *
 167:Generated_Source\PSoC4/PWM_Left_PM.c **** * Parameters:
 168:Generated_Source\PSoC4/PWM_Left_PM.c **** *  None
 169:Generated_Source\PSoC4/PWM_Left_PM.c **** *
 170:Generated_Source\PSoC4/PWM_Left_PM.c **** * Return:
 171:Generated_Source\PSoC4/PWM_Left_PM.c **** *  None
 172:Generated_Source\PSoC4/PWM_Left_PM.c **** *
 173:Generated_Source\PSoC4/PWM_Left_PM.c **** * Global variables:
 174:Generated_Source\PSoC4/PWM_Left_PM.c **** *  PWM_Left_backup.pwmEnable:  Is used to restore the enable state of
 175:Generated_Source\PSoC4/PWM_Left_PM.c **** *  block on wakeup from sleep mode.
 176:Generated_Source\PSoC4/PWM_Left_PM.c **** *
 177:Generated_Source\PSoC4/PWM_Left_PM.c **** *******************************************************************************/
 178:Generated_Source\PSoC4/PWM_Left_PM.c **** void PWM_Left_Wakeup(void) 
 179:Generated_Source\PSoC4/PWM_Left_PM.c **** {
 191              		.loc 1 179 0
 192              		.cfi_startproc
 193              		@ args = 0, pretend = 0, frame = 0
 194              		@ frame_needed = 1, uses_anonymous_args = 0
 195 0000 80B5     		push	{r7, lr}
 196              		.cfi_def_cfa_offset 8
 197              		.cfi_offset 7, -8
 198              		.cfi_offset 14, -4
 199 0002 00AF     		add	r7, sp, #0
 200              		.cfi_def_cfa_register 7
 180:Generated_Source\PSoC4/PWM_Left_PM.c ****      /* Restore registers values */
 181:Generated_Source\PSoC4/PWM_Left_PM.c ****     PWM_Left_RestoreConfig();
 201              		.loc 1 181 0
 202 0004 FFF7FEFF 		bl	PWM_Left_RestoreConfig
 182:Generated_Source\PSoC4/PWM_Left_PM.c **** 
 183:Generated_Source\PSoC4/PWM_Left_PM.c ****     if(PWM_Left_backup.PWMEnableState != 0u)
 203              		.loc 1 183 0
 204 0008 044B     		ldr	r3, .L15
 205 000a 1B78     		ldrb	r3, [r3]
 206 000c 002B     		cmp	r3, #0
 207 000e 01D0     		beq	.L14
 184:Generated_Source\PSoC4/PWM_Left_PM.c ****     {
 185:Generated_Source\PSoC4/PWM_Left_PM.c ****         /* Enable component's operation */
 186:Generated_Source\PSoC4/PWM_Left_PM.c ****         PWM_Left_Enable();
 208              		.loc 1 186 0
 209 0010 FFF7FEFF 		bl	PWM_Left_Enable
 210              	.L14:
 187:Generated_Source\PSoC4/PWM_Left_PM.c ****     } /* Do nothing if component's block was disabled before */
 188:Generated_Source\PSoC4/PWM_Left_PM.c **** 
ARM GAS  C:\Users\jagumiel\AppData\Local\Temp\ccIM9HC2.s 			page 8


 189:Generated_Source\PSoC4/PWM_Left_PM.c **** }
 211              		.loc 1 189 0
 212 0014 C046     		nop
 213 0016 BD46     		mov	sp, r7
 214              		@ sp needed
 215 0018 80BD     		pop	{r7, pc}
 216              	.L16:
 217 001a C046     		.align	2
 218              	.L15:
 219 001c 00000000 		.word	PWM_Left_backup
 220              		.cfi_endproc
 221              	.LFE3:
 222              		.size	PWM_Left_Wakeup, .-PWM_Left_Wakeup
 223              		.text
 224              	.Letext0:
 225              		.file 2 "Generated_Source\\PSoC4\\cytypes.h"
 226              		.file 3 "Generated_Source\\PSoC4\\PWM_Left.h"
 227              		.section	.debug_info,"",%progbits
 228              	.Ldebug_info0:
 229 0000 4D010000 		.4byte	0x14d
 230 0004 0400     		.2byte	0x4
 231 0006 00000000 		.4byte	.Ldebug_abbrev0
 232 000a 04       		.byte	0x4
 233 000b 01       		.uleb128 0x1
 234 000c 8C000000 		.4byte	.LASF26
 235 0010 0C       		.byte	0xc
 236 0011 2D010000 		.4byte	.LASF27
 237 0015 59010000 		.4byte	.LASF28
 238 0019 00000000 		.4byte	.Ldebug_ranges0+0
 239 001d 00000000 		.4byte	0
 240 0021 00000000 		.4byte	.Ldebug_line0
 241 0025 02       		.uleb128 0x2
 242 0026 01       		.byte	0x1
 243 0027 06       		.byte	0x6
 244 0028 64020000 		.4byte	.LASF0
 245 002c 02       		.uleb128 0x2
 246 002d 01       		.byte	0x1
 247 002e 08       		.byte	0x8
 248 002f 41000000 		.4byte	.LASF1
 249 0033 02       		.uleb128 0x2
 250 0034 02       		.byte	0x2
 251 0035 05       		.byte	0x5
 252 0036 31020000 		.4byte	.LASF2
 253 003a 02       		.uleb128 0x2
 254 003b 02       		.byte	0x2
 255 003c 07       		.byte	0x7
 256 003d 11000000 		.4byte	.LASF3
 257 0041 02       		.uleb128 0x2
 258 0042 04       		.byte	0x4
 259 0043 05       		.byte	0x5
 260 0044 4F020000 		.4byte	.LASF4
 261 0048 02       		.uleb128 0x2
 262 0049 04       		.byte	0x4
 263 004a 07       		.byte	0x7
 264 004b 5E000000 		.4byte	.LASF5
 265 004f 02       		.uleb128 0x2
 266 0050 08       		.byte	0x8
ARM GAS  C:\Users\jagumiel\AppData\Local\Temp\ccIM9HC2.s 			page 9


 267 0051 05       		.byte	0x5
 268 0052 0E020000 		.4byte	.LASF6
 269 0056 02       		.uleb128 0x2
 270 0057 08       		.byte	0x8
 271 0058 07       		.byte	0x7
 272 0059 D9010000 		.4byte	.LASF7
 273 005d 03       		.uleb128 0x3
 274 005e 04       		.byte	0x4
 275 005f 05       		.byte	0x5
 276 0060 696E7400 		.ascii	"int\000"
 277 0064 02       		.uleb128 0x2
 278 0065 04       		.byte	0x4
 279 0066 07       		.byte	0x7
 280 0067 CC010000 		.4byte	.LASF8
 281 006b 04       		.uleb128 0x4
 282 006c 70000000 		.4byte	.LASF12
 283 0070 02       		.byte	0x2
 284 0071 E401     		.2byte	0x1e4
 285 0073 2C000000 		.4byte	0x2c
 286 0077 02       		.uleb128 0x2
 287 0078 04       		.byte	0x4
 288 0079 04       		.byte	0x4
 289 007a 3B000000 		.4byte	.LASF9
 290 007e 02       		.uleb128 0x2
 291 007f 08       		.byte	0x8
 292 0080 04       		.byte	0x4
 293 0081 52010000 		.4byte	.LASF10
 294 0085 02       		.uleb128 0x2
 295 0086 01       		.byte	0x1
 296 0087 08       		.byte	0x8
 297 0088 2C020000 		.4byte	.LASF11
 298 008c 04       		.uleb128 0x4
 299 008d 00020000 		.4byte	.LASF13
 300 0091 02       		.byte	0x2
 301 0092 8E02     		.2byte	0x28e
 302 0094 98000000 		.4byte	0x98
 303 0098 05       		.uleb128 0x5
 304 0099 6B000000 		.4byte	0x6b
 305 009d 02       		.uleb128 0x2
 306 009e 08       		.byte	0x8
 307 009f 04       		.byte	0x4
 308 00a0 58020000 		.4byte	.LASF14
 309 00a4 02       		.uleb128 0x2
 310 00a5 04       		.byte	0x4
 311 00a6 07       		.byte	0x7
 312 00a7 05020000 		.4byte	.LASF15
 313 00ab 06       		.uleb128 0x6
 314 00ac 05       		.byte	0x5
 315 00ad 03       		.byte	0x3
 316 00ae 6B       		.byte	0x6b
 317 00af F0000000 		.4byte	0xf0
 318 00b3 07       		.uleb128 0x7
 319 00b4 4F000000 		.4byte	.LASF16
 320 00b8 03       		.byte	0x3
 321 00b9 6E       		.byte	0x6e
 322 00ba 6B000000 		.4byte	0x6b
 323 00be 00       		.byte	0
ARM GAS  C:\Users\jagumiel\AppData\Local\Temp\ccIM9HC2.s 			page 10


 324 00bf 07       		.uleb128 0x7
 325 00c0 00000000 		.4byte	.LASF17
 326 00c4 03       		.byte	0x3
 327 00c5 71       		.byte	0x71
 328 00c6 6B000000 		.4byte	0x6b
 329 00ca 01       		.byte	0x1
 330 00cb 07       		.uleb128 0x7
 331 00cc 07000000 		.4byte	.LASF18
 332 00d0 03       		.byte	0x3
 333 00d1 73       		.byte	0x73
 334 00d2 6B000000 		.4byte	0x6b
 335 00d6 02       		.byte	0x2
 336 00d7 07       		.uleb128 0x7
 337 00d8 70020000 		.4byte	.LASF19
 338 00dc 03       		.byte	0x3
 339 00dd 76       		.byte	0x76
 340 00de 6B000000 		.4byte	0x6b
 341 00e2 03       		.byte	0x3
 342 00e3 07       		.uleb128 0x7
 343 00e4 1A010000 		.4byte	.LASF20
 344 00e8 03       		.byte	0x3
 345 00e9 86       		.byte	0x86
 346 00ea 6B000000 		.4byte	0x6b
 347 00ee 04       		.byte	0x4
 348 00ef 00       		.byte	0
 349 00f0 08       		.uleb128 0x8
 350 00f1 76000000 		.4byte	.LASF21
 351 00f5 03       		.byte	0x3
 352 00f6 8B       		.byte	0x8b
 353 00f7 AB000000 		.4byte	0xab
 354 00fb 09       		.uleb128 0x9
 355 00fc 3B020000 		.4byte	.LASF22
 356 0100 01       		.byte	0x1
 357 0101 2A       		.byte	0x2a
 358 0102 00000000 		.4byte	.LFB0
 359 0106 40000000 		.4byte	.LFE0-.LFB0
 360 010a 01       		.uleb128 0x1
 361 010b 9C       		.byte	0x9c
 362 010c 09       		.uleb128 0x9
 363 010d 24000000 		.4byte	.LASF23
 364 0111 01       		.byte	0x1
 365 0112 58       		.byte	0x58
 366 0113 00000000 		.4byte	.LFB1
 367 0117 38000000 		.4byte	.LFE1-.LFB1
 368 011b 01       		.uleb128 0x1
 369 011c 9C       		.byte	0x9c
 370 011d 09       		.uleb128 0x9
 371 011e BD010000 		.4byte	.LASF24
 372 0122 01       		.byte	0x1
 373 0123 88       		.byte	0x88
 374 0124 00000000 		.4byte	.LFB2
 375 0128 34000000 		.4byte	.LFE2-.LFB2
 376 012c 01       		.uleb128 0x1
 377 012d 9C       		.byte	0x9c
 378 012e 09       		.uleb128 0x9
 379 012f 1C020000 		.4byte	.LASF25
 380 0133 01       		.byte	0x1
ARM GAS  C:\Users\jagumiel\AppData\Local\Temp\ccIM9HC2.s 			page 11


 381 0134 B2       		.byte	0xb2
 382 0135 00000000 		.4byte	.LFB3
 383 0139 20000000 		.4byte	.LFE3-.LFB3
 384 013d 01       		.uleb128 0x1
 385 013e 9C       		.byte	0x9c
 386 013f 0A       		.uleb128 0xa
 387 0140 F0010000 		.4byte	.LASF29
 388 0144 01       		.byte	0x1
 389 0145 14       		.byte	0x14
 390 0146 F0000000 		.4byte	0xf0
 391 014a 05       		.uleb128 0x5
 392 014b 03       		.byte	0x3
 393 014c 00000000 		.4byte	PWM_Left_backup
 394 0150 00       		.byte	0
 395              		.section	.debug_abbrev,"",%progbits
 396              	.Ldebug_abbrev0:
 397 0000 01       		.uleb128 0x1
 398 0001 11       		.uleb128 0x11
 399 0002 01       		.byte	0x1
 400 0003 25       		.uleb128 0x25
 401 0004 0E       		.uleb128 0xe
 402 0005 13       		.uleb128 0x13
 403 0006 0B       		.uleb128 0xb
 404 0007 03       		.uleb128 0x3
 405 0008 0E       		.uleb128 0xe
 406 0009 1B       		.uleb128 0x1b
 407 000a 0E       		.uleb128 0xe
 408 000b 55       		.uleb128 0x55
 409 000c 17       		.uleb128 0x17
 410 000d 11       		.uleb128 0x11
 411 000e 01       		.uleb128 0x1
 412 000f 10       		.uleb128 0x10
 413 0010 17       		.uleb128 0x17
 414 0011 00       		.byte	0
 415 0012 00       		.byte	0
 416 0013 02       		.uleb128 0x2
 417 0014 24       		.uleb128 0x24
 418 0015 00       		.byte	0
 419 0016 0B       		.uleb128 0xb
 420 0017 0B       		.uleb128 0xb
 421 0018 3E       		.uleb128 0x3e
 422 0019 0B       		.uleb128 0xb
 423 001a 03       		.uleb128 0x3
 424 001b 0E       		.uleb128 0xe
 425 001c 00       		.byte	0
 426 001d 00       		.byte	0
 427 001e 03       		.uleb128 0x3
 428 001f 24       		.uleb128 0x24
 429 0020 00       		.byte	0
 430 0021 0B       		.uleb128 0xb
 431 0022 0B       		.uleb128 0xb
 432 0023 3E       		.uleb128 0x3e
 433 0024 0B       		.uleb128 0xb
 434 0025 03       		.uleb128 0x3
 435 0026 08       		.uleb128 0x8
 436 0027 00       		.byte	0
 437 0028 00       		.byte	0
ARM GAS  C:\Users\jagumiel\AppData\Local\Temp\ccIM9HC2.s 			page 12


 438 0029 04       		.uleb128 0x4
 439 002a 16       		.uleb128 0x16
 440 002b 00       		.byte	0
 441 002c 03       		.uleb128 0x3
 442 002d 0E       		.uleb128 0xe
 443 002e 3A       		.uleb128 0x3a
 444 002f 0B       		.uleb128 0xb
 445 0030 3B       		.uleb128 0x3b
 446 0031 05       		.uleb128 0x5
 447 0032 49       		.uleb128 0x49
 448 0033 13       		.uleb128 0x13
 449 0034 00       		.byte	0
 450 0035 00       		.byte	0
 451 0036 05       		.uleb128 0x5
 452 0037 35       		.uleb128 0x35
 453 0038 00       		.byte	0
 454 0039 49       		.uleb128 0x49
 455 003a 13       		.uleb128 0x13
 456 003b 00       		.byte	0
 457 003c 00       		.byte	0
 458 003d 06       		.uleb128 0x6
 459 003e 13       		.uleb128 0x13
 460 003f 01       		.byte	0x1
 461 0040 0B       		.uleb128 0xb
 462 0041 0B       		.uleb128 0xb
 463 0042 3A       		.uleb128 0x3a
 464 0043 0B       		.uleb128 0xb
 465 0044 3B       		.uleb128 0x3b
 466 0045 0B       		.uleb128 0xb
 467 0046 01       		.uleb128 0x1
 468 0047 13       		.uleb128 0x13
 469 0048 00       		.byte	0
 470 0049 00       		.byte	0
 471 004a 07       		.uleb128 0x7
 472 004b 0D       		.uleb128 0xd
 473 004c 00       		.byte	0
 474 004d 03       		.uleb128 0x3
 475 004e 0E       		.uleb128 0xe
 476 004f 3A       		.uleb128 0x3a
 477 0050 0B       		.uleb128 0xb
 478 0051 3B       		.uleb128 0x3b
 479 0052 0B       		.uleb128 0xb
 480 0053 49       		.uleb128 0x49
 481 0054 13       		.uleb128 0x13
 482 0055 38       		.uleb128 0x38
 483 0056 0B       		.uleb128 0xb
 484 0057 00       		.byte	0
 485 0058 00       		.byte	0
 486 0059 08       		.uleb128 0x8
 487 005a 16       		.uleb128 0x16
 488 005b 00       		.byte	0
 489 005c 03       		.uleb128 0x3
 490 005d 0E       		.uleb128 0xe
 491 005e 3A       		.uleb128 0x3a
 492 005f 0B       		.uleb128 0xb
 493 0060 3B       		.uleb128 0x3b
 494 0061 0B       		.uleb128 0xb
ARM GAS  C:\Users\jagumiel\AppData\Local\Temp\ccIM9HC2.s 			page 13


 495 0062 49       		.uleb128 0x49
 496 0063 13       		.uleb128 0x13
 497 0064 00       		.byte	0
 498 0065 00       		.byte	0
 499 0066 09       		.uleb128 0x9
 500 0067 2E       		.uleb128 0x2e
 501 0068 00       		.byte	0
 502 0069 3F       		.uleb128 0x3f
 503 006a 19       		.uleb128 0x19
 504 006b 03       		.uleb128 0x3
 505 006c 0E       		.uleb128 0xe
 506 006d 3A       		.uleb128 0x3a
 507 006e 0B       		.uleb128 0xb
 508 006f 3B       		.uleb128 0x3b
 509 0070 0B       		.uleb128 0xb
 510 0071 27       		.uleb128 0x27
 511 0072 19       		.uleb128 0x19
 512 0073 11       		.uleb128 0x11
 513 0074 01       		.uleb128 0x1
 514 0075 12       		.uleb128 0x12
 515 0076 06       		.uleb128 0x6
 516 0077 40       		.uleb128 0x40
 517 0078 18       		.uleb128 0x18
 518 0079 9642     		.uleb128 0x2116
 519 007b 19       		.uleb128 0x19
 520 007c 00       		.byte	0
 521 007d 00       		.byte	0
 522 007e 0A       		.uleb128 0xa
 523 007f 34       		.uleb128 0x34
 524 0080 00       		.byte	0
 525 0081 03       		.uleb128 0x3
 526 0082 0E       		.uleb128 0xe
 527 0083 3A       		.uleb128 0x3a
 528 0084 0B       		.uleb128 0xb
 529 0085 3B       		.uleb128 0x3b
 530 0086 0B       		.uleb128 0xb
 531 0087 49       		.uleb128 0x49
 532 0088 13       		.uleb128 0x13
 533 0089 02       		.uleb128 0x2
 534 008a 18       		.uleb128 0x18
 535 008b 00       		.byte	0
 536 008c 00       		.byte	0
 537 008d 00       		.byte	0
 538              		.section	.debug_aranges,"",%progbits
 539 0000 34000000 		.4byte	0x34
 540 0004 0200     		.2byte	0x2
 541 0006 00000000 		.4byte	.Ldebug_info0
 542 000a 04       		.byte	0x4
 543 000b 00       		.byte	0
 544 000c 0000     		.2byte	0
 545 000e 0000     		.2byte	0
 546 0010 00000000 		.4byte	.LFB0
 547 0014 40000000 		.4byte	.LFE0-.LFB0
 548 0018 00000000 		.4byte	.LFB1
 549 001c 38000000 		.4byte	.LFE1-.LFB1
 550 0020 00000000 		.4byte	.LFB2
 551 0024 34000000 		.4byte	.LFE2-.LFB2
ARM GAS  C:\Users\jagumiel\AppData\Local\Temp\ccIM9HC2.s 			page 14


 552 0028 00000000 		.4byte	.LFB3
 553 002c 20000000 		.4byte	.LFE3-.LFB3
 554 0030 00000000 		.4byte	0
 555 0034 00000000 		.4byte	0
 556              		.section	.debug_ranges,"",%progbits
 557              	.Ldebug_ranges0:
 558 0000 00000000 		.4byte	.LFB0
 559 0004 40000000 		.4byte	.LFE0
 560 0008 00000000 		.4byte	.LFB1
 561 000c 38000000 		.4byte	.LFE1
 562 0010 00000000 		.4byte	.LFB2
 563 0014 34000000 		.4byte	.LFE2
 564 0018 00000000 		.4byte	.LFB3
 565 001c 20000000 		.4byte	.LFE3
 566 0020 00000000 		.4byte	0
 567 0024 00000000 		.4byte	0
 568              		.section	.debug_line,"",%progbits
 569              	.Ldebug_line0:
 570 0000 B3000000 		.section	.debug_str,"MS",%progbits,1
 570      02005600 
 570      00000201 
 570      FB0E0D00 
 570      01010101 
 571              	.LASF17:
 572 0000 50574D55 		.ascii	"PWMUdb\000"
 572      646200
 573              	.LASF18:
 574 0007 50574D50 		.ascii	"PWMPeriod\000"
 574      6572696F 
 574      6400
 575              	.LASF3:
 576 0011 73686F72 		.ascii	"short unsigned int\000"
 576      7420756E 
 576      7369676E 
 576      65642069 
 576      6E7400
 577              	.LASF23:
 578 0024 50574D5F 		.ascii	"PWM_Left_RestoreConfig\000"
 578      4C656674 
 578      5F526573 
 578      746F7265 
 578      436F6E66 
 579              	.LASF9:
 580 003b 666C6F61 		.ascii	"float\000"
 580      7400
 581              	.LASF1:
 582 0041 756E7369 		.ascii	"unsigned char\000"
 582      676E6564 
 582      20636861 
 582      7200
 583              	.LASF16:
 584 004f 50574D45 		.ascii	"PWMEnableState\000"
 584      6E61626C 
 584      65537461 
 584      746500
 585              	.LASF5:
 586 005e 6C6F6E67 		.ascii	"long unsigned int\000"
ARM GAS  C:\Users\jagumiel\AppData\Local\Temp\ccIM9HC2.s 			page 15


 586      20756E73 
 586      69676E65 
 586      6420696E 
 586      7400
 587              	.LASF12:
 588 0070 75696E74 		.ascii	"uint8\000"
 588      3800
 589              	.LASF21:
 590 0076 50574D5F 		.ascii	"PWM_Left_backupStruct\000"
 590      4C656674 
 590      5F626163 
 590      6B757053 
 590      74727563 
 591              	.LASF26:
 592 008c 474E5520 		.ascii	"GNU C11 5.4.1 20160609 (release) [ARM/embedded-5-br"
 592      43313120 
 592      352E342E 
 592      31203230 
 592      31363036 
 593 00bf 616E6368 		.ascii	"anch revision 237715] -mcpu=cortex-m0 -mthumb -g -O"
 593      20726576 
 593      6973696F 
 593      6E203233 
 593      37373135 
 594 00f2 30202D66 		.ascii	"0 -ffunction-sections -ffat-lto-objects\000"
 594      66756E63 
 594      74696F6E 
 594      2D736563 
 594      74696F6E 
 595              	.LASF20:
 596 011a 50574D43 		.ascii	"PWMControlRegister\000"
 596      6F6E7472 
 596      6F6C5265 
 596      67697374 
 596      657200
 597              	.LASF27:
 598 012d 47656E65 		.ascii	"Generated_Source\\PSoC4\\PWM_Left_PM.c\000"
 598      72617465 
 598      645F536F 
 598      75726365 
 598      5C50536F 
 599              	.LASF10:
 600 0152 646F7562 		.ascii	"double\000"
 600      6C6500
 601              	.LASF28:
 602 0159 443A5C55 		.ascii	"D:\\Users\\jagumiel\\Documents\\PSoC Creator\\PSoC-"
 602      73657273 
 602      5C6A6167 
 602      756D6965 
 602      6C5C446F 
 603 0187 3130315C 		.ascii	"101\\PSoC-101\\TrainingProjects\\Buttons-Leds-UART."
 603      50536F43 
 603      2D313031 
 603      5C547261 
 603      696E696E 
 604 01b7 63796473 		.ascii	"cydsn\000"
 604      6E00
ARM GAS  C:\Users\jagumiel\AppData\Local\Temp\ccIM9HC2.s 			page 16


 605              	.LASF24:
 606 01bd 50574D5F 		.ascii	"PWM_Left_Sleep\000"
 606      4C656674 
 606      5F536C65 
 606      657000
 607              	.LASF8:
 608 01cc 756E7369 		.ascii	"unsigned int\000"
 608      676E6564 
 608      20696E74 
 608      00
 609              	.LASF7:
 610 01d9 6C6F6E67 		.ascii	"long long unsigned int\000"
 610      206C6F6E 
 610      6720756E 
 610      7369676E 
 610      65642069 
 611              	.LASF29:
 612 01f0 50574D5F 		.ascii	"PWM_Left_backup\000"
 612      4C656674 
 612      5F626163 
 612      6B757000 
 613              	.LASF13:
 614 0200 72656738 		.ascii	"reg8\000"
 614      00
 615              	.LASF15:
 616 0205 73697A65 		.ascii	"sizetype\000"
 616      74797065 
 616      00
 617              	.LASF6:
 618 020e 6C6F6E67 		.ascii	"long long int\000"
 618      206C6F6E 
 618      6720696E 
 618      7400
 619              	.LASF25:
 620 021c 50574D5F 		.ascii	"PWM_Left_Wakeup\000"
 620      4C656674 
 620      5F57616B 
 620      65757000 
 621              	.LASF11:
 622 022c 63686172 		.ascii	"char\000"
 622      00
 623              	.LASF2:
 624 0231 73686F72 		.ascii	"short int\000"
 624      7420696E 
 624      7400
 625              	.LASF22:
 626 023b 50574D5F 		.ascii	"PWM_Left_SaveConfig\000"
 626      4C656674 
 626      5F536176 
 626      65436F6E 
 626      66696700 
 627              	.LASF4:
 628 024f 6C6F6E67 		.ascii	"long int\000"
 628      20696E74 
 628      00
 629              	.LASF14:
 630 0258 6C6F6E67 		.ascii	"long double\000"
ARM GAS  C:\Users\jagumiel\AppData\Local\Temp\ccIM9HC2.s 			page 17


 630      20646F75 
 630      626C6500 
 631              	.LASF0:
 632 0264 7369676E 		.ascii	"signed char\000"
 632      65642063 
 632      68617200 
 633              	.LASF19:
 634 0270 496E7465 		.ascii	"InterruptMaskValue\000"
 634      72727570 
 634      744D6173 
 634      6B56616C 
 634      756500
 635              		.ident	"GCC: (GNU Tools for ARM Embedded Processors) 5.4.1 20160609 (release) [ARM/embedded-5-bran
